[2026-04-05 04:25:34 UTC] vlib work && vlog '-timescale' '1ns/1ns' +incdir+$RIVIERA_HOME/vlib/uvm-1.2/src -l uvm_1_2 -err VCP2947 W9 -err VCP2974 W9 -err VCP3003 W9 -err VCP5417 W9 -err VCP6120 W9 -err VCP7862 W9 -err VCP2129 W9 design.sv testbench.sv  && vsim -c -do run.do 
VSIMSA: Configuration file changed: `/home/runner/library.cfg'
ALIB: Library "work" attached.
work = ./work/work.lib
MESSAGE_SP VCP2124 "Package uvm_pkg found in library uvm_1_2."
MESSAGE "Unit top modules: tb_top."
SUCCESS "Compile success 0 Errors 0 Warnings  Analysis time: 5[s]."
done
# Aldec, Inc. Riviera-PRO version 2025.04.139.9738 built for Linux64 on May 30, 2025.
# HDL, SystemC, and Assertions simulator, debugger, and design environment.
# (c) 1999-2025 Aldec, Inc. All rights reserved.
transcript file simulation.log
vsim +access+r;
# ELBREAD: Elaboration process.
# ELBREAD: Warning: ELBREAD_0049 The "uvm_pkg" design unit does not have a time unit/precision defined but other design units do.
# ELBREAD: Elaboration time 0.6 [s].
# KERNEL: Main thread initiated.
# KERNEL: Kernel process initialization phase.
# ELAB2: Elaboration final pass...
# KERNEL: PLI/VHPI kernel's engine initialization done.
# PLI: Loading library '/usr/share/Riviera-PRO/bin/libsystf.so'
# ELAB2: Create instances ...
# KERNEL: Info: Loading library:  /usr/share/Riviera-PRO/bin/uvm_1_2_dpi
# KERNEL: Time resolution set to 1ns.
# ELAB2: Create instances complete.
# SLP: Started
# SLP: Elaboration phase ...
# SLP: Elaboration phase ... done : 0.0 [s]
# SLP: Generation phase ...
# SLP: Generation phase ... done : 0.1 [s]
# SLP: Finished : 0.1 [s]
# SLP: 0 primitives and 3 (23.08%) other processes in SLP
# SLP: 23 (0.07%) signals in SLP and 82 (0.27%) interface signals
# ELAB2: Elaboration final pass complete - time: 1.8 [s].
# KERNEL: SLP loading done - time: 0.0 [s].
# KERNEL: Warning: You are using the Riviera-PRO EDU Edition. The performance of simulation is reduced.
# KERNEL: Warning: Contact Aldec for available upgrade options - sales@aldec.com.
# KERNEL: SLP simulation initialization done - time: 0.0 [s].
# KERNEL: Kernel process initialization done.
# Allocation: Simulator allocated 30958 kB (elbread=2134 elab2=23918 kernel=4905 sdf=0)
# KERNEL: UVM_INFO ./uvm-1.2/src/base/uvm_root.svh(392) @ 0: reporter [UVM/RELNOTES] 
# KERNEL: ----------------------------------------------------------------
# KERNEL: UVM-1.2
# KERNEL: (C) 2007-2014 Mentor Graphics Corporation
# KERNEL: (C) 2007-2014 Cadence Design Systems, Inc.
# KERNEL: (C) 2006-2014 Synopsys, Inc.
# KERNEL: (C) 2011-2013 Cypress Semiconductor Corp.
# KERNEL: (C) 2013-2014 NVIDIA Corporation
# KERNEL: ----------------------------------------------------------------
# KERNEL: 
# KERNEL:   ***********       IMPORTANT RELEASE NOTES         ************
# KERNEL: 
# KERNEL:   You are using a version of the UVM library that has been compiled
# KERNEL:   with `UVM_NO_DEPRECATED undefined.
# KERNEL:   See http://www.eda.org/svdb/view.php?id=3313 for more details.
# KERNEL: 
# KERNEL:   You are using a version of the UVM library that has been compiled
# KERNEL:   with `UVM_OBJECT_DO_NOT_NEED_CONSTRUCTOR undefined.
# KERNEL:   See http://www.eda.org/svdb/view.php?id=3770 for more details.
# KERNEL: 
# KERNEL:       (Specify +UVM_NO_RELNOTES to turn off this notice)
# KERNEL: 
# KERNEL: ASDB file was created in location /home/runner/dataset.asdb
run -all;
# KERNEL: UVM_INFO @ 0: reporter [RNTST] Running test univ_sr_test...
# KERNEL: UVM_INFO /home/runner/test.sv(21) @ 0: uvm_test_top [univ_sr_test] Starting test...
# KERNEL: UVM_INFO /home/runner/master_seq.sv(21) @ 0: uvm_test_top.env.agent.sqr@@seq [MASTER_SEQ] Starting Sequence 1...
# KERNEL: UVM_INFO /home/runner/sequence1.sv(11) @ 0: uvm_test_top.env.agent.sqr@@s1 [univ_sr_directed_sequence] Starting sequence1 body
# KERNEL: UVM_INFO /home/runner/monitor.sv(53) @ 0: uvm_test_top.env.agent.mon [MON] rst=x | mode=xx | sin_left=x | sin_right=x | d_in=xxxx | q_out=xxxx
# KERNEL: UVM_INFO /home/runner/monitor.sv(29) @ 10: uvm_test_top.env.agent.mon [MON] Reset ACTIVE
# KERNEL: UVM_INFO /home/runner/monitor.sv(38) @ 10: uvm_test_top.env.agent.mon [MON] rst=1 | mode=00 | sin_left=0 | sin_right=0 | d_in=0000 | q_out=0000
# KERNEL: UVM_INFO /home/runner/monitor.sv(53) @ 20: uvm_test_top.env.agent.mon [MON] rst=0 | mode=00 | sin_left=0 | sin_right=0 | d_in=0000 | q_out=0000
# KERNEL: UVM_INFO /home/runner/scoreboard.sv(25) @ 20: uvm_test_top.env.scb [univ_sr_scoreboard] Scoreboard received item
# KERNEL: UVM_INFO /home/runner/scoreboard.sv(29) @ 20: uvm_test_top.env.scb [SCB_PASS] MATCH!!mode =00 | EXP=0000, ACT=0000
# KERNEL: UVM_INFO /home/runner/driver.sv(52) @ 20: uvm_test_top.env.agent.drv [DRV] rst=0 | mode=01 | sin_left=1 | sin_right=0 | d_in=0000 
# KERNEL: UVM_INFO /home/runner/monitor.sv(53) @ 30: uvm_test_top.env.agent.mon [MON] rst=0 | mode=01 | sin_left=1 | sin_right=0 | d_in=0000 | q_out=0000
# KERNEL: UVM_INFO /home/runner/scoreboard.sv(25) @ 30: uvm_test_top.env.scb [univ_sr_scoreboard] Scoreboard received item
# KERNEL: UVM_INFO /home/runner/scoreboard.sv(29) @ 30: uvm_test_top.env.scb [SCB_PASS] MATCH!!mode =01 | EXP=0000, ACT=0000
# KERNEL: UVM_INFO /home/runner/driver.sv(52) @ 30: uvm_test_top.env.agent.drv [DRV] rst=0 | mode=01 | sin_left=0 | sin_right=0 | d_in=0001 
# KERNEL: UVM_INFO /home/runner/monitor.sv(53) @ 40: uvm_test_top.env.agent.mon [MON] rst=0 | mode=01 | sin_left=0 | sin_right=0 | d_in=0001 | q_out=1000
# KERNEL: UVM_INFO /home/runner/scoreboard.sv(25) @ 40: uvm_test_top.env.scb [univ_sr_scoreboard] Scoreboard received item
# KERNEL: UVM_INFO /home/runner/scoreboard.sv(29) @ 40: uvm_test_top.env.scb [SCB_PASS] MATCH!!mode =01 | EXP=1000, ACT=1000
# KERNEL: UVM_INFO /home/runner/driver.sv(52) @ 40: uvm_test_top.env.agent.drv [DRV] rst=0 | mode=01 | sin_left=1 | sin_right=0 | d_in=0110 
# KERNEL: UVM_INFO /home/runner/monitor.sv(53) @ 50: uvm_test_top.env.agent.mon [MON] rst=0 | mode=01 | sin_left=1 | sin_right=0 | d_in=0110 | q_out=0100
# KERNEL: UVM_INFO /home/runner/scoreboard.sv(25) @ 50: uvm_test_top.env.scb [univ_sr_scoreboard] Scoreboard received item
# KERNEL: UVM_INFO /home/runner/scoreboard.sv(29) @ 50: uvm_test_top.env.scb [SCB_PASS] MATCH!!mode =01 | EXP=0100, ACT=0100
# KERNEL: UVM_INFO /home/runner/driver.sv(52) @ 50: uvm_test_top.env.agent.drv [DRV] rst=0 | mode=01 | sin_left=0 | sin_right=0 | d_in=1111 
# KERNEL: UVM_INFO /home/runner/monitor.sv(53) @ 60: uvm_test_top.env.agent.mon [MON] rst=0 | mode=01 | sin_left=0 | sin_right=0 | d_in=1111 | q_out=1010
# KERNEL: UVM_INFO /home/runner/scoreboard.sv(25) @ 60: uvm_test_top.env.scb [univ_sr_scoreboard] Scoreboard received item
# KERNEL: UVM_INFO /home/runner/scoreboard.sv(29) @ 60: uvm_test_top.env.scb [SCB_PASS] MATCH!!mode =01 | EXP=1010, ACT=1010
# KERNEL: UVM_INFO /home/runner/driver.sv(52) @ 60: uvm_test_top.env.agent.drv [DRV] rst=0 | mode=01 | sin_left=1 | sin_right=0 | d_in=1100 
# KERNEL: UVM_INFO /home/runner/monitor.sv(53) @ 70: uvm_test_top.env.agent.mon [MON] rst=0 | mode=01 | sin_left=1 | sin_right=0 | d_in=1100 | q_out=0101
# KERNEL: UVM_INFO /home/runner/scoreboard.sv(25) @ 70: uvm_test_top.env.scb [univ_sr_scoreboard] Scoreboard received item
# KERNEL: UVM_INFO /home/runner/scoreboard.sv(29) @ 70: uvm_test_top.env.scb [SCB_PASS] MATCH!!mode =01 | EXP=0101, ACT=0101
# KERNEL: UVM_INFO /home/runner/driver.sv(52) @ 70: uvm_test_top.env.agent.drv [DRV] rst=0 | mode=01 | sin_left=0 | sin_right=0 | d_in=1101 
# KERNEL: UVM_INFO /home/runner/monitor.sv(53) @ 80: uvm_test_top.env.agent.mon [MON] rst=0 | mode=01 | sin_left=0 | sin_right=0 | d_in=1101 | q_out=1010
# KERNEL: UVM_INFO /home/runner/scoreboard.sv(25) @ 80: uvm_test_top.env.scb [univ_sr_scoreboard] Scoreboard received item
# KERNEL: UVM_INFO /home/runner/scoreboard.sv(29) @ 80: uvm_test_top.env.scb [SCB_PASS] MATCH!!mode =01 | EXP=1010, ACT=1010
# KERNEL: UVM_INFO /home/runner/driver.sv(52) @ 80: uvm_test_top.env.agent.drv [DRV] rst=0 | mode=01 | sin_left=1 | sin_right=0 | d_in=0010 
# KERNEL: UVM_INFO /home/runner/monitor.sv(53) @ 90: uvm_test_top.env.agent.mon [MON] rst=0 | mode=01 | sin_left=1 | sin_right=0 | d_in=0010 | q_out=0101
# KERNEL: UVM_INFO /home/runner/scoreboard.sv(25) @ 90: uvm_test_top.env.scb [univ_sr_scoreboard] Scoreboard received item
# KERNEL: UVM_INFO /home/runner/scoreboard.sv(29) @ 90: uvm_test_top.env.scb [SCB_PASS] MATCH!!mode =01 | EXP=0101, ACT=0101
# KERNEL: UVM_INFO /home/runner/driver.sv(52) @ 90: uvm_test_top.env.agent.drv [DRV] rst=0 | mode=01 | sin_left=0 | sin_right=0 | d_in=1011 
# KERNEL: UVM_INFO /home/runner/sequence1.sv(25) @ 90: uvm_test_top.env.agent.sqr@@s1 [SEQ_2] SIPO with shift left
# KERNEL: UVM_INFO /home/runner/monitor.sv(53) @ 100: uvm_test_top.env.agent.mon [MON] rst=0 | mode=01 | sin_left=0 | sin_right=0 | d_in=1011 | q_out=1010
# KERNEL: UVM_INFO /home/runner/scoreboard.sv(25) @ 100: uvm_test_top.env.scb [univ_sr_scoreboard] Scoreboard received item
# KERNEL: UVM_INFO /home/runner/scoreboard.sv(29) @ 100: uvm_test_top.env.scb [SCB_PASS] MATCH!!mode =01 | EXP=1010, ACT=1010
# KERNEL: UVM_INFO /home/runner/driver.sv(52) @ 100: uvm_test_top.env.agent.drv [DRV] rst=0 | mode=10 | sin_left=0 | sin_right=1 | d_in=1000 
# KERNEL: UVM_INFO /home/runner/monitor.sv(53) @ 110: uvm_test_top.env.agent.mon [MON] rst=0 | mode=10 | sin_left=0 | sin_right=1 | d_in=1000 | q_out=0101
# KERNEL: UVM_INFO /home/runner/scoreboard.sv(25) @ 110: uvm_test_top.env.scb [univ_sr_scoreboard] Scoreboard received item
# KERNEL: UVM_INFO /home/runner/scoreboard.sv(29) @ 110: uvm_test_top.env.scb [SCB_PASS] MATCH!!mode =10 | EXP=0101, ACT=0101
# KERNEL: UVM_INFO /home/runner/driver.sv(52) @ 110: uvm_test_top.env.agent.drv [DRV] rst=0 | mode=10 | sin_left=0 | sin_right=0 | d_in=1001 
# KERNEL: UVM_INFO /home/runner/monitor.sv(53) @ 120: uvm_test_top.env.agent.mon [MON] rst=0 | mode=10 | sin_left=0 | sin_right=0 | d_in=1001 | q_out=1011
# KERNEL: UVM_INFO /home/runner/scoreboard.sv(25) @ 120: uvm_test_top.env.scb [univ_sr_scoreboard] Scoreboard received item
# KERNEL: UVM_INFO /home/runner/scoreboard.sv(29) @ 120: uvm_test_top.env.scb [SCB_PASS] MATCH!!mode =10 | EXP=1011, ACT=1011
# KERNEL: UVM_INFO /home/runner/driver.sv(52) @ 120: uvm_test_top.env.agent.drv [DRV] rst=0 | mode=10 | sin_left=0 | sin_right=1 | d_in=1110 
# KERNEL: UVM_INFO /home/runner/monitor.sv(53) @ 130: uvm_test_top.env.agent.mon [MON] rst=0 | mode=10 | sin_left=0 | sin_right=1 | d_in=1110 | q_out=0110
# KERNEL: UVM_INFO /home/runner/scoreboard.sv(25) @ 130: uvm_test_top.env.scb [univ_sr_scoreboard] Scoreboard received item
# KERNEL: UVM_INFO /home/runner/scoreboard.sv(29) @ 130: uvm_test_top.env.scb [SCB_PASS] MATCH!!mode =10 | EXP=0110, ACT=0110
# KERNEL: UVM_INFO /home/runner/driver.sv(52) @ 130: uvm_test_top.env.agent.drv [DRV] rst=0 | mode=10 | sin_left=0 | sin_right=0 | d_in=0111 
# KERNEL: UVM_INFO /home/runner/monitor.sv(53) @ 140: uvm_test_top.env.agent.mon [MON] rst=0 | mode=10 | sin_left=0 | sin_right=0 | d_in=0111 | q_out=1101
# KERNEL: UVM_INFO /home/runner/scoreboard.sv(25) @ 140: uvm_test_top.env.scb [univ_sr_scoreboard] Scoreboard received item
# KERNEL: UVM_INFO /home/runner/scoreboard.sv(29) @ 140: uvm_test_top.env.scb [SCB_PASS] MATCH!!mode =10 | EXP=1101, ACT=1101
# KERNEL: UVM_INFO /home/runner/driver.sv(52) @ 140: uvm_test_top.env.agent.drv [DRV] rst=0 | mode=10 | sin_left=0 | sin_right=1 | d_in=0100 
# KERNEL: UVM_INFO /home/runner/monitor.sv(53) @ 150: uvm_test_top.env.agent.mon [MON] rst=0 | mode=10 | sin_left=0 | sin_right=1 | d_in=0100 | q_out=1010
# KERNEL: UVM_INFO /home/runner/scoreboard.sv(25) @ 150: uvm_test_top.env.scb [univ_sr_scoreboard] Scoreboard received item
# KERNEL: UVM_INFO /home/runner/scoreboard.sv(29) @ 150: uvm_test_top.env.scb [SCB_PASS] MATCH!!mode =10 | EXP=1010, ACT=1010
# KERNEL: UVM_INFO /home/runner/driver.sv(52) @ 150: uvm_test_top.env.agent.drv [DRV] rst=0 | mode=10 | sin_left=0 | sin_right=0 | d_in=0101 
# KERNEL: UVM_INFO /home/runner/monitor.sv(53) @ 160: uvm_test_top.env.agent.mon [MON] rst=0 | mode=10 | sin_left=0 | sin_right=0 | d_in=0101 | q_out=0101
# KERNEL: UVM_INFO /home/runner/scoreboard.sv(25) @ 160: uvm_test_top.env.scb [univ_sr_scoreboard] Scoreboard received item
# KERNEL: UVM_INFO /home/runner/scoreboard.sv(29) @ 160: uvm_test_top.env.scb [SCB_PASS] MATCH!!mode =10 | EXP=0101, ACT=0101
# KERNEL: UVM_INFO /home/runner/driver.sv(52) @ 160: uvm_test_top.env.agent.drv [DRV] rst=0 | mode=10 | sin_left=0 | sin_right=1 | d_in=1010 
# KERNEL: UVM_INFO /home/runner/monitor.sv(53) @ 170: uvm_test_top.env.agent.mon [MON] rst=0 | mode=10 | sin_left=0 | sin_right=1 | d_in=1010 | q_out=1010
# KERNEL: UVM_INFO /home/runner/scoreboard.sv(25) @ 170: uvm_test_top.env.scb [univ_sr_scoreboard] Scoreboard received item
# KERNEL: UVM_INFO /home/runner/scoreboard.sv(29) @ 170: uvm_test_top.env.scb [SCB_PASS] MATCH!!mode =10 | EXP=1010, ACT=1010
# KERNEL: UVM_INFO /home/runner/driver.sv(52) @ 170: uvm_test_top.env.agent.drv [DRV] rst=0 | mode=10 | sin_left=0 | sin_right=0 | d_in=0011 
# KERNEL: UVM_INFO /home/runner/sequence1.sv(35) @ 170: uvm_test_top.env.agent.sqr@@s1 [SEQ_3] Testing Parallel Load
# KERNEL: UVM_INFO /home/runner/monitor.sv(53) @ 180: uvm_test_top.env.agent.mon [MON] rst=0 | mode=10 | sin_left=0 | sin_right=0 | d_in=0011 | q_out=0101
# KERNEL: UVM_INFO /home/runner/scoreboard.sv(25) @ 180: uvm_test_top.env.scb [univ_sr_scoreboard] Scoreboard received item
# KERNEL: UVM_INFO /home/runner/scoreboard.sv(29) @ 180: uvm_test_top.env.scb [SCB_PASS] MATCH!!mode =10 | EXP=0101, ACT=0101
# KERNEL: UVM_INFO /home/runner/driver.sv(52) @ 180: uvm_test_top.env.agent.drv [DRV] rst=0 | mode=11 | sin_left=0 | sin_right=1 | d_in=1010 
# KERNEL: UVM_INFO /home/runner/monitor.sv(53) @ 190: uvm_test_top.env.agent.mon [MON] rst=0 | mode=11 | sin_left=0 | sin_right=1 | d_in=1010 | q_out=1010
# KERNEL: UVM_INFO /home/runner/scoreboard.sv(25) @ 190: uvm_test_top.env.scb [univ_sr_scoreboard] Scoreboard received item
# KERNEL: UVM_INFO /home/runner/scoreboard.sv(29) @ 190: uvm_test_top.env.scb [SCB_PASS] MATCH!!mode =11 | EXP=1010, ACT=1010
# KERNEL: UVM_INFO /home/runner/driver.sv(52) @ 190: uvm_test_top.env.agent.drv [DRV] rst=0 | mode=11 | sin_left=1 | sin_right=0 | d_in=0110 
# KERNEL: UVM_INFO /home/runner/monitor.sv(53) @ 200: uvm_test_top.env.agent.mon [MON] rst=0 | mode=11 | sin_left=1 | sin_right=0 | d_in=0110 | q_out=1010
# KERNEL: UVM_INFO /home/runner/scoreboard.sv(25) @ 200: uvm_test_top.env.scb [univ_sr_scoreboard] Scoreboard received item
# KERNEL: UVM_INFO /home/runner/scoreboard.sv(29) @ 200: uvm_test_top.env.scb [SCB_PASS] MATCH!!mode =11 | EXP=1010, ACT=1010
# KERNEL: UVM_INFO /home/runner/driver.sv(52) @ 200: uvm_test_top.env.agent.drv [DRV] rst=0 | mode=00 | sin_left=0 | sin_right=1 | d_in=0111 
# KERNEL: UVM_INFO /home/runner/monitor.sv(53) @ 210: uvm_test_top.env.agent.mon [MON] rst=0 | mode=00 | sin_left=0 | sin_right=1 | d_in=0111 | q_out=0110
# KERNEL: UVM_INFO /home/runner/scoreboard.sv(25) @ 210: uvm_test_top.env.scb [univ_sr_scoreboard] Scoreboard received item
# KERNEL: UVM_INFO /home/runner/scoreboard.sv(29) @ 210: uvm_test_top.env.scb [SCB_PASS] MATCH!!mode =00 | EXP=0110, ACT=0110
# KERNEL: UVM_INFO /home/runner/driver.sv(52) @ 210: uvm_test_top.env.agent.drv [DRV] rst=0 | mode=00 | sin_left=1 | sin_right=0 | d_in=1000 
# KERNEL: UVM_INFO /home/runner/sequence1.sv(50) @ 210: uvm_test_top.env.agent.sqr@@s1 [univ_sr_directed_sequence] Sequence1 body finished
# KERNEL: UVM_INFO /home/runner/master_seq.sv(25) @ 220: uvm_test_top.env.agent.sqr@@seq [MASTER_SEQ] Starting Sequence 2...
# KERNEL: UVM_INFO /home/runner/sequence2.sv(11) @ 220: uvm_test_top.env.agent.sqr@@s2 [univ_sr_reset_seq] Starting sequence2 body
# KERNEL: UVM_INFO /home/runner/sequence2.sv(15) @ 220: uvm_test_top.env.agent.sqr@@s2 [RST_SEQ] Checking rst logic
# KERNEL: UVM_INFO /home/runner/monitor.sv(53) @ 220: uvm_test_top.env.agent.mon [MON] rst=0 | mode=00 | sin_left=1 | sin_right=0 | d_in=1000 | q_out=0110
# KERNEL: UVM_INFO /home/runner/scoreboard.sv(25) @ 220: uvm_test_top.env.scb [univ_sr_scoreboard] Scoreboard received item
# KERNEL: UVM_INFO /home/runner/scoreboard.sv(29) @ 220: uvm_test_top.env.scb [SCB_PASS] MATCH!!mode =00 | EXP=0110, ACT=0110
# KERNEL: UVM_INFO /home/runner/driver.sv(52) @ 220: uvm_test_top.env.agent.drv [DRV] rst=0 | mode=00 | sin_left=1 | sin_right=1 | d_in=1111 
# KERNEL: UVM_INFO /home/runner/monitor.sv(53) @ 230: uvm_test_top.env.agent.mon [MON] rst=0 | mode=00 | sin_left=1 | sin_right=1 | d_in=1111 | q_out=0110
# KERNEL: UVM_INFO /home/runner/scoreboard.sv(25) @ 230: uvm_test_top.env.scb [univ_sr_scoreboard] Scoreboard received item
# KERNEL: UVM_INFO /home/runner/scoreboard.sv(29) @ 230: uvm_test_top.env.scb [SCB_PASS] MATCH!!mode =00 | EXP=0110, ACT=0110
# KERNEL: UVM_INFO /home/runner/driver.sv(52) @ 230: uvm_test_top.env.agent.drv [DRV] rst=1 | mode=01 | sin_left=0 | sin_right=0 | d_in=0100 
# KERNEL: UVM_INFO /home/runner/sequence2.sv(19) @ 230: uvm_test_top.env.agent.sqr@@s2 [univ_sr_reset_seq] Sequence2 body finished
# KERNEL: UVM_INFO /home/runner/master_seq.sv(29) @ 240: uvm_test_top.env.agent.sqr@@seq [MASTER_SEQ] Starting Sequence 3...
# KERNEL: UVM_INFO /home/runner/sequence3.sv(11) @ 240: uvm_test_top.env.agent.sqr@@s3 [univ_sr_stress_seq] Starting sequence 3 body
# KERNEL: UVM_INFO /home/runner/monitor.sv(29) @ 240: uvm_test_top.env.agent.mon [MON] Reset ACTIVE
# KERNEL: UVM_INFO /home/runner/monitor.sv(38) @ 240: uvm_test_top.env.agent.mon [MON] rst=1 | mode=01 | sin_left=0 | sin_right=0 | d_in=0100 | q_out=0000
# KERNEL: UVM_INFO /home/runner/driver.sv(52) @ 240: uvm_test_top.env.agent.drv [DRV] rst=0 | mode=11 | sin_left=0 | sin_right=1 | d_in=1010 
# KERNEL: UVM_INFO /home/runner/monitor.sv(53) @ 250: uvm_test_top.env.agent.mon [MON] rst=0 | mode=11 | sin_left=0 | sin_right=1 | d_in=1010 | q_out=0000
# KERNEL: UVM_INFO /home/runner/scoreboard.sv(25) @ 250: uvm_test_top.env.scb [univ_sr_scoreboard] Scoreboard received item
# KERNEL: UVM_INFO /home/runner/scoreboard.sv(29) @ 250: uvm_test_top.env.scb [SCB_PASS] MATCH!!mode =11 | EXP=0000, ACT=0000
# KERNEL: UVM_INFO /home/runner/driver.sv(52) @ 250: uvm_test_top.env.agent.drv [DRV] rst=0 | mode=01 | sin_left=1 | sin_right=1 | d_in=1110 
# KERNEL: UVM_INFO /home/runner/monitor.sv(53) @ 260: uvm_test_top.env.agent.mon [MON] rst=0 | mode=01 | sin_left=1 | sin_right=1 | d_in=1110 | q_out=1010
# KERNEL: UVM_INFO /home/runner/scoreboard.sv(25) @ 260: uvm_test_top.env.scb [univ_sr_scoreboard] Scoreboard received item
# KERNEL: UVM_INFO /home/runner/scoreboard.sv(29) @ 260: uvm_test_top.env.scb [SCB_PASS] MATCH!!mode =01 | EXP=1010, ACT=1010
# KERNEL: UVM_INFO /home/runner/driver.sv(52) @ 260: uvm_test_top.env.agent.drv [DRV] rst=0 | mode=01 | sin_left=1 | sin_right=0 | d_in=1111 
# KERNEL: UVM_INFO /home/runner/monitor.sv(53) @ 270: uvm_test_top.env.agent.mon [MON] rst=0 | mode=01 | sin_left=1 | sin_right=0 | d_in=1111 | q_out=1101
# KERNEL: UVM_INFO /home/runner/scoreboard.sv(25) @ 270: uvm_test_top.env.scb [univ_sr_scoreboard] Scoreboard received item
# KERNEL: UVM_INFO /home/runner/scoreboard.sv(29) @ 270: uvm_test_top.env.scb [SCB_PASS] MATCH!!mode =01 | EXP=1101, ACT=1101
# KERNEL: UVM_INFO /home/runner/driver.sv(52) @ 270: uvm_test_top.env.agent.drv [DRV] rst=0 | mode=10 | sin_left=1 | sin_right=0 | d_in=0100 
# KERNEL: UVM_INFO /home/runner/monitor.sv(53) @ 280: uvm_test_top.env.agent.mon [MON] rst=0 | mode=10 | sin_left=1 | sin_right=0 | d_in=0100 | q_out=1110
# KERNEL: UVM_INFO /home/runner/scoreboard.sv(25) @ 280: uvm_test_top.env.scb [univ_sr_scoreboard] Scoreboard received item
# KERNEL: UVM_INFO /home/runner/scoreboard.sv(29) @ 280: uvm_test_top.env.scb [SCB_PASS] MATCH!!mode =10 | EXP=1110, ACT=1110
# KERNEL: UVM_INFO /home/runner/driver.sv(52) @ 280: uvm_test_top.env.agent.drv [DRV] rst=0 | mode=10 | sin_left=0 | sin_right=0 | d_in=1101 
# KERNEL: UVM_INFO /home/runner/monitor.sv(53) @ 290: uvm_test_top.env.agent.mon [MON] rst=0 | mode=10 | sin_left=0 | sin_right=0 | d_in=1101 | q_out=1100
# KERNEL: UVM_INFO /home/runner/scoreboard.sv(25) @ 290: uvm_test_top.env.scb [univ_sr_scoreboard] Scoreboard received item
# KERNEL: UVM_INFO /home/runner/scoreboard.sv(29) @ 290: uvm_test_top.env.scb [SCB_PASS] MATCH!!mode =10 | EXP=1100, ACT=1100
# KERNEL: UVM_INFO /home/runner/driver.sv(52) @ 290: uvm_test_top.env.agent.drv [DRV] rst=1 | mode=01 | sin_left=0 | sin_right=1 | d_in=0001 
# KERNEL: UVM_INFO /home/runner/monitor.sv(29) @ 300: uvm_test_top.env.agent.mon [MON] Reset ACTIVE
# KERNEL: UVM_INFO /home/runner/monitor.sv(38) @ 300: uvm_test_top.env.agent.mon [MON] rst=1 | mode=01 | sin_left=0 | sin_right=1 | d_in=0001 | q_out=0000
# KERNEL: UVM_INFO /home/runner/driver.sv(52) @ 300: uvm_test_top.env.agent.drv [DRV] rst=0 | mode=11 | sin_left=0 | sin_right=1 | d_in=1111 
# KERNEL: UVM_INFO /home/runner/monitor.sv(53) @ 310: uvm_test_top.env.agent.mon [MON] rst=0 | mode=11 | sin_left=0 | sin_right=1 | d_in=1111 | q_out=0000
# KERNEL: UVM_INFO /home/runner/scoreboard.sv(25) @ 310: uvm_test_top.env.scb [univ_sr_scoreboard] Scoreboard received item
# KERNEL: UVM_INFO /home/runner/scoreboard.sv(29) @ 310: uvm_test_top.env.scb [SCB_PASS] MATCH!!mode =11 | EXP=0000, ACT=0000
# KERNEL: UVM_INFO /home/runner/driver.sv(52) @ 310: uvm_test_top.env.agent.drv [DRV] rst=0 | mode=00 | sin_left=1 | sin_right=0 | d_in=0111 
# KERNEL: UVM_INFO /home/runner/monitor.sv(53) @ 320: uvm_test_top.env.agent.mon [MON] rst=0 | mode=00 | sin_left=1 | sin_right=0 | d_in=0111 | q_out=1111
# KERNEL: UVM_INFO /home/runner/scoreboard.sv(25) @ 320: uvm_test_top.env.scb [univ_sr_scoreboard] Scoreboard received item
# KERNEL: UVM_INFO /home/runner/scoreboard.sv(29) @ 320: uvm_test_top.env.scb [SCB_PASS] MATCH!!mode =00 | EXP=1111, ACT=1111
# KERNEL: UVM_INFO /home/runner/driver.sv(52) @ 320: uvm_test_top.env.agent.drv [DRV] rst=1 | mode=00 | sin_left=1 | sin_right=0 | d_in=1000 
# KERNEL: UVM_INFO /home/runner/sequence3.sv(33) @ 320: uvm_test_top.env.agent.sqr@@s3 [univ_sr_stress_seq] Sequence 3 body finished
# KERNEL: UVM_INFO /home/runner/master_seq.sv(33) @ 330: uvm_test_top.env.agent.sqr@@seq [MASTER_SEQ] Starting Sequence 4...
# KERNEL: UVM_INFO /home/runner/sequence4.sv(11) @ 330: uvm_test_top.env.agent.sqr@@s4 [univ_sr_full_random_seq] Starting sequence 4 body
# KERNEL: UVM_INFO /home/runner/sequence4.sv(14) @ 330: uvm_test_top.env.agent.sqr@@s4 [SEQ_RAND] Starting Random Stress Test
# KERNEL: UVM_INFO /home/runner/monitor.sv(29) @ 330: uvm_test_top.env.agent.mon [MON] Reset ACTIVE
# KERNEL: UVM_INFO /home/runner/monitor.sv(38) @ 330: uvm_test_top.env.agent.mon [MON] rst=1 | mode=00 | sin_left=1 | sin_right=0 | d_in=1000 | q_out=0000
# KERNEL: UVM_INFO /home/runner/driver.sv(52) @ 330: uvm_test_top.env.agent.drv [DRV] rst=0 | mode=11 | sin_left=0 | sin_right=1 | d_in=0101 
# KERNEL: UVM_INFO /home/runner/monitor.sv(53) @ 340: uvm_test_top.env.agent.mon [MON] rst=0 | mode=11 | sin_left=0 | sin_right=1 | d_in=0101 | q_out=0000
# KERNEL: UVM_INFO /home/runner/scoreboard.sv(25) @ 340: uvm_test_top.env.scb [univ_sr_scoreboard] Scoreboard received item
# KERNEL: UVM_INFO /home/runner/scoreboard.sv(29) @ 340: uvm_test_top.env.scb [SCB_PASS] MATCH!!mode =11 | EXP=0000, ACT=0000
# KERNEL: UVM_INFO /home/runner/driver.sv(52) @ 340: uvm_test_top.env.agent.drv [DRV] rst=0 | mode=01 | sin_left=0 | sin_right=1 | d_in=0100 
# KERNEL: UVM_INFO /home/runner/monitor.sv(53) @ 350: uvm_test_top.env.agent.mon [MON] rst=0 | mode=01 | sin_left=0 | sin_right=1 | d_in=0100 | q_out=0101
# KERNEL: UVM_INFO /home/runner/scoreboard.sv(25) @ 350: uvm_test_top.env.scb [univ_sr_scoreboard] Scoreboard received item
# KERNEL: UVM_INFO /home/runner/scoreboard.sv(29) @ 350: uvm_test_top.env.scb [SCB_PASS] MATCH!!mode =01 | EXP=0101, ACT=0101
# KERNEL: UVM_INFO /home/runner/driver.sv(52) @ 350: uvm_test_top.env.agent.drv [DRV] rst=0 | mode=10 | sin_left=0 | sin_right=1 | d_in=0001 
# KERNEL: UVM_INFO /home/runner/monitor.sv(53) @ 360: uvm_test_top.env.agent.mon [MON] rst=0 | mode=10 | sin_left=0 | sin_right=1 | d_in=0001 | q_out=0010
# KERNEL: UVM_INFO /home/runner/scoreboard.sv(25) @ 360: uvm_test_top.env.scb [univ_sr_scoreboard] Scoreboard received item
# KERNEL: UVM_INFO /home/runner/scoreboard.sv(29) @ 360: uvm_test_top.env.scb [SCB_PASS] MATCH!!mode =10 | EXP=0010, ACT=0010
# KERNEL: UVM_INFO /home/runner/driver.sv(52) @ 360: uvm_test_top.env.agent.drv [DRV] rst=0 | mode=10 | sin_left=0 | sin_right=0 | d_in=1100 
# KERNEL: UVM_INFO /home/runner/monitor.sv(53) @ 370: uvm_test_top.env.agent.mon [MON] rst=0 | mode=10 | sin_left=0 | sin_right=0 | d_in=1100 | q_out=0101
# KERNEL: UVM_INFO /home/runner/scoreboard.sv(25) @ 370: uvm_test_top.env.scb [univ_sr_scoreboard] Scoreboard received item
# KERNEL: UVM_INFO /home/runner/scoreboard.sv(29) @ 370: uvm_test_top.env.scb [SCB_PASS] MATCH!!mode =10 | EXP=0101, ACT=0101
# KERNEL: UVM_INFO /home/runner/driver.sv(52) @ 370: uvm_test_top.env.agent.drv [DRV] rst=1 | mode=00 | sin_left=0 | sin_right=1 | d_in=0110 
# KERNEL: UVM_INFO /home/runner/monitor.sv(29) @ 380: uvm_test_top.env.agent.mon [MON] Reset ACTIVE
# KERNEL: UVM_INFO /home/runner/monitor.sv(38) @ 380: uvm_test_top.env.agent.mon [MON] rst=1 | mode=00 | sin_left=0 | sin_right=1 | d_in=0110 | q_out=0000
# KERNEL: UVM_INFO /home/runner/driver.sv(52) @ 380: uvm_test_top.env.agent.drv [DRV] rst=0 | mode=00 | sin_left=1 | sin_right=0 | d_in=1111 
# KERNEL: UVM_INFO /home/runner/monitor.sv(53) @ 390: uvm_test_top.env.agent.mon [MON] rst=0 | mode=00 | sin_left=1 | sin_right=0 | d_in=1111 | q_out=0000
# KERNEL: UVM_INFO /home/runner/scoreboard.sv(25) @ 390: uvm_test_top.env.scb [univ_sr_scoreboard] Scoreboard received item
# KERNEL: UVM_INFO /home/runner/scoreboard.sv(29) @ 390: uvm_test_top.env.scb [SCB_PASS] MATCH!!mode =00 | EXP=0000, ACT=0000
# KERNEL: UVM_INFO /home/runner/driver.sv(52) @ 390: uvm_test_top.env.agent.drv [DRV] rst=0 | mode=11 | sin_left=1 | sin_right=1 | d_in=0110 
# KERNEL: UVM_INFO /home/runner/monitor.sv(53) @ 400: uvm_test_top.env.agent.mon [MON] rst=0 | mode=11 | sin_left=1 | sin_right=1 | d_in=0110 | q_out=0000
# KERNEL: UVM_INFO /home/runner/scoreboard.sv(25) @ 400: uvm_test_top.env.scb [univ_sr_scoreboard] Scoreboard received item
# KERNEL: UVM_INFO /home/runner/scoreboard.sv(29) @ 400: uvm_test_top.env.scb [SCB_PASS] MATCH!!mode =11 | EXP=0000, ACT=0000
# KERNEL: UVM_INFO /home/runner/driver.sv(52) @ 400: uvm_test_top.env.agent.drv [DRV] rst=0 | mode=01 | sin_left=0 | sin_right=1 | d_in=1011 
# KERNEL: UVM_INFO /home/runner/monitor.sv(53) @ 410: uvm_test_top.env.agent.mon [MON] rst=0 | mode=01 | sin_left=0 | sin_right=1 | d_in=1011 | q_out=0110
# KERNEL: UVM_INFO /home/runner/scoreboard.sv(25) @ 410: uvm_test_top.env.scb [univ_sr_scoreboard] Scoreboard received item
# KERNEL: UVM_INFO /home/runner/scoreboard.sv(29) @ 410: uvm_test_top.env.scb [SCB_PASS] MATCH!!mode =01 | EXP=0110, ACT=0110
# KERNEL: UVM_INFO /home/runner/driver.sv(52) @ 410: uvm_test_top.env.agent.drv [DRV] rst=0 | mode=01 | sin_left=1 | sin_right=0 | d_in=1111 
# KERNEL: UVM_INFO /home/runner/monitor.sv(53) @ 420: uvm_test_top.env.agent.mon [MON] rst=0 | mode=01 | sin_left=1 | sin_right=0 | d_in=1111 | q_out=0011
# KERNEL: UVM_INFO /home/runner/scoreboard.sv(25) @ 420: uvm_test_top.env.scb [univ_sr_scoreboard] Scoreboard received item
# KERNEL: UVM_INFO /home/runner/scoreboard.sv(29) @ 420: uvm_test_top.env.scb [SCB_PASS] MATCH!!mode =01 | EXP=0011, ACT=0011
# KERNEL: UVM_INFO /home/runner/driver.sv(52) @ 420: uvm_test_top.env.agent.drv [DRV] rst=1 | mode=11 | sin_left=1 | sin_right=1 | d_in=0010 
# KERNEL: UVM_INFO /home/runner/monitor.sv(29) @ 430: uvm_test_top.env.agent.mon [MON] Reset ACTIVE
# KERNEL: UVM_INFO /home/runner/monitor.sv(38) @ 430: uvm_test_top.env.agent.mon [MON] rst=1 | mode=11 | sin_left=1 | sin_right=1 | d_in=0010 | q_out=0000
# KERNEL: UVM_INFO /home/runner/driver.sv(52) @ 430: uvm_test_top.env.agent.drv [DRV] rst=0 | mode=00 | sin_left=0 | sin_right=1 | d_in=0011 
# KERNEL: UVM_INFO /home/runner/monitor.sv(53) @ 440: uvm_test_top.env.agent.mon [MON] rst=0 | mode=00 | sin_left=0 | sin_right=1 | d_in=0011 | q_out=0000
# KERNEL: UVM_INFO /home/runner/scoreboard.sv(25) @ 440: uvm_test_top.env.scb [univ_sr_scoreboard] Scoreboard received item
# KERNEL: UVM_INFO /home/runner/scoreboard.sv(29) @ 440: uvm_test_top.env.scb [SCB_PASS] MATCH!!mode =00 | EXP=0000, ACT=0000
# KERNEL: UVM_INFO /home/runner/driver.sv(52) @ 440: uvm_test_top.env.agent.drv [DRV] rst=0 | mode=00 | sin_left=1 | sin_right=0 | d_in=0010 
# KERNEL: UVM_INFO /home/runner/monitor.sv(53) @ 450: uvm_test_top.env.agent.mon [MON] rst=0 | mode=00 | sin_left=1 | sin_right=0 | d_in=0010 | q_out=0000
# KERNEL: UVM_INFO /home/runner/scoreboard.sv(25) @ 450: uvm_test_top.env.scb [univ_sr_scoreboard] Scoreboard received item
# KERNEL: UVM_INFO /home/runner/scoreboard.sv(29) @ 450: uvm_test_top.env.scb [SCB_PASS] MATCH!!mode =00 | EXP=0000, ACT=0000
# KERNEL: UVM_INFO /home/runner/driver.sv(52) @ 450: uvm_test_top.env.agent.drv [DRV] rst=0 | mode=10 | sin_left=0 | sin_right=1 | d_in=0000 
# KERNEL: UVM_INFO /home/runner/monitor.sv(53) @ 460: uvm_test_top.env.agent.mon [MON] rst=0 | mode=10 | sin_left=0 | sin_right=1 | d_in=0000 | q_out=0000
# KERNEL: UVM_INFO /home/runner/scoreboard.sv(25) @ 460: uvm_test_top.env.scb [univ_sr_scoreboard] Scoreboard received item
# KERNEL: UVM_INFO /home/runner/scoreboard.sv(29) @ 460: uvm_test_top.env.scb [SCB_PASS] MATCH!!mode =10 | EXP=0000, ACT=0000
# KERNEL: UVM_INFO /home/runner/driver.sv(52) @ 460: uvm_test_top.env.agent.drv [DRV] rst=0 | mode=10 | sin_left=1 | sin_right=1 | d_in=1101 
# KERNEL: UVM_INFO /home/runner/monitor.sv(53) @ 470: uvm_test_top.env.agent.mon [MON] rst=0 | mode=10 | sin_left=1 | sin_right=1 | d_in=1101 | q_out=0001
# KERNEL: UVM_INFO /home/runner/scoreboard.sv(25) @ 470: uvm_test_top.env.scb [univ_sr_scoreboard] Scoreboard received item
# KERNEL: UVM_INFO /home/runner/scoreboard.sv(29) @ 470: uvm_test_top.env.scb [SCB_PASS] MATCH!!mode =10 | EXP=0001, ACT=0001
# KERNEL: UVM_INFO /home/runner/driver.sv(52) @ 470: uvm_test_top.env.agent.drv [DRV] rst=0 | mode=01 | sin_left=0 | sin_right=1 | d_in=1000 
# KERNEL: UVM_INFO /home/runner/monitor.sv(53) @ 480: uvm_test_top.env.agent.mon [MON] rst=0 | mode=01 | sin_left=0 | sin_right=1 | d_in=1000 | q_out=0011
# KERNEL: UVM_INFO /home/runner/scoreboard.sv(25) @ 480: uvm_test_top.env.scb [univ_sr_scoreboard] Scoreboard received item
# KERNEL: UVM_INFO /home/runner/scoreboard.sv(29) @ 480: uvm_test_top.env.scb [SCB_PASS] MATCH!!mode =01 | EXP=0011, ACT=0011
# KERNEL: UVM_INFO /home/runner/driver.sv(52) @ 480: uvm_test_top.env.agent.drv [DRV] rst=0 | mode=11 | sin_left=1 | sin_right=0 | d_in=0001 
# KERNEL: UVM_INFO /home/runner/monitor.sv(53) @ 490: uvm_test_top.env.agent.mon [MON] rst=0 | mode=11 | sin_left=1 | sin_right=0 | d_in=0001 | q_out=0001
# KERNEL: UVM_INFO /home/runner/scoreboard.sv(25) @ 490: uvm_test_top.env.scb [univ_sr_scoreboard] Scoreboard received item
# KERNEL: UVM_INFO /home/runner/scoreboard.sv(29) @ 490: uvm_test_top.env.scb [SCB_PASS] MATCH!!mode =11 | EXP=0001, ACT=0001
# KERNEL: UVM_INFO /home/runner/driver.sv(52) @ 490: uvm_test_top.env.agent.drv [DRV] rst=0 | mode=11 | sin_left=1 | sin_right=1 | d_in=1001 
# KERNEL: UVM_INFO /home/runner/monitor.sv(53) @ 500: uvm_test_top.env.agent.mon [MON] rst=0 | mode=11 | sin_left=1 | sin_right=1 | d_in=1001 | q_out=0001
# KERNEL: UVM_INFO /home/runner/scoreboard.sv(25) @ 500: uvm_test_top.env.scb [univ_sr_scoreboard] Scoreboard received item
# KERNEL: UVM_INFO /home/runner/scoreboard.sv(29) @ 500: uvm_test_top.env.scb [SCB_PASS] MATCH!!mode =11 | EXP=0001, ACT=0001
# KERNEL: UVM_INFO /home/runner/driver.sv(52) @ 500: uvm_test_top.env.agent.drv [DRV] rst=0 | mode=01 | sin_left=0 | sin_right=1 | d_in=0000 
# KERNEL: UVM_INFO /home/runner/monitor.sv(53) @ 510: uvm_test_top.env.agent.mon [MON] rst=0 | mode=01 | sin_left=0 | sin_right=1 | d_in=0000 | q_out=1001
# KERNEL: UVM_INFO /home/runner/scoreboard.sv(25) @ 510: uvm_test_top.env.scb [univ_sr_scoreboard] Scoreboard received item
# KERNEL: UVM_INFO /home/runner/scoreboard.sv(29) @ 510: uvm_test_top.env.scb [SCB_PASS] MATCH!!mode =01 | EXP=1001, ACT=1001
# KERNEL: UVM_INFO /home/runner/driver.sv(52) @ 510: uvm_test_top.env.agent.drv [DRV] rst=0 | mode=10 | sin_left=0 | sin_right=0 | d_in=0101 
# KERNEL: UVM_INFO /home/runner/monitor.sv(53) @ 520: uvm_test_top.env.agent.mon [MON] rst=0 | mode=10 | sin_left=0 | sin_right=0 | d_in=0101 | q_out=0100
# KERNEL: UVM_INFO /home/runner/scoreboard.sv(25) @ 520: uvm_test_top.env.scb [univ_sr_scoreboard] Scoreboard received item
# KERNEL: UVM_INFO /home/runner/scoreboard.sv(29) @ 520: uvm_test_top.env.scb [SCB_PASS] MATCH!!mode =10 | EXP=0100, ACT=0100
# KERNEL: UVM_INFO /home/runner/driver.sv(52) @ 520: uvm_test_top.env.agent.drv [DRV] rst=0 | mode=10 | sin_left=1 | sin_right=1 | d_in=1000 
# KERNEL: UVM_INFO /home/runner/monitor.sv(53) @ 530: uvm_test_top.env.agent.mon [MON] rst=0 | mode=10 | sin_left=1 | sin_right=1 | d_in=1000 | q_out=1000
# KERNEL: UVM_INFO /home/runner/scoreboard.sv(25) @ 530: uvm_test_top.env.scb [univ_sr_scoreboard] Scoreboard received item
# KERNEL: UVM_INFO /home/runner/scoreboard.sv(29) @ 530: uvm_test_top.env.scb [SCB_PASS] MATCH!!mode =10 | EXP=1000, ACT=1000
# KERNEL: UVM_INFO /home/runner/driver.sv(52) @ 530: uvm_test_top.env.agent.drv [DRV] rst=0 | mode=00 | sin_left=1 | sin_right=1 | d_in=1010 
# KERNEL: UVM_INFO /home/runner/monitor.sv(53) @ 540: uvm_test_top.env.agent.mon [MON] rst=0 | mode=00 | sin_left=1 | sin_right=1 | d_in=1010 | q_out=0001
# KERNEL: UVM_INFO /home/runner/scoreboard.sv(25) @ 540: uvm_test_top.env.scb [univ_sr_scoreboard] Scoreboard received item
# KERNEL: UVM_INFO /home/runner/scoreboard.sv(29) @ 540: uvm_test_top.env.scb [SCB_PASS] MATCH!!mode =00 | EXP=0001, ACT=0001
# KERNEL: UVM_INFO /home/runner/driver.sv(52) @ 540: uvm_test_top.env.agent.drv [DRV] rst=1 | mode=00 | sin_left=0 | sin_right=1 | d_in=1011 
# KERNEL: UVM_INFO /home/runner/monitor.sv(29) @ 550: uvm_test_top.env.agent.mon [MON] Reset ACTIVE
# KERNEL: UVM_INFO /home/runner/monitor.sv(38) @ 550: uvm_test_top.env.agent.mon [MON] rst=1 | mode=00 | sin_left=0 | sin_right=1 | d_in=1011 | q_out=0000
# KERNEL: UVM_INFO /home/runner/driver.sv(52) @ 550: uvm_test_top.env.agent.drv [DRV] rst=0 | mode=11 | sin_left=0 | sin_right=0 | d_in=1010 
# KERNEL: UVM_INFO /home/runner/monitor.sv(53) @ 560: uvm_test_top.env.agent.mon [MON] rst=0 | mode=11 | sin_left=0 | sin_right=0 | d_in=1010 | q_out=0000
# KERNEL: UVM_INFO /home/runner/scoreboard.sv(25) @ 560: uvm_test_top.env.scb [univ_sr_scoreboard] Scoreboard received item
# KERNEL: UVM_INFO /home/runner/scoreboard.sv(29) @ 560: uvm_test_top.env.scb [SCB_PASS] MATCH!!mode =11 | EXP=0000, ACT=0000
# KERNEL: UVM_INFO /home/runner/driver.sv(52) @ 560: uvm_test_top.env.agent.drv [DRV] rst=0 | mode=01 | sin_left=0 | sin_right=0 | d_in=0111 
# KERNEL: UVM_INFO /home/runner/monitor.sv(53) @ 570: uvm_test_top.env.agent.mon [MON] rst=0 | mode=01 | sin_left=0 | sin_right=0 | d_in=0111 | q_out=1010
# KERNEL: UVM_INFO /home/runner/scoreboard.sv(25) @ 570: uvm_test_top.env.scb [univ_sr_scoreboard] Scoreboard received item
# KERNEL: UVM_INFO /home/runner/scoreboard.sv(29) @ 570: uvm_test_top.env.scb [SCB_PASS] MATCH!!mode =01 | EXP=1010, ACT=1010
# KERNEL: UVM_INFO /home/runner/driver.sv(52) @ 570: uvm_test_top.env.agent.drv [DRV] rst=0 | mode=01 | sin_left=0 | sin_right=0 | d_in=0011 
# KERNEL: UVM_INFO /home/runner/monitor.sv(53) @ 580: uvm_test_top.env.agent.mon [MON] rst=0 | mode=01 | sin_left=0 | sin_right=0 | d_in=0011 | q_out=0101
# KERNEL: UVM_INFO /home/runner/scoreboard.sv(25) @ 580: uvm_test_top.env.scb [univ_sr_scoreboard] Scoreboard received item
# KERNEL: UVM_INFO /home/runner/scoreboard.sv(29) @ 580: uvm_test_top.env.scb [SCB_PASS] MATCH!!mode =01 | EXP=0101, ACT=0101
# KERNEL: UVM_INFO /home/runner/driver.sv(52) @ 580: uvm_test_top.env.agent.drv [DRV] rst=0 | mode=11 | sin_left=0 | sin_right=1 | d_in=1110 
# KERNEL: UVM_INFO /home/runner/monitor.sv(53) @ 590: uvm_test_top.env.agent.mon [MON] rst=0 | mode=11 | sin_left=0 | sin_right=1 | d_in=1110 | q_out=0010
# KERNEL: UVM_INFO /home/runner/scoreboard.sv(25) @ 590: uvm_test_top.env.scb [univ_sr_scoreboard] Scoreboard received item
# KERNEL: UVM_INFO /home/runner/scoreboard.sv(29) @ 590: uvm_test_top.env.scb [SCB_PASS] MATCH!!mode =11 | EXP=0010, ACT=0010
# KERNEL: UVM_INFO /home/runner/driver.sv(52) @ 590: uvm_test_top.env.agent.drv [DRV] rst=0 | mode=00 | sin_left=0 | sin_right=0 | d_in=0111 
# KERNEL: UVM_INFO /home/runner/monitor.sv(53) @ 600: uvm_test_top.env.agent.mon [MON] rst=0 | mode=00 | sin_left=0 | sin_right=0 | d_in=0111 | q_out=1110
# KERNEL: UVM_INFO /home/runner/scoreboard.sv(25) @ 600: uvm_test_top.env.scb [univ_sr_scoreboard] Scoreboard received item
# KERNEL: UVM_INFO /home/runner/scoreboard.sv(29) @ 600: uvm_test_top.env.scb [SCB_PASS] MATCH!!mode =00 | EXP=1110, ACT=1110
# KERNEL: UVM_INFO /home/runner/driver.sv(52) @ 600: uvm_test_top.env.agent.drv [DRV] rst=0 | mode=00 | sin_left=0 | sin_right=0 | d_in=1110 
# KERNEL: UVM_INFO /home/runner/monitor.sv(53) @ 610: uvm_test_top.env.agent.mon [MON] rst=0 | mode=00 | sin_left=0 | sin_right=0 | d_in=1110 | q_out=1110
# KERNEL: UVM_INFO /home/runner/scoreboard.sv(25) @ 610: uvm_test_top.env.scb [univ_sr_scoreboard] Scoreboard received item
# KERNEL: UVM_INFO /home/runner/scoreboard.sv(29) @ 610: uvm_test_top.env.scb [SCB_PASS] MATCH!!mode =00 | EXP=1110, ACT=1110
# KERNEL: UVM_INFO /home/runner/driver.sv(52) @ 610: uvm_test_top.env.agent.drv [DRV] rst=0 | mode=10 | sin_left=1 | sin_right=1 | d_in=0100 
# KERNEL: UVM_INFO /home/runner/monitor.sv(53) @ 620: uvm_test_top.env.agent.mon [MON] rst=0 | mode=10 | sin_left=1 | sin_right=1 | d_in=0100 | q_out=1110
# KERNEL: UVM_INFO /home/runner/scoreboard.sv(25) @ 620: uvm_test_top.env.scb [univ_sr_scoreboard] Scoreboard received item
# KERNEL: UVM_INFO /home/runner/scoreboard.sv(29) @ 620: uvm_test_top.env.scb [SCB_PASS] MATCH!!mode =10 | EXP=1110, ACT=1110
# KERNEL: UVM_INFO /home/runner/driver.sv(52) @ 620: uvm_test_top.env.agent.drv [DRV] rst=0 | mode=10 | sin_left=1 | sin_right=0 | d_in=1001 
# KERNEL: UVM_INFO /home/runner/monitor.sv(53) @ 630: uvm_test_top.env.agent.mon [MON] rst=0 | mode=10 | sin_left=1 | sin_right=0 | d_in=1001 | q_out=1101
# KERNEL: UVM_INFO /home/runner/scoreboard.sv(25) @ 630: uvm_test_top.env.scb [univ_sr_scoreboard] Scoreboard received item
# KERNEL: UVM_INFO /home/runner/scoreboard.sv(29) @ 630: uvm_test_top.env.scb [SCB_PASS] MATCH!!mode =10 | EXP=1101, ACT=1101
# KERNEL: UVM_INFO /home/runner/driver.sv(52) @ 630: uvm_test_top.env.agent.drv [DRV] rst=0 | mode=01 | sin_left=1 | sin_right=1 | d_in=1100 
# KERNEL: UVM_INFO /home/runner/monitor.sv(53) @ 640: uvm_test_top.env.agent.mon [MON] rst=0 | mode=01 | sin_left=1 | sin_right=1 | d_in=1100 | q_out=1010
# KERNEL: UVM_INFO /home/runner/scoreboard.sv(25) @ 640: uvm_test_top.env.scb [univ_sr_scoreboard] Scoreboard received item
# KERNEL: UVM_INFO /home/runner/scoreboard.sv(29) @ 640: uvm_test_top.env.scb [SCB_PASS] MATCH!!mode =01 | EXP=1010, ACT=1010
# KERNEL: UVM_INFO /home/runner/driver.sv(52) @ 640: uvm_test_top.env.agent.drv [DRV] rst=0 | mode=11 | sin_left=0 | sin_right=0 | d_in=1101 
# KERNEL: UVM_INFO /home/runner/monitor.sv(53) @ 650: uvm_test_top.env.agent.mon [MON] rst=0 | mode=11 | sin_left=0 | sin_right=0 | d_in=1101 | q_out=1101
# KERNEL: UVM_INFO /home/runner/scoreboard.sv(25) @ 650: uvm_test_top.env.scb [univ_sr_scoreboard] Scoreboard received item
# KERNEL: UVM_INFO /home/runner/scoreboard.sv(29) @ 650: uvm_test_top.env.scb [SCB_PASS] MATCH!!mode =11 | EXP=1101, ACT=1101
# KERNEL: UVM_INFO /home/runner/driver.sv(52) @ 650: uvm_test_top.env.agent.drv [DRV] rst=0 | mode=11 | sin_left=1 | sin_right=1 | d_in=1101 
# KERNEL: UVM_INFO /home/runner/monitor.sv(53) @ 660: uvm_test_top.env.agent.mon [MON] rst=0 | mode=11 | sin_left=1 | sin_right=1 | d_in=1101 | q_out=1101
# KERNEL: UVM_INFO /home/runner/scoreboard.sv(25) @ 660: uvm_test_top.env.scb [univ_sr_scoreboard] Scoreboard received item
# KERNEL: UVM_INFO /home/runner/scoreboard.sv(29) @ 660: uvm_test_top.env.scb [SCB_PASS] MATCH!!mode =11 | EXP=1101, ACT=1101
# KERNEL: UVM_INFO /home/runner/driver.sv(52) @ 660: uvm_test_top.env.agent.drv [DRV] rst=0 | mode=01 | sin_left=1 | sin_right=0 | d_in=1100 
# KERNEL: UVM_INFO /home/runner/monitor.sv(53) @ 670: uvm_test_top.env.agent.mon [MON] rst=0 | mode=01 | sin_left=1 | sin_right=0 | d_in=1100 | q_out=1101
# KERNEL: UVM_INFO /home/runner/scoreboard.sv(25) @ 670: uvm_test_top.env.scb [univ_sr_scoreboard] Scoreboard received item
# KERNEL: UVM_INFO /home/runner/scoreboard.sv(29) @ 670: uvm_test_top.env.scb [SCB_PASS] MATCH!!mode =01 | EXP=1101, ACT=1101
# KERNEL: UVM_INFO /home/runner/driver.sv(52) @ 670: uvm_test_top.env.agent.drv [DRV] rst=0 | mode=10 | sin_left=0 | sin_right=0 | d_in=1001 
# KERNEL: UVM_INFO /home/runner/monitor.sv(53) @ 680: uvm_test_top.env.agent.mon [MON] rst=0 | mode=10 | sin_left=0 | sin_right=0 | d_in=1001 | q_out=1110
# KERNEL: UVM_INFO /home/runner/scoreboard.sv(25) @ 680: uvm_test_top.env.scb [univ_sr_scoreboard] Scoreboard received item
# KERNEL: UVM_INFO /home/runner/scoreboard.sv(29) @ 680: uvm_test_top.env.scb [SCB_PASS] MATCH!!mode =10 | EXP=1110, ACT=1110
# KERNEL: UVM_INFO /home/runner/driver.sv(52) @ 680: uvm_test_top.env.agent.drv [DRV] rst=0 | mode=10 | sin_left=1 | sin_right=1 | d_in=0100 
# KERNEL: UVM_INFO /home/runner/monitor.sv(53) @ 690: uvm_test_top.env.agent.mon [MON] rst=0 | mode=10 | sin_left=1 | sin_right=1 | d_in=0100 | q_out=1100
# KERNEL: UVM_INFO /home/runner/scoreboard.sv(25) @ 690: uvm_test_top.env.scb [univ_sr_scoreboard] Scoreboard received item
# KERNEL: UVM_INFO /home/runner/scoreboard.sv(29) @ 690: uvm_test_top.env.scb [SCB_PASS] MATCH!!mode =10 | EXP=1100, ACT=1100
# KERNEL: UVM_INFO /home/runner/driver.sv(52) @ 690: uvm_test_top.env.agent.drv [DRV] rst=0 | mode=00 | sin_left=0 | sin_right=0 | d_in=1110 
# KERNEL: UVM_INFO /home/runner/monitor.sv(53) @ 700: uvm_test_top.env.agent.mon [MON] rst=0 | mode=00 | sin_left=0 | sin_right=0 | d_in=1110 | q_out=1001
# KERNEL: UVM_INFO /home/runner/scoreboard.sv(25) @ 700: uvm_test_top.env.scb [univ_sr_scoreboard] Scoreboard received item
# KERNEL: UVM_INFO /home/runner/scoreboard.sv(29) @ 700: uvm_test_top.env.scb [SCB_PASS] MATCH!!mode =00 | EXP=1001, ACT=1001
# KERNEL: UVM_INFO /home/runner/driver.sv(52) @ 700: uvm_test_top.env.agent.drv [DRV] rst=0 | mode=00 | sin_left=1 | sin_right=0 | d_in=0111 
# KERNEL: UVM_INFO /home/runner/monitor.sv(53) @ 710: uvm_test_top.env.agent.mon [MON] rst=0 | mode=00 | sin_left=1 | sin_right=0 | d_in=0111 | q_out=1001
# KERNEL: UVM_INFO /home/runner/scoreboard.sv(25) @ 710: uvm_test_top.env.scb [univ_sr_scoreboard] Scoreboard received item
# KERNEL: UVM_INFO /home/runner/scoreboard.sv(29) @ 710: uvm_test_top.env.scb [SCB_PASS] MATCH!!mode =00 | EXP=1001, ACT=1001
# KERNEL: UVM_INFO /home/runner/driver.sv(52) @ 710: uvm_test_top.env.agent.drv [DRV] rst=0 | mode=11 | sin_left=0 | sin_right=1 | d_in=1110 
# KERNEL: UVM_INFO /home/runner/monitor.sv(53) @ 720: uvm_test_top.env.agent.mon [MON] rst=0 | mode=11 | sin_left=0 | sin_right=1 | d_in=1110 | q_out=1001
# KERNEL: UVM_INFO /home/runner/scoreboard.sv(25) @ 720: uvm_test_top.env.scb [univ_sr_scoreboard] Scoreboard received item
# KERNEL: UVM_INFO /home/runner/scoreboard.sv(29) @ 720: uvm_test_top.env.scb [SCB_PASS] MATCH!!mode =11 | EXP=1001, ACT=1001
# KERNEL: UVM_INFO /home/runner/driver.sv(52) @ 720: uvm_test_top.env.agent.drv [DRV] rst=0 | mode=01 | sin_left=1 | sin_right=0 | d_in=0011 
# KERNEL: UVM_INFO /home/runner/monitor.sv(53) @ 730: uvm_test_top.env.agent.mon [MON] rst=0 | mode=01 | sin_left=1 | sin_right=0 | d_in=0011 | q_out=1110
# KERNEL: UVM_INFO /home/runner/scoreboard.sv(25) @ 730: uvm_test_top.env.scb [univ_sr_scoreboard] Scoreboard received item
# KERNEL: UVM_INFO /home/runner/scoreboard.sv(29) @ 730: uvm_test_top.env.scb [SCB_PASS] MATCH!!mode =01 | EXP=1110, ACT=1110
# KERNEL: UVM_INFO /home/runner/driver.sv(52) @ 730: uvm_test_top.env.agent.drv [DRV] rst=0 | mode=01 | sin_left=0 | sin_right=1 | d_in=0111 
# KERNEL: UVM_INFO /home/runner/monitor.sv(53) @ 740: uvm_test_top.env.agent.mon [MON] rst=0 | mode=01 | sin_left=0 | sin_right=1 | d_in=0111 | q_out=1111
# KERNEL: UVM_INFO /home/runner/scoreboard.sv(25) @ 740: uvm_test_top.env.scb [univ_sr_scoreboard] Scoreboard received item
# KERNEL: UVM_INFO /home/runner/scoreboard.sv(29) @ 740: uvm_test_top.env.scb [SCB_PASS] MATCH!!mode =01 | EXP=1111, ACT=1111
# KERNEL: UVM_INFO /home/runner/driver.sv(52) @ 740: uvm_test_top.env.agent.drv [DRV] rst=0 | mode=11 | sin_left=0 | sin_right=1 | d_in=1010 
# KERNEL: UVM_INFO /home/runner/monitor.sv(53) @ 750: uvm_test_top.env.agent.mon [MON] rst=0 | mode=11 | sin_left=0 | sin_right=1 | d_in=1010 | q_out=0111
# KERNEL: UVM_INFO /home/runner/scoreboard.sv(25) @ 750: uvm_test_top.env.scb [univ_sr_scoreboard] Scoreboard received item
# KERNEL: UVM_INFO /home/runner/scoreboard.sv(29) @ 750: uvm_test_top.env.scb [SCB_PASS] MATCH!!mode =11 | EXP=0111, ACT=0111
# KERNEL: UVM_INFO /home/runner/driver.sv(52) @ 750: uvm_test_top.env.agent.drv [DRV] rst=1 | mode=00 | sin_left=1 | sin_right=0 | d_in=1011 
# KERNEL: UVM_INFO /home/runner/monitor.sv(29) @ 760: uvm_test_top.env.agent.mon [MON] Reset ACTIVE
# KERNEL: UVM_INFO /home/runner/monitor.sv(38) @ 760: uvm_test_top.env.agent.mon [MON] rst=1 | mode=00 | sin_left=1 | sin_right=0 | d_in=1011 | q_out=0000
# KERNEL: UVM_INFO /home/runner/driver.sv(52) @ 760: uvm_test_top.env.agent.drv [DRV] rst=0 | mode=00 | sin_left=1 | sin_right=0 | d_in=1010 
# KERNEL: UVM_INFO /home/runner/monitor.sv(53) @ 770: uvm_test_top.env.agent.mon [MON] rst=0 | mode=00 | sin_left=1 | sin_right=0 | d_in=1010 | q_out=0000
# KERNEL: UVM_INFO /home/runner/scoreboard.sv(25) @ 770: uvm_test_top.env.scb [univ_sr_scoreboard] Scoreboard received item
# KERNEL: UVM_INFO /home/runner/scoreboard.sv(29) @ 770: uvm_test_top.env.scb [SCB_PASS] MATCH!!mode =00 | EXP=0000, ACT=0000
# KERNEL: UVM_INFO /home/runner/driver.sv(52) @ 770: uvm_test_top.env.agent.drv [DRV] rst=1 | mode=10 | sin_left=0 | sin_right=0 | d_in=1000 
# KERNEL: UVM_INFO /home/runner/monitor.sv(29) @ 780: uvm_test_top.env.agent.mon [MON] Reset ACTIVE
# KERNEL: UVM_INFO /home/runner/monitor.sv(38) @ 780: uvm_test_top.env.agent.mon [MON] rst=1 | mode=10 | sin_left=0 | sin_right=0 | d_in=1000 | q_out=0000
# KERNEL: UVM_INFO /home/runner/driver.sv(52) @ 780: uvm_test_top.env.agent.drv [DRV] rst=0 | mode=10 | sin_left=0 | sin_right=0 | d_in=0101 
# KERNEL: UVM_INFO /home/runner/monitor.sv(53) @ 790: uvm_test_top.env.agent.mon [MON] rst=0 | mode=10 | sin_left=0 | sin_right=0 | d_in=0101 | q_out=0000
# KERNEL: UVM_INFO /home/runner/scoreboard.sv(25) @ 790: uvm_test_top.env.scb [univ_sr_scoreboard] Scoreboard received item
# KERNEL: UVM_INFO /home/runner/scoreboard.sv(29) @ 790: uvm_test_top.env.scb [SCB_PASS] MATCH!!mode =10 | EXP=0000, ACT=0000
# KERNEL: UVM_INFO /home/runner/driver.sv(52) @ 790: uvm_test_top.env.agent.drv [DRV] rst=0 | mode=01 | sin_left=0 | sin_right=1 | d_in=0000 
# KERNEL: UVM_INFO /home/runner/monitor.sv(53) @ 800: uvm_test_top.env.agent.mon [MON] rst=0 | mode=01 | sin_left=0 | sin_right=1 | d_in=0000 | q_out=0000
# KERNEL: UVM_INFO /home/runner/scoreboard.sv(25) @ 800: uvm_test_top.env.scb [univ_sr_scoreboard] Scoreboard received item
# KERNEL: UVM_INFO /home/runner/scoreboard.sv(29) @ 800: uvm_test_top.env.scb [SCB_PASS] MATCH!!mode =01 | EXP=0000, ACT=0000
# KERNEL: UVM_INFO /home/runner/driver.sv(52) @ 800: uvm_test_top.env.agent.drv [DRV] rst=0 | mode=11 | sin_left=1 | sin_right=1 | d_in=1001 
# KERNEL: UVM_INFO /home/runner/monitor.sv(53) @ 810: uvm_test_top.env.agent.mon [MON] rst=0 | mode=11 | sin_left=1 | sin_right=1 | d_in=1001 | q_out=0000
# KERNEL: UVM_INFO /home/runner/scoreboard.sv(25) @ 810: uvm_test_top.env.scb [univ_sr_scoreboard] Scoreboard received item
# KERNEL: UVM_INFO /home/runner/scoreboard.sv(29) @ 810: uvm_test_top.env.scb [SCB_PASS] MATCH!!mode =11 | EXP=0000, ACT=0000
# KERNEL: UVM_INFO /home/runner/driver.sv(52) @ 810: uvm_test_top.env.agent.drv [DRV] rst=0 | mode=11 | sin_left=1 | sin_right=0 | d_in=0001 
# KERNEL: UVM_INFO /home/runner/monitor.sv(53) @ 820: uvm_test_top.env.agent.mon [MON] rst=0 | mode=11 | sin_left=1 | sin_right=0 | d_in=0001 | q_out=1001
# KERNEL: UVM_INFO /home/runner/scoreboard.sv(25) @ 820: uvm_test_top.env.scb [univ_sr_scoreboard] Scoreboard received item
# KERNEL: UVM_INFO /home/runner/scoreboard.sv(29) @ 820: uvm_test_top.env.scb [SCB_PASS] MATCH!!mode =11 | EXP=1001, ACT=1001
# KERNEL: UVM_INFO /home/runner/driver.sv(52) @ 820: uvm_test_top.env.agent.drv [DRV] rst=0 | mode=01 | sin_left=1 | sin_right=1 | d_in=1000 
# KERNEL: UVM_INFO /home/runner/monitor.sv(53) @ 830: uvm_test_top.env.agent.mon [MON] rst=0 | mode=01 | sin_left=1 | sin_right=1 | d_in=1000 | q_out=0001
# KERNEL: UVM_INFO /home/runner/scoreboard.sv(25) @ 830: uvm_test_top.env.scb [univ_sr_scoreboard] Scoreboard received item
# KERNEL: UVM_INFO /home/runner/scoreboard.sv(29) @ 830: uvm_test_top.env.scb [SCB_PASS] MATCH!!mode =01 | EXP=0001, ACT=0001
# KERNEL: UVM_INFO /home/runner/driver.sv(52) @ 830: uvm_test_top.env.agent.drv [DRV] rst=1 | mode=10 | sin_left=1 | sin_right=0 | d_in=1101 
# KERNEL: UVM_INFO /home/runner/monitor.sv(29) @ 840: uvm_test_top.env.agent.mon [MON] Reset ACTIVE
# KERNEL: UVM_INFO /home/runner/monitor.sv(38) @ 840: uvm_test_top.env.agent.mon [MON] rst=1 | mode=10 | sin_left=1 | sin_right=0 | d_in=1101 | q_out=0000
# KERNEL: UVM_INFO /home/runner/driver.sv(52) @ 840: uvm_test_top.env.agent.drv [DRV] rst=0 | mode=10 | sin_left=1 | sin_right=0 | d_in=0000 
# KERNEL: UVM_INFO /home/runner/monitor.sv(53) @ 850: uvm_test_top.env.agent.mon [MON] rst=0 | mode=10 | sin_left=1 | sin_right=0 | d_in=0000 | q_out=0000
# KERNEL: UVM_INFO /home/runner/scoreboard.sv(25) @ 850: uvm_test_top.env.scb [univ_sr_scoreboard] Scoreboard received item
# KERNEL: UVM_INFO /home/runner/scoreboard.sv(29) @ 850: uvm_test_top.env.scb [SCB_PASS] MATCH!!mode =10 | EXP=0000, ACT=0000
# KERNEL: UVM_INFO /home/runner/driver.sv(52) @ 850: uvm_test_top.env.agent.drv [DRV] rst=0 | mode=00 | sin_left=0 | sin_right=1 | d_in=0010 
# KERNEL: UVM_INFO /home/runner/monitor.sv(53) @ 860: uvm_test_top.env.agent.mon [MON] rst=0 | mode=00 | sin_left=0 | sin_right=1 | d_in=0010 | q_out=0000
# KERNEL: UVM_INFO /home/runner/scoreboard.sv(25) @ 860: uvm_test_top.env.scb [univ_sr_scoreboard] Scoreboard received item
# KERNEL: UVM_INFO /home/runner/scoreboard.sv(29) @ 860: uvm_test_top.env.scb [SCB_PASS] MATCH!!mode =00 | EXP=0000, ACT=0000
# KERNEL: UVM_INFO /home/runner/driver.sv(52) @ 860: uvm_test_top.env.agent.drv [DRV] rst=0 | mode=00 | sin_left=0 | sin_right=0 | d_in=0011 
# KERNEL: UVM_INFO /home/runner/monitor.sv(53) @ 870: uvm_test_top.env.agent.mon [MON] rst=0 | mode=00 | sin_left=0 | sin_right=0 | d_in=0011 | q_out=0000
# KERNEL: UVM_INFO /home/runner/scoreboard.sv(25) @ 870: uvm_test_top.env.scb [univ_sr_scoreboard] Scoreboard received item
# KERNEL: UVM_INFO /home/runner/scoreboard.sv(29) @ 870: uvm_test_top.env.scb [SCB_PASS] MATCH!!mode =00 | EXP=0000, ACT=0000
# KERNEL: UVM_INFO /home/runner/driver.sv(52) @ 870: uvm_test_top.env.agent.drv [DRV] rst=0 | mode=11 | sin_left=0 | sin_right=0 | d_in=0010 
# KERNEL: UVM_INFO /home/runner/monitor.sv(53) @ 880: uvm_test_top.env.agent.mon [MON] rst=0 | mode=11 | sin_left=0 | sin_right=0 | d_in=0010 | q_out=0000
# KERNEL: UVM_INFO /home/runner/scoreboard.sv(25) @ 880: uvm_test_top.env.scb [univ_sr_scoreboard] Scoreboard received item
# KERNEL: UVM_INFO /home/runner/scoreboard.sv(29) @ 880: uvm_test_top.env.scb [SCB_PASS] MATCH!!mode =11 | EXP=0000, ACT=0000
# KERNEL: UVM_INFO /home/runner/driver.sv(52) @ 880: uvm_test_top.env.agent.drv [DRV] rst=0 | mode=01 | sin_left=1 | sin_right=1 | d_in=1111 
# KERNEL: UVM_INFO /home/runner/monitor.sv(53) @ 890: uvm_test_top.env.agent.mon [MON] rst=0 | mode=01 | sin_left=1 | sin_right=1 | d_in=1111 | q_out=0010
# KERNEL: UVM_INFO /home/runner/scoreboard.sv(25) @ 890: uvm_test_top.env.scb [univ_sr_scoreboard] Scoreboard received item
# KERNEL: UVM_INFO /home/runner/scoreboard.sv(29) @ 890: uvm_test_top.env.scb [SCB_PASS] MATCH!!mode =01 | EXP=0010, ACT=0010
# KERNEL: UVM_INFO /home/runner/driver.sv(52) @ 890: uvm_test_top.env.agent.drv [DRV] rst=0 | mode=01 | sin_left=1 | sin_right=0 | d_in=1011 
# KERNEL: UVM_INFO /home/runner/monitor.sv(53) @ 900: uvm_test_top.env.agent.mon [MON] rst=0 | mode=01 | sin_left=1 | sin_right=0 | d_in=1011 | q_out=1001
# KERNEL: UVM_INFO /home/runner/scoreboard.sv(25) @ 900: uvm_test_top.env.scb [univ_sr_scoreboard] Scoreboard received item
# KERNEL: UVM_INFO /home/runner/scoreboard.sv(29) @ 900: uvm_test_top.env.scb [SCB_PASS] MATCH!!mode =01 | EXP=1001, ACT=1001
# KERNEL: UVM_INFO /home/runner/driver.sv(52) @ 900: uvm_test_top.env.agent.drv [DRV] rst=0 | mode=11 | sin_left=0 | sin_right=1 | d_in=0110 
# KERNEL: UVM_INFO /home/runner/monitor.sv(53) @ 910: uvm_test_top.env.agent.mon [MON] rst=0 | mode=11 | sin_left=0 | sin_right=1 | d_in=0110 | q_out=1100
# KERNEL: UVM_INFO /home/runner/scoreboard.sv(25) @ 910: uvm_test_top.env.scb [univ_sr_scoreboard] Scoreboard received item
# KERNEL: UVM_INFO /home/runner/scoreboard.sv(29) @ 910: uvm_test_top.env.scb [SCB_PASS] MATCH!!mode =11 | EXP=1100, ACT=1100
# KERNEL: UVM_INFO /home/runner/driver.sv(52) @ 910: uvm_test_top.env.agent.drv [DRV] rst=0 | mode=00 | sin_left=1 | sin_right=0 | d_in=1111 
# KERNEL: UVM_INFO /home/runner/monitor.sv(53) @ 920: uvm_test_top.env.agent.mon [MON] rst=0 | mode=00 | sin_left=1 | sin_right=0 | d_in=1111 | q_out=0110
# KERNEL: UVM_INFO /home/runner/scoreboard.sv(25) @ 920: uvm_test_top.env.scb [univ_sr_scoreboard] Scoreboard received item
# KERNEL: UVM_INFO /home/runner/scoreboard.sv(29) @ 920: uvm_test_top.env.scb [SCB_PASS] MATCH!!mode =00 | EXP=0110, ACT=0110
# KERNEL: UVM_INFO /home/runner/driver.sv(52) @ 920: uvm_test_top.env.agent.drv [DRV] rst=0 | mode=00 | sin_left=0 | sin_right=1 | d_in=0110 
# KERNEL: UVM_INFO /home/runner/monitor.sv(53) @ 930: uvm_test_top.env.agent.mon [MON] rst=0 | mode=00 | sin_left=0 | sin_right=1 | d_in=0110 | q_out=0110
# KERNEL: UVM_INFO /home/runner/scoreboard.sv(25) @ 930: uvm_test_top.env.scb [univ_sr_scoreboard] Scoreboard received item
# KERNEL: UVM_INFO /home/runner/scoreboard.sv(29) @ 930: uvm_test_top.env.scb [SCB_PASS] MATCH!!mode =00 | EXP=0110, ACT=0110
# KERNEL: UVM_INFO /home/runner/driver.sv(52) @ 930: uvm_test_top.env.agent.drv [DRV] rst=0 | mode=10 | sin_left=0 | sin_right=0 | d_in=1100 
# KERNEL: UVM_INFO /home/runner/monitor.sv(53) @ 940: uvm_test_top.env.agent.mon [MON] rst=0 | mode=10 | sin_left=0 | sin_right=0 | d_in=1100 | q_out=0110
# KERNEL: UVM_INFO /home/runner/scoreboard.sv(25) @ 940: uvm_test_top.env.scb [univ_sr_scoreboard] Scoreboard received item
# KERNEL: UVM_INFO /home/runner/scoreboard.sv(29) @ 940: uvm_test_top.env.scb [SCB_PASS] MATCH!!mode =10 | EXP=0110, ACT=0110
# KERNEL: UVM_INFO /home/runner/driver.sv(52) @ 940: uvm_test_top.env.agent.drv [DRV] rst=0 | mode=10 | sin_left=1 | sin_right=0 | d_in=0001 
# KERNEL: UVM_INFO /home/runner/monitor.sv(53) @ 950: uvm_test_top.env.agent.mon [MON] rst=0 | mode=10 | sin_left=1 | sin_right=0 | d_in=0001 | q_out=1100
# KERNEL: UVM_INFO /home/runner/scoreboard.sv(25) @ 950: uvm_test_top.env.scb [univ_sr_scoreboard] Scoreboard received item
# KERNEL: UVM_INFO /home/runner/scoreboard.sv(29) @ 950: uvm_test_top.env.scb [SCB_PASS] MATCH!!mode =10 | EXP=1100, ACT=1100
# KERNEL: UVM_INFO /home/runner/driver.sv(52) @ 950: uvm_test_top.env.agent.drv [DRV] rst=0 | mode=01 | sin_left=0 | sin_right=1 | d_in=0100 
# KERNEL: UVM_INFO /home/runner/monitor.sv(53) @ 960: uvm_test_top.env.agent.mon [MON] rst=0 | mode=01 | sin_left=0 | sin_right=1 | d_in=0100 | q_out=1000
# KERNEL: UVM_INFO /home/runner/scoreboard.sv(25) @ 960: uvm_test_top.env.scb [univ_sr_scoreboard] Scoreboard received item
# KERNEL: UVM_INFO /home/runner/scoreboard.sv(29) @ 960: uvm_test_top.env.scb [SCB_PASS] MATCH!!mode =01 | EXP=1000, ACT=1000
# KERNEL: UVM_INFO /home/runner/driver.sv(52) @ 960: uvm_test_top.env.agent.drv [DRV] rst=0 | mode=11 | sin_left=0 | sin_right=0 | d_in=0101 
# KERNEL: UVM_INFO /home/runner/monitor.sv(53) @ 970: uvm_test_top.env.agent.mon [MON] rst=0 | mode=11 | sin_left=0 | sin_right=0 | d_in=0101 | q_out=0100
# KERNEL: UVM_INFO /home/runner/scoreboard.sv(25) @ 970: uvm_test_top.env.scb [univ_sr_scoreboard] Scoreboard received item
# KERNEL: UVM_INFO /home/runner/scoreboard.sv(29) @ 970: uvm_test_top.env.scb [SCB_PASS] MATCH!!mode =11 | EXP=0100, ACT=0100
# KERNEL: UVM_INFO /home/runner/driver.sv(52) @ 970: uvm_test_top.env.agent.drv [DRV] rst=0 | mode=11 | sin_left=1 | sin_right=0 | d_in=0101 
# KERNEL: UVM_INFO /home/runner/monitor.sv(53) @ 980: uvm_test_top.env.agent.mon [MON] rst=0 | mode=11 | sin_left=1 | sin_right=0 | d_in=0101 | q_out=0101
# KERNEL: UVM_INFO /home/runner/scoreboard.sv(25) @ 980: uvm_test_top.env.scb [univ_sr_scoreboard] Scoreboard received item
# KERNEL: UVM_INFO /home/runner/scoreboard.sv(29) @ 980: uvm_test_top.env.scb [SCB_PASS] MATCH!!mode =11 | EXP=0101, ACT=0101
# KERNEL: UVM_INFO /home/runner/driver.sv(52) @ 980: uvm_test_top.env.agent.drv [DRV] rst=0 | mode=01 | sin_left=0 | sin_right=0 | d_in=0100 
# KERNEL: UVM_INFO /home/runner/monitor.sv(53) @ 990: uvm_test_top.env.agent.mon [MON] rst=0 | mode=01 | sin_left=0 | sin_right=0 | d_in=0100 | q_out=0101
# KERNEL: UVM_INFO /home/runner/scoreboard.sv(25) @ 990: uvm_test_top.env.scb [univ_sr_scoreboard] Scoreboard received item
# KERNEL: UVM_INFO /home/runner/scoreboard.sv(29) @ 990: uvm_test_top.env.scb [SCB_PASS] MATCH!!mode =01 | EXP=0101, ACT=0101
# KERNEL: UVM_INFO /home/runner/driver.sv(52) @ 990: uvm_test_top.env.agent.drv [DRV] rst=0 | mode=10 | sin_left=1 | sin_right=1 | d_in=0001 
# KERNEL: UVM_INFO /home/runner/monitor.sv(53) @ 1000: uvm_test_top.env.agent.mon [MON] rst=0 | mode=10 | sin_left=1 | sin_right=1 | d_in=0001 | q_out=0010
# KERNEL: UVM_INFO /home/runner/scoreboard.sv(25) @ 1000: uvm_test_top.env.scb [univ_sr_scoreboard] Scoreboard received item
# KERNEL: UVM_INFO /home/runner/scoreboard.sv(29) @ 1000: uvm_test_top.env.scb [SCB_PASS] MATCH!!mode =10 | EXP=0010, ACT=0010
# KERNEL: UVM_INFO /home/runner/driver.sv(52) @ 1000: uvm_test_top.env.agent.drv [DRV] rst=0 | mode=10 | sin_left=1 | sin_right=1 | d_in=1100 
# KERNEL: UVM_INFO /home/runner/monitor.sv(53) @ 1010: uvm_test_top.env.agent.mon [MON] rst=0 | mode=10 | sin_left=1 | sin_right=1 | d_in=1100 | q_out=0101
# KERNEL: UVM_INFO /home/runner/scoreboard.sv(25) @ 1010: uvm_test_top.env.scb [univ_sr_scoreboard] Scoreboard received item
# KERNEL: UVM_INFO /home/runner/scoreboard.sv(29) @ 1010: uvm_test_top.env.scb [SCB_PASS] MATCH!!mode =10 | EXP=0101, ACT=0101
# KERNEL: UVM_INFO /home/runner/driver.sv(52) @ 1010: uvm_test_top.env.agent.drv [DRV] rst=0 | mode=00 | sin_left=0 | sin_right=1 | d_in=0110 
# KERNEL: UVM_INFO /home/runner/monitor.sv(53) @ 1020: uvm_test_top.env.agent.mon [MON] rst=0 | mode=00 | sin_left=0 | sin_right=1 | d_in=0110 | q_out=1011
# KERNEL: UVM_INFO /home/runner/scoreboard.sv(25) @ 1020: uvm_test_top.env.scb [univ_sr_scoreboard] Scoreboard received item
# KERNEL: UVM_INFO /home/runner/scoreboard.sv(29) @ 1020: uvm_test_top.env.scb [SCB_PASS] MATCH!!mode =00 | EXP=1011, ACT=1011
# KERNEL: UVM_INFO /home/runner/driver.sv(52) @ 1020: uvm_test_top.env.agent.drv [DRV] rst=1 | mode=00 | sin_left=0 | sin_right=0 | d_in=1111 
# KERNEL: UVM_INFO /home/runner/monitor.sv(29) @ 1030: uvm_test_top.env.agent.mon [MON] Reset ACTIVE
# KERNEL: UVM_INFO /home/runner/monitor.sv(38) @ 1030: uvm_test_top.env.agent.mon [MON] rst=1 | mode=00 | sin_left=0 | sin_right=0 | d_in=1111 | q_out=0000
# KERNEL: UVM_INFO /home/runner/driver.sv(52) @ 1030: uvm_test_top.env.agent.drv [DRV] rst=1 | mode=11 | sin_left=0 | sin_right=1 | d_in=0110 
# KERNEL: UVM_INFO /home/runner/monitor.sv(29) @ 1040: uvm_test_top.env.agent.mon [MON] Reset ACTIVE
# KERNEL: UVM_INFO /home/runner/monitor.sv(38) @ 1040: uvm_test_top.env.agent.mon [MON] rst=1 | mode=11 | sin_left=0 | sin_right=1 | d_in=0110 | q_out=0000
# KERNEL: UVM_INFO /home/runner/driver.sv(52) @ 1040: uvm_test_top.env.agent.drv [DRV] rst=0 | mode=01 | sin_left=0 | sin_right=1 | d_in=1011 
# KERNEL: UVM_INFO /home/runner/monitor.sv(53) @ 1050: uvm_test_top.env.agent.mon [MON] rst=0 | mode=01 | sin_left=0 | sin_right=1 | d_in=1011 | q_out=0000
# KERNEL: UVM_INFO /home/runner/scoreboard.sv(25) @ 1050: uvm_test_top.env.scb [univ_sr_scoreboard] Scoreboard received item
# KERNEL: UVM_INFO /home/runner/scoreboard.sv(29) @ 1050: uvm_test_top.env.scb [SCB_PASS] MATCH!!mode =01 | EXP=0000, ACT=0000
# KERNEL: UVM_INFO /home/runner/driver.sv(52) @ 1050: uvm_test_top.env.agent.drv [DRV] rst=0 | mode=01 | sin_left=1 | sin_right=1 | d_in=1111 
# KERNEL: UVM_INFO /home/runner/monitor.sv(53) @ 1060: uvm_test_top.env.agent.mon [MON] rst=0 | mode=01 | sin_left=1 | sin_right=1 | d_in=1111 | q_out=0000
# KERNEL: UVM_INFO /home/runner/scoreboard.sv(25) @ 1060: uvm_test_top.env.scb [univ_sr_scoreboard] Scoreboard received item
# KERNEL: UVM_INFO /home/runner/scoreboard.sv(29) @ 1060: uvm_test_top.env.scb [SCB_PASS] MATCH!!mode =01 | EXP=0000, ACT=0000
# KERNEL: UVM_INFO /home/runner/driver.sv(52) @ 1060: uvm_test_top.env.agent.drv [DRV] rst=0 | mode=11 | sin_left=1 | sin_right=1 | d_in=0010 
# KERNEL: UVM_INFO /home/runner/monitor.sv(53) @ 1070: uvm_test_top.env.agent.mon [MON] rst=0 | mode=11 | sin_left=1 | sin_right=1 | d_in=0010 | q_out=1000
# KERNEL: UVM_INFO /home/runner/scoreboard.sv(25) @ 1070: uvm_test_top.env.scb [univ_sr_scoreboard] Scoreboard received item
# KERNEL: UVM_INFO /home/runner/scoreboard.sv(29) @ 1070: uvm_test_top.env.scb [SCB_PASS] MATCH!!mode =11 | EXP=1000, ACT=1000
# KERNEL: UVM_INFO /home/runner/driver.sv(52) @ 1070: uvm_test_top.env.agent.drv [DRV] rst=0 | mode=00 | sin_left=1 | sin_right=0 | d_in=0011 
# KERNEL: UVM_INFO /home/runner/monitor.sv(53) @ 1080: uvm_test_top.env.agent.mon [MON] rst=0 | mode=00 | sin_left=1 | sin_right=0 | d_in=0011 | q_out=0010
# KERNEL: UVM_INFO /home/runner/scoreboard.sv(25) @ 1080: uvm_test_top.env.scb [univ_sr_scoreboard] Scoreboard received item
# KERNEL: UVM_INFO /home/runner/scoreboard.sv(29) @ 1080: uvm_test_top.env.scb [SCB_PASS] MATCH!!mode =00 | EXP=0010, ACT=0010
# KERNEL: UVM_INFO /home/runner/driver.sv(52) @ 1080: uvm_test_top.env.agent.drv [DRV] rst=0 | mode=00 | sin_left=1 | sin_right=1 | d_in=0010 
# KERNEL: UVM_INFO /home/runner/monitor.sv(53) @ 1090: uvm_test_top.env.agent.mon [MON] rst=0 | mode=00 | sin_left=1 | sin_right=1 | d_in=0010 | q_out=0010
# KERNEL: UVM_INFO /home/runner/scoreboard.sv(25) @ 1090: uvm_test_top.env.scb [univ_sr_scoreboard] Scoreboard received item
# KERNEL: UVM_INFO /home/runner/scoreboard.sv(29) @ 1090: uvm_test_top.env.scb [SCB_PASS] MATCH!!mode =00 | EXP=0010, ACT=0010
# KERNEL: UVM_INFO /home/runner/driver.sv(52) @ 1090: uvm_test_top.env.agent.drv [DRV] rst=0 | mode=10 | sin_left=0 | sin_right=1 | d_in=0000 
# KERNEL: UVM_INFO /home/runner/monitor.sv(53) @ 1100: uvm_test_top.env.agent.mon [MON] rst=0 | mode=10 | sin_left=0 | sin_right=1 | d_in=0000 | q_out=0010
# KERNEL: UVM_INFO /home/runner/scoreboard.sv(25) @ 1100: uvm_test_top.env.scb [univ_sr_scoreboard] Scoreboard received item
# KERNEL: UVM_INFO /home/runner/scoreboard.sv(29) @ 1100: uvm_test_top.env.scb [SCB_PASS] MATCH!!mode =10 | EXP=0010, ACT=0010
# KERNEL: UVM_INFO /home/runner/driver.sv(52) @ 1100: uvm_test_top.env.agent.drv [DRV] rst=0 | mode=10 | sin_left=0 | sin_right=1 | d_in=1101 
# KERNEL: UVM_INFO /home/runner/monitor.sv(53) @ 1110: uvm_test_top.env.agent.mon [MON] rst=0 | mode=10 | sin_left=0 | sin_right=1 | d_in=1101 | q_out=0101
# KERNEL: UVM_INFO /home/runner/scoreboard.sv(25) @ 1110: uvm_test_top.env.scb [univ_sr_scoreboard] Scoreboard received item
# KERNEL: UVM_INFO /home/runner/scoreboard.sv(29) @ 1110: uvm_test_top.env.scb [SCB_PASS] MATCH!!mode =10 | EXP=0101, ACT=0101
# KERNEL: UVM_INFO /home/runner/driver.sv(52) @ 1110: uvm_test_top.env.agent.drv [DRV] rst=1 | mode=01 | sin_left=0 | sin_right=1 | d_in=1000 
# KERNEL: UVM_INFO /home/runner/monitor.sv(29) @ 1120: uvm_test_top.env.agent.mon [MON] Reset ACTIVE
# KERNEL: UVM_INFO /home/runner/monitor.sv(38) @ 1120: uvm_test_top.env.agent.mon [MON] rst=1 | mode=01 | sin_left=0 | sin_right=1 | d_in=1000 | q_out=0000
# KERNEL: UVM_INFO /home/runner/driver.sv(52) @ 1120: uvm_test_top.env.agent.drv [DRV] rst=0 | mode=11 | sin_left=1 | sin_right=0 | d_in=0001 
# KERNEL: UVM_INFO /home/runner/monitor.sv(53) @ 1130: uvm_test_top.env.agent.mon [MON] rst=0 | mode=11 | sin_left=1 | sin_right=0 | d_in=0001 | q_out=0000
# KERNEL: UVM_INFO /home/runner/scoreboard.sv(25) @ 1130: uvm_test_top.env.scb [univ_sr_scoreboard] Scoreboard received item
# KERNEL: UVM_INFO /home/runner/scoreboard.sv(29) @ 1130: uvm_test_top.env.scb [SCB_PASS] MATCH!!mode =11 | EXP=0000, ACT=0000
# KERNEL: UVM_INFO /home/runner/driver.sv(52) @ 1130: uvm_test_top.env.agent.drv [DRV] rst=0 | mode=11 | sin_left=1 | sin_right=1 | d_in=1001 
# KERNEL: UVM_INFO /home/runner/monitor.sv(53) @ 1140: uvm_test_top.env.agent.mon [MON] rst=0 | mode=11 | sin_left=1 | sin_right=1 | d_in=1001 | q_out=0001
# KERNEL: UVM_INFO /home/runner/scoreboard.sv(25) @ 1140: uvm_test_top.env.scb [univ_sr_scoreboard] Scoreboard received item
# KERNEL: UVM_INFO /home/runner/scoreboard.sv(29) @ 1140: uvm_test_top.env.scb [SCB_PASS] MATCH!!mode =11 | EXP=0001, ACT=0001
# KERNEL: UVM_INFO /home/runner/driver.sv(52) @ 1140: uvm_test_top.env.agent.drv [DRV] rst=0 | mode=01 | sin_left=0 | sin_right=1 | d_in=0000 
# KERNEL: UVM_INFO /home/runner/monitor.sv(53) @ 1150: uvm_test_top.env.agent.mon [MON] rst=0 | mode=01 | sin_left=0 | sin_right=1 | d_in=0000 | q_out=1001
# KERNEL: UVM_INFO /home/runner/scoreboard.sv(25) @ 1150: uvm_test_top.env.scb [univ_sr_scoreboard] Scoreboard received item
# KERNEL: UVM_INFO /home/runner/scoreboard.sv(29) @ 1150: uvm_test_top.env.scb [SCB_PASS] MATCH!!mode =01 | EXP=1001, ACT=1001
# KERNEL: UVM_INFO /home/runner/driver.sv(52) @ 1150: uvm_test_top.env.agent.drv [DRV] rst=0 | mode=10 | sin_left=0 | sin_right=1 | d_in=0101 
# KERNEL: UVM_INFO /home/runner/monitor.sv(53) @ 1160: uvm_test_top.env.agent.mon [MON] rst=0 | mode=10 | sin_left=0 | sin_right=1 | d_in=0101 | q_out=0100
# KERNEL: UVM_INFO /home/runner/scoreboard.sv(25) @ 1160: uvm_test_top.env.scb [univ_sr_scoreboard] Scoreboard received item
# KERNEL: UVM_INFO /home/runner/scoreboard.sv(29) @ 1160: uvm_test_top.env.scb [SCB_PASS] MATCH!!mode =10 | EXP=0100, ACT=0100
# KERNEL: UVM_INFO /home/runner/driver.sv(52) @ 1160: uvm_test_top.env.agent.drv [DRV] rst=0 | mode=10 | sin_left=1 | sin_right=0 | d_in=1000 
# KERNEL: UVM_INFO /home/runner/monitor.sv(53) @ 1170: uvm_test_top.env.agent.mon [MON] rst=0 | mode=10 | sin_left=1 | sin_right=0 | d_in=1000 | q_out=1001
# KERNEL: UVM_INFO /home/runner/scoreboard.sv(25) @ 1170: uvm_test_top.env.scb [univ_sr_scoreboard] Scoreboard received item
# KERNEL: UVM_INFO /home/runner/scoreboard.sv(29) @ 1170: uvm_test_top.env.scb [SCB_PASS] MATCH!!mode =10 | EXP=1001, ACT=1001
# KERNEL: UVM_INFO /home/runner/driver.sv(52) @ 1170: uvm_test_top.env.agent.drv [DRV] rst=0 | mode=00 | sin_left=0 | sin_right=0 | d_in=1010 
# KERNEL: UVM_INFO /home/runner/monitor.sv(53) @ 1180: uvm_test_top.env.agent.mon [MON] rst=0 | mode=00 | sin_left=0 | sin_right=0 | d_in=1010 | q_out=0010
# KERNEL: UVM_INFO /home/runner/scoreboard.sv(25) @ 1180: uvm_test_top.env.scb [univ_sr_scoreboard] Scoreboard received item
# KERNEL: UVM_INFO /home/runner/scoreboard.sv(29) @ 1180: uvm_test_top.env.scb [SCB_PASS] MATCH!!mode =00 | EXP=0010, ACT=0010
# KERNEL: UVM_INFO /home/runner/driver.sv(52) @ 1180: uvm_test_top.env.agent.drv [DRV] rst=0 | mode=00 | sin_left=1 | sin_right=0 | d_in=1011 
# KERNEL: UVM_INFO /home/runner/monitor.sv(53) @ 1190: uvm_test_top.env.agent.mon [MON] rst=0 | mode=00 | sin_left=1 | sin_right=0 | d_in=1011 | q_out=0010
# KERNEL: UVM_INFO /home/runner/scoreboard.sv(25) @ 1190: uvm_test_top.env.scb [univ_sr_scoreboard] Scoreboard received item
# KERNEL: UVM_INFO /home/runner/scoreboard.sv(29) @ 1190: uvm_test_top.env.scb [SCB_PASS] MATCH!!mode =00 | EXP=0010, ACT=0010
# KERNEL: UVM_INFO /home/runner/driver.sv(52) @ 1190: uvm_test_top.env.agent.drv [DRV] rst=0 | mode=11 | sin_left=0 | sin_right=1 | d_in=1010 
# KERNEL: UVM_INFO /home/runner/monitor.sv(53) @ 1200: uvm_test_top.env.agent.mon [MON] rst=0 | mode=11 | sin_left=0 | sin_right=1 | d_in=1010 | q_out=0010
# KERNEL: UVM_INFO /home/runner/scoreboard.sv(25) @ 1200: uvm_test_top.env.scb [univ_sr_scoreboard] Scoreboard received item
# KERNEL: UVM_INFO /home/runner/scoreboard.sv(29) @ 1200: uvm_test_top.env.scb [SCB_PASS] MATCH!!mode =11 | EXP=0010, ACT=0010
# KERNEL: UVM_INFO /home/runner/driver.sv(52) @ 1200: uvm_test_top.env.agent.drv [DRV] rst=0 | mode=01 | sin_left=1 | sin_right=0 | d_in=0111 
# KERNEL: UVM_INFO /home/runner/monitor.sv(53) @ 1210: uvm_test_top.env.agent.mon [MON] rst=0 | mode=01 | sin_left=1 | sin_right=0 | d_in=0111 | q_out=1010
# KERNEL: UVM_INFO /home/runner/scoreboard.sv(25) @ 1210: uvm_test_top.env.scb [univ_sr_scoreboard] Scoreboard received item
# KERNEL: UVM_INFO /home/runner/scoreboard.sv(29) @ 1210: uvm_test_top.env.scb [SCB_PASS] MATCH!!mode =01 | EXP=1010, ACT=1010
# KERNEL: UVM_INFO /home/runner/driver.sv(52) @ 1210: uvm_test_top.env.agent.drv [DRV] rst=0 | mode=01 | sin_left=0 | sin_right=0 | d_in=0011 
# KERNEL: UVM_INFO /home/runner/monitor.sv(53) @ 1220: uvm_test_top.env.agent.mon [MON] rst=0 | mode=01 | sin_left=0 | sin_right=0 | d_in=0011 | q_out=1101
# KERNEL: UVM_INFO /home/runner/scoreboard.sv(25) @ 1220: uvm_test_top.env.scb [univ_sr_scoreboard] Scoreboard received item
# KERNEL: UVM_INFO /home/runner/scoreboard.sv(29) @ 1220: uvm_test_top.env.scb [SCB_PASS] MATCH!!mode =01 | EXP=1101, ACT=1101
# KERNEL: UVM_INFO /home/runner/driver.sv(52) @ 1220: uvm_test_top.env.agent.drv [DRV] rst=0 | mode=11 | sin_left=1 | sin_right=1 | d_in=1110 
# KERNEL: UVM_INFO /home/runner/monitor.sv(53) @ 1230: uvm_test_top.env.agent.mon [MON] rst=0 | mode=11 | sin_left=1 | sin_right=1 | d_in=1110 | q_out=0110
# KERNEL: UVM_INFO /home/runner/scoreboard.sv(25) @ 1230: uvm_test_top.env.scb [univ_sr_scoreboard] Scoreboard received item
# KERNEL: UVM_INFO /home/runner/scoreboard.sv(29) @ 1230: uvm_test_top.env.scb [SCB_PASS] MATCH!!mode =11 | EXP=0110, ACT=0110
# KERNEL: UVM_INFO /home/runner/driver.sv(52) @ 1230: uvm_test_top.env.agent.drv [DRV] rst=0 | mode=00 | sin_left=1 | sin_right=0 | d_in=0111 
# KERNEL: UVM_INFO /home/runner/monitor.sv(53) @ 1240: uvm_test_top.env.agent.mon [MON] rst=0 | mode=00 | sin_left=1 | sin_right=0 | d_in=0111 | q_out=1110
# KERNEL: UVM_INFO /home/runner/scoreboard.sv(25) @ 1240: uvm_test_top.env.scb [univ_sr_scoreboard] Scoreboard received item
# KERNEL: UVM_INFO /home/runner/scoreboard.sv(29) @ 1240: uvm_test_top.env.scb [SCB_PASS] MATCH!!mode =00 | EXP=1110, ACT=1110
# KERNEL: UVM_INFO /home/runner/driver.sv(52) @ 1240: uvm_test_top.env.agent.drv [DRV] rst=0 | mode=00 | sin_left=0 | sin_right=0 | d_in=1110 
# KERNEL: UVM_INFO /home/runner/monitor.sv(53) @ 1250: uvm_test_top.env.agent.mon [MON] rst=0 | mode=00 | sin_left=0 | sin_right=0 | d_in=1110 | q_out=1110
# KERNEL: UVM_INFO /home/runner/scoreboard.sv(25) @ 1250: uvm_test_top.env.scb [univ_sr_scoreboard] Scoreboard received item
# KERNEL: UVM_INFO /home/runner/scoreboard.sv(29) @ 1250: uvm_test_top.env.scb [SCB_PASS] MATCH!!mode =00 | EXP=1110, ACT=1110
# KERNEL: UVM_INFO /home/runner/driver.sv(52) @ 1250: uvm_test_top.env.agent.drv [DRV] rst=0 | mode=10 | sin_left=0 | sin_right=0 | d_in=0100 
# KERNEL: UVM_INFO /home/runner/monitor.sv(53) @ 1260: uvm_test_top.env.agent.mon [MON] rst=0 | mode=10 | sin_left=0 | sin_right=0 | d_in=0100 | q_out=1110
# KERNEL: UVM_INFO /home/runner/scoreboard.sv(25) @ 1260: uvm_test_top.env.scb [univ_sr_scoreboard] Scoreboard received item
# KERNEL: UVM_INFO /home/runner/scoreboard.sv(29) @ 1260: uvm_test_top.env.scb [SCB_PASS] MATCH!!mode =10 | EXP=1110, ACT=1110
# KERNEL: UVM_INFO /home/runner/driver.sv(52) @ 1260: uvm_test_top.env.agent.drv [DRV] rst=0 | mode=10 | sin_left=1 | sin_right=1 | d_in=1001 
# KERNEL: UVM_INFO /home/runner/monitor.sv(53) @ 1270: uvm_test_top.env.agent.mon [MON] rst=0 | mode=10 | sin_left=1 | sin_right=1 | d_in=1001 | q_out=1100
# KERNEL: UVM_INFO /home/runner/scoreboard.sv(25) @ 1270: uvm_test_top.env.scb [univ_sr_scoreboard] Scoreboard received item
# KERNEL: UVM_INFO /home/runner/scoreboard.sv(29) @ 1270: uvm_test_top.env.scb [SCB_PASS] MATCH!!mode =10 | EXP=1100, ACT=1100
# KERNEL: UVM_INFO /home/runner/driver.sv(52) @ 1270: uvm_test_top.env.agent.drv [DRV] rst=0 | mode=01 | sin_left=1 | sin_right=1 | d_in=1100 
# KERNEL: UVM_INFO /home/runner/monitor.sv(53) @ 1280: uvm_test_top.env.agent.mon [MON] rst=0 | mode=01 | sin_left=1 | sin_right=1 | d_in=1100 | q_out=1001
# KERNEL: UVM_INFO /home/runner/scoreboard.sv(25) @ 1280: uvm_test_top.env.scb [univ_sr_scoreboard] Scoreboard received item
# KERNEL: UVM_INFO /home/runner/scoreboard.sv(29) @ 1280: uvm_test_top.env.scb [SCB_PASS] MATCH!!mode =01 | EXP=1001, ACT=1001
# KERNEL: UVM_INFO /home/runner/driver.sv(52) @ 1280: uvm_test_top.env.agent.drv [DRV] rst=0 | mode=11 | sin_left=0 | sin_right=1 | d_in=1101 
# KERNEL: UVM_INFO /home/runner/monitor.sv(53) @ 1290: uvm_test_top.env.agent.mon [MON] rst=0 | mode=11 | sin_left=0 | sin_right=1 | d_in=1101 | q_out=1100
# KERNEL: UVM_INFO /home/runner/scoreboard.sv(25) @ 1290: uvm_test_top.env.scb [univ_sr_scoreboard] Scoreboard received item
# KERNEL: UVM_INFO /home/runner/scoreboard.sv(29) @ 1290: uvm_test_top.env.scb [SCB_PASS] MATCH!!mode =11 | EXP=1100, ACT=1100
# KERNEL: UVM_INFO /home/runner/driver.sv(52) @ 1290: uvm_test_top.env.agent.drv [DRV] rst=0 | mode=11 | sin_left=0 | sin_right=0 | d_in=1101 
# KERNEL: UVM_INFO /home/runner/monitor.sv(53) @ 1300: uvm_test_top.env.agent.mon [MON] rst=0 | mode=11 | sin_left=0 | sin_right=0 | d_in=1101 | q_out=1101
# KERNEL: UVM_INFO /home/runner/scoreboard.sv(25) @ 1300: uvm_test_top.env.scb [univ_sr_scoreboard] Scoreboard received item
# KERNEL: UVM_INFO /home/runner/scoreboard.sv(29) @ 1300: uvm_test_top.env.scb [SCB_PASS] MATCH!!mode =11 | EXP=1101, ACT=1101
# KERNEL: UVM_INFO /home/runner/driver.sv(52) @ 1300: uvm_test_top.env.agent.drv [DRV] rst=0 | mode=01 | sin_left=0 | sin_right=1 | d_in=1100 
# KERNEL: UVM_INFO /home/runner/monitor.sv(53) @ 1310: uvm_test_top.env.agent.mon [MON] rst=0 | mode=01 | sin_left=0 | sin_right=1 | d_in=1100 | q_out=1101
# KERNEL: UVM_INFO /home/runner/scoreboard.sv(25) @ 1310: uvm_test_top.env.scb [univ_sr_scoreboard] Scoreboard received item
# KERNEL: UVM_INFO /home/runner/scoreboard.sv(29) @ 1310: uvm_test_top.env.scb [SCB_PASS] MATCH!!mode =01 | EXP=1101, ACT=1101
# KERNEL: UVM_INFO /home/runner/driver.sv(52) @ 1310: uvm_test_top.env.agent.drv [DRV] rst=0 | mode=10 | sin_left=0 | sin_right=1 | d_in=1001 
# KERNEL: UVM_INFO /home/runner/monitor.sv(53) @ 1320: uvm_test_top.env.agent.mon [MON] rst=0 | mode=10 | sin_left=0 | sin_right=1 | d_in=1001 | q_out=0110
# KERNEL: UVM_INFO /home/runner/scoreboard.sv(25) @ 1320: uvm_test_top.env.scb [univ_sr_scoreboard] Scoreboard received item
# KERNEL: UVM_INFO /home/runner/scoreboard.sv(29) @ 1320: uvm_test_top.env.scb [SCB_PASS] MATCH!!mode =10 | EXP=0110, ACT=0110
# KERNEL: UVM_INFO /home/runner/driver.sv(52) @ 1320: uvm_test_top.env.agent.drv [DRV] rst=0 | mode=10 | sin_left=0 | sin_right=1 | d_in=0100 
# KERNEL: UVM_INFO /home/runner/sequence4.sv(30) @ 1320: uvm_test_top.env.agent.sqr@@s4 [univ_sr_full_random_seq] Sequence 4 body finished
# KERNEL: UVM_INFO /home/runner/monitor.sv(53) @ 1330: uvm_test_top.env.agent.mon [MON] rst=0 | mode=10 | sin_left=0 | sin_right=1 | d_in=0100 | q_out=1101
# KERNEL: UVM_INFO /home/runner/scoreboard.sv(25) @ 1330: uvm_test_top.env.scb [univ_sr_scoreboard] Scoreboard received item
# KERNEL: UVM_INFO /home/runner/scoreboard.sv(29) @ 1330: uvm_test_top.env.scb [SCB_PASS] MATCH!!mode =10 | EXP=1101, ACT=1101
# KERNEL: UVM_INFO /home/runner/monitor.sv(53) @ 1340: uvm_test_top.env.agent.mon [MON] rst=0 | mode=10 | sin_left=0 | sin_right=1 | d_in=0100 | q_out=1011
# KERNEL: UVM_INFO /home/runner/scoreboard.sv(25) @ 1340: uvm_test_top.env.scb [univ_sr_scoreboard] Scoreboard received item
# KERNEL: UVM_INFO /home/runner/scoreboard.sv(29) @ 1340: uvm_test_top.env.scb [SCB_PASS] MATCH!!mode =10 | EXP=1011, ACT=1011
# KERNEL: UVM_INFO /home/runner/monitor.sv(53) @ 1350: uvm_test_top.env.agent.mon [MON] rst=0 | mode=10 | sin_left=0 | sin_right=1 | d_in=0100 | q_out=0111
# KERNEL: UVM_INFO /home/runner/scoreboard.sv(25) @ 1350: uvm_test_top.env.scb [univ_sr_scoreboard] Scoreboard received item
# KERNEL: UVM_INFO /home/runner/scoreboard.sv(29) @ 1350: uvm_test_top.env.scb [SCB_PASS] MATCH!!mode =10 | EXP=0111, ACT=0111
# KERNEL: UVM_INFO /home/runner/monitor.sv(53) @ 1360: uvm_test_top.env.agent.mon [MON] rst=0 | mode=10 | sin_left=0 | sin_right=1 | d_in=0100 | q_out=1111
# KERNEL: UVM_INFO /home/runner/scoreboard.sv(25) @ 1360: uvm_test_top.env.scb [univ_sr_scoreboard] Scoreboard received item
# KERNEL: UVM_INFO /home/runner/scoreboard.sv(29) @ 1360: uvm_test_top.env.scb [SCB_PASS] MATCH!!mode =10 | EXP=1111, ACT=1111
# KERNEL: UVM_INFO /home/runner/test.sv(26) @ 1370: uvm_test_top [univ_sr_test] Test finished!
# KERNEL: UVM_INFO ./uvm-1.2/src/base/uvm_objection.svh(1271) @ 1370: reporter [TEST_DONE] 'run' phase is ready to proceed to the 'extract' phase
# KERNEL: UVM_INFO ./uvm-1.2/src/base/uvm_report_server.svh(869) @ 1370: reporter [UVM/REPORT/SERVER] 
# KERNEL: --- UVM Report Summary ---
# KERNEL: 
# KERNEL: ** Report counts by severity
# KERNEL: UVM_INFO :  548
# KERNEL: UVM_WARNING :    0
# KERNEL: UVM_ERROR :    0
# KERNEL: UVM_FATAL :    0
# KERNEL: ** Report counts by id
# KERNEL: [DRV]   131
# KERNEL: [MASTER_SEQ]     4
# KERNEL: [MON]   150
# KERNEL: [RNTST]     1
# KERNEL: [RST_SEQ]     1
# KERNEL: [SCB_PASS]   123
# KERNEL: [SEQ_2]     1
# KERNEL: [SEQ_3]     1
# KERNEL: [SEQ_RAND]     1
# KERNEL: [TEST_DONE]     1
# KERNEL: [UVM/RELNOTES]     1
# KERNEL: [univ_sr_directed_sequence]     2
# KERNEL: [univ_sr_full_random_seq]     2
# KERNEL: [univ_sr_reset_seq]     2
# KERNEL: [univ_sr_scoreboard]   123
# KERNEL: [univ_sr_stress_seq]     2
# KERNEL: [univ_sr_test]     2
# KERNEL: 
# RUNTIME: Info: RUNTIME_0068 uvm_root.svh (521): $finish called.
# KERNEL: Time: 1370 ns,  Iteration: 57,  Instance: /tb_top,  Process: @INITIAL#38_1@.
# KERNEL: stopped at time: 1370 ns
# VSIM: Simulation has finished. There are no more test vectors to simulate.