# vsim +access+r;
# # ELBREAD: Elaboration process.
# # ELBREAD: Warning: ELBREAD_0049 The "uvm_pkg" design unit does not have a time unit/precision defined but other design units do.
# # ELBREAD: Elaboration time 0.8 [s].
# # KERNEL: Main thread initiated.
# # KERNEL: Kernel process initialization phase.
# # ELAB2: Elaboration final pass...
# # KERNEL: PLI/VHPI kernel's engine initialization done.
# # PLI: Loading library '/usr/share/Riviera-PRO/bin/libsystf.so'
# # ELAB2: Create instances ...
# # KERNEL: Info: Loading library:  /usr/share/Riviera-PRO/bin/uvm_1_2_dpi
# # KERNEL: Time resolution set to 1ns.
# # ELAB2: Create instances complete.
# # SLP: Started
# # SLP: Elaboration phase ...
# # SLP: Elaboration phase ... done : 0.0 [s]
# # SLP: Generation phase ...
# # SLP: Generation phase ... done : 0.1 [s]
# # SLP: Finished : 0.1 [s]
# # SLP: 0 primitives and 17 (45.95%) other processes in SLP
# # SLP: 83 (0.26%) signals in SLP and 142 (0.45%) interface signals
# # ELAB2: Elaboration final pass complete - time: 2.4 [s].
# # KERNEL: SLP loading done - time: 0.0 [s].
# # KERNEL: Warning: You are using the Riviera-PRO EDU Edition. The performance of simulation is reduced.
# # KERNEL: Warning: Contact Aldec for available upgrade options - sales@aldec.com.
# # KERNEL: SLP simulation initialization done - time: 0.0 [s].
# # KERNEL: Kernel process initialization done.
# # Allocation: Simulator allocated 32176 kB (elbread=2179 elab2=24843 kernel=5153 sdf=0)
# # KERNEL: UVM_INFO ./uvm-1.2/src/base/uvm_root.svh(392) @ 0: reporter [UVM/RELNOTES] 
# # KERNEL: ----------------------------------------------------------------
# # KERNEL: UVM-1.2
# # KERNEL: (C) 2007-2014 Mentor Graphics Corporation
# # KERNEL: (C) 2007-2014 Cadence Design Systems, Inc.
# # KERNEL: (C) 2006-2014 Synopsys, Inc.
# # KERNEL: (C) 2011-2013 Cypress Semiconductor Corp.
# # KERNEL: (C) 2013-2014 NVIDIA Corporation
# # KERNEL: ----------------------------------------------------------------
# # KERNEL: 
# # KERNEL:   ***********       IMPORTANT RELEASE NOTES         ************
# # KERNEL: 
# # KERNEL:   You are using a version of the UVM library that has been compiled
# # KERNEL:   with `UVM_NO_DEPRECATED undefined.
# # KERNEL:   See http://www.eda.org/svdb/view.php?id=3313 for more details.
# # KERNEL: 
# # KERNEL:   You are using a version of the UVM library that has been compiled
# # KERNEL:   with `UVM_OBJECT_DO_NOT_NEED_CONSTRUCTOR undefined.
# # KERNEL:   See http://www.eda.org/svdb/view.php?id=3770 for more details.
# # KERNEL: 
# # KERNEL:       (Specify +UVM_NO_RELNOTES to turn off this notice)
# # KERNEL: 
# # KERNEL: ASDB file was created in location /home/runner/dataset.asdb
# run -all;
# # KERNEL: UVM_INFO @ 0: reporter [RNTST] Running test fifo_stress_test...
# # KERNEL: UVM_INFO /home/runner/test_4.sv(33) @ 0: uvm_test_top [fifo_stress_test] Starting test...
# # KERNEL: UVM_INFO /home/runner/sequence4.sv(13) @ 0: uvm_test_top.env.wr_agent.sqr@@wr_seq [fifo_stress_seq] Starting fifo_stress_seq Stimulus for all ports...
# # KERNEL: UVM_INFO /home/runner/sequence4.sv(13) @ 0: uvm_test_top.env.rd_agent.sqr@@rd_seq [fifo_stress_seq] Starting fifo_stress_seq Stimulus for all ports...
# # KERNEL: UVM_INFO /home/runner/wr_driver.sv(33) @ 0: uvm_test_top.env.wr_agent.drv [WR_DRV] wrst_n = 0, wdata =0, winc= 0, 
# # KERNEL: UVM_INFO /home/runner/rd_driver.sv(33) @ 0: uvm_test_top.env.rd_agent.drv [RD_DRV] rrst_n = 0, rinc= 0
# # KERNEL: UVM_INFO /home/runner/scoreboard.sv(29) @ 15: uvm_test_top.env.scb [SCB] Reset detected, clearing WR queue
# # KERNEL: UVM_INFO /home/runner/wr_driver.sv(33) @ 15: uvm_test_top.env.wr_agent.drv [WR_DRV] wrst_n = 0, wdata =0, winc= 0, 
# # KERNEL: UVM_INFO /home/runner/scoreboard.sv(57) @ 39: uvm_test_top.env.scb [SCB] Reset detected, clearing RD queue
# # KERNEL: UVM_INFO /home/runner/rd_driver.sv(33) @ 39: uvm_test_top.env.rd_agent.drv [RD_DRV] rrst_n = 0, rinc= 0
# # KERNEL: UVM_INFO /home/runner/sequence4.sv(21) @ 65: uvm_test_top.env.wr_agent.sqr@@wr_seq [SEQ] Starting stress test Writes
# # KERNEL: UVM_INFO /home/runner/wr_driver.sv(33) @ 65: uvm_test_top.env.wr_agent.drv [WR_DRV] wrst_n = 1, wdata =70, winc= 1, 
# # KERNEL: UVM_INFO /home/runner/wr_monitor.sv(46) @ 75: uvm_test_top.env.wr_agent.mon [WR_MON] wrst_n = 1, wdata =70, winc= 1, wfull=0
# # KERNEL: UVM_INFO /home/runner/scoreboard.sv(37) @ 75: uvm_test_top.env.scb [fifo_scoreboard] Scoreboard received item
# # KERNEL: UVM_INFO /home/runner/scoreboard.sv(43) @ 75: uvm_test_top.env.scb [SCB_WR] DATA WRITTEN=70 , count=1
# # KERNEL: UVM_INFO /home/runner/wr_driver.sv(33) @ 75: uvm_test_top.env.wr_agent.drv [WR_DRV] wrst_n = 1, wdata =35, winc= 1, 
# # KERNEL: UVM_INFO /home/runner/wr_monitor.sv(46) @ 95: uvm_test_top.env.wr_agent.mon [WR_MON] wrst_n = 1, wdata =35, winc= 1, wfull=0
# # KERNEL: UVM_INFO /home/runner/scoreboard.sv(37) @ 95: uvm_test_top.env.scb [fifo_scoreboard] Scoreboard received item
# # KERNEL: UVM_INFO /home/runner/scoreboard.sv(43) @ 95: uvm_test_top.env.scb [SCB_WR] DATA WRITTEN=35 , count=2
# # KERNEL: UVM_INFO /home/runner/wr_driver.sv(33) @ 95: uvm_test_top.env.wr_agent.drv [WR_DRV] wrst_n = 1, wdata =d3, winc= 1, 
# # KERNEL: UVM_INFO /home/runner/wr_monitor.sv(46) @ 115: uvm_test_top.env.wr_agent.mon [WR_MON] wrst_n = 1, wdata =d3, winc= 1, wfull=0
# # KERNEL: UVM_INFO /home/runner/scoreboard.sv(37) @ 115: uvm_test_top.env.scb [fifo_scoreboard] Scoreboard received item
# # KERNEL: UVM_INFO /home/runner/scoreboard.sv(43) @ 115: uvm_test_top.env.scb [SCB_WR] DATA WRITTEN=d3 , count=3
# # KERNEL: UVM_INFO /home/runner/wr_driver.sv(33) @ 115: uvm_test_top.env.wr_agent.drv [WR_DRV] wrst_n = 1, wdata =4c, winc= 1, 
# # KERNEL: UVM_INFO /home/runner/sequence4.sv(34) @ 121: uvm_test_top.env.rd_agent.sqr@@rd_seq [SEQ] Starting stress test Reads
# # KERNEL: UVM_INFO /home/runner/rd_driver.sv(33) @ 121: uvm_test_top.env.rd_agent.drv [RD_DRV] rrst_n = 1, rinc= 0
# # KERNEL: UVM_INFO /home/runner/wr_monitor.sv(46) @ 135: uvm_test_top.env.wr_agent.mon [WR_MON] wrst_n = 1, wdata =4c, winc= 1, wfull=0
# # KERNEL: UVM_INFO /home/runner/scoreboard.sv(37) @ 135: uvm_test_top.env.scb [fifo_scoreboard] Scoreboard received item
# # KERNEL: UVM_INFO /home/runner/scoreboard.sv(43) @ 135: uvm_test_top.env.scb [SCB_WR] DATA WRITTEN=4c , count=4
# # KERNEL: UVM_INFO /home/runner/wr_driver.sv(33) @ 135: uvm_test_top.env.wr_agent.drv [WR_DRV] wrst_n = 1, wdata =9e, winc= 1, 
# # KERNEL: UVM_INFO /home/runner/wr_monitor.sv(46) @ 155: uvm_test_top.env.wr_agent.mon [WR_MON] wrst_n = 1, wdata =9e, winc= 1, wfull=0
# # KERNEL: UVM_INFO /home/runner/scoreboard.sv(37) @ 155: uvm_test_top.env.scb [fifo_scoreboard] Scoreboard received item
# # KERNEL: UVM_INFO /home/runner/scoreboard.sv(43) @ 155: uvm_test_top.env.scb [SCB_WR] DATA WRITTEN=9e , count=5
# # KERNEL: UVM_INFO /home/runner/wr_driver.sv(33) @ 155: uvm_test_top.env.wr_agent.drv [WR_DRV] wrst_n = 1, wdata =cb, winc= 1, 
# # KERNEL: UVM_INFO /home/runner/rd_driver.sv(33) @ 169: uvm_test_top.env.rd_agent.drv [RD_DRV] rrst_n = 1, rinc= 0
# # KERNEL: UVM_INFO /home/runner/wr_monitor.sv(46) @ 175: uvm_test_top.env.wr_agent.mon [WR_MON] wrst_n = 1, wdata =cb, winc= 1, wfull=0
# # KERNEL: UVM_INFO /home/runner/scoreboard.sv(37) @ 175: uvm_test_top.env.scb [fifo_scoreboard] Scoreboard received item
# # KERNEL: UVM_INFO /home/runner/scoreboard.sv(43) @ 175: uvm_test_top.env.scb [SCB_WR] DATA WRITTEN=cb , count=6
# # KERNEL: UVM_INFO /home/runner/wr_driver.sv(33) @ 175: uvm_test_top.env.wr_agent.drv [WR_DRV] wrst_n = 1, wdata =d1, winc= 1, 
# # KERNEL: UVM_INFO /home/runner/wr_monitor.sv(46) @ 195: uvm_test_top.env.wr_agent.mon [WR_MON] wrst_n = 1, wdata =d1, winc= 1, wfull=0
# # KERNEL: UVM_INFO /home/runner/scoreboard.sv(37) @ 195: uvm_test_top.env.scb [fifo_scoreboard] Scoreboard received item
# # KERNEL: UVM_INFO /home/runner/scoreboard.sv(43) @ 195: uvm_test_top.env.scb [SCB_WR] DATA WRITTEN=d1 , count=7
# # KERNEL: UVM_INFO /home/runner/wr_driver.sv(33) @ 195: uvm_test_top.env.wr_agent.drv [WR_DRV] wrst_n = 1, wdata =b2, winc= 1, 
# # KERNEL: UVM_INFO /home/runner/wr_monitor.sv(46) @ 215: uvm_test_top.env.wr_agent.mon [WR_MON] wrst_n = 1, wdata =b2, winc= 1, wfull=0
# # KERNEL: UVM_INFO /home/runner/scoreboard.sv(37) @ 215: uvm_test_top.env.scb [fifo_scoreboard] Scoreboard received item
# # KERNEL: UVM_INFO /home/runner/scoreboard.sv(43) @ 215: uvm_test_top.env.scb [SCB_WR] DATA WRITTEN=b2 , count=8
# # KERNEL: UVM_INFO /home/runner/wr_driver.sv(33) @ 215: uvm_test_top.env.wr_agent.drv [WR_DRV] wrst_n = 1, wdata =6c, winc= 1, 
# # KERNEL: UVM_INFO /home/runner/rd_driver.sv(33) @ 221: uvm_test_top.env.rd_agent.drv [RD_DRV] rrst_n = 1, rinc= 0
# # KERNEL: UVM_INFO /home/runner/wr_monitor.sv(46) @ 235: uvm_test_top.env.wr_agent.mon [WR_MON] wrst_n = 1, wdata =6c, winc= 1, wfull=0
# # KERNEL: UVM_INFO /home/runner/scoreboard.sv(37) @ 235: uvm_test_top.env.scb [fifo_scoreboard] Scoreboard received item
# # KERNEL: UVM_INFO /home/runner/scoreboard.sv(43) @ 235: uvm_test_top.env.scb [SCB_WR] DATA WRITTEN=6c , count=9
# # KERNEL: UVM_INFO /home/runner/wr_driver.sv(33) @ 235: uvm_test_top.env.wr_agent.drv [WR_DRV] wrst_n = 1, wdata =1, winc= 1, 
# # KERNEL: UVM_INFO /home/runner/wr_monitor.sv(46) @ 255: uvm_test_top.env.wr_agent.mon [WR_MON] wrst_n = 1, wdata =1, winc= 1, wfull=0
# # KERNEL: UVM_INFO /home/runner/scoreboard.sv(37) @ 255: uvm_test_top.env.scb [fifo_scoreboard] Scoreboard received item
# # KERNEL: UVM_INFO /home/runner/scoreboard.sv(43) @ 255: uvm_test_top.env.scb [SCB_WR] DATA WRITTEN=1 , count=10
# # KERNEL: UVM_INFO /home/runner/wr_driver.sv(33) @ 255: uvm_test_top.env.wr_agent.drv [WR_DRV] wrst_n = 1, wdata =6f, winc= 1, 
# # KERNEL: UVM_INFO /home/runner/rd_driver.sv(33) @ 273: uvm_test_top.env.rd_agent.drv [RD_DRV] rrst_n = 1, rinc= 0
# # KERNEL: UVM_INFO /home/runner/wr_monitor.sv(46) @ 275: uvm_test_top.env.wr_agent.mon [WR_MON] wrst_n = 1, wdata =6f, winc= 1, wfull=0
# # KERNEL: UVM_INFO /home/runner/scoreboard.sv(37) @ 275: uvm_test_top.env.scb [fifo_scoreboard] Scoreboard received item
# # KERNEL: UVM_INFO /home/runner/scoreboard.sv(43) @ 275: uvm_test_top.env.scb [SCB_WR] DATA WRITTEN=6f , count=11
# # KERNEL: UVM_INFO /home/runner/wr_driver.sv(33) @ 275: uvm_test_top.env.wr_agent.drv [WR_DRV] wrst_n = 1, wdata =b8, winc= 1, 
# # KERNEL: UVM_INFO /home/runner/wr_monitor.sv(46) @ 295: uvm_test_top.env.wr_agent.mon [WR_MON] wrst_n = 1, wdata =b8, winc= 1, wfull=0
# # KERNEL: UVM_INFO /home/runner/scoreboard.sv(37) @ 295: uvm_test_top.env.scb [fifo_scoreboard] Scoreboard received item
# # KERNEL: UVM_INFO /home/runner/scoreboard.sv(43) @ 295: uvm_test_top.env.scb [SCB_WR] DATA WRITTEN=b8 , count=12
# # KERNEL: UVM_INFO /home/runner/wr_driver.sv(33) @ 295: uvm_test_top.env.wr_agent.drv [WR_DRV] wrst_n = 1, wdata =da, winc= 1, 
# # KERNEL: UVM_INFO /home/runner/wr_monitor.sv(46) @ 315: uvm_test_top.env.wr_agent.mon [WR_MON] wrst_n = 1, wdata =da, winc= 1, wfull=0
# # KERNEL: UVM_INFO /home/runner/scoreboard.sv(37) @ 315: uvm_test_top.env.scb [fifo_scoreboard] Scoreboard received item
# # KERNEL: UVM_INFO /home/runner/scoreboard.sv(43) @ 315: uvm_test_top.env.scb [SCB_WR] DATA WRITTEN=da , count=13
# # KERNEL: UVM_INFO /home/runner/wr_driver.sv(33) @ 315: uvm_test_top.env.wr_agent.drv [WR_DRV] wrst_n = 1, wdata =d7, winc= 1, 
# # KERNEL: UVM_INFO /home/runner/rd_driver.sv(33) @ 325: uvm_test_top.env.rd_agent.drv [RD_DRV] rrst_n = 1, rinc= 0
# # KERNEL: UVM_INFO /home/runner/wr_monitor.sv(46) @ 335: uvm_test_top.env.wr_agent.mon [WR_MON] wrst_n = 1, wdata =d7, winc= 1, wfull=0
# # KERNEL: UVM_INFO /home/runner/scoreboard.sv(37) @ 335: uvm_test_top.env.scb [fifo_scoreboard] Scoreboard received item
# # KERNEL: UVM_INFO /home/runner/scoreboard.sv(43) @ 335: uvm_test_top.env.scb [SCB_WR] DATA WRITTEN=d7 , count=14
# # KERNEL: UVM_INFO /home/runner/wr_driver.sv(33) @ 335: uvm_test_top.env.wr_agent.drv [WR_DRV] wrst_n = 1, wdata =ad, winc= 1, 
# # KERNEL: UVM_INFO /home/runner/wr_monitor.sv(46) @ 355: uvm_test_top.env.wr_agent.mon [WR_MON] wrst_n = 1, wdata =ad, winc= 1, wfull=0
# # KERNEL: UVM_INFO /home/runner/scoreboard.sv(37) @ 355: uvm_test_top.env.scb [fifo_scoreboard] Scoreboard received item
# # KERNEL: UVM_INFO /home/runner/scoreboard.sv(43) @ 355: uvm_test_top.env.scb [SCB_WR] DATA WRITTEN=ad , count=15
# # KERNEL: UVM_INFO /home/runner/wr_driver.sv(33) @ 355: uvm_test_top.env.wr_agent.drv [WR_DRV] wrst_n = 1, wdata =5e, winc= 1, 
# # KERNEL: UVM_INFO /home/runner/wr_monitor.sv(46) @ 375: uvm_test_top.env.wr_agent.mon [WR_MON] wrst_n = 1, wdata =5e, winc= 1, wfull=0
# # KERNEL: UVM_INFO /home/runner/scoreboard.sv(37) @ 375: uvm_test_top.env.scb [fifo_scoreboard] Scoreboard received item
# # KERNEL: UVM_INFO /home/runner/scoreboard.sv(43) @ 375: uvm_test_top.env.scb [SCB_WR] DATA WRITTEN=5e , count=16
# # KERNEL: UVM_INFO /home/runner/wr_driver.sv(33) @ 375: uvm_test_top.env.wr_agent.drv [WR_DRV] wrst_n = 1, wdata =0, winc= 0, 
# # KERNEL: UVM_INFO /home/runner/rd_driver.sv(33) @ 377: uvm_test_top.env.rd_agent.drv [RD_DRV] rrst_n = 1, rinc= 0
# # KERNEL: UVM_INFO /home/runner/wr_driver.sv(33) @ 395: uvm_test_top.env.wr_agent.drv [WR_DRV] wrst_n = 1, wdata =0, winc= 0, 
# # KERNEL: UVM_INFO /home/runner/wr_driver.sv(33) @ 415: uvm_test_top.env.wr_agent.drv [WR_DRV] wrst_n = 1, wdata =0, winc= 0, 
# # KERNEL: UVM_INFO /home/runner/rd_driver.sv(33) @ 429: uvm_test_top.env.rd_agent.drv [RD_DRV] rrst_n = 1, rinc= 0
# # KERNEL: UVM_INFO /home/runner/wr_driver.sv(33) @ 435: uvm_test_top.env.wr_agent.drv [WR_DRV] wrst_n = 1, wdata =0, winc= 0, 
# # KERNEL: UVM_INFO /home/runner/wr_driver.sv(33) @ 455: uvm_test_top.env.wr_agent.drv [WR_DRV] wrst_n = 1, wdata =0, winc= 0, 
# # KERNEL: UVM_INFO /home/runner/wr_driver.sv(33) @ 475: uvm_test_top.env.wr_agent.drv [WR_DRV] wrst_n = 1, wdata =0, winc= 0, 
# # KERNEL: UVM_INFO /home/runner/rd_driver.sv(33) @ 481: uvm_test_top.env.rd_agent.drv [RD_DRV] rrst_n = 1, rinc= 0
# # KERNEL: UVM_INFO /home/runner/wr_driver.sv(33) @ 495: uvm_test_top.env.wr_agent.drv [WR_DRV] wrst_n = 1, wdata =0, winc= 0, 
# # KERNEL: UVM_INFO /home/runner/wr_driver.sv(33) @ 515: uvm_test_top.env.wr_agent.drv [WR_DRV] wrst_n = 1, wdata =0, winc= 0, 
# # KERNEL: UVM_INFO /home/runner/rd_driver.sv(33) @ 533: uvm_test_top.env.rd_agent.drv [RD_DRV] rrst_n = 1, rinc= 0
# # KERNEL: UVM_INFO /home/runner/wr_driver.sv(33) @ 535: uvm_test_top.env.wr_agent.drv [WR_DRV] wrst_n = 1, wdata =0, winc= 0, 
# # KERNEL: UVM_INFO /home/runner/wr_driver.sv(33) @ 555: uvm_test_top.env.wr_agent.drv [WR_DRV] wrst_n = 1, wdata =0, winc= 0, 
# # KERNEL: UVM_INFO /home/runner/wr_driver.sv(33) @ 575: uvm_test_top.env.wr_agent.drv [WR_DRV] wrst_n = 1, wdata =0, winc= 0, 
# # KERNEL: UVM_INFO /home/runner/rd_driver.sv(33) @ 585: uvm_test_top.env.rd_agent.drv [RD_DRV] rrst_n = 1, rinc= 0
# # KERNEL: UVM_INFO /home/runner/wr_driver.sv(33) @ 595: uvm_test_top.env.wr_agent.drv [WR_DRV] wrst_n = 1, wdata =0, winc= 0, 
# # KERNEL: UVM_INFO /home/runner/wr_driver.sv(33) @ 615: uvm_test_top.env.wr_agent.drv [WR_DRV] wrst_n = 1, wdata =0, winc= 0, 
# # KERNEL: UVM_INFO /home/runner/wr_driver.sv(33) @ 635: uvm_test_top.env.wr_agent.drv [WR_DRV] wrst_n = 1, wdata =0, winc= 0, 
# # KERNEL: UVM_INFO /home/runner/rd_driver.sv(33) @ 637: uvm_test_top.env.rd_agent.drv [RD_DRV] rrst_n = 1, rinc= 0
# # KERNEL: UVM_INFO /home/runner/wr_driver.sv(33) @ 655: uvm_test_top.env.wr_agent.drv [WR_DRV] wrst_n = 1, wdata =0, winc= 0, 
# # KERNEL: UVM_INFO /home/runner/wr_driver.sv(33) @ 675: uvm_test_top.env.wr_agent.drv [WR_DRV] wrst_n = 1, wdata =0, winc= 0, 
# # KERNEL: UVM_INFO /home/runner/rd_driver.sv(33) @ 689: uvm_test_top.env.rd_agent.drv [RD_DRV] rrst_n = 1, rinc= 0
# # KERNEL: UVM_INFO /home/runner/rd_driver.sv(33) @ 741: uvm_test_top.env.rd_agent.drv [RD_DRV] rrst_n = 1, rinc= 0
# # KERNEL: UVM_INFO /home/runner/rd_driver.sv(33) @ 793: uvm_test_top.env.rd_agent.drv [RD_DRV] rrst_n = 1, rinc= 0
# # KERNEL: UVM_INFO /home/runner/rd_driver.sv(33) @ 845: uvm_test_top.env.rd_agent.drv [RD_DRV] rrst_n = 1, rinc= 0
# # KERNEL: UVM_INFO /home/runner/rd_driver.sv(33) @ 897: uvm_test_top.env.rd_agent.drv [RD_DRV] rrst_n = 1, rinc= 0
# # KERNEL: UVM_INFO /home/runner/rd_driver.sv(33) @ 949: uvm_test_top.env.rd_agent.drv [RD_DRV] rrst_n = 1, rinc= 1
# # KERNEL: UVM_INFO /home/runner/rd_driver.sv(33) @ 1001: uvm_test_top.env.rd_agent.drv [RD_DRV] rrst_n = 1, rinc= 1
# # KERNEL: UVM_INFO /home/runner/rd_monitor.sv(50) @ 1027: uvm_test_top.env.rd_agent.mon [RD_MON] rrst_n = 1, rdata =70, rinc= 1, rempty=0
# # KERNEL: UVM_INFO /home/runner/scoreboard.sv(64) @ 1027: uvm_test_top.env.scb [fifo_scoreboard] Scoreboard received item
# # KERNEL: UVM_INFO /home/runner/scoreboard.sv(69) @ 1027: uvm_test_top.env.scb [SCB_RD] DATA READ=70 ,count=15
# # KERNEL: UVM_INFO /home/runner/scoreboard.sv(71) @ 1027: uvm_test_top.env.scb [SCB_PASS] MATCH exp_rdata=70, ACT rdata=70
# # KERNEL: UVM_INFO /home/runner/rd_driver.sv(33) @ 1053: uvm_test_top.env.rd_agent.drv [RD_DRV] rrst_n = 1, rinc= 1
# # KERNEL: UVM_INFO /home/runner/rd_monitor.sv(50) @ 1079: uvm_test_top.env.rd_agent.mon [RD_MON] rrst_n = 1, rdata =35, rinc= 1, rempty=0
# # KERNEL: UVM_INFO /home/runner/scoreboard.sv(64) @ 1079: uvm_test_top.env.scb [fifo_scoreboard] Scoreboard received item
# # KERNEL: UVM_INFO /home/runner/scoreboard.sv(69) @ 1079: uvm_test_top.env.scb [SCB_RD] DATA READ=35 ,count=14
# # KERNEL: UVM_INFO /home/runner/scoreboard.sv(71) @ 1079: uvm_test_top.env.scb [SCB_PASS] MATCH exp_rdata=35, ACT rdata=35
# # KERNEL: UVM_INFO /home/runner/rd_driver.sv(33) @ 1105: uvm_test_top.env.rd_agent.drv [RD_DRV] rrst_n = 1, rinc= 1
# # KERNEL: UVM_INFO /home/runner/rd_monitor.sv(50) @ 1131: uvm_test_top.env.rd_agent.mon [RD_MON] rrst_n = 1, rdata =d3, rinc= 1, rempty=0
# # KERNEL: UVM_INFO /home/runner/scoreboard.sv(64) @ 1131: uvm_test_top.env.scb [fifo_scoreboard] Scoreboard received item
# # KERNEL: UVM_INFO /home/runner/scoreboard.sv(69) @ 1131: uvm_test_top.env.scb [SCB_RD] DATA READ=d3 ,count=13
# # KERNEL: UVM_INFO /home/runner/scoreboard.sv(71) @ 1131: uvm_test_top.env.scb [SCB_PASS] MATCH exp_rdata=d3, ACT rdata=d3
# # KERNEL: UVM_INFO /home/runner/rd_driver.sv(33) @ 1157: uvm_test_top.env.rd_agent.drv [RD_DRV] rrst_n = 1, rinc= 1
# # KERNEL: UVM_INFO /home/runner/rd_monitor.sv(50) @ 1183: uvm_test_top.env.rd_agent.mon [RD_MON] rrst_n = 1, rdata =4c, rinc= 1, rempty=0
# # KERNEL: UVM_INFO /home/runner/scoreboard.sv(64) @ 1183: uvm_test_top.env.scb [fifo_scoreboard] Scoreboard received item
# # KERNEL: UVM_INFO /home/runner/scoreboard.sv(69) @ 1183: uvm_test_top.env.scb [SCB_RD] DATA READ=4c ,count=12
# # KERNEL: UVM_INFO /home/runner/scoreboard.sv(71) @ 1183: uvm_test_top.env.scb [SCB_PASS] MATCH exp_rdata=4c, ACT rdata=4c
# # KERNEL: UVM_INFO /home/runner/rd_driver.sv(33) @ 1209: uvm_test_top.env.rd_agent.drv [RD_DRV] rrst_n = 1, rinc= 1
# # KERNEL: UVM_INFO /home/runner/rd_monitor.sv(50) @ 1235: uvm_test_top.env.rd_agent.mon [RD_MON] rrst_n = 1, rdata =9e, rinc= 1, rempty=0
# # KERNEL: UVM_INFO /home/runner/scoreboard.sv(64) @ 1235: uvm_test_top.env.scb [fifo_scoreboard] Scoreboard received item
# # KERNEL: UVM_INFO /home/runner/scoreboard.sv(69) @ 1235: uvm_test_top.env.scb [SCB_RD] DATA READ=9e ,count=11
# # KERNEL: UVM_INFO /home/runner/scoreboard.sv(71) @ 1235: uvm_test_top.env.scb [SCB_PASS] MATCH exp_rdata=9e, ACT rdata=9e
# # KERNEL: UVM_INFO /home/runner/rd_driver.sv(33) @ 1261: uvm_test_top.env.rd_agent.drv [RD_DRV] rrst_n = 1, rinc= 1
# # KERNEL: UVM_INFO /home/runner/rd_monitor.sv(50) @ 1287: uvm_test_top.env.rd_agent.mon [RD_MON] rrst_n = 1, rdata =cb, rinc= 1, rempty=0
# # KERNEL: UVM_INFO /home/runner/scoreboard.sv(64) @ 1287: uvm_test_top.env.scb [fifo_scoreboard] Scoreboard received item
# # KERNEL: UVM_INFO /home/runner/scoreboard.sv(69) @ 1287: uvm_test_top.env.scb [SCB_RD] DATA READ=cb ,count=10
# # KERNEL: UVM_INFO /home/runner/scoreboard.sv(71) @ 1287: uvm_test_top.env.scb [SCB_PASS] MATCH exp_rdata=cb, ACT rdata=cb
# # KERNEL: UVM_INFO /home/runner/rd_driver.sv(33) @ 1313: uvm_test_top.env.rd_agent.drv [RD_DRV] rrst_n = 1, rinc= 1
# # KERNEL: UVM_INFO /home/runner/rd_monitor.sv(50) @ 1339: uvm_test_top.env.rd_agent.mon [RD_MON] rrst_n = 1, rdata =d1, rinc= 1, rempty=0
# # KERNEL: UVM_INFO /home/runner/scoreboard.sv(64) @ 1339: uvm_test_top.env.scb [fifo_scoreboard] Scoreboard received item
# # KERNEL: UVM_INFO /home/runner/scoreboard.sv(69) @ 1339: uvm_test_top.env.scb [SCB_RD] DATA READ=d1 ,count=9
# # KERNEL: UVM_INFO /home/runner/scoreboard.sv(71) @ 1339: uvm_test_top.env.scb [SCB_PASS] MATCH exp_rdata=d1, ACT rdata=d1
# # KERNEL: UVM_INFO /home/runner/rd_driver.sv(33) @ 1365: uvm_test_top.env.rd_agent.drv [RD_DRV] rrst_n = 1, rinc= 1
# # KERNEL: UVM_INFO /home/runner/rd_monitor.sv(50) @ 1391: uvm_test_top.env.rd_agent.mon [RD_MON] rrst_n = 1, rdata =b2, rinc= 1, rempty=0
# # KERNEL: UVM_INFO /home/runner/scoreboard.sv(64) @ 1391: uvm_test_top.env.scb [fifo_scoreboard] Scoreboard received item
# # KERNEL: UVM_INFO /home/runner/scoreboard.sv(69) @ 1391: uvm_test_top.env.scb [SCB_RD] DATA READ=b2 ,count=8
# # KERNEL: UVM_INFO /home/runner/scoreboard.sv(71) @ 1391: uvm_test_top.env.scb [SCB_PASS] MATCH exp_rdata=b2, ACT rdata=b2
# # KERNEL: UVM_INFO /home/runner/rd_driver.sv(33) @ 1417: uvm_test_top.env.rd_agent.drv [RD_DRV] rrst_n = 1, rinc= 1
# # KERNEL: UVM_INFO /home/runner/rd_monitor.sv(50) @ 1443: uvm_test_top.env.rd_agent.mon [RD_MON] rrst_n = 1, rdata =6c, rinc= 1, rempty=0
# # KERNEL: UVM_INFO /home/runner/scoreboard.sv(64) @ 1443: uvm_test_top.env.scb [fifo_scoreboard] Scoreboard received item
# # KERNEL: UVM_INFO /home/runner/scoreboard.sv(69) @ 1443: uvm_test_top.env.scb [SCB_RD] DATA READ=6c ,count=7
# # KERNEL: UVM_INFO /home/runner/scoreboard.sv(71) @ 1443: uvm_test_top.env.scb [SCB_PASS] MATCH exp_rdata=6c, ACT rdata=6c
# # KERNEL: UVM_INFO /home/runner/rd_driver.sv(33) @ 1469: uvm_test_top.env.rd_agent.drv [RD_DRV] rrst_n = 1, rinc= 1
# # KERNEL: UVM_INFO /home/runner/rd_monitor.sv(50) @ 1495: uvm_test_top.env.rd_agent.mon [RD_MON] rrst_n = 1, rdata =1, rinc= 1, rempty=0
# # KERNEL: UVM_INFO /home/runner/scoreboard.sv(64) @ 1495: uvm_test_top.env.scb [fifo_scoreboard] Scoreboard received item
# # KERNEL: UVM_INFO /home/runner/scoreboard.sv(69) @ 1495: uvm_test_top.env.scb [SCB_RD] DATA READ=1 ,count=6
# # KERNEL: UVM_INFO /home/runner/scoreboard.sv(71) @ 1495: uvm_test_top.env.scb [SCB_PASS] MATCH exp_rdata=1, ACT rdata=1
# # KERNEL: UVM_INFO /home/runner/rd_driver.sv(33) @ 1521: uvm_test_top.env.rd_agent.drv [RD_DRV] rrst_n = 1, rinc= 1
# # KERNEL: UVM_INFO /home/runner/rd_monitor.sv(50) @ 1547: uvm_test_top.env.rd_agent.mon [RD_MON] rrst_n = 1, rdata =6f, rinc= 1, rempty=0
# # KERNEL: UVM_INFO /home/runner/scoreboard.sv(64) @ 1547: uvm_test_top.env.scb [fifo_scoreboard] Scoreboard received item
# # KERNEL: UVM_INFO /home/runner/scoreboard.sv(69) @ 1547: uvm_test_top.env.scb [SCB_RD] DATA READ=6f ,count=5
# # KERNEL: UVM_INFO /home/runner/scoreboard.sv(71) @ 1547: uvm_test_top.env.scb [SCB_PASS] MATCH exp_rdata=6f, ACT rdata=6f
# # KERNEL: UVM_INFO /home/runner/rd_driver.sv(33) @ 1573: uvm_test_top.env.rd_agent.drv [RD_DRV] rrst_n = 1, rinc= 1
# # KERNEL: UVM_INFO /home/runner/rd_monitor.sv(50) @ 1599: uvm_test_top.env.rd_agent.mon [RD_MON] rrst_n = 1, rdata =b8, rinc= 1, rempty=0
# # KERNEL: UVM_INFO /home/runner/scoreboard.sv(64) @ 1599: uvm_test_top.env.scb [fifo_scoreboard] Scoreboard received item
# # KERNEL: UVM_INFO /home/runner/scoreboard.sv(69) @ 1599: uvm_test_top.env.scb [SCB_RD] DATA READ=b8 ,count=4
# # KERNEL: UVM_INFO /home/runner/scoreboard.sv(71) @ 1599: uvm_test_top.env.scb [SCB_PASS] MATCH exp_rdata=b8, ACT rdata=b8
# # KERNEL: UVM_INFO /home/runner/rd_driver.sv(33) @ 1625: uvm_test_top.env.rd_agent.drv [RD_DRV] rrst_n = 1, rinc= 1
# # KERNEL: UVM_INFO /home/runner/rd_monitor.sv(50) @ 1651: uvm_test_top.env.rd_agent.mon [RD_MON] rrst_n = 1, rdata =da, rinc= 1, rempty=0
# # KERNEL: UVM_INFO /home/runner/scoreboard.sv(64) @ 1651: uvm_test_top.env.scb [fifo_scoreboard] Scoreboard received item
# # KERNEL: UVM_INFO /home/runner/scoreboard.sv(69) @ 1651: uvm_test_top.env.scb [SCB_RD] DATA READ=da ,count=3
# # KERNEL: UVM_INFO /home/runner/scoreboard.sv(71) @ 1651: uvm_test_top.env.scb [SCB_PASS] MATCH exp_rdata=da, ACT rdata=da
# # KERNEL: UVM_INFO /home/runner/rd_driver.sv(33) @ 1677: uvm_test_top.env.rd_agent.drv [RD_DRV] rrst_n = 1, rinc= 1
# # KERNEL: UVM_INFO /home/runner/rd_monitor.sv(50) @ 1703: uvm_test_top.env.rd_agent.mon [RD_MON] rrst_n = 1, rdata =d7, rinc= 1, rempty=0
# # KERNEL: UVM_INFO /home/runner/scoreboard.sv(64) @ 1703: uvm_test_top.env.scb [fifo_scoreboard] Scoreboard received item
# # KERNEL: UVM_INFO /home/runner/scoreboard.sv(69) @ 1703: uvm_test_top.env.scb [SCB_RD] DATA READ=d7 ,count=2
# # KERNEL: UVM_INFO /home/runner/scoreboard.sv(71) @ 1703: uvm_test_top.env.scb [SCB_PASS] MATCH exp_rdata=d7, ACT rdata=d7
# # KERNEL: UVM_INFO /home/runner/rd_driver.sv(33) @ 1729: uvm_test_top.env.rd_agent.drv [RD_DRV] rrst_n = 1, rinc= 1
# # KERNEL: UVM_INFO /home/runner/rd_monitor.sv(50) @ 1755: uvm_test_top.env.rd_agent.mon [RD_MON] rrst_n = 1, rdata =ad, rinc= 1, rempty=0
# # KERNEL: UVM_INFO /home/runner/scoreboard.sv(64) @ 1755: uvm_test_top.env.scb [fifo_scoreboard] Scoreboard received item
# # KERNEL: UVM_INFO /home/runner/scoreboard.sv(69) @ 1755: uvm_test_top.env.scb [SCB_RD] DATA READ=ad ,count=1
# # KERNEL: UVM_INFO /home/runner/scoreboard.sv(71) @ 1755: uvm_test_top.env.scb [SCB_PASS] MATCH exp_rdata=ad, ACT rdata=ad
# # KERNEL: UVM_INFO /home/runner/rd_monitor.sv(50) @ 1807: uvm_test_top.env.rd_agent.mon [RD_MON] rrst_n = 1, rdata =5e, rinc= 1, rempty=0
# # KERNEL: UVM_INFO /home/runner/scoreboard.sv(64) @ 1807: uvm_test_top.env.scb [fifo_scoreboard] Scoreboard received item
# # KERNEL: UVM_INFO /home/runner/scoreboard.sv(69) @ 1807: uvm_test_top.env.scb [SCB_RD] DATA READ=5e ,count=0
# # KERNEL: UVM_INFO /home/runner/scoreboard.sv(71) @ 1807: uvm_test_top.env.scb [SCB_PASS] MATCH exp_rdata=5e, ACT rdata=5e
# # KERNEL: UVM_INFO /home/runner/test_4.sv(41) @ 1881: uvm_test_top [fifo_stress_test] Test finished!
# # KERNEL: UVM_INFO ./uvm-1.2/src/base/uvm_objection.svh(1271) @ 1881: reporter [TEST_DONE] 'run' phase is ready to proceed to the 'extract' phase
# # KERNEL: UVM_INFO ./uvm-1.2/src/base/uvm_report_server.svh(869) @ 1881: reporter [UVM/REPORT/SERVER] 
# # KERNEL: --- UVM Report Summary ---
# # KERNEL: 
# # KERNEL: ** Report counts by severity
# # KERNEL: UVM_INFO :  191
# # KERNEL: UVM_WARNING :    0
# # KERNEL: UVM_ERROR :    0
# # KERNEL: UVM_FATAL :    0
# # KERNEL: ** Report counts by id
# # KERNEL: [RD_DRV]    34
# # KERNEL: [RD_MON]    16
# # KERNEL: [RNTST]     1
# # KERNEL: [SCB]     2
# # KERNEL: [SCB_PASS]    16
# # KERNEL: [SCB_RD]    16
# # KERNEL: [SCB_WR]    16
# # KERNEL: [SEQ]     2
# # KERNEL: [TEST_DONE]     1
# # KERNEL: [UVM/RELNOTES]     1
# # KERNEL: [WR_DRV]    34
# # KERNEL: [WR_MON]    16
# # KERNEL: [fifo_scoreboard]    32
# # KERNEL: [fifo_stress_seq]     2
# # KERNEL: [fifo_stress_test]     2
# # KERNEL: 
# # RUNTIME: Info: RUNTIME_0068 uvm_root.svh (521): $finish called.
# # KERNEL: Time: 1881 ns,  Iteration: 56,  Instance: /tb_top,  Process: @INITIAL#48_2@.
# # KERNEL: stopped at time: 1881 ns
# # VSIM: Simulation has finished. There are no more test vectors to simulate.