vsim +access+r;
# # ELBREAD: Elaboration process.
# # ELBREAD: Warning: ELBREAD_0049 The "uvm_pkg" design unit does not have a time unit/precision defined but other design units do.
# # ELBREAD: Elaboration time 0.7 [s].
# # KERNEL: Main thread initiated.
# # KERNEL: Kernel process initialization phase.
# # ELAB2: Elaboration final pass...
# # KERNEL: PLI/VHPI kernel's engine initialization done.
# # PLI: Loading library '/usr/share/Riviera-PRO/bin/libsystf.so'
# # ELAB2: Create instances ...
# # KERNEL: Info: Loading library:  /usr/share/Riviera-PRO/bin/uvm_1_2_dpi
# # KERNEL: Time resolution set to 1ns.
# # ELAB2: Create instances complete.
# # SLP: Started
# # SLP: Elaboration phase ...
# # SLP: Elaboration phase ... done : 0.1 [s]
# # SLP: Generation phase ...
# # SLP: Generation phase ... done : 0.1 [s]
# # SLP: Finished : 0.2 [s]
# # SLP: 0 primitives and 17 (45.95%) other processes in SLP
# # SLP: 83 (0.26%) signals in SLP and 142 (0.45%) interface signals
# # ELAB2: Elaboration final pass complete - time: 2.8 [s].
# # KERNEL: SLP loading done - time: 0.0 [s].
# # KERNEL: Warning: You are using the Riviera-PRO EDU Edition. The performance of simulation is reduced.
# # KERNEL: Warning: Contact Aldec for available upgrade options - sales@aldec.com.
# # KERNEL: SLP simulation initialization done - time: 0.0 [s].
# # KERNEL: Kernel process initialization done.
# # Allocation: Simulator allocated 32176 kB (elbread=2179 elab2=24843 kernel=5153 sdf=0)
# # KERNEL: UVM_INFO ./uvm-1.2/src/base/uvm_root.svh(392) @ 0: reporter [UVM/RELNOTES] 
# # KERNEL: ----------------------------------------------------------------
# # KERNEL: UVM-1.2
# # KERNEL: (C) 2007-2014 Mentor Graphics Corporation
# # KERNEL: (C) 2007-2014 Cadence Design Systems, Inc.
# # KERNEL: (C) 2006-2014 Synopsys, Inc.
# # KERNEL: (C) 2011-2013 Cypress Semiconductor Corp.
# # KERNEL: (C) 2013-2014 NVIDIA Corporation
# # KERNEL: ----------------------------------------------------------------
# # KERNEL: 
# # KERNEL:   ***********       IMPORTANT RELEASE NOTES         ************
# # KERNEL: 
# # KERNEL:   You are using a version of the UVM library that has been compiled
# # KERNEL:   with `UVM_NO_DEPRECATED undefined.
# # KERNEL:   See http://www.eda.org/svdb/view.php?id=3313 for more details.
# # KERNEL: 
# # KERNEL:   You are using a version of the UVM library that has been compiled
# # KERNEL:   with `UVM_OBJECT_DO_NOT_NEED_CONSTRUCTOR undefined.
# # KERNEL:   See http://www.eda.org/svdb/view.php?id=3770 for more details.
# # KERNEL: 
# # KERNEL:       (Specify +UVM_NO_RELNOTES to turn off this notice)
# # KERNEL: 
# # KERNEL: ASDB file was created in location /home/runner/dataset.asdb
# run -all;
# # KERNEL: UVM_INFO @ 0: reporter [RNTST] Running test fifo_udfl_test...
# # KERNEL: UVM_INFO /home/runner/test_6.sv(33) @ 0: uvm_test_top [fifo_udfl_test] Starting test...
# # KERNEL: UVM_INFO /home/runner/sequence6.sv(17) @ 0: uvm_test_top.env.wr_agent.sqr@@wr_seq [fifo_udfl_seq] Starting fifo_udfl_seq Stimulus for all ports...
# # KERNEL: UVM_INFO /home/runner/sequence6.sv(17) @ 0: uvm_test_top.env.rd_agent.sqr@@rd_seq [fifo_udfl_seq] Starting fifo_udfl_seq Stimulus for all ports...
# # KERNEL: UVM_INFO /home/runner/wr_driver.sv(33) @ 0: uvm_test_top.env.wr_agent.drv [WR_DRV] wrst_n = 0, wdata =0, winc= 0, 
# # KERNEL: UVM_INFO /home/runner/rd_driver.sv(33) @ 0: uvm_test_top.env.rd_agent.drv [RD_DRV] rrst_n = 0, rinc= 0
# # KERNEL: UVM_INFO /home/runner/scoreboard.sv(29) @ 15: uvm_test_top.env.scb [SCB] Reset detected, clearing WR queue
# # KERNEL: UVM_INFO /home/runner/wr_driver.sv(33) @ 15: uvm_test_top.env.wr_agent.drv [WR_DRV] wrst_n = 0, wdata =0, winc= 0, 
# # KERNEL: UVM_INFO /home/runner/scoreboard.sv(57) @ 39: uvm_test_top.env.scb [SCB] Reset detected, clearing RD queue
# # KERNEL: UVM_INFO /home/runner/rd_driver.sv(33) @ 39: uvm_test_top.env.rd_agent.drv [RD_DRV] rrst_n = 0, rinc= 0
# # KERNEL: UVM_INFO /home/runner/sequence6.sv(25) @ 65: uvm_test_top.env.wr_agent.sqr@@wr_seq [SEQ] Starting Writes
# # KERNEL: UVM_INFO /home/runner/wr_driver.sv(33) @ 65: uvm_test_top.env.wr_agent.drv [WR_DRV] wrst_n = 1, wdata =0, winc= 0, 
# # KERNEL: UVM_INFO /home/runner/wr_driver.sv(33) @ 75: uvm_test_top.env.wr_agent.drv [WR_DRV] wrst_n = 1, wdata =0, winc= 0, 
# # KERNEL: UVM_INFO /home/runner/wr_driver.sv(33) @ 95: uvm_test_top.env.wr_agent.drv [WR_DRV] wrst_n = 1, wdata =0, winc= 0, 
# # KERNEL: UVM_INFO /home/runner/wr_driver.sv(33) @ 115: uvm_test_top.env.wr_agent.drv [WR_DRV] wrst_n = 1, wdata =0, winc= 0, 
# # KERNEL: UVM_INFO /home/runner/sequence6.sv(32) @ 121: uvm_test_top.env.rd_agent.sqr@@rd_seq [SEQ] Starting Randomized Reads
# # KERNEL: UVM_INFO /home/runner/rd_driver.sv(33) @ 121: uvm_test_top.env.rd_agent.drv [RD_DRV] rrst_n = 1, rinc= 1
# # KERNEL: UVM_INFO /home/runner/wr_driver.sv(33) @ 135: uvm_test_top.env.wr_agent.drv [WR_DRV] wrst_n = 1, wdata =0, winc= 0, 
# # KERNEL: UVM_INFO /home/runner/wr_driver.sv(33) @ 155: uvm_test_top.env.wr_agent.drv [WR_DRV] wrst_n = 1, wdata =0, winc= 0, 
# # KERNEL: UVM_INFO /home/runner/rd_driver.sv(33) @ 169: uvm_test_top.env.rd_agent.drv [RD_DRV] rrst_n = 1, rinc= 1
# # KERNEL: Error: assertion.sv (43): UNDERFLOW!!, Read ignored because FIFO empty
# # KERNEL: UVM_INFO /home/runner/wr_driver.sv(33) @ 175: uvm_test_top.env.wr_agent.drv [WR_DRV] wrst_n = 1, wdata =0, winc= 0, 
# # KERNEL: UVM_INFO /home/runner/wr_driver.sv(33) @ 195: uvm_test_top.env.wr_agent.drv [WR_DRV] wrst_n = 1, wdata =0, winc= 0, 
# # KERNEL: UVM_INFO /home/runner/wr_driver.sv(33) @ 215: uvm_test_top.env.wr_agent.drv [WR_DRV] wrst_n = 1, wdata =0, winc= 0, 
# # KERNEL: UVM_INFO /home/runner/rd_driver.sv(33) @ 221: uvm_test_top.env.rd_agent.drv [RD_DRV] rrst_n = 1, rinc= 1
# # KERNEL: Error: assertion.sv (43): UNDERFLOW!!, Read ignored because FIFO empty
# # KERNEL: UVM_INFO /home/runner/wr_driver.sv(33) @ 235: uvm_test_top.env.wr_agent.drv [WR_DRV] wrst_n = 1, wdata =0, winc= 0, 
# # KERNEL: UVM_INFO /home/runner/wr_driver.sv(33) @ 255: uvm_test_top.env.wr_agent.drv [WR_DRV] wrst_n = 1, wdata =0, winc= 0, 
# # KERNEL: UVM_INFO /home/runner/rd_driver.sv(33) @ 273: uvm_test_top.env.rd_agent.drv [RD_DRV] rrst_n = 1, rinc= 1
# # KERNEL: Error: assertion.sv (43): UNDERFLOW!!, Read ignored because FIFO empty
# # KERNEL: UVM_INFO /home/runner/wr_driver.sv(33) @ 275: uvm_test_top.env.wr_agent.drv [WR_DRV] wrst_n = 1, wdata =0, winc= 0, 
# # KERNEL: UVM_INFO /home/runner/wr_driver.sv(33) @ 295: uvm_test_top.env.wr_agent.drv [WR_DRV] wrst_n = 1, wdata =0, winc= 0, 
# # KERNEL: UVM_INFO /home/runner/wr_driver.sv(33) @ 315: uvm_test_top.env.wr_agent.drv [WR_DRV] wrst_n = 1, wdata =0, winc= 0, 
# # KERNEL: UVM_INFO /home/runner/rd_driver.sv(33) @ 325: uvm_test_top.env.rd_agent.drv [RD_DRV] rrst_n = 1, rinc= 1
# # KERNEL: Error: assertion.sv (43): UNDERFLOW!!, Read ignored because FIFO empty
# # KERNEL: UVM_INFO /home/runner/wr_driver.sv(33) @ 335: uvm_test_top.env.wr_agent.drv [WR_DRV] wrst_n = 1, wdata =0, winc= 0, 
# # KERNEL: UVM_INFO /home/runner/wr_driver.sv(33) @ 355: uvm_test_top.env.wr_agent.drv [WR_DRV] wrst_n = 1, wdata =0, winc= 0, 
# # KERNEL: UVM_INFO /home/runner/wr_driver.sv(33) @ 375: uvm_test_top.env.wr_agent.drv [WR_DRV] wrst_n = 1, wdata =0, winc= 0, 
# # KERNEL: UVM_INFO /home/runner/rd_driver.sv(33) @ 377: uvm_test_top.env.rd_agent.drv [RD_DRV] rrst_n = 1, rinc= 1
# # KERNEL: Error: assertion.sv (43): UNDERFLOW!!, Read ignored because FIFO empty
# # KERNEL: UVM_INFO /home/runner/wr_driver.sv(33) @ 395: uvm_test_top.env.wr_agent.drv [WR_DRV] wrst_n = 1, wdata =0, winc= 0, 
# # KERNEL: UVM_INFO /home/runner/wr_driver.sv(33) @ 415: uvm_test_top.env.wr_agent.drv [WR_DRV] wrst_n = 1, wdata =0, winc= 0, 
# # KERNEL: UVM_INFO /home/runner/rd_driver.sv(33) @ 429: uvm_test_top.env.rd_agent.drv [RD_DRV] rrst_n = 1, rinc= 1
# # KERNEL: Error: assertion.sv (43): UNDERFLOW!!, Read ignored because FIFO empty
# # KERNEL: UVM_INFO /home/runner/wr_driver.sv(33) @ 435: uvm_test_top.env.wr_agent.drv [WR_DRV] wrst_n = 1, wdata =0, winc= 0, 
# # KERNEL: UVM_INFO /home/runner/rd_driver.sv(33) @ 481: uvm_test_top.env.rd_agent.drv [RD_DRV] rrst_n = 1, rinc= 1
# # KERNEL: Error: assertion.sv (43): UNDERFLOW!!, Read ignored because FIFO empty
# # KERNEL: UVM_INFO /home/runner/rd_driver.sv(33) @ 533: uvm_test_top.env.rd_agent.drv [RD_DRV] rrst_n = 1, rinc= 1
# # KERNEL: Error: assertion.sv (43): UNDERFLOW!!, Read ignored because FIFO empty
# # KERNEL: UVM_INFO /home/runner/rd_driver.sv(33) @ 585: uvm_test_top.env.rd_agent.drv [RD_DRV] rrst_n = 1, rinc= 1
# # KERNEL: Error: assertion.sv (43): UNDERFLOW!!, Read ignored because FIFO empty
# # KERNEL: UVM_INFO /home/runner/rd_driver.sv(33) @ 637: uvm_test_top.env.rd_agent.drv [RD_DRV] rrst_n = 1, rinc= 1
# # KERNEL: Error: assertion.sv (43): UNDERFLOW!!, Read ignored because FIFO empty
# # KERNEL: UVM_INFO /home/runner/rd_driver.sv(33) @ 689: uvm_test_top.env.rd_agent.drv [RD_DRV] rrst_n = 1, rinc= 1
# # KERNEL: Error: assertion.sv (43): UNDERFLOW!!, Read ignored because FIFO empty
# # KERNEL: UVM_INFO /home/runner/rd_driver.sv(33) @ 741: uvm_test_top.env.rd_agent.drv [RD_DRV] rrst_n = 1, rinc= 1
# # KERNEL: Error: assertion.sv (43): UNDERFLOW!!, Read ignored because FIFO empty
# # KERNEL: UVM_INFO /home/runner/rd_driver.sv(33) @ 793: uvm_test_top.env.rd_agent.drv [RD_DRV] rrst_n = 1, rinc= 1
# # KERNEL: Error: assertion.sv (43): UNDERFLOW!!, Read ignored because FIFO empty
# # KERNEL: UVM_INFO /home/runner/rd_driver.sv(33) @ 845: uvm_test_top.env.rd_agent.drv [RD_DRV] rrst_n = 1, rinc= 1
# # KERNEL: Error: assertion.sv (43): UNDERFLOW!!, Read ignored because FIFO empty
# # KERNEL: UVM_INFO /home/runner/rd_driver.sv(33) @ 897: uvm_test_top.env.rd_agent.drv [RD_DRV] rrst_n = 1, rinc= 1
# # KERNEL: Error: assertion.sv (43): UNDERFLOW!!, Read ignored because FIFO empty
# # KERNEL: UVM_INFO /home/runner/rd_driver.sv(33) @ 949: uvm_test_top.env.rd_agent.drv [RD_DRV] rrst_n = 1, rinc= 1
# # KERNEL: Error: assertion.sv (43): UNDERFLOW!!, Read ignored because FIFO empty
# # KERNEL: UVM_INFO /home/runner/rd_driver.sv(33) @ 1001: uvm_test_top.env.rd_agent.drv [RD_DRV] rrst_n = 1, rinc= 1
# # KERNEL: Error: assertion.sv (43): UNDERFLOW!!, Read ignored because FIFO empty
# # KERNEL: UVM_INFO /home/runner/rd_driver.sv(33) @ 1053: uvm_test_top.env.rd_agent.drv [RD_DRV] rrst_n = 1, rinc= 1
# # KERNEL: Error: assertion.sv (43): UNDERFLOW!!, Read ignored because FIFO empty
# # KERNEL: UVM_INFO /home/runner/rd_driver.sv(33) @ 1105: uvm_test_top.env.rd_agent.drv [RD_DRV] rrst_n = 1, rinc= 1
# # KERNEL: Error: assertion.sv (43): UNDERFLOW!!, Read ignored because FIFO empty
# # KERNEL: Error: assertion.sv (43): UNDERFLOW!!, Read ignored because FIFO empty
# # KERNEL: UVM_INFO /home/runner/test_6.sv(41) @ 1257: uvm_test_top [fifo_udfl_test] Test finished!
# # KERNEL: UVM_INFO ./uvm-1.2/src/base/uvm_objection.svh(1271) @ 1257: reporter [TEST_DONE] 'run' phase is ready to proceed to the 'extract' phase
# # KERNEL: UVM_INFO ./uvm-1.2/src/base/uvm_report_server.svh(869) @ 1257: reporter [UVM/REPORT/SERVER] 
# # KERNEL: --- UVM Report Summary ---
# # KERNEL: 
# # KERNEL: ** Report counts by severity
# # KERNEL: UVM_INFO :   55
# # KERNEL: UVM_WARNING :    0
# # KERNEL: UVM_ERROR :    0
# # KERNEL: UVM_FATAL :    0
# # KERNEL: ** Report counts by id
# # KERNEL: [RD_DRV]    22
# # KERNEL: [RNTST]     1
# # KERNEL: [SCB]     2
# # KERNEL: [SEQ]     2
# # KERNEL: [TEST_DONE]     1
# # KERNEL: [UVM/RELNOTES]     1
# # KERNEL: [WR_DRV]    22
# # KERNEL: [fifo_udfl_seq]     2
# # KERNEL: [fifo_udfl_test]     2
# # KERNEL: 
# # RUNTIME: Info: RUNTIME_0068 uvm_root.svh (521): $finish called.
# # KERNEL: Time: 1257 ns,  Iteration: 56,  Instance: /tb_top,  Process: @INITIAL#48_2@.
# # KERNEL: stopped at time: 1257 ns
# # VSIM: Simulation has finished. There are no more test vectors to simulate.