vsim +access+r;
# ELBREAD: Elaboration process.
# ELBREAD: Warning: ELBREAD_0049 The "uvm_pkg" design unit does not have a time unit/precision defined but other design units do.
# ELBREAD: Elaboration time 0.7 [s].
# KERNEL: Main thread initiated.
# KERNEL: Kernel process initialization phase.
# ELAB2: Elaboration final pass...
# KERNEL: PLI/VHPI kernel's engine initialization done.
# PLI: Loading library '/usr/share/Riviera-PRO/bin/libsystf.so'
# ELAB2: Create instances ...
# KERNEL: Info: Loading library:  /usr/share/Riviera-PRO/bin/uvm_1_2_dpi
# KERNEL: Time resolution set to 1ns.
# ELAB2: Create instances complete.
# SLP: Started
# SLP: Elaboration phase ...
# SLP: Elaboration phase ... done : 0.1 [s]
# SLP: Generation phase ...
# SLP: Generation phase ... done : 0.2 [s]
# SLP: Finished : 0.2 [s]
# SLP: 0 primitives and 17 (45.95%) other processes in SLP
# SLP: 83 (0.26%) signals in SLP and 142 (0.45%) interface signals
# ELAB2: Elaboration final pass complete - time: 2.8 [s].
# KERNEL: SLP loading done - time: 0.0 [s].
# KERNEL: Warning: You are using the Riviera-PRO EDU Edition. The performance of simulation is reduced.
# KERNEL: Warning: Contact Aldec for available upgrade options - sales@aldec.com.
# KERNEL: SLP simulation initialization done - time: 0.0 [s].
# KERNEL: Kernel process initialization done.
# Allocation: Simulator allocated 32176 kB (elbread=2179 elab2=24843 kernel=5153 sdf=0)
# KERNEL: UVM_INFO ./uvm-1.2/src/base/uvm_root.svh(392) @ 0: reporter [UVM/RELNOTES] 
# KERNEL: ----------------------------------------------------------------
# KERNEL: UVM-1.2
# KERNEL: (C) 2007-2014 Mentor Graphics Corporation
# KERNEL: (C) 2007-2014 Cadence Design Systems, Inc.
# KERNEL: (C) 2006-2014 Synopsys, Inc.
# KERNEL: (C) 2011-2013 Cypress Semiconductor Corp.
# KERNEL: (C) 2013-2014 NVIDIA Corporation
# KERNEL: ----------------------------------------------------------------
# KERNEL: 
# KERNEL:   ***********       IMPORTANT RELEASE NOTES         ************
# KERNEL: 
# KERNEL:   You are using a version of the UVM library that has been compiled
# KERNEL:   with `UVM_NO_DEPRECATED undefined.
# KERNEL:   See http://www.eda.org/svdb/view.php?id=3313 for more details.
# KERNEL: 
# KERNEL:   You are using a version of the UVM library that has been compiled
# KERNEL:   with `UVM_OBJECT_DO_NOT_NEED_CONSTRUCTOR undefined.
# KERNEL:   See http://www.eda.org/svdb/view.php?id=3770 for more details.
# KERNEL: 
# KERNEL:       (Specify +UVM_NO_RELNOTES to turn off this notice)
# KERNEL: 
# KERNEL: ASDB file was created in location /home/runner/dataset.asdb
run -all;
# KERNEL: UVM_INFO @ 0: reporter [RNTST] Running test fifo_directed_test...
# KERNEL: UVM_INFO /home/runner/test_1.sv(33) @ 0: uvm_test_top [fifo_directed_test] Starting test...
# KERNEL: UVM_INFO /home/runner/sequence1.sv(11) @ 0: uvm_test_top.env.wr_agent.sqr@@wr_seq [fifo_directed_sequence] Starting fifo_directed_sequence sequence body
# KERNEL: UVM_INFO /home/runner/sequence1.sv(11) @ 0: uvm_test_top.env.rd_agent.sqr@@rd_seq [fifo_directed_sequence] Starting fifo_directed_sequence sequence body
# KERNEL: UVM_INFO /home/runner/wr_driver.sv(33) @ 0: uvm_test_top.env.wr_agent.drv [WR_DRV] wrst_n = 0, wdata =0, winc= 0, 
# KERNEL: UVM_INFO /home/runner/rd_driver.sv(33) @ 0: uvm_test_top.env.rd_agent.drv [RD_DRV] rrst_n = 0, rinc= 0
# KERNEL: UVM_INFO /home/runner/scoreboard.sv(29) @ 15: uvm_test_top.env.scb [SCB] Reset detected, clearing WR queue
# KERNEL: UVM_INFO /home/runner/wr_driver.sv(33) @ 15: uvm_test_top.env.wr_agent.drv [WR_DRV] wrst_n = 0, wdata =0, winc= 0, 
# KERNEL: UVM_INFO /home/runner/scoreboard.sv(57) @ 39: uvm_test_top.env.scb [SCB] Reset detected, clearing RD queue
# KERNEL: UVM_INFO /home/runner/rd_driver.sv(33) @ 39: uvm_test_top.env.rd_agent.drv [RD_DRV] rrst_n = 0, rinc= 0
# KERNEL: UVM_INFO /home/runner/sequence1.sv(22) @ 65: uvm_test_top.env.wr_agent.sqr@@wr_seq [SEQ] Starting 50 Writes
# KERNEL: UVM_INFO /home/runner/wr_driver.sv(33) @ 65: uvm_test_top.env.wr_agent.drv [WR_DRV] wrst_n = 1, wdata =70, winc= 1, 
# KERNEL: UVM_INFO /home/runner/wr_monitor.sv(46) @ 75: uvm_test_top.env.wr_agent.mon [WR_MON] wrst_n = 1, wdata =70, winc= 1, wfull=0
# KERNEL: UVM_INFO /home/runner/scoreboard.sv(37) @ 75: uvm_test_top.env.scb [fifo_scoreboard] Scoreboard received item
# KERNEL: UVM_INFO /home/runner/scoreboard.sv(43) @ 75: uvm_test_top.env.scb [SCB_WR] DATA WRITTEN=70 , count=1
# KERNEL: UVM_INFO /home/runner/wr_driver.sv(33) @ 75: uvm_test_top.env.wr_agent.drv [WR_DRV] wrst_n = 1, wdata =35, winc= 1, 
# KERNEL: UVM_INFO /home/runner/wr_monitor.sv(46) @ 95: uvm_test_top.env.wr_agent.mon [WR_MON] wrst_n = 1, wdata =35, winc= 1, wfull=0
# KERNEL: UVM_INFO /home/runner/scoreboard.sv(37) @ 95: uvm_test_top.env.scb [fifo_scoreboard] Scoreboard received item
# KERNEL: UVM_INFO /home/runner/scoreboard.sv(43) @ 95: uvm_test_top.env.scb [SCB_WR] DATA WRITTEN=35 , count=2
# KERNEL: UVM_INFO /home/runner/wr_driver.sv(33) @ 95: uvm_test_top.env.wr_agent.drv [WR_DRV] wrst_n = 1, wdata =d3, winc= 1, 
# KERNEL: UVM_INFO /home/runner/wr_monitor.sv(46) @ 115: uvm_test_top.env.wr_agent.mon [WR_MON] wrst_n = 1, wdata =d3, winc= 1, wfull=0
# KERNEL: UVM_INFO /home/runner/scoreboard.sv(37) @ 115: uvm_test_top.env.scb [fifo_scoreboard] Scoreboard received item
# KERNEL: UVM_INFO /home/runner/scoreboard.sv(43) @ 115: uvm_test_top.env.scb [SCB_WR] DATA WRITTEN=d3 , count=3
# KERNEL: UVM_INFO /home/runner/wr_driver.sv(33) @ 115: uvm_test_top.env.wr_agent.drv [WR_DRV] wrst_n = 1, wdata =4c, winc= 1, 
# KERNEL: UVM_INFO /home/runner/sequence1.sv(29) @ 121: uvm_test_top.env.rd_agent.sqr@@rd_seq [SEQ] Starting 50 Reads
# KERNEL: UVM_INFO /home/runner/rd_driver.sv(33) @ 121: uvm_test_top.env.rd_agent.drv [RD_DRV] rrst_n = 1, rinc= 1
# KERNEL: UVM_INFO /home/runner/wr_monitor.sv(46) @ 135: uvm_test_top.env.wr_agent.mon [WR_MON] wrst_n = 1, wdata =4c, winc= 1, wfull=0
# KERNEL: UVM_INFO /home/runner/scoreboard.sv(37) @ 135: uvm_test_top.env.scb [fifo_scoreboard] Scoreboard received item
# KERNEL: UVM_INFO /home/runner/scoreboard.sv(43) @ 135: uvm_test_top.env.scb [SCB_WR] DATA WRITTEN=4c , count=4
# KERNEL: UVM_INFO /home/runner/wr_driver.sv(33) @ 135: uvm_test_top.env.wr_agent.drv [WR_DRV] wrst_n = 1, wdata =9e, winc= 1, 
# KERNEL: UVM_INFO /home/runner/wr_monitor.sv(46) @ 155: uvm_test_top.env.wr_agent.mon [WR_MON] wrst_n = 1, wdata =9e, winc= 1, wfull=0
# KERNEL: UVM_INFO /home/runner/scoreboard.sv(37) @ 155: uvm_test_top.env.scb [fifo_scoreboard] Scoreboard received item
# KERNEL: UVM_INFO /home/runner/scoreboard.sv(43) @ 155: uvm_test_top.env.scb [SCB_WR] DATA WRITTEN=9e , count=5
# KERNEL: UVM_INFO /home/runner/wr_driver.sv(33) @ 155: uvm_test_top.env.wr_agent.drv [WR_DRV] wrst_n = 1, wdata =cb, winc= 1, 
# KERNEL: UVM_INFO /home/runner/rd_driver.sv(33) @ 169: uvm_test_top.env.rd_agent.drv [RD_DRV] rrst_n = 1, rinc= 1
# KERNEL: Error: assertion.sv (43): UNDERFLOW!!, Read ignored because FIFO empty
# KERNEL: UVM_INFO /home/runner/wr_monitor.sv(46) @ 175: uvm_test_top.env.wr_agent.mon [WR_MON] wrst_n = 1, wdata =cb, winc= 1, wfull=0
# KERNEL: UVM_INFO /home/runner/scoreboard.sv(37) @ 175: uvm_test_top.env.scb [fifo_scoreboard] Scoreboard received item
# KERNEL: UVM_INFO /home/runner/scoreboard.sv(43) @ 175: uvm_test_top.env.scb [SCB_WR] DATA WRITTEN=cb , count=6
# KERNEL: UVM_INFO /home/runner/wr_driver.sv(33) @ 175: uvm_test_top.env.wr_agent.drv [WR_DRV] wrst_n = 1, wdata =d1, winc= 1, 
# KERNEL: UVM_INFO /home/runner/wr_monitor.sv(46) @ 195: uvm_test_top.env.wr_agent.mon [WR_MON] wrst_n = 1, wdata =d1, winc= 1, wfull=0
# KERNEL: UVM_INFO /home/runner/scoreboard.sv(37) @ 195: uvm_test_top.env.scb [fifo_scoreboard] Scoreboard received item
# KERNEL: UVM_INFO /home/runner/scoreboard.sv(43) @ 195: uvm_test_top.env.scb [SCB_WR] DATA WRITTEN=d1 , count=7
# KERNEL: UVM_INFO /home/runner/wr_driver.sv(33) @ 195: uvm_test_top.env.wr_agent.drv [WR_DRV] wrst_n = 1, wdata =b2, winc= 1, 
# KERNEL: UVM_INFO /home/runner/wr_monitor.sv(46) @ 215: uvm_test_top.env.wr_agent.mon [WR_MON] wrst_n = 1, wdata =b2, winc= 1, wfull=0
# KERNEL: UVM_INFO /home/runner/scoreboard.sv(37) @ 215: uvm_test_top.env.scb [fifo_scoreboard] Scoreboard received item
# KERNEL: UVM_INFO /home/runner/scoreboard.sv(43) @ 215: uvm_test_top.env.scb [SCB_WR] DATA WRITTEN=b2 , count=8
# KERNEL: UVM_INFO /home/runner/wr_driver.sv(33) @ 215: uvm_test_top.env.wr_agent.drv [WR_DRV] wrst_n = 1, wdata =6c, winc= 1, 
# KERNEL: UVM_INFO /home/runner/rd_driver.sv(33) @ 221: uvm_test_top.env.rd_agent.drv [RD_DRV] rrst_n = 1, rinc= 1
# KERNEL: Error: assertion.sv (43): UNDERFLOW!!, Read ignored because FIFO empty
# KERNEL: UVM_INFO /home/runner/wr_monitor.sv(46) @ 235: uvm_test_top.env.wr_agent.mon [WR_MON] wrst_n = 1, wdata =6c, winc= 1, wfull=0
# KERNEL: UVM_INFO /home/runner/scoreboard.sv(37) @ 235: uvm_test_top.env.scb [fifo_scoreboard] Scoreboard received item
# KERNEL: UVM_INFO /home/runner/scoreboard.sv(43) @ 235: uvm_test_top.env.scb [SCB_WR] DATA WRITTEN=6c , count=9
# KERNEL: UVM_INFO /home/runner/wr_driver.sv(33) @ 235: uvm_test_top.env.wr_agent.drv [WR_DRV] wrst_n = 1, wdata =1, winc= 1, 
# KERNEL: UVM_INFO /home/runner/wr_monitor.sv(46) @ 255: uvm_test_top.env.wr_agent.mon [WR_MON] wrst_n = 1, wdata =1, winc= 1, wfull=0
# KERNEL: UVM_INFO /home/runner/scoreboard.sv(37) @ 255: uvm_test_top.env.scb [fifo_scoreboard] Scoreboard received item
# KERNEL: UVM_INFO /home/runner/scoreboard.sv(43) @ 255: uvm_test_top.env.scb [SCB_WR] DATA WRITTEN=1 , count=10
# KERNEL: UVM_INFO /home/runner/wr_driver.sv(33) @ 255: uvm_test_top.env.wr_agent.drv [WR_DRV] wrst_n = 1, wdata =6f, winc= 1, 
# KERNEL: UVM_INFO /home/runner/rd_driver.sv(33) @ 273: uvm_test_top.env.rd_agent.drv [RD_DRV] rrst_n = 1, rinc= 1
# KERNEL: UVM_INFO /home/runner/wr_monitor.sv(46) @ 275: uvm_test_top.env.wr_agent.mon [WR_MON] wrst_n = 1, wdata =6f, winc= 1, wfull=0
# KERNEL: UVM_INFO /home/runner/scoreboard.sv(37) @ 275: uvm_test_top.env.scb [fifo_scoreboard] Scoreboard received item
# KERNEL: UVM_INFO /home/runner/scoreboard.sv(43) @ 275: uvm_test_top.env.scb [SCB_WR] DATA WRITTEN=6f , count=11
# KERNEL: UVM_INFO /home/runner/wr_driver.sv(33) @ 275: uvm_test_top.env.wr_agent.drv [WR_DRV] wrst_n = 1, wdata =b8, winc= 1, 
# KERNEL: UVM_INFO /home/runner/wr_monitor.sv(46) @ 295: uvm_test_top.env.wr_agent.mon [WR_MON] wrst_n = 1, wdata =b8, winc= 1, wfull=0
# KERNEL: UVM_INFO /home/runner/scoreboard.sv(37) @ 295: uvm_test_top.env.scb [fifo_scoreboard] Scoreboard received item
# KERNEL: UVM_INFO /home/runner/scoreboard.sv(43) @ 295: uvm_test_top.env.scb [SCB_WR] DATA WRITTEN=b8 , count=12
# KERNEL: UVM_INFO /home/runner/wr_driver.sv(33) @ 295: uvm_test_top.env.wr_agent.drv [WR_DRV] wrst_n = 1, wdata =da, winc= 1, 
# KERNEL: UVM_INFO /home/runner/rd_monitor.sv(50) @ 299: uvm_test_top.env.rd_agent.mon [RD_MON] rrst_n = 1, rdata =70, rinc= 1, rempty=0
# KERNEL: UVM_INFO /home/runner/scoreboard.sv(64) @ 299: uvm_test_top.env.scb [fifo_scoreboard] Scoreboard received item
# KERNEL: UVM_INFO /home/runner/scoreboard.sv(69) @ 299: uvm_test_top.env.scb [SCB_RD] DATA READ=70 ,count=11
# KERNEL: UVM_INFO /home/runner/scoreboard.sv(71) @ 299: uvm_test_top.env.scb [SCB_PASS] MATCH exp_rdata=70, ACT rdata=70
# KERNEL: UVM_INFO /home/runner/wr_monitor.sv(46) @ 315: uvm_test_top.env.wr_agent.mon [WR_MON] wrst_n = 1, wdata =da, winc= 1, wfull=0
# KERNEL: UVM_INFO /home/runner/scoreboard.sv(37) @ 315: uvm_test_top.env.scb [fifo_scoreboard] Scoreboard received item
# KERNEL: UVM_INFO /home/runner/scoreboard.sv(43) @ 315: uvm_test_top.env.scb [SCB_WR] DATA WRITTEN=da , count=12
# KERNEL: UVM_INFO /home/runner/wr_driver.sv(33) @ 315: uvm_test_top.env.wr_agent.drv [WR_DRV] wrst_n = 1, wdata =d7, winc= 1, 
# KERNEL: UVM_INFO /home/runner/rd_driver.sv(33) @ 325: uvm_test_top.env.rd_agent.drv [RD_DRV] rrst_n = 1, rinc= 1
# KERNEL: UVM_INFO /home/runner/wr_monitor.sv(46) @ 335: uvm_test_top.env.wr_agent.mon [WR_MON] wrst_n = 1, wdata =d7, winc= 1, wfull=0
# KERNEL: UVM_INFO /home/runner/scoreboard.sv(37) @ 335: uvm_test_top.env.scb [fifo_scoreboard] Scoreboard received item
# KERNEL: UVM_INFO /home/runner/scoreboard.sv(43) @ 335: uvm_test_top.env.scb [SCB_WR] DATA WRITTEN=d7 , count=13
# KERNEL: UVM_INFO /home/runner/wr_driver.sv(33) @ 335: uvm_test_top.env.wr_agent.drv [WR_DRV] wrst_n = 1, wdata =ad, winc= 1, 
# KERNEL: UVM_INFO /home/runner/rd_monitor.sv(50) @ 351: uvm_test_top.env.rd_agent.mon [RD_MON] rrst_n = 1, rdata =35, rinc= 1, rempty=0
# KERNEL: UVM_INFO /home/runner/scoreboard.sv(64) @ 351: uvm_test_top.env.scb [fifo_scoreboard] Scoreboard received item
# KERNEL: UVM_INFO /home/runner/scoreboard.sv(69) @ 351: uvm_test_top.env.scb [SCB_RD] DATA READ=35 ,count=12
# KERNEL: UVM_INFO /home/runner/scoreboard.sv(71) @ 351: uvm_test_top.env.scb [SCB_PASS] MATCH exp_rdata=35, ACT rdata=35
# KERNEL: UVM_INFO /home/runner/wr_monitor.sv(46) @ 355: uvm_test_top.env.wr_agent.mon [WR_MON] wrst_n = 1, wdata =ad, winc= 1, wfull=0
# KERNEL: UVM_INFO /home/runner/scoreboard.sv(37) @ 355: uvm_test_top.env.scb [fifo_scoreboard] Scoreboard received item
# KERNEL: UVM_INFO /home/runner/scoreboard.sv(43) @ 355: uvm_test_top.env.scb [SCB_WR] DATA WRITTEN=ad , count=13
# KERNEL: UVM_INFO /home/runner/wr_driver.sv(33) @ 355: uvm_test_top.env.wr_agent.drv [WR_DRV] wrst_n = 1, wdata =5e, winc= 1, 
# KERNEL: UVM_INFO /home/runner/wr_monitor.sv(46) @ 375: uvm_test_top.env.wr_agent.mon [WR_MON] wrst_n = 1, wdata =5e, winc= 1, wfull=0
# KERNEL: UVM_INFO /home/runner/scoreboard.sv(37) @ 375: uvm_test_top.env.scb [fifo_scoreboard] Scoreboard received item
# KERNEL: UVM_INFO /home/runner/scoreboard.sv(43) @ 375: uvm_test_top.env.scb [SCB_WR] DATA WRITTEN=5e , count=14
# KERNEL: UVM_INFO /home/runner/wr_driver.sv(33) @ 375: uvm_test_top.env.wr_agent.drv [WR_DRV] wrst_n = 1, wdata =e8, winc= 1, 
# KERNEL: UVM_INFO /home/runner/rd_driver.sv(33) @ 377: uvm_test_top.env.rd_agent.drv [RD_DRV] rrst_n = 1, rinc= 1
# KERNEL: UVM_INFO /home/runner/wr_monitor.sv(46) @ 395: uvm_test_top.env.wr_agent.mon [WR_MON] wrst_n = 1, wdata =e8, winc= 1, wfull=0
# KERNEL: UVM_INFO /home/runner/scoreboard.sv(37) @ 395: uvm_test_top.env.scb [fifo_scoreboard] Scoreboard received item
# KERNEL: UVM_INFO /home/runner/scoreboard.sv(43) @ 395: uvm_test_top.env.scb [SCB_WR] DATA WRITTEN=e8 , count=15
# KERNEL: UVM_INFO /home/runner/wr_driver.sv(33) @ 395: uvm_test_top.env.wr_agent.drv [WR_DRV] wrst_n = 1, wdata =4d, winc= 1, 
# KERNEL: UVM_INFO /home/runner/rd_monitor.sv(50) @ 403: uvm_test_top.env.rd_agent.mon [RD_MON] rrst_n = 1, rdata =d3, rinc= 1, rempty=0
# KERNEL: UVM_INFO /home/runner/scoreboard.sv(64) @ 403: uvm_test_top.env.scb [fifo_scoreboard] Scoreboard received item
# KERNEL: UVM_INFO /home/runner/scoreboard.sv(69) @ 403: uvm_test_top.env.scb [SCB_RD] DATA READ=d3 ,count=14
# KERNEL: UVM_INFO /home/runner/scoreboard.sv(71) @ 403: uvm_test_top.env.scb [SCB_PASS] MATCH exp_rdata=d3, ACT rdata=d3
# KERNEL: UVM_INFO /home/runner/wr_monitor.sv(46) @ 415: uvm_test_top.env.wr_agent.mon [WR_MON] wrst_n = 1, wdata =4d, winc= 1, wfull=0
# KERNEL: UVM_INFO /home/runner/scoreboard.sv(37) @ 415: uvm_test_top.env.scb [fifo_scoreboard] Scoreboard received item
# KERNEL: UVM_INFO /home/runner/scoreboard.sv(43) @ 415: uvm_test_top.env.scb [SCB_WR] DATA WRITTEN=4d , count=15
# KERNEL: UVM_INFO /home/runner/wr_driver.sv(33) @ 415: uvm_test_top.env.wr_agent.drv [WR_DRV] wrst_n = 1, wdata =8b, winc= 1, 
# KERNEL: UVM_INFO /home/runner/rd_driver.sv(33) @ 429: uvm_test_top.env.rd_agent.drv [RD_DRV] rrst_n = 1, rinc= 1
# KERNEL: UVM_INFO /home/runner/wr_monitor.sv(46) @ 435: uvm_test_top.env.wr_agent.mon [WR_MON] wrst_n = 1, wdata =8b, winc= 1, wfull=0
# KERNEL: UVM_INFO /home/runner/scoreboard.sv(37) @ 435: uvm_test_top.env.scb [fifo_scoreboard] Scoreboard received item
# KERNEL: UVM_INFO /home/runner/scoreboard.sv(43) @ 435: uvm_test_top.env.scb [SCB_WR] DATA WRITTEN=8b , count=16
# KERNEL: UVM_INFO /home/runner/wr_driver.sv(33) @ 435: uvm_test_top.env.wr_agent.drv [WR_DRV] wrst_n = 1, wdata =a4, winc= 1, 
# KERNEL: UVM_INFO /home/runner/wr_monitor.sv(59) @ 455: uvm_test_top.env.wr_agent.mon [WR_MON] wrst_n = 1, wdata =a4, winc= 1, wfull=1
# KERNEL: UVM_INFO /home/runner/scoreboard.sv(37) @ 455: uvm_test_top.env.scb [fifo_scoreboard] Scoreboard received item
# KERNEL: UVM_INFO /home/runner/scoreboard.sv(46) @ 455: uvm_test_top.env.scb [SCB_wr_ig] Write ignored correctly: FIFO Full
# KERNEL: UVM_INFO /home/runner/rd_monitor.sv(50) @ 455: uvm_test_top.env.rd_agent.mon [RD_MON] rrst_n = 1, rdata =4c, rinc= 1, rempty=0
# KERNEL: UVM_INFO /home/runner/scoreboard.sv(64) @ 455: uvm_test_top.env.scb [fifo_scoreboard] Scoreboard received item
# KERNEL: UVM_INFO /home/runner/scoreboard.sv(69) @ 455: uvm_test_top.env.scb [SCB_RD] DATA READ=4c ,count=15
# KERNEL: UVM_INFO /home/runner/scoreboard.sv(71) @ 455: uvm_test_top.env.scb [SCB_PASS] MATCH exp_rdata=4c, ACT rdata=4c
# KERNEL: UVM_INFO /home/runner/wr_driver.sv(33) @ 455: uvm_test_top.env.wr_agent.drv [WR_DRV] wrst_n = 1, wdata =96, winc= 1, 
# KERNEL: Error: assertion.sv (36): OVERFLOW !!, write ignored because full detected
# KERNEL: UVM_INFO /home/runner/wr_monitor.sv(46) @ 475: uvm_test_top.env.wr_agent.mon [WR_MON] wrst_n = 1, wdata =96, winc= 1, wfull=0
# KERNEL: UVM_INFO /home/runner/scoreboard.sv(37) @ 475: uvm_test_top.env.scb [fifo_scoreboard] Scoreboard received item
# KERNEL: UVM_INFO /home/runner/scoreboard.sv(43) @ 475: uvm_test_top.env.scb [SCB_WR] DATA WRITTEN=96 , count=16
# KERNEL: UVM_INFO /home/runner/wr_driver.sv(33) @ 475: uvm_test_top.env.wr_agent.drv [WR_DRV] wrst_n = 1, wdata =63, winc= 1, 
# KERNEL: UVM_INFO /home/runner/rd_driver.sv(33) @ 481: uvm_test_top.env.rd_agent.drv [RD_DRV] rrst_n = 1, rinc= 1
# KERNEL: UVM_INFO /home/runner/wr_monitor.sv(59) @ 495: uvm_test_top.env.wr_agent.mon [WR_MON] wrst_n = 1, wdata =63, winc= 1, wfull=1
# KERNEL: UVM_INFO /home/runner/scoreboard.sv(37) @ 495: uvm_test_top.env.scb [fifo_scoreboard] Scoreboard received item
# KERNEL: UVM_INFO /home/runner/scoreboard.sv(46) @ 495: uvm_test_top.env.scb [SCB_wr_ig] Write ignored correctly: FIFO Full
# KERNEL: UVM_INFO /home/runner/wr_driver.sv(33) @ 495: uvm_test_top.env.wr_agent.drv [WR_DRV] wrst_n = 1, wdata =9, winc= 1, 
# KERNEL: Error: assertion.sv (36): OVERFLOW !!, write ignored because full detected
# KERNEL: UVM_INFO /home/runner/rd_monitor.sv(50) @ 507: uvm_test_top.env.rd_agent.mon [RD_MON] rrst_n = 1, rdata =9e, rinc= 1, rempty=0
# KERNEL: UVM_INFO /home/runner/scoreboard.sv(64) @ 507: uvm_test_top.env.scb [fifo_scoreboard] Scoreboard received item
# KERNEL: UVM_INFO /home/runner/scoreboard.sv(69) @ 507: uvm_test_top.env.scb [SCB_RD] DATA READ=9e ,count=15
# KERNEL: UVM_INFO /home/runner/scoreboard.sv(71) @ 507: uvm_test_top.env.scb [SCB_PASS] MATCH exp_rdata=9e, ACT rdata=9e
# KERNEL: UVM_INFO /home/runner/wr_monitor.sv(46) @ 515: uvm_test_top.env.wr_agent.mon [WR_MON] wrst_n = 1, wdata =9, winc= 1, wfull=0
# KERNEL: UVM_INFO /home/runner/scoreboard.sv(37) @ 515: uvm_test_top.env.scb [fifo_scoreboard] Scoreboard received item
# KERNEL: UVM_INFO /home/runner/scoreboard.sv(43) @ 515: uvm_test_top.env.scb [SCB_WR] DATA WRITTEN=9 , count=16
# KERNEL: UVM_INFO /home/runner/wr_driver.sv(33) @ 515: uvm_test_top.env.wr_agent.drv [WR_DRV] wrst_n = 1, wdata =8a, winc= 1, 
# KERNEL: UVM_INFO /home/runner/rd_driver.sv(33) @ 533: uvm_test_top.env.rd_agent.drv [RD_DRV] rrst_n = 1, rinc= 1
# KERNEL: UVM_INFO /home/runner/wr_monitor.sv(59) @ 535: uvm_test_top.env.wr_agent.mon [WR_MON] wrst_n = 1, wdata =8a, winc= 1, wfull=1
# KERNEL: UVM_INFO /home/runner/scoreboard.sv(37) @ 535: uvm_test_top.env.scb [fifo_scoreboard] Scoreboard received item
# KERNEL: UVM_INFO /home/runner/scoreboard.sv(46) @ 535: uvm_test_top.env.scb [SCB_wr_ig] Write ignored correctly: FIFO Full
# KERNEL: UVM_INFO /home/runner/wr_driver.sv(33) @ 535: uvm_test_top.env.wr_agent.drv [WR_DRV] wrst_n = 1, wdata =e4, winc= 1, 
# KERNEL: Error: assertion.sv (36): OVERFLOW !!, write ignored because full detected
# KERNEL: UVM_INFO /home/runner/wr_monitor.sv(59) @ 555: uvm_test_top.env.wr_agent.mon [WR_MON] wrst_n = 1, wdata =e4, winc= 1, wfull=1
# KERNEL: UVM_INFO /home/runner/scoreboard.sv(37) @ 555: uvm_test_top.env.scb [fifo_scoreboard] Scoreboard received item
# KERNEL: UVM_INFO /home/runner/scoreboard.sv(46) @ 555: uvm_test_top.env.scb [SCB_wr_ig] Write ignored correctly: FIFO Full
# KERNEL: UVM_INFO /home/runner/wr_driver.sv(33) @ 555: uvm_test_top.env.wr_agent.drv [WR_DRV] wrst_n = 1, wdata =19, winc= 1, 
# KERNEL: Error: assertion.sv (36): OVERFLOW !!, write ignored because full detected
# KERNEL: UVM_INFO /home/runner/rd_monitor.sv(50) @ 559: uvm_test_top.env.rd_agent.mon [RD_MON] rrst_n = 1, rdata =cb, rinc= 1, rempty=0
# KERNEL: UVM_INFO /home/runner/scoreboard.sv(64) @ 559: uvm_test_top.env.scb [fifo_scoreboard] Scoreboard received item
# KERNEL: UVM_INFO /home/runner/scoreboard.sv(69) @ 559: uvm_test_top.env.scb [SCB_RD] DATA READ=cb ,count=15
# KERNEL: UVM_INFO /home/runner/scoreboard.sv(71) @ 559: uvm_test_top.env.scb [SCB_PASS] MATCH exp_rdata=cb, ACT rdata=cb
# KERNEL: UVM_INFO /home/runner/wr_monitor.sv(46) @ 575: uvm_test_top.env.wr_agent.mon [WR_MON] wrst_n = 1, wdata =19, winc= 1, wfull=0
# KERNEL: UVM_INFO /home/runner/scoreboard.sv(37) @ 575: uvm_test_top.env.scb [fifo_scoreboard] Scoreboard received item
# KERNEL: UVM_INFO /home/runner/scoreboard.sv(43) @ 575: uvm_test_top.env.scb [SCB_WR] DATA WRITTEN=19 , count=16
# KERNEL: UVM_INFO /home/runner/wr_driver.sv(33) @ 575: uvm_test_top.env.wr_agent.drv [WR_DRV] wrst_n = 1, wdata =27, winc= 1, 
# KERNEL: UVM_INFO /home/runner/rd_driver.sv(33) @ 585: uvm_test_top.env.rd_agent.drv [RD_DRV] rrst_n = 1, rinc= 1
# KERNEL: UVM_INFO /home/runner/wr_monitor.sv(59) @ 595: uvm_test_top.env.wr_agent.mon [WR_MON] wrst_n = 1, wdata =27, winc= 1, wfull=1
# KERNEL: UVM_INFO /home/runner/scoreboard.sv(37) @ 595: uvm_test_top.env.scb [fifo_scoreboard] Scoreboard received item
# KERNEL: UVM_INFO /home/runner/scoreboard.sv(46) @ 595: uvm_test_top.env.scb [SCB_wr_ig] Write ignored correctly: FIFO Full
# KERNEL: UVM_INFO /home/runner/wr_driver.sv(33) @ 595: uvm_test_top.env.wr_agent.drv [WR_DRV] wrst_n = 1, wdata =10, winc= 1, 
# KERNEL: Error: assertion.sv (36): OVERFLOW !!, write ignored because full detected
# KERNEL: UVM_INFO /home/runner/rd_monitor.sv(50) @ 611: uvm_test_top.env.rd_agent.mon [RD_MON] rrst_n = 1, rdata =d1, rinc= 1, rempty=0
# KERNEL: UVM_INFO /home/runner/scoreboard.sv(64) @ 611: uvm_test_top.env.scb [fifo_scoreboard] Scoreboard received item
# KERNEL: UVM_INFO /home/runner/scoreboard.sv(69) @ 611: uvm_test_top.env.scb [SCB_RD] DATA READ=d1 ,count=15
# KERNEL: UVM_INFO /home/runner/scoreboard.sv(71) @ 611: uvm_test_top.env.scb [SCB_PASS] MATCH exp_rdata=d1, ACT rdata=d1
# KERNEL: UVM_INFO /home/runner/wr_monitor.sv(59) @ 615: uvm_test_top.env.wr_agent.mon [WR_MON] wrst_n = 1, wdata =10, winc= 1, wfull=1
# KERNEL: UVM_INFO /home/runner/scoreboard.sv(37) @ 615: uvm_test_top.env.scb [fifo_scoreboard] Scoreboard received item
# KERNEL: UVM_INFO /home/runner/scoreboard.sv(46) @ 615: uvm_test_top.env.scb [SCB_wr_ig] Write ignored correctly: FIFO Full
# KERNEL: UVM_INFO /home/runner/wr_driver.sv(33) @ 615: uvm_test_top.env.wr_agent.drv [WR_DRV] wrst_n = 1, wdata =d2, winc= 1, 
# KERNEL: Error: assertion.sv (36): OVERFLOW !!, write ignored because full detected
# KERNEL: UVM_INFO /home/runner/wr_monitor.sv(46) @ 635: uvm_test_top.env.wr_agent.mon [WR_MON] wrst_n = 1, wdata =d2, winc= 1, wfull=0
# KERNEL: UVM_INFO /home/runner/scoreboard.sv(37) @ 635: uvm_test_top.env.scb [fifo_scoreboard] Scoreboard received item
# KERNEL: UVM_INFO /home/runner/scoreboard.sv(43) @ 635: uvm_test_top.env.scb [SCB_WR] DATA WRITTEN=d2 , count=16
# KERNEL: UVM_INFO /home/runner/wr_driver.sv(33) @ 635: uvm_test_top.env.wr_agent.drv [WR_DRV] wrst_n = 1, wdata =6f, winc= 1, 
# KERNEL: UVM_INFO /home/runner/rd_driver.sv(33) @ 637: uvm_test_top.env.rd_agent.drv [RD_DRV] rrst_n = 1, rinc= 1
# KERNEL: UVM_INFO /home/runner/wr_monitor.sv(59) @ 655: uvm_test_top.env.wr_agent.mon [WR_MON] wrst_n = 1, wdata =6f, winc= 1, wfull=1
# KERNEL: UVM_INFO /home/runner/scoreboard.sv(37) @ 655: uvm_test_top.env.scb [fifo_scoreboard] Scoreboard received item
# KERNEL: UVM_INFO /home/runner/scoreboard.sv(46) @ 655: uvm_test_top.env.scb [SCB_wr_ig] Write ignored correctly: FIFO Full
# KERNEL: UVM_INFO /home/runner/wr_driver.sv(33) @ 655: uvm_test_top.env.wr_agent.drv [WR_DRV] wrst_n = 1, wdata =e5, winc= 1, 
# KERNEL: Error: assertion.sv (36): OVERFLOW !!, write ignored because full detected
# KERNEL: UVM_INFO /home/runner/rd_monitor.sv(50) @ 663: uvm_test_top.env.rd_agent.mon [RD_MON] rrst_n = 1, rdata =b2, rinc= 1, rempty=0
# KERNEL: UVM_INFO /home/runner/scoreboard.sv(64) @ 663: uvm_test_top.env.scb [fifo_scoreboard] Scoreboard received item
# KERNEL: UVM_INFO /home/runner/scoreboard.sv(69) @ 663: uvm_test_top.env.scb [SCB_RD] DATA READ=b2 ,count=15
# KERNEL: UVM_INFO /home/runner/scoreboard.sv(71) @ 663: uvm_test_top.env.scb [SCB_PASS] MATCH exp_rdata=b2, ACT rdata=b2
# KERNEL: UVM_INFO /home/runner/wr_monitor.sv(46) @ 675: uvm_test_top.env.wr_agent.mon [WR_MON] wrst_n = 1, wdata =e5, winc= 1, wfull=0
# KERNEL: UVM_INFO /home/runner/scoreboard.sv(37) @ 675: uvm_test_top.env.scb [fifo_scoreboard] Scoreboard received item
# KERNEL: UVM_INFO /home/runner/scoreboard.sv(43) @ 675: uvm_test_top.env.scb [SCB_WR] DATA WRITTEN=e5 , count=16
# KERNEL: UVM_INFO /home/runner/wr_driver.sv(33) @ 675: uvm_test_top.env.wr_agent.drv [WR_DRV] wrst_n = 1, wdata =36, winc= 1, 
# KERNEL: UVM_INFO /home/runner/rd_driver.sv(33) @ 689: uvm_test_top.env.rd_agent.drv [RD_DRV] rrst_n = 1, rinc= 1
# KERNEL: UVM_INFO /home/runner/wr_monitor.sv(59) @ 695: uvm_test_top.env.wr_agent.mon [WR_MON] wrst_n = 1, wdata =36, winc= 1, wfull=1
# KERNEL: UVM_INFO /home/runner/scoreboard.sv(37) @ 695: uvm_test_top.env.scb [fifo_scoreboard] Scoreboard received item
# KERNEL: UVM_INFO /home/runner/scoreboard.sv(46) @ 695: uvm_test_top.env.scb [SCB_wr_ig] Write ignored correctly: FIFO Full
# KERNEL: UVM_INFO /home/runner/wr_driver.sv(33) @ 695: uvm_test_top.env.wr_agent.drv [WR_DRV] wrst_n = 1, wdata =60, winc= 1, 
# KERNEL: Error: assertion.sv (36): OVERFLOW !!, write ignored because full detected
# KERNEL: UVM_INFO /home/runner/wr_monitor.sv(59) @ 715: uvm_test_top.env.wr_agent.mon [WR_MON] wrst_n = 1, wdata =60, winc= 1, wfull=1
# KERNEL: UVM_INFO /home/runner/scoreboard.sv(37) @ 715: uvm_test_top.env.scb [fifo_scoreboard] Scoreboard received item
# KERNEL: UVM_INFO /home/runner/scoreboard.sv(46) @ 715: uvm_test_top.env.scb [SCB_wr_ig] Write ignored correctly: FIFO Full
# KERNEL: UVM_INFO /home/runner/rd_monitor.sv(50) @ 715: uvm_test_top.env.rd_agent.mon [RD_MON] rrst_n = 1, rdata =6c, rinc= 1, rempty=0
# KERNEL: UVM_INFO /home/runner/scoreboard.sv(64) @ 715: uvm_test_top.env.scb [fifo_scoreboard] Scoreboard received item
# KERNEL: UVM_INFO /home/runner/scoreboard.sv(69) @ 715: uvm_test_top.env.scb [SCB_RD] DATA READ=6c ,count=15
# KERNEL: UVM_INFO /home/runner/scoreboard.sv(71) @ 715: uvm_test_top.env.scb [SCB_PASS] MATCH exp_rdata=6c, ACT rdata=6c
# KERNEL: UVM_INFO /home/runner/wr_driver.sv(33) @ 715: uvm_test_top.env.wr_agent.drv [WR_DRV] wrst_n = 1, wdata =65, winc= 1, 
# KERNEL: Error: assertion.sv (36): OVERFLOW !!, write ignored because full detected
# KERNEL: UVM_INFO /home/runner/wr_monitor.sv(46) @ 735: uvm_test_top.env.wr_agent.mon [WR_MON] wrst_n = 1, wdata =65, winc= 1, wfull=0
# KERNEL: UVM_INFO /home/runner/scoreboard.sv(37) @ 735: uvm_test_top.env.scb [fifo_scoreboard] Scoreboard received item
# KERNEL: UVM_INFO /home/runner/scoreboard.sv(43) @ 735: uvm_test_top.env.scb [SCB_WR] DATA WRITTEN=65 , count=16
# KERNEL: UVM_INFO /home/runner/wr_driver.sv(33) @ 735: uvm_test_top.env.wr_agent.drv [WR_DRV] wrst_n = 1, wdata =43, winc= 1, 
# KERNEL: UVM_INFO /home/runner/rd_driver.sv(33) @ 741: uvm_test_top.env.rd_agent.drv [RD_DRV] rrst_n = 1, rinc= 1
# KERNEL: UVM_INFO /home/runner/wr_monitor.sv(59) @ 755: uvm_test_top.env.wr_agent.mon [WR_MON] wrst_n = 1, wdata =43, winc= 1, wfull=1
# KERNEL: UVM_INFO /home/runner/scoreboard.sv(37) @ 755: uvm_test_top.env.scb [fifo_scoreboard] Scoreboard received item
# KERNEL: UVM_INFO /home/runner/scoreboard.sv(46) @ 755: uvm_test_top.env.scb [SCB_wr_ig] Write ignored correctly: FIFO Full
# KERNEL: UVM_INFO /home/runner/wr_driver.sv(33) @ 755: uvm_test_top.env.wr_agent.drv [WR_DRV] wrst_n = 1, wdata =fc, winc= 1, 
# KERNEL: Error: assertion.sv (36): OVERFLOW !!, write ignored because full detected
# KERNEL: UVM_INFO /home/runner/rd_monitor.sv(50) @ 767: uvm_test_top.env.rd_agent.mon [RD_MON] rrst_n = 1, rdata =1, rinc= 1, rempty=0
# KERNEL: UVM_INFO /home/runner/scoreboard.sv(64) @ 767: uvm_test_top.env.scb [fifo_scoreboard] Scoreboard received item
# KERNEL: UVM_INFO /home/runner/scoreboard.sv(69) @ 767: uvm_test_top.env.scb [SCB_RD] DATA READ=1 ,count=15
# KERNEL: UVM_INFO /home/runner/scoreboard.sv(71) @ 767: uvm_test_top.env.scb [SCB_PASS] MATCH exp_rdata=1, ACT rdata=1
# KERNEL: UVM_INFO /home/runner/wr_monitor.sv(46) @ 775: uvm_test_top.env.wr_agent.mon [WR_MON] wrst_n = 1, wdata =fc, winc= 1, wfull=0
# KERNEL: UVM_INFO /home/runner/scoreboard.sv(37) @ 775: uvm_test_top.env.scb [fifo_scoreboard] Scoreboard received item
# KERNEL: UVM_INFO /home/runner/scoreboard.sv(43) @ 775: uvm_test_top.env.scb [SCB_WR] DATA WRITTEN=fc , count=16
# KERNEL: UVM_INFO /home/runner/wr_driver.sv(33) @ 775: uvm_test_top.env.wr_agent.drv [WR_DRV] wrst_n = 1, wdata =8e, winc= 1, 
# KERNEL: UVM_INFO /home/runner/rd_driver.sv(33) @ 793: uvm_test_top.env.rd_agent.drv [RD_DRV] rrst_n = 1, rinc= 1
# KERNEL: UVM_INFO /home/runner/wr_monitor.sv(59) @ 795: uvm_test_top.env.wr_agent.mon [WR_MON] wrst_n = 1, wdata =8e, winc= 1, wfull=1
# KERNEL: UVM_INFO /home/runner/scoreboard.sv(37) @ 795: uvm_test_top.env.scb [fifo_scoreboard] Scoreboard received item
# KERNEL: UVM_INFO /home/runner/scoreboard.sv(46) @ 795: uvm_test_top.env.scb [SCB_wr_ig] Write ignored correctly: FIFO Full
# KERNEL: UVM_INFO /home/runner/wr_driver.sv(33) @ 795: uvm_test_top.env.wr_agent.drv [WR_DRV] wrst_n = 1, wdata =fb, winc= 1, 
# KERNEL: Error: assertion.sv (36): OVERFLOW !!, write ignored because full detected
# KERNEL: UVM_INFO /home/runner/wr_monitor.sv(59) @ 815: uvm_test_top.env.wr_agent.mon [WR_MON] wrst_n = 1, wdata =fb, winc= 1, wfull=1
# KERNEL: UVM_INFO /home/runner/scoreboard.sv(37) @ 815: uvm_test_top.env.scb [fifo_scoreboard] Scoreboard received item
# KERNEL: UVM_INFO /home/runner/scoreboard.sv(46) @ 815: uvm_test_top.env.scb [SCB_wr_ig] Write ignored correctly: FIFO Full
# KERNEL: UVM_INFO /home/runner/wr_driver.sv(33) @ 815: uvm_test_top.env.wr_agent.drv [WR_DRV] wrst_n = 1, wdata =41, winc= 1, 
# KERNEL: Error: assertion.sv (36): OVERFLOW !!, write ignored because full detected
# KERNEL: UVM_INFO /home/runner/rd_monitor.sv(50) @ 819: uvm_test_top.env.rd_agent.mon [RD_MON] rrst_n = 1, rdata =6f, rinc= 1, rempty=0
# KERNEL: UVM_INFO /home/runner/scoreboard.sv(64) @ 819: uvm_test_top.env.scb [fifo_scoreboard] Scoreboard received item
# KERNEL: UVM_INFO /home/runner/scoreboard.sv(69) @ 819: uvm_test_top.env.scb [SCB_RD] DATA READ=6f ,count=15
# KERNEL: UVM_INFO /home/runner/scoreboard.sv(71) @ 819: uvm_test_top.env.scb [SCB_PASS] MATCH exp_rdata=6f, ACT rdata=6f
# KERNEL: UVM_INFO /home/runner/wr_monitor.sv(46) @ 835: uvm_test_top.env.wr_agent.mon [WR_MON] wrst_n = 1, wdata =41, winc= 1, wfull=0
# KERNEL: UVM_INFO /home/runner/scoreboard.sv(37) @ 835: uvm_test_top.env.scb [fifo_scoreboard] Scoreboard received item
# KERNEL: UVM_INFO /home/runner/scoreboard.sv(43) @ 835: uvm_test_top.env.scb [SCB_WR] DATA WRITTEN=41 , count=16
# KERNEL: UVM_INFO /home/runner/wr_driver.sv(33) @ 835: uvm_test_top.env.wr_agent.drv [WR_DRV] wrst_n = 1, wdata =62, winc= 1, 
# KERNEL: UVM_INFO /home/runner/rd_driver.sv(33) @ 845: uvm_test_top.env.rd_agent.drv [RD_DRV] rrst_n = 1, rinc= 1
# KERNEL: UVM_INFO /home/runner/wr_monitor.sv(59) @ 855: uvm_test_top.env.wr_agent.mon [WR_MON] wrst_n = 1, wdata =62, winc= 1, wfull=1
# KERNEL: UVM_INFO /home/runner/scoreboard.sv(37) @ 855: uvm_test_top.env.scb [fifo_scoreboard] Scoreboard received item
# KERNEL: UVM_INFO /home/runner/scoreboard.sv(46) @ 855: uvm_test_top.env.scb [SCB_wr_ig] Write ignored correctly: FIFO Full
# KERNEL: UVM_INFO /home/runner/wr_driver.sv(33) @ 855: uvm_test_top.env.wr_agent.drv [WR_DRV] wrst_n = 1, wdata =5c, winc= 1, 
# KERNEL: Error: assertion.sv (36): OVERFLOW !!, write ignored because full detected
# KERNEL: UVM_INFO /home/runner/rd_monitor.sv(50) @ 871: uvm_test_top.env.rd_agent.mon [RD_MON] rrst_n = 1, rdata =b8, rinc= 1, rempty=0
# KERNEL: UVM_INFO /home/runner/scoreboard.sv(64) @ 871: uvm_test_top.env.scb [fifo_scoreboard] Scoreboard received item
# KERNEL: UVM_INFO /home/runner/scoreboard.sv(69) @ 871: uvm_test_top.env.scb [SCB_RD] DATA READ=b8 ,count=15
# KERNEL: UVM_INFO /home/runner/scoreboard.sv(71) @ 871: uvm_test_top.env.scb [SCB_PASS] MATCH exp_rdata=b8, ACT rdata=b8
# KERNEL: UVM_INFO /home/runner/wr_monitor.sv(59) @ 875: uvm_test_top.env.wr_agent.mon [WR_MON] wrst_n = 1, wdata =5c, winc= 1, wfull=1
# KERNEL: UVM_INFO /home/runner/scoreboard.sv(37) @ 875: uvm_test_top.env.scb [fifo_scoreboard] Scoreboard received item
# KERNEL: UVM_INFO /home/runner/scoreboard.sv(46) @ 875: uvm_test_top.env.scb [SCB_wr_ig] Write ignored correctly: FIFO Full
# KERNEL: UVM_INFO /home/runner/wr_driver.sv(33) @ 875: uvm_test_top.env.wr_agent.drv [WR_DRV] wrst_n = 1, wdata =31, winc= 1, 
# KERNEL: Error: assertion.sv (36): OVERFLOW !!, write ignored because full detected
# KERNEL: UVM_INFO /home/runner/wr_monitor.sv(46) @ 895: uvm_test_top.env.wr_agent.mon [WR_MON] wrst_n = 1, wdata =31, winc= 1, wfull=0
# KERNEL: UVM_INFO /home/runner/scoreboard.sv(37) @ 895: uvm_test_top.env.scb [fifo_scoreboard] Scoreboard received item
# KERNEL: UVM_INFO /home/runner/scoreboard.sv(43) @ 895: uvm_test_top.env.scb [SCB_WR] DATA WRITTEN=31 , count=16
# KERNEL: UVM_INFO /home/runner/wr_driver.sv(33) @ 895: uvm_test_top.env.wr_agent.drv [WR_DRV] wrst_n = 1, wdata =df, winc= 1, 
# KERNEL: UVM_INFO /home/runner/rd_driver.sv(33) @ 897: uvm_test_top.env.rd_agent.drv [RD_DRV] rrst_n = 1, rinc= 1
# KERNEL: UVM_INFO /home/runner/wr_monitor.sv(59) @ 915: uvm_test_top.env.wr_agent.mon [WR_MON] wrst_n = 1, wdata =df, winc= 1, wfull=1
# KERNEL: UVM_INFO /home/runner/scoreboard.sv(37) @ 915: uvm_test_top.env.scb [fifo_scoreboard] Scoreboard received item
# KERNEL: UVM_INFO /home/runner/scoreboard.sv(46) @ 915: uvm_test_top.env.scb [SCB_wr_ig] Write ignored correctly: FIFO Full
# KERNEL: UVM_INFO /home/runner/wr_driver.sv(33) @ 915: uvm_test_top.env.wr_agent.drv [WR_DRV] wrst_n = 1, wdata =68, winc= 1, 
# KERNEL: Error: assertion.sv (36): OVERFLOW !!, write ignored because full detected
# KERNEL: UVM_INFO /home/runner/rd_monitor.sv(50) @ 923: uvm_test_top.env.rd_agent.mon [RD_MON] rrst_n = 1, rdata =da, rinc= 1, rempty=0
# KERNEL: UVM_INFO /home/runner/scoreboard.sv(64) @ 923: uvm_test_top.env.scb [fifo_scoreboard] Scoreboard received item
# KERNEL: UVM_INFO /home/runner/scoreboard.sv(69) @ 923: uvm_test_top.env.scb [SCB_RD] DATA READ=da ,count=15
# KERNEL: UVM_INFO /home/runner/scoreboard.sv(71) @ 923: uvm_test_top.env.scb [SCB_PASS] MATCH exp_rdata=da, ACT rdata=da
# KERNEL: UVM_INFO /home/runner/wr_monitor.sv(46) @ 935: uvm_test_top.env.wr_agent.mon [WR_MON] wrst_n = 1, wdata =68, winc= 1, wfull=0
# KERNEL: UVM_INFO /home/runner/scoreboard.sv(37) @ 935: uvm_test_top.env.scb [fifo_scoreboard] Scoreboard received item
# KERNEL: UVM_INFO /home/runner/scoreboard.sv(43) @ 935: uvm_test_top.env.scb [SCB_WR] DATA WRITTEN=68 , count=16
# KERNEL: UVM_INFO /home/runner/wr_driver.sv(33) @ 935: uvm_test_top.env.wr_agent.drv [WR_DRV] wrst_n = 1, wdata =ca, winc= 1, 
# KERNEL: UVM_INFO /home/runner/rd_driver.sv(33) @ 949: uvm_test_top.env.rd_agent.drv [RD_DRV] rrst_n = 1, rinc= 1
# KERNEL: UVM_INFO /home/runner/wr_monitor.sv(59) @ 955: uvm_test_top.env.wr_agent.mon [WR_MON] wrst_n = 1, wdata =ca, winc= 1, wfull=1
# KERNEL: UVM_INFO /home/runner/scoreboard.sv(37) @ 955: uvm_test_top.env.scb [fifo_scoreboard] Scoreboard received item
# KERNEL: UVM_INFO /home/runner/scoreboard.sv(46) @ 955: uvm_test_top.env.scb [SCB_wr_ig] Write ignored correctly: FIFO Full
# KERNEL: UVM_INFO /home/runner/wr_driver.sv(33) @ 955: uvm_test_top.env.wr_agent.drv [WR_DRV] wrst_n = 1, wdata =7, winc= 1, 
# KERNEL: Error: assertion.sv (36): OVERFLOW !!, write ignored because full detected
# KERNEL: UVM_INFO /home/runner/wr_monitor.sv(59) @ 975: uvm_test_top.env.wr_agent.mon [WR_MON] wrst_n = 1, wdata =7, winc= 1, wfull=1
# KERNEL: UVM_INFO /home/runner/scoreboard.sv(37) @ 975: uvm_test_top.env.scb [fifo_scoreboard] Scoreboard received item
# KERNEL: UVM_INFO /home/runner/scoreboard.sv(46) @ 975: uvm_test_top.env.scb [SCB_wr_ig] Write ignored correctly: FIFO Full
# KERNEL: UVM_INFO /home/runner/rd_monitor.sv(50) @ 975: uvm_test_top.env.rd_agent.mon [RD_MON] rrst_n = 1, rdata =d7, rinc= 1, rempty=0
# KERNEL: UVM_INFO /home/runner/scoreboard.sv(64) @ 975: uvm_test_top.env.scb [fifo_scoreboard] Scoreboard received item
# KERNEL: UVM_INFO /home/runner/scoreboard.sv(69) @ 975: uvm_test_top.env.scb [SCB_RD] DATA READ=d7 ,count=15
# KERNEL: UVM_INFO /home/runner/scoreboard.sv(71) @ 975: uvm_test_top.env.scb [SCB_PASS] MATCH exp_rdata=d7, ACT rdata=d7
# KERNEL: UVM_INFO /home/runner/wr_driver.sv(33) @ 975: uvm_test_top.env.wr_agent.drv [WR_DRV] wrst_n = 1, wdata =1d, winc= 1, 
# KERNEL: Error: assertion.sv (36): OVERFLOW !!, write ignored because full detected
# KERNEL: UVM_INFO /home/runner/wr_monitor.sv(46) @ 995: uvm_test_top.env.wr_agent.mon [WR_MON] wrst_n = 1, wdata =1d, winc= 1, wfull=0
# KERNEL: UVM_INFO /home/runner/scoreboard.sv(37) @ 995: uvm_test_top.env.scb [fifo_scoreboard] Scoreboard received item
# KERNEL: UVM_INFO /home/runner/scoreboard.sv(43) @ 995: uvm_test_top.env.scb [SCB_WR] DATA WRITTEN=1d , count=16
# KERNEL: UVM_INFO /home/runner/wr_driver.sv(33) @ 995: uvm_test_top.env.wr_agent.drv [WR_DRV] wrst_n = 1, wdata =e, winc= 1, 
# KERNEL: UVM_INFO /home/runner/rd_driver.sv(33) @ 1001: uvm_test_top.env.rd_agent.drv [RD_DRV] rrst_n = 1, rinc= 1
# KERNEL: UVM_INFO /home/runner/wr_monitor.sv(59) @ 1015: uvm_test_top.env.wr_agent.mon [WR_MON] wrst_n = 1, wdata =e, winc= 1, wfull=1
# KERNEL: UVM_INFO /home/runner/scoreboard.sv(37) @ 1015: uvm_test_top.env.scb [fifo_scoreboard] Scoreboard received item
# KERNEL: UVM_INFO /home/runner/scoreboard.sv(46) @ 1015: uvm_test_top.env.scb [SCB_wr_ig] Write ignored correctly: FIFO Full
# KERNEL: UVM_INFO /home/runner/wr_driver.sv(33) @ 1015: uvm_test_top.env.wr_agent.drv [WR_DRV] wrst_n = 1, wdata =d8, winc= 1, 
# KERNEL: Error: assertion.sv (36): OVERFLOW !!, write ignored because full detected
# KERNEL: UVM_INFO /home/runner/rd_monitor.sv(50) @ 1027: uvm_test_top.env.rd_agent.mon [RD_MON] rrst_n = 1, rdata =ad, rinc= 1, rempty=0
# KERNEL: UVM_INFO /home/runner/scoreboard.sv(64) @ 1027: uvm_test_top.env.scb [fifo_scoreboard] Scoreboard received item
# KERNEL: UVM_INFO /home/runner/scoreboard.sv(69) @ 1027: uvm_test_top.env.scb [SCB_RD] DATA READ=ad ,count=15
# KERNEL: UVM_INFO /home/runner/scoreboard.sv(71) @ 1027: uvm_test_top.env.scb [SCB_PASS] MATCH exp_rdata=ad, ACT rdata=ad
# KERNEL: UVM_INFO /home/runner/wr_monitor.sv(46) @ 1035: uvm_test_top.env.wr_agent.mon [WR_MON] wrst_n = 1, wdata =d8, winc= 1, wfull=0
# KERNEL: UVM_INFO /home/runner/scoreboard.sv(37) @ 1035: uvm_test_top.env.scb [fifo_scoreboard] Scoreboard received item
# KERNEL: UVM_INFO /home/runner/scoreboard.sv(43) @ 1035: uvm_test_top.env.scb [SCB_WR] DATA WRITTEN=d8 , count=16
# KERNEL: UVM_INFO /home/runner/wr_driver.sv(33) @ 1035: uvm_test_top.env.wr_agent.drv [WR_DRV] wrst_n = 1, wdata =7d, winc= 1, 
# KERNEL: UVM_INFO /home/runner/rd_driver.sv(33) @ 1053: uvm_test_top.env.rd_agent.drv [RD_DRV] rrst_n = 1, rinc= 1
# KERNEL: UVM_INFO /home/runner/wr_monitor.sv(59) @ 1055: uvm_test_top.env.wr_agent.mon [WR_MON] wrst_n = 1, wdata =7d, winc= 1, wfull=1
# KERNEL: UVM_INFO /home/runner/scoreboard.sv(37) @ 1055: uvm_test_top.env.scb [fifo_scoreboard] Scoreboard received item
# KERNEL: UVM_INFO /home/runner/scoreboard.sv(46) @ 1055: uvm_test_top.env.scb [SCB_wr_ig] Write ignored correctly: FIFO Full
# KERNEL: UVM_INFO /home/runner/sequence1.sv(36) @ 1055: uvm_test_top.env.wr_agent.sqr@@wr_seq [fifo_directed_sequence] Sequence body finished
# KERNEL: Error: assertion.sv (36): OVERFLOW !!, write ignored because full detected
# KERNEL: UVM_INFO /home/runner/rd_monitor.sv(50) @ 1079: uvm_test_top.env.rd_agent.mon [RD_MON] rrst_n = 1, rdata =5e, rinc= 1, rempty=0
# KERNEL: UVM_INFO /home/runner/scoreboard.sv(64) @ 1079: uvm_test_top.env.scb [fifo_scoreboard] Scoreboard received item
# KERNEL: UVM_INFO /home/runner/scoreboard.sv(69) @ 1079: uvm_test_top.env.scb [SCB_RD] DATA READ=5e ,count=15
# KERNEL: UVM_INFO /home/runner/scoreboard.sv(71) @ 1079: uvm_test_top.env.scb [SCB_PASS] MATCH exp_rdata=5e, ACT rdata=5e
# KERNEL: UVM_INFO /home/runner/rd_driver.sv(33) @ 1105: uvm_test_top.env.rd_agent.drv [RD_DRV] rrst_n = 1, rinc= 1
# KERNEL: UVM_INFO /home/runner/rd_monitor.sv(50) @ 1131: uvm_test_top.env.rd_agent.mon [RD_MON] rrst_n = 1, rdata =e8, rinc= 1, rempty=0
# KERNEL: UVM_INFO /home/runner/scoreboard.sv(64) @ 1131: uvm_test_top.env.scb [fifo_scoreboard] Scoreboard received item
# KERNEL: UVM_INFO /home/runner/scoreboard.sv(69) @ 1131: uvm_test_top.env.scb [SCB_RD] DATA READ=e8 ,count=14
# KERNEL: UVM_INFO /home/runner/scoreboard.sv(71) @ 1131: uvm_test_top.env.scb [SCB_PASS] MATCH exp_rdata=e8, ACT rdata=e8
# KERNEL: UVM_INFO /home/runner/rd_driver.sv(33) @ 1157: uvm_test_top.env.rd_agent.drv [RD_DRV] rrst_n = 1, rinc= 1
# KERNEL: UVM_INFO /home/runner/rd_monitor.sv(50) @ 1183: uvm_test_top.env.rd_agent.mon [RD_MON] rrst_n = 1, rdata =4d, rinc= 1, rempty=0
# KERNEL: UVM_INFO /home/runner/scoreboard.sv(64) @ 1183: uvm_test_top.env.scb [fifo_scoreboard] Scoreboard received item
# KERNEL: UVM_INFO /home/runner/scoreboard.sv(69) @ 1183: uvm_test_top.env.scb [SCB_RD] DATA READ=4d ,count=13
# KERNEL: UVM_INFO /home/runner/scoreboard.sv(71) @ 1183: uvm_test_top.env.scb [SCB_PASS] MATCH exp_rdata=4d, ACT rdata=4d
# KERNEL: UVM_INFO /home/runner/rd_driver.sv(33) @ 1209: uvm_test_top.env.rd_agent.drv [RD_DRV] rrst_n = 1, rinc= 1
# KERNEL: UVM_INFO /home/runner/rd_monitor.sv(50) @ 1235: uvm_test_top.env.rd_agent.mon [RD_MON] rrst_n = 1, rdata =8b, rinc= 1, rempty=0
# KERNEL: UVM_INFO /home/runner/scoreboard.sv(64) @ 1235: uvm_test_top.env.scb [fifo_scoreboard] Scoreboard received item
# KERNEL: UVM_INFO /home/runner/scoreboard.sv(69) @ 1235: uvm_test_top.env.scb [SCB_RD] DATA READ=8b ,count=12
# KERNEL: UVM_INFO /home/runner/scoreboard.sv(71) @ 1235: uvm_test_top.env.scb [SCB_PASS] MATCH exp_rdata=8b, ACT rdata=8b
# KERNEL: UVM_INFO /home/runner/rd_driver.sv(33) @ 1261: uvm_test_top.env.rd_agent.drv [RD_DRV] rrst_n = 1, rinc= 1
# KERNEL: UVM_INFO /home/runner/rd_monitor.sv(50) @ 1287: uvm_test_top.env.rd_agent.mon [RD_MON] rrst_n = 1, rdata =96, rinc= 1, rempty=0
# KERNEL: UVM_INFO /home/runner/scoreboard.sv(64) @ 1287: uvm_test_top.env.scb [fifo_scoreboard] Scoreboard received item
# KERNEL: UVM_INFO /home/runner/scoreboard.sv(69) @ 1287: uvm_test_top.env.scb [SCB_RD] DATA READ=96 ,count=11
# KERNEL: UVM_INFO /home/runner/scoreboard.sv(71) @ 1287: uvm_test_top.env.scb [SCB_PASS] MATCH exp_rdata=96, ACT rdata=96
# KERNEL: UVM_INFO /home/runner/rd_driver.sv(33) @ 1313: uvm_test_top.env.rd_agent.drv [RD_DRV] rrst_n = 1, rinc= 1
# KERNEL: UVM_INFO /home/runner/rd_monitor.sv(50) @ 1339: uvm_test_top.env.rd_agent.mon [RD_MON] rrst_n = 1, rdata =9, rinc= 1, rempty=0
# KERNEL: UVM_INFO /home/runner/scoreboard.sv(64) @ 1339: uvm_test_top.env.scb [fifo_scoreboard] Scoreboard received item
# KERNEL: UVM_INFO /home/runner/scoreboard.sv(69) @ 1339: uvm_test_top.env.scb [SCB_RD] DATA READ=9 ,count=10
# KERNEL: UVM_INFO /home/runner/scoreboard.sv(71) @ 1339: uvm_test_top.env.scb [SCB_PASS] MATCH exp_rdata=9, ACT rdata=9
# KERNEL: UVM_INFO /home/runner/rd_driver.sv(33) @ 1365: uvm_test_top.env.rd_agent.drv [RD_DRV] rrst_n = 1, rinc= 1
# KERNEL: UVM_INFO /home/runner/rd_monitor.sv(50) @ 1391: uvm_test_top.env.rd_agent.mon [RD_MON] rrst_n = 1, rdata =19, rinc= 1, rempty=0
# KERNEL: UVM_INFO /home/runner/scoreboard.sv(64) @ 1391: uvm_test_top.env.scb [fifo_scoreboard] Scoreboard received item
# KERNEL: UVM_INFO /home/runner/scoreboard.sv(69) @ 1391: uvm_test_top.env.scb [SCB_RD] DATA READ=19 ,count=9
# KERNEL: UVM_INFO /home/runner/scoreboard.sv(71) @ 1391: uvm_test_top.env.scb [SCB_PASS] MATCH exp_rdata=19, ACT rdata=19
# KERNEL: UVM_INFO /home/runner/rd_driver.sv(33) @ 1417: uvm_test_top.env.rd_agent.drv [RD_DRV] rrst_n = 1, rinc= 1
# KERNEL: UVM_INFO /home/runner/rd_monitor.sv(50) @ 1443: uvm_test_top.env.rd_agent.mon [RD_MON] rrst_n = 1, rdata =d2, rinc= 1, rempty=0
# KERNEL: UVM_INFO /home/runner/scoreboard.sv(64) @ 1443: uvm_test_top.env.scb [fifo_scoreboard] Scoreboard received item
# KERNEL: UVM_INFO /home/runner/scoreboard.sv(69) @ 1443: uvm_test_top.env.scb [SCB_RD] DATA READ=d2 ,count=8
# KERNEL: UVM_INFO /home/runner/scoreboard.sv(71) @ 1443: uvm_test_top.env.scb [SCB_PASS] MATCH exp_rdata=d2, ACT rdata=d2
# KERNEL: UVM_INFO /home/runner/rd_driver.sv(33) @ 1469: uvm_test_top.env.rd_agent.drv [RD_DRV] rrst_n = 1, rinc= 1
# KERNEL: UVM_INFO /home/runner/rd_monitor.sv(50) @ 1495: uvm_test_top.env.rd_agent.mon [RD_MON] rrst_n = 1, rdata =e5, rinc= 1, rempty=0
# KERNEL: UVM_INFO /home/runner/scoreboard.sv(64) @ 1495: uvm_test_top.env.scb [fifo_scoreboard] Scoreboard received item
# KERNEL: UVM_INFO /home/runner/scoreboard.sv(69) @ 1495: uvm_test_top.env.scb [SCB_RD] DATA READ=e5 ,count=7
# KERNEL: UVM_INFO /home/runner/scoreboard.sv(71) @ 1495: uvm_test_top.env.scb [SCB_PASS] MATCH exp_rdata=e5, ACT rdata=e5
# KERNEL: UVM_INFO /home/runner/rd_driver.sv(33) @ 1521: uvm_test_top.env.rd_agent.drv [RD_DRV] rrst_n = 1, rinc= 1
# KERNEL: UVM_INFO /home/runner/rd_monitor.sv(50) @ 1547: uvm_test_top.env.rd_agent.mon [RD_MON] rrst_n = 1, rdata =65, rinc= 1, rempty=0
# KERNEL: UVM_INFO /home/runner/scoreboard.sv(64) @ 1547: uvm_test_top.env.scb [fifo_scoreboard] Scoreboard received item
# KERNEL: UVM_INFO /home/runner/scoreboard.sv(69) @ 1547: uvm_test_top.env.scb [SCB_RD] DATA READ=65 ,count=6
# KERNEL: UVM_INFO /home/runner/scoreboard.sv(71) @ 1547: uvm_test_top.env.scb [SCB_PASS] MATCH exp_rdata=65, ACT rdata=65
# KERNEL: UVM_INFO /home/runner/rd_driver.sv(33) @ 1573: uvm_test_top.env.rd_agent.drv [RD_DRV] rrst_n = 1, rinc= 1
# KERNEL: UVM_INFO /home/runner/rd_monitor.sv(50) @ 1599: uvm_test_top.env.rd_agent.mon [RD_MON] rrst_n = 1, rdata =fc, rinc= 1, rempty=0
# KERNEL: UVM_INFO /home/runner/scoreboard.sv(64) @ 1599: uvm_test_top.env.scb [fifo_scoreboard] Scoreboard received item
# KERNEL: UVM_INFO /home/runner/scoreboard.sv(69) @ 1599: uvm_test_top.env.scb [SCB_RD] DATA READ=fc ,count=5
# KERNEL: UVM_INFO /home/runner/scoreboard.sv(71) @ 1599: uvm_test_top.env.scb [SCB_PASS] MATCH exp_rdata=fc, ACT rdata=fc
# KERNEL: UVM_INFO /home/runner/rd_driver.sv(33) @ 1625: uvm_test_top.env.rd_agent.drv [RD_DRV] rrst_n = 1, rinc= 1
# KERNEL: UVM_INFO /home/runner/rd_monitor.sv(50) @ 1651: uvm_test_top.env.rd_agent.mon [RD_MON] rrst_n = 1, rdata =41, rinc= 1, rempty=0
# KERNEL: UVM_INFO /home/runner/scoreboard.sv(64) @ 1651: uvm_test_top.env.scb [fifo_scoreboard] Scoreboard received item
# KERNEL: UVM_INFO /home/runner/scoreboard.sv(69) @ 1651: uvm_test_top.env.scb [SCB_RD] DATA READ=41 ,count=4
# KERNEL: UVM_INFO /home/runner/scoreboard.sv(71) @ 1651: uvm_test_top.env.scb [SCB_PASS] MATCH exp_rdata=41, ACT rdata=41
# KERNEL: UVM_INFO /home/runner/rd_driver.sv(33) @ 1677: uvm_test_top.env.rd_agent.drv [RD_DRV] rrst_n = 1, rinc= 1
# KERNEL: UVM_INFO /home/runner/rd_monitor.sv(50) @ 1703: uvm_test_top.env.rd_agent.mon [RD_MON] rrst_n = 1, rdata =31, rinc= 1, rempty=0
# KERNEL: UVM_INFO /home/runner/scoreboard.sv(64) @ 1703: uvm_test_top.env.scb [fifo_scoreboard] Scoreboard received item
# KERNEL: UVM_INFO /home/runner/scoreboard.sv(69) @ 1703: uvm_test_top.env.scb [SCB_RD] DATA READ=31 ,count=3
# KERNEL: UVM_INFO /home/runner/scoreboard.sv(71) @ 1703: uvm_test_top.env.scb [SCB_PASS] MATCH exp_rdata=31, ACT rdata=31
# KERNEL: UVM_INFO /home/runner/rd_driver.sv(33) @ 1729: uvm_test_top.env.rd_agent.drv [RD_DRV] rrst_n = 1, rinc= 1
# KERNEL: UVM_INFO /home/runner/rd_monitor.sv(50) @ 1755: uvm_test_top.env.rd_agent.mon [RD_MON] rrst_n = 1, rdata =68, rinc= 1, rempty=0
# KERNEL: UVM_INFO /home/runner/scoreboard.sv(64) @ 1755: uvm_test_top.env.scb [fifo_scoreboard] Scoreboard received item
# KERNEL: UVM_INFO /home/runner/scoreboard.sv(69) @ 1755: uvm_test_top.env.scb [SCB_RD] DATA READ=68 ,count=2
# KERNEL: UVM_INFO /home/runner/scoreboard.sv(71) @ 1755: uvm_test_top.env.scb [SCB_PASS] MATCH exp_rdata=68, ACT rdata=68
# KERNEL: UVM_INFO /home/runner/rd_driver.sv(33) @ 1781: uvm_test_top.env.rd_agent.drv [RD_DRV] rrst_n = 1, rinc= 1
# KERNEL: UVM_INFO /home/runner/rd_monitor.sv(50) @ 1807: uvm_test_top.env.rd_agent.mon [RD_MON] rrst_n = 1, rdata =1d, rinc= 1, rempty=0
# KERNEL: UVM_INFO /home/runner/scoreboard.sv(64) @ 1807: uvm_test_top.env.scb [fifo_scoreboard] Scoreboard received item
# KERNEL: UVM_INFO /home/runner/scoreboard.sv(69) @ 1807: uvm_test_top.env.scb [SCB_RD] DATA READ=1d ,count=1
# KERNEL: UVM_INFO /home/runner/scoreboard.sv(71) @ 1807: uvm_test_top.env.scb [SCB_PASS] MATCH exp_rdata=1d, ACT rdata=1d
# KERNEL: UVM_INFO /home/runner/rd_driver.sv(33) @ 1833: uvm_test_top.env.rd_agent.drv [RD_DRV] rrst_n = 1, rinc= 1
# KERNEL: UVM_INFO /home/runner/rd_monitor.sv(50) @ 1859: uvm_test_top.env.rd_agent.mon [RD_MON] rrst_n = 1, rdata =d8, rinc= 1, rempty=0
# KERNEL: UVM_INFO /home/runner/scoreboard.sv(64) @ 1859: uvm_test_top.env.scb [fifo_scoreboard] Scoreboard received item
# KERNEL: UVM_INFO /home/runner/scoreboard.sv(69) @ 1859: uvm_test_top.env.scb [SCB_RD] DATA READ=d8 ,count=0
# KERNEL: UVM_INFO /home/runner/scoreboard.sv(71) @ 1859: uvm_test_top.env.scb [SCB_PASS] MATCH exp_rdata=d8, ACT rdata=d8
# KERNEL: UVM_INFO /home/runner/rd_driver.sv(33) @ 1885: uvm_test_top.env.rd_agent.drv [RD_DRV] rrst_n = 1, rinc= 1
# KERNEL: Error: assertion.sv (43): UNDERFLOW!!, Read ignored because FIFO empty
# KERNEL: UVM_INFO /home/runner/rd_driver.sv(33) @ 1937: uvm_test_top.env.rd_agent.drv [RD_DRV] rrst_n = 1, rinc= 1
# KERNEL: Error: assertion.sv (43): UNDERFLOW!!, Read ignored because FIFO empty
# KERNEL: UVM_INFO /home/runner/rd_driver.sv(33) @ 1989: uvm_test_top.env.rd_agent.drv [RD_DRV] rrst_n = 1, rinc= 1
# KERNEL: Error: assertion.sv (43): UNDERFLOW!!, Read ignored because FIFO empty
# KERNEL: UVM_INFO /home/runner/rd_driver.sv(33) @ 2041: uvm_test_top.env.rd_agent.drv [RD_DRV] rrst_n = 1, rinc= 1
# KERNEL: Error: assertion.sv (43): UNDERFLOW!!, Read ignored because FIFO empty
# KERNEL: UVM_INFO /home/runner/rd_driver.sv(33) @ 2093: uvm_test_top.env.rd_agent.drv [RD_DRV] rrst_n = 1, rinc= 1
# KERNEL: Error: assertion.sv (43): UNDERFLOW!!, Read ignored because FIFO empty
# KERNEL: UVM_INFO /home/runner/rd_driver.sv(33) @ 2145: uvm_test_top.env.rd_agent.drv [RD_DRV] rrst_n = 1, rinc= 1
# KERNEL: Error: assertion.sv (43): UNDERFLOW!!, Read ignored because FIFO empty
# KERNEL: UVM_INFO /home/runner/rd_driver.sv(33) @ 2197: uvm_test_top.env.rd_agent.drv [RD_DRV] rrst_n = 1, rinc= 1
# KERNEL: Error: assertion.sv (43): UNDERFLOW!!, Read ignored because FIFO empty
# KERNEL: UVM_INFO /home/runner/rd_driver.sv(33) @ 2249: uvm_test_top.env.rd_agent.drv [RD_DRV] rrst_n = 1, rinc= 1
# KERNEL: Error: assertion.sv (43): UNDERFLOW!!, Read ignored because FIFO empty
# KERNEL: UVM_INFO /home/runner/rd_driver.sv(33) @ 2301: uvm_test_top.env.rd_agent.drv [RD_DRV] rrst_n = 1, rinc= 1
# KERNEL: Error: assertion.sv (43): UNDERFLOW!!, Read ignored because FIFO empty
# KERNEL: UVM_INFO /home/runner/rd_driver.sv(33) @ 2353: uvm_test_top.env.rd_agent.drv [RD_DRV] rrst_n = 1, rinc= 1
# KERNEL: Error: assertion.sv (43): UNDERFLOW!!, Read ignored because FIFO empty
# KERNEL: UVM_INFO /home/runner/rd_driver.sv(33) @ 2405: uvm_test_top.env.rd_agent.drv [RD_DRV] rrst_n = 1, rinc= 1
# KERNEL: Error: assertion.sv (43): UNDERFLOW!!, Read ignored because FIFO empty
# KERNEL: UVM_INFO /home/runner/rd_driver.sv(33) @ 2457: uvm_test_top.env.rd_agent.drv [RD_DRV] rrst_n = 1, rinc= 1
# KERNEL: Error: assertion.sv (43): UNDERFLOW!!, Read ignored because FIFO empty
# KERNEL: UVM_INFO /home/runner/rd_driver.sv(33) @ 2509: uvm_test_top.env.rd_agent.drv [RD_DRV] rrst_n = 1, rinc= 1
# KERNEL: Error: assertion.sv (43): UNDERFLOW!!, Read ignored because FIFO empty
# KERNEL: UVM_INFO /home/runner/rd_driver.sv(33) @ 2561: uvm_test_top.env.rd_agent.drv [RD_DRV] rrst_n = 1, rinc= 1
# KERNEL: Error: assertion.sv (43): UNDERFLOW!!, Read ignored because FIFO empty
# KERNEL: UVM_INFO /home/runner/rd_driver.sv(33) @ 2613: uvm_test_top.env.rd_agent.drv [RD_DRV] rrst_n = 1, rinc= 1
# KERNEL: Error: assertion.sv (43): UNDERFLOW!!, Read ignored because FIFO empty
# KERNEL: UVM_INFO /home/runner/rd_driver.sv(33) @ 2665: uvm_test_top.env.rd_agent.drv [RD_DRV] rrst_n = 1, rinc= 1
# KERNEL: Error: assertion.sv (43): UNDERFLOW!!, Read ignored because FIFO empty
# KERNEL: UVM_INFO /home/runner/sequence1.sv(36) @ 2717: uvm_test_top.env.rd_agent.sqr@@rd_seq [fifo_directed_sequence] Sequence body finished
# KERNEL: Error: assertion.sv (43): UNDERFLOW!!, Read ignored because FIFO empty
# KERNEL: UVM_INFO /home/runner/test_1.sv(49) @ 2947: uvm_test_top [fifo_directed_test] Test finished!
# KERNEL: UVM_INFO ./uvm-1.2/src/base/uvm_objection.svh(1271) @ 2947: reporter [TEST_DONE] 'run' phase is ready to proceed to the 'extract' phase
# KERNEL: UVM_INFO ./uvm-1.2/src/base/uvm_report_server.svh(869) @ 2947: reporter [UVM/REPORT/SERVER] 
# KERNEL: --- UVM Report Summary ---
# KERNEL: 
# KERNEL: ** Report counts by severity
# KERNEL: UVM_INFO :  391
# KERNEL: UVM_WARNING :    0
# KERNEL: UVM_ERROR :    0
# KERNEL: UVM_FATAL :    0
# KERNEL: ** Report counts by id
# KERNEL: [RD_DRV]    52
# KERNEL: [RD_MON]    31
# KERNEL: [RNTST]     1
# KERNEL: [SCB]     2
# KERNEL: [SCB_PASS]    31
# KERNEL: [SCB_RD]    31
# KERNEL: [SCB_WR]    31
# KERNEL: [SCB_wr_ig]    19
# KERNEL: [SEQ]     2
# KERNEL: [TEST_DONE]     1
# KERNEL: [UVM/RELNOTES]     1
# KERNEL: [WR_DRV]    52
# KERNEL: [WR_MON]    50
# KERNEL: [fifo_directed_sequence]     4
# KERNEL: [fifo_directed_test]     2
# KERNEL: [fifo_scoreboard]    81
# KERNEL: 
# RUNTIME: Info: RUNTIME_0068 uvm_root.svh (521): $finish called.
# KERNEL: Time: 2947 ns,  Iteration: 56,  Instance: /tb_top,  Process: @INITIAL#48_2@.
# KERNEL: stopped at time: 2947 ns