vsim +access+r;
# ELBREAD: Elaboration process.
# ELBREAD: Warning: ELBREAD_0049 The "uvm_pkg" design unit does not have a time unit/precision defined but other design units do.
# ELBREAD: Elaboration time 0.8 [s].
# KERNEL: Main thread initiated.
# KERNEL: Kernel process initialization phase.
# ELAB2: Elaboration final pass...
# KERNEL: PLI/VHPI kernel's engine initialization done.
# PLI: Loading library '/usr/share/Riviera-PRO/bin/libsystf.so'
# ELAB2: Create instances ...
# KERNEL: Info: Loading library:  /usr/share/Riviera-PRO/bin/uvm_1_2_dpi
# KERNEL: Time resolution set to 1ns.
# ELAB2: Create instances complete.
# SLP: Started
# SLP: Elaboration phase ...
# SLP: Elaboration phase ... done : 0.0 [s]
# SLP: Generation phase ...
# SLP: Generation phase ... done : 0.1 [s]
# SLP: Finished : 0.1 [s]
# SLP: 0 primitives and 2 (16.67%) other processes in SLP
# SLP: 18 (0.06%) signals in SLP and 9 (0.03%) interface signals
# ELAB2: Elaboration final pass complete - time: 2.5 [s].
# KERNEL: SLP loading done - time: 0.0 [s].
# KERNEL: Warning: You are using the Riviera-PRO EDU Edition. The performance of simulation is reduced.
# KERNEL: Warning: Contact Aldec for available upgrade options - sales@aldec.com.
# KERNEL: SLP simulation initialization done - time: 0.0 [s].
# KERNEL: Kernel process initialization done.
# Allocation: Simulator allocated 30984 kB (elbread=2154 elab2=23863 kernel=4965 sdf=0)
# KERNEL: UVM_INFO ./uvm-1.2/src/base/uvm_root.svh(392) @ 0: reporter [UVM/RELNOTES] 
# KERNEL: ----------------------------------------------------------------
# KERNEL: UVM-1.2
# KERNEL: (C) 2007-2014 Mentor Graphics Corporation
# KERNEL: (C) 2007-2014 Cadence Design Systems, Inc.
# KERNEL: (C) 2006-2014 Synopsys, Inc.
# KERNEL: (C) 2011-2013 Cypress Semiconductor Corp.
# KERNEL: (C) 2013-2014 NVIDIA Corporation
# KERNEL: ----------------------------------------------------------------
# KERNEL: 
# KERNEL:   ***********       IMPORTANT RELEASE NOTES         ************
# KERNEL: 
# KERNEL:   You are using a version of the UVM library that has been compiled
# KERNEL:   with `UVM_NO_DEPRECATED undefined.
# KERNEL:   See http://www.eda.org/svdb/view.php?id=3313 for more details.
# KERNEL: 
# KERNEL:   You are using a version of the UVM library that has been compiled
# KERNEL:   with `UVM_OBJECT_DO_NOT_NEED_CONSTRUCTOR undefined.
# KERNEL:   See http://www.eda.org/svdb/view.php?id=3770 for more details.
# KERNEL: 
# KERNEL:       (Specify +UVM_NO_RELNOTES to turn off this notice)
# KERNEL: 
# KERNEL: ASDB file was created in location /home/runner/dataset.asdb
run -all;
# KERNEL: UVM_INFO @ 0: reporter [RNTST] Running test dec_test...
# KERNEL: UVM_INFO /home/runner/test.sv(21) @ 0: uvm_test_top [dec_test] Starting test...
# KERNEL: UVM_INFO /home/runner/master_seq.sv(29) @ 0: uvm_test_top.env.agent.sqr@@seq [MASTER_SEQ] Starting Sequence 1...
# KERNEL: UVM_INFO /home/runner/sequence1.sv(13) @ 0: uvm_test_top.env.agent.sqr@@s1 [dec_base_sequence] Starting sequence body
# KERNEL: UVM_INFO /home/runner/monitor.sv(31) @ 2: uvm_test_top.env.agent.mon [MON] Sampled: en=0, sel=10, y=0000
# KERNEL: UVM_INFO /home/runner/scoreboard.sv(27) @ 2: uvm_test_top.env.scb [dec_scoreboard] Scoreboard received item
# KERNEL: UVM_INFO /home/runner/scoreboard.sv(40) @ 2: uvm_test_top.env.scb [SCB_PASS] MATCH! en=0 sel=2 | Got: 0000 Expected: 0000
# KERNEL: UVM_INFO /home/runner/monitor.sv(31) @ 12: uvm_test_top.env.agent.mon [MON] Sampled: en=1, sel=01, y=0010
# KERNEL: UVM_INFO /home/runner/scoreboard.sv(27) @ 12: uvm_test_top.env.scb [dec_scoreboard] Scoreboard received item
# KERNEL: UVM_INFO /home/runner/scoreboard.sv(40) @ 12: uvm_test_top.env.scb [SCB_PASS] MATCH! en=1 sel=1 | Got: 0010 Expected: 0010
# KERNEL: UVM_INFO /home/runner/monitor.sv(31) @ 22: uvm_test_top.env.agent.mon [MON] Sampled: en=1, sel=10, y=0100
# KERNEL: UVM_INFO /home/runner/scoreboard.sv(27) @ 22: uvm_test_top.env.scb [dec_scoreboard] Scoreboard received item
# KERNEL: UVM_INFO /home/runner/scoreboard.sv(40) @ 22: uvm_test_top.env.scb [SCB_PASS] MATCH! en=1 sel=2 | Got: 0100 Expected: 0100
# KERNEL: UVM_INFO /home/runner/monitor.sv(31) @ 32: uvm_test_top.env.agent.mon [MON] Sampled: en=0, sel=01, y=0000
# KERNEL: UVM_INFO /home/runner/scoreboard.sv(27) @ 32: uvm_test_top.env.scb [dec_scoreboard] Scoreboard received item
# KERNEL: UVM_INFO /home/runner/scoreboard.sv(40) @ 32: uvm_test_top.env.scb [SCB_PASS] MATCH! en=0 sel=1 | Got: 0000 Expected: 0000
# KERNEL: UVM_INFO /home/runner/monitor.sv(31) @ 42: uvm_test_top.env.agent.mon [MON] Sampled: en=0, sel=11, y=0000
# KERNEL: UVM_INFO /home/runner/scoreboard.sv(27) @ 42: uvm_test_top.env.scb [dec_scoreboard] Scoreboard received item
# KERNEL: UVM_INFO /home/runner/scoreboard.sv(40) @ 42: uvm_test_top.env.scb [SCB_PASS] MATCH! en=0 sel=3 | Got: 0000 Expected: 0000
# KERNEL: UVM_INFO /home/runner/monitor.sv(31) @ 52: uvm_test_top.env.agent.mon [MON] Sampled: en=1, sel=00, y=0001
# KERNEL: UVM_INFO /home/runner/scoreboard.sv(27) @ 52: uvm_test_top.env.scb [dec_scoreboard] Scoreboard received item
# KERNEL: UVM_INFO /home/runner/scoreboard.sv(40) @ 52: uvm_test_top.env.scb [SCB_PASS] MATCH! en=1 sel=0 | Got: 0001 Expected: 0001
# KERNEL: UVM_INFO /home/runner/monitor.sv(31) @ 62: uvm_test_top.env.agent.mon [MON] Sampled: en=1, sel=11, y=1000
# KERNEL: UVM_INFO /home/runner/scoreboard.sv(27) @ 62: uvm_test_top.env.scb [dec_scoreboard] Scoreboard received item
# KERNEL: UVM_INFO /home/runner/scoreboard.sv(40) @ 62: uvm_test_top.env.scb [SCB_PASS] MATCH! en=1 sel=3 | Got: 1000 Expected: 1000
# KERNEL: UVM_INFO /home/runner/monitor.sv(31) @ 72: uvm_test_top.env.agent.mon [MON] Sampled: en=0, sel=00, y=0000
# KERNEL: UVM_INFO /home/runner/scoreboard.sv(27) @ 72: uvm_test_top.env.scb [dec_scoreboard] Scoreboard received item
# KERNEL: UVM_INFO /home/runner/scoreboard.sv(40) @ 72: uvm_test_top.env.scb [SCB_PASS] MATCH! en=0 sel=0 | Got: 0000 Expected: 0000
# KERNEL: UVM_INFO /home/runner/monitor.sv(31) @ 92: uvm_test_top.env.agent.mon [MON] Sampled: en=1, sel=11, y=1000
# KERNEL: UVM_INFO /home/runner/scoreboard.sv(27) @ 92: uvm_test_top.env.scb [dec_scoreboard] Scoreboard received item
# KERNEL: UVM_INFO /home/runner/scoreboard.sv(40) @ 92: uvm_test_top.env.scb [SCB_PASS] MATCH! en=1 sel=3 | Got: 1000 Expected: 1000
# KERNEL: UVM_INFO /home/runner/monitor.sv(31) @ 102: uvm_test_top.env.agent.mon [MON] Sampled: en=1, sel=00, y=0001
# KERNEL: UVM_INFO /home/runner/scoreboard.sv(27) @ 102: uvm_test_top.env.scb [dec_scoreboard] Scoreboard received item
# KERNEL: UVM_INFO /home/runner/scoreboard.sv(40) @ 102: uvm_test_top.env.scb [SCB_PASS] MATCH! en=1 sel=0 | Got: 0001 Expected: 0001
# KERNEL: UVM_INFO /home/runner/monitor.sv(31) @ 112: uvm_test_top.env.agent.mon [MON] Sampled: en=0, sel=11, y=0000
# KERNEL: UVM_INFO /home/runner/scoreboard.sv(27) @ 112: uvm_test_top.env.scb [dec_scoreboard] Scoreboard received item
# KERNEL: UVM_INFO /home/runner/scoreboard.sv(40) @ 112: uvm_test_top.env.scb [SCB_PASS] MATCH! en=0 sel=3 | Got: 0000 Expected: 0000
# KERNEL: UVM_INFO /home/runner/monitor.sv(31) @ 122: uvm_test_top.env.agent.mon [MON] Sampled: en=0, sel=01, y=0000
# KERNEL: UVM_INFO /home/runner/scoreboard.sv(27) @ 122: uvm_test_top.env.scb [dec_scoreboard] Scoreboard received item
# KERNEL: UVM_INFO /home/runner/scoreboard.sv(40) @ 122: uvm_test_top.env.scb [SCB_PASS] MATCH! en=0 sel=1 | Got: 0000 Expected: 0000
# KERNEL: UVM_INFO /home/runner/monitor.sv(31) @ 132: uvm_test_top.env.agent.mon [MON] Sampled: en=1, sel=10, y=0100
# KERNEL: UVM_INFO /home/runner/scoreboard.sv(27) @ 132: uvm_test_top.env.scb [dec_scoreboard] Scoreboard received item
# KERNEL: UVM_INFO /home/runner/scoreboard.sv(40) @ 132: uvm_test_top.env.scb [SCB_PASS] MATCH! en=1 sel=2 | Got: 0100 Expected: 0100
# KERNEL: UVM_INFO /home/runner/monitor.sv(31) @ 142: uvm_test_top.env.agent.mon [MON] Sampled: en=1, sel=01, y=0010
# KERNEL: UVM_INFO /home/runner/scoreboard.sv(27) @ 142: uvm_test_top.env.scb [dec_scoreboard] Scoreboard received item
# KERNEL: UVM_INFO /home/runner/scoreboard.sv(40) @ 142: uvm_test_top.env.scb [SCB_PASS] MATCH! en=1 sel=1 | Got: 0010 Expected: 0010
# KERNEL: UVM_INFO /home/runner/monitor.sv(31) @ 152: uvm_test_top.env.agent.mon [MON] Sampled: en=0, sel=10, y=0000
# KERNEL: UVM_INFO /home/runner/scoreboard.sv(27) @ 152: uvm_test_top.env.scb [dec_scoreboard] Scoreboard received item
# KERNEL: UVM_INFO /home/runner/scoreboard.sv(40) @ 152: uvm_test_top.env.scb [SCB_PASS] MATCH! en=0 sel=2 | Got: 0000 Expected: 0000
# KERNEL: UVM_INFO /home/runner/monitor.sv(31) @ 172: uvm_test_top.env.agent.mon [MON] Sampled: en=1, sel=01, y=0010
# KERNEL: UVM_INFO /home/runner/scoreboard.sv(27) @ 172: uvm_test_top.env.scb [dec_scoreboard] Scoreboard received item
# KERNEL: UVM_INFO /home/runner/scoreboard.sv(40) @ 172: uvm_test_top.env.scb [SCB_PASS] MATCH! en=1 sel=1 | Got: 0010 Expected: 0010
# KERNEL: UVM_INFO /home/runner/monitor.sv(31) @ 182: uvm_test_top.env.agent.mon [MON] Sampled: en=1, sel=10, y=0100
# KERNEL: UVM_INFO /home/runner/scoreboard.sv(27) @ 182: uvm_test_top.env.scb [dec_scoreboard] Scoreboard received item
# KERNEL: UVM_INFO /home/runner/scoreboard.sv(40) @ 182: uvm_test_top.env.scb [SCB_PASS] MATCH! en=1 sel=2 | Got: 0100 Expected: 0100
# KERNEL: UVM_INFO /home/runner/monitor.sv(31) @ 192: uvm_test_top.env.agent.mon [MON] Sampled: en=0, sel=01, y=0000
# KERNEL: UVM_INFO /home/runner/scoreboard.sv(27) @ 192: uvm_test_top.env.scb [dec_scoreboard] Scoreboard received item
# KERNEL: UVM_INFO /home/runner/scoreboard.sv(40) @ 192: uvm_test_top.env.scb [SCB_PASS] MATCH! en=0 sel=1 | Got: 0000 Expected: 0000
# KERNEL: UVM_INFO /home/runner/monitor.sv(31) @ 202: uvm_test_top.env.agent.mon [MON] Sampled: en=0, sel=11, y=0000
# KERNEL: UVM_INFO /home/runner/scoreboard.sv(27) @ 202: uvm_test_top.env.scb [dec_scoreboard] Scoreboard received item
# KERNEL: UVM_INFO /home/runner/scoreboard.sv(40) @ 202: uvm_test_top.env.scb [SCB_PASS] MATCH! en=0 sel=3 | Got: 0000 Expected: 0000
# KERNEL: UVM_INFO /home/runner/monitor.sv(31) @ 212: uvm_test_top.env.agent.mon [MON] Sampled: en=1, sel=00, y=0001
# KERNEL: UVM_INFO /home/runner/scoreboard.sv(27) @ 212: uvm_test_top.env.scb [dec_scoreboard] Scoreboard received item
# KERNEL: UVM_INFO /home/runner/scoreboard.sv(40) @ 212: uvm_test_top.env.scb [SCB_PASS] MATCH! en=1 sel=0 | Got: 0001 Expected: 0001
# KERNEL: UVM_INFO /home/runner/monitor.sv(31) @ 222: uvm_test_top.env.agent.mon [MON] Sampled: en=1, sel=11, y=1000
# KERNEL: UVM_INFO /home/runner/scoreboard.sv(27) @ 222: uvm_test_top.env.scb [dec_scoreboard] Scoreboard received item
# KERNEL: UVM_INFO /home/runner/scoreboard.sv(40) @ 222: uvm_test_top.env.scb [SCB_PASS] MATCH! en=1 sel=3 | Got: 1000 Expected: 1000
# KERNEL: UVM_INFO /home/runner/monitor.sv(31) @ 232: uvm_test_top.env.agent.mon [MON] Sampled: en=0, sel=00, y=0000
# KERNEL: UVM_INFO /home/runner/scoreboard.sv(27) @ 232: uvm_test_top.env.scb [dec_scoreboard] Scoreboard received item
# KERNEL: UVM_INFO /home/runner/scoreboard.sv(40) @ 232: uvm_test_top.env.scb [SCB_PASS] MATCH! en=0 sel=0 | Got: 0000 Expected: 0000
# KERNEL: UVM_INFO /home/runner/monitor.sv(31) @ 252: uvm_test_top.env.agent.mon [MON] Sampled: en=1, sel=11, y=1000
# KERNEL: UVM_INFO /home/runner/scoreboard.sv(27) @ 252: uvm_test_top.env.scb [dec_scoreboard] Scoreboard received item
# KERNEL: UVM_INFO /home/runner/scoreboard.sv(40) @ 252: uvm_test_top.env.scb [SCB_PASS] MATCH! en=1 sel=3 | Got: 1000 Expected: 1000
# KERNEL: UVM_INFO /home/runner/monitor.sv(31) @ 262: uvm_test_top.env.agent.mon [MON] Sampled: en=1, sel=00, y=0001
# KERNEL: UVM_INFO /home/runner/scoreboard.sv(27) @ 262: uvm_test_top.env.scb [dec_scoreboard] Scoreboard received item
# KERNEL: UVM_INFO /home/runner/scoreboard.sv(40) @ 262: uvm_test_top.env.scb [SCB_PASS] MATCH! en=1 sel=0 | Got: 0001 Expected: 0001
# KERNEL: UVM_INFO /home/runner/monitor.sv(31) @ 272: uvm_test_top.env.agent.mon [MON] Sampled: en=0, sel=11, y=0000
# KERNEL: UVM_INFO /home/runner/scoreboard.sv(27) @ 272: uvm_test_top.env.scb [dec_scoreboard] Scoreboard received item
# KERNEL: UVM_INFO /home/runner/scoreboard.sv(40) @ 272: uvm_test_top.env.scb [SCB_PASS] MATCH! en=0 sel=3 | Got: 0000 Expected: 0000
# KERNEL: UVM_INFO /home/runner/monitor.sv(31) @ 282: uvm_test_top.env.agent.mon [MON] Sampled: en=0, sel=01, y=0000
# KERNEL: UVM_INFO /home/runner/scoreboard.sv(27) @ 282: uvm_test_top.env.scb [dec_scoreboard] Scoreboard received item
# KERNEL: UVM_INFO /home/runner/scoreboard.sv(40) @ 282: uvm_test_top.env.scb [SCB_PASS] MATCH! en=0 sel=1 | Got: 0000 Expected: 0000
# KERNEL: UVM_INFO /home/runner/monitor.sv(31) @ 292: uvm_test_top.env.agent.mon [MON] Sampled: en=1, sel=10, y=0100
# KERNEL: UVM_INFO /home/runner/scoreboard.sv(27) @ 292: uvm_test_top.env.scb [dec_scoreboard] Scoreboard received item
# KERNEL: UVM_INFO /home/runner/scoreboard.sv(40) @ 292: uvm_test_top.env.scb [SCB_PASS] MATCH! en=1 sel=2 | Got: 0100 Expected: 0100
# KERNEL: UVM_INFO /home/runner/monitor.sv(31) @ 302: uvm_test_top.env.agent.mon [MON] Sampled: en=1, sel=01, y=0010
# KERNEL: UVM_INFO /home/runner/scoreboard.sv(27) @ 302: uvm_test_top.env.scb [dec_scoreboard] Scoreboard received item
# KERNEL: UVM_INFO /home/runner/scoreboard.sv(40) @ 302: uvm_test_top.env.scb [SCB_PASS] MATCH! en=1 sel=1 | Got: 0010 Expected: 0010
# KERNEL: UVM_INFO /home/runner/monitor.sv(31) @ 312: uvm_test_top.env.agent.mon [MON] Sampled: en=0, sel=10, y=0000
# KERNEL: UVM_INFO /home/runner/scoreboard.sv(27) @ 312: uvm_test_top.env.scb [dec_scoreboard] Scoreboard received item
# KERNEL: UVM_INFO /home/runner/scoreboard.sv(40) @ 312: uvm_test_top.env.scb [SCB_PASS] MATCH! en=0 sel=2 | Got: 0000 Expected: 0000
# KERNEL: UVM_INFO /home/runner/monitor.sv(31) @ 332: uvm_test_top.env.agent.mon [MON] Sampled: en=1, sel=01, y=0010
# KERNEL: UVM_INFO /home/runner/scoreboard.sv(27) @ 332: uvm_test_top.env.scb [dec_scoreboard] Scoreboard received item
# KERNEL: UVM_INFO /home/runner/scoreboard.sv(40) @ 332: uvm_test_top.env.scb [SCB_PASS] MATCH! en=1 sel=1 | Got: 0010 Expected: 0010
# KERNEL: UVM_INFO /home/runner/monitor.sv(31) @ 342: uvm_test_top.env.agent.mon [MON] Sampled: en=1, sel=10, y=0100
# KERNEL: UVM_INFO /home/runner/scoreboard.sv(27) @ 342: uvm_test_top.env.scb [dec_scoreboard] Scoreboard received item
# KERNEL: UVM_INFO /home/runner/scoreboard.sv(40) @ 342: uvm_test_top.env.scb [SCB_PASS] MATCH! en=1 sel=2 | Got: 0100 Expected: 0100
# KERNEL: UVM_INFO /home/runner/monitor.sv(31) @ 352: uvm_test_top.env.agent.mon [MON] Sampled: en=0, sel=01, y=0000
# KERNEL: UVM_INFO /home/runner/scoreboard.sv(27) @ 352: uvm_test_top.env.scb [dec_scoreboard] Scoreboard received item
# KERNEL: UVM_INFO /home/runner/scoreboard.sv(40) @ 352: uvm_test_top.env.scb [SCB_PASS] MATCH! en=0 sel=1 | Got: 0000 Expected: 0000
# KERNEL: UVM_INFO /home/runner/monitor.sv(31) @ 362: uvm_test_top.env.agent.mon [MON] Sampled: en=0, sel=11, y=0000
# KERNEL: UVM_INFO /home/runner/scoreboard.sv(27) @ 362: uvm_test_top.env.scb [dec_scoreboard] Scoreboard received item
# KERNEL: UVM_INFO /home/runner/scoreboard.sv(40) @ 362: uvm_test_top.env.scb [SCB_PASS] MATCH! en=0 sel=3 | Got: 0000 Expected: 0000
# KERNEL: UVM_INFO /home/runner/monitor.sv(31) @ 372: uvm_test_top.env.agent.mon [MON] Sampled: en=1, sel=00, y=0001
# KERNEL: UVM_INFO /home/runner/scoreboard.sv(27) @ 372: uvm_test_top.env.scb [dec_scoreboard] Scoreboard received item
# KERNEL: UVM_INFO /home/runner/scoreboard.sv(40) @ 372: uvm_test_top.env.scb [SCB_PASS] MATCH! en=1 sel=0 | Got: 0001 Expected: 0001
# KERNEL: UVM_INFO /home/runner/monitor.sv(31) @ 382: uvm_test_top.env.agent.mon [MON] Sampled: en=1, sel=11, y=1000
# KERNEL: UVM_INFO /home/runner/scoreboard.sv(27) @ 382: uvm_test_top.env.scb [dec_scoreboard] Scoreboard received item
# KERNEL: UVM_INFO /home/runner/scoreboard.sv(40) @ 382: uvm_test_top.env.scb [SCB_PASS] MATCH! en=1 sel=3 | Got: 1000 Expected: 1000
# KERNEL: UVM_INFO /home/runner/monitor.sv(31) @ 392: uvm_test_top.env.agent.mon [MON] Sampled: en=0, sel=00, y=0000
# KERNEL: UVM_INFO /home/runner/scoreboard.sv(27) @ 392: uvm_test_top.env.scb [dec_scoreboard] Scoreboard received item
# KERNEL: UVM_INFO /home/runner/scoreboard.sv(40) @ 392: uvm_test_top.env.scb [SCB_PASS] MATCH! en=0 sel=0 | Got: 0000 Expected: 0000
# KERNEL: UVM_INFO /home/runner/monitor.sv(31) @ 412: uvm_test_top.env.agent.mon [MON] Sampled: en=1, sel=11, y=1000
# KERNEL: UVM_INFO /home/runner/scoreboard.sv(27) @ 412: uvm_test_top.env.scb [dec_scoreboard] Scoreboard received item
# KERNEL: UVM_INFO /home/runner/scoreboard.sv(40) @ 412: uvm_test_top.env.scb [SCB_PASS] MATCH! en=1 sel=3 | Got: 1000 Expected: 1000
# KERNEL: UVM_INFO /home/runner/monitor.sv(31) @ 422: uvm_test_top.env.agent.mon [MON] Sampled: en=1, sel=00, y=0001
# KERNEL: UVM_INFO /home/runner/scoreboard.sv(27) @ 422: uvm_test_top.env.scb [dec_scoreboard] Scoreboard received item
# KERNEL: UVM_INFO /home/runner/scoreboard.sv(40) @ 422: uvm_test_top.env.scb [SCB_PASS] MATCH! en=1 sel=0 | Got: 0001 Expected: 0001
# KERNEL: UVM_INFO /home/runner/monitor.sv(31) @ 432: uvm_test_top.env.agent.mon [MON] Sampled: en=0, sel=11, y=0000
# KERNEL: UVM_INFO /home/runner/scoreboard.sv(27) @ 432: uvm_test_top.env.scb [dec_scoreboard] Scoreboard received item
# KERNEL: UVM_INFO /home/runner/scoreboard.sv(40) @ 432: uvm_test_top.env.scb [SCB_PASS] MATCH! en=0 sel=3 | Got: 0000 Expected: 0000
# KERNEL: UVM_INFO /home/runner/monitor.sv(31) @ 442: uvm_test_top.env.agent.mon [MON] Sampled: en=0, sel=01, y=0000
# KERNEL: UVM_INFO /home/runner/scoreboard.sv(27) @ 442: uvm_test_top.env.scb [dec_scoreboard] Scoreboard received item
# KERNEL: UVM_INFO /home/runner/scoreboard.sv(40) @ 442: uvm_test_top.env.scb [SCB_PASS] MATCH! en=0 sel=1 | Got: 0000 Expected: 0000
# KERNEL: UVM_INFO /home/runner/monitor.sv(31) @ 452: uvm_test_top.env.agent.mon [MON] Sampled: en=1, sel=10, y=0100
# KERNEL: UVM_INFO /home/runner/scoreboard.sv(27) @ 452: uvm_test_top.env.scb [dec_scoreboard] Scoreboard received item
# KERNEL: UVM_INFO /home/runner/scoreboard.sv(40) @ 452: uvm_test_top.env.scb [SCB_PASS] MATCH! en=1 sel=2 | Got: 0100 Expected: 0100
# KERNEL: UVM_INFO /home/runner/monitor.sv(31) @ 462: uvm_test_top.env.agent.mon [MON] Sampled: en=1, sel=01, y=0010
# KERNEL: UVM_INFO /home/runner/scoreboard.sv(27) @ 462: uvm_test_top.env.scb [dec_scoreboard] Scoreboard received item
# KERNEL: UVM_INFO /home/runner/scoreboard.sv(40) @ 462: uvm_test_top.env.scb [SCB_PASS] MATCH! en=1 sel=1 | Got: 0010 Expected: 0010
# KERNEL: UVM_INFO /home/runner/monitor.sv(31) @ 472: uvm_test_top.env.agent.mon [MON] Sampled: en=0, sel=10, y=0000
# KERNEL: UVM_INFO /home/runner/scoreboard.sv(27) @ 472: uvm_test_top.env.scb [dec_scoreboard] Scoreboard received item
# KERNEL: UVM_INFO /home/runner/scoreboard.sv(40) @ 472: uvm_test_top.env.scb [SCB_PASS] MATCH! en=0 sel=2 | Got: 0000 Expected: 0000
# KERNEL: UVM_INFO /home/runner/monitor.sv(31) @ 492: uvm_test_top.env.agent.mon [MON] Sampled: en=1, sel=01, y=0010
# KERNEL: UVM_INFO /home/runner/scoreboard.sv(27) @ 492: uvm_test_top.env.scb [dec_scoreboard] Scoreboard received item
# KERNEL: UVM_INFO /home/runner/scoreboard.sv(40) @ 492: uvm_test_top.env.scb [SCB_PASS] MATCH! en=1 sel=1 | Got: 0010 Expected: 0010
# KERNEL: UVM_INFO /home/runner/sequence1.sv(43) @ 500: uvm_test_top.env.agent.sqr@@s1 [dec_base_sequence] Sequence body finished
# KERNEL: UVM_INFO /home/runner/master_seq.sv(32) @ 500: uvm_test_top.env.agent.sqr@@seq [MASTER_SEQ] Starting Sequence 2...
# KERNEL: UVM_INFO /home/runner/sequence2.sv(11) @ 500: uvm_test_top.env.agent.sqr@@s2 [dec_en_zero_seq] Starting en_zero Stimulus for all ports...
# KERNEL: UVM_INFO /home/runner/monitor.sv(31) @ 502: uvm_test_top.env.agent.mon [MON] Sampled: en=0, sel=11, y=0000
# KERNEL: UVM_INFO /home/runner/scoreboard.sv(27) @ 502: uvm_test_top.env.scb [dec_scoreboard] Scoreboard received item
# KERNEL: UVM_INFO /home/runner/scoreboard.sv(40) @ 502: uvm_test_top.env.scb [SCB_PASS] MATCH! en=0 sel=3 | Got: 0000 Expected: 0000
# KERNEL: UVM_INFO /home/runner/monitor.sv(31) @ 512: uvm_test_top.env.agent.mon [MON] Sampled: en=0, sel=01, y=0000
# KERNEL: UVM_INFO /home/runner/scoreboard.sv(27) @ 512: uvm_test_top.env.scb [dec_scoreboard] Scoreboard received item
# KERNEL: UVM_INFO /home/runner/scoreboard.sv(40) @ 512: uvm_test_top.env.scb [SCB_PASS] MATCH! en=0 sel=1 | Got: 0000 Expected: 0000
# KERNEL: UVM_INFO /home/runner/monitor.sv(31) @ 522: uvm_test_top.env.agent.mon [MON] Sampled: en=0, sel=10, y=0000
# KERNEL: UVM_INFO /home/runner/scoreboard.sv(27) @ 522: uvm_test_top.env.scb [dec_scoreboard] Scoreboard received item
# KERNEL: UVM_INFO /home/runner/scoreboard.sv(40) @ 522: uvm_test_top.env.scb [SCB_PASS] MATCH! en=0 sel=2 | Got: 0000 Expected: 0000
# KERNEL: UVM_INFO /home/runner/monitor.sv(31) @ 542: uvm_test_top.env.agent.mon [MON] Sampled: en=0, sel=00, y=0000
# KERNEL: UVM_INFO /home/runner/scoreboard.sv(27) @ 542: uvm_test_top.env.scb [dec_scoreboard] Scoreboard received item
# KERNEL: UVM_INFO /home/runner/scoreboard.sv(40) @ 542: uvm_test_top.env.scb [SCB_PASS] MATCH! en=0 sel=0 | Got: 0000 Expected: 0000
# KERNEL: UVM_INFO /home/runner/master_seq.sv(36) @ 550: uvm_test_top.env.agent.sqr@@seq [MASTER_SEQ] Starting Sequence 3...
# KERNEL: UVM_INFO /home/runner/sequence3.sv(11) @ 550: uvm_test_top.env.agent.sqr@@s3 [dec_en_one_seq] Starting en_one Stimulus for all ports...
# KERNEL: UVM_INFO /home/runner/monitor.sv(31) @ 552: uvm_test_top.env.agent.mon [MON] Sampled: en=1, sel=10, y=0100
# KERNEL: UVM_INFO /home/runner/scoreboard.sv(27) @ 552: uvm_test_top.env.scb [dec_scoreboard] Scoreboard received item
# KERNEL: UVM_INFO /home/runner/scoreboard.sv(40) @ 552: uvm_test_top.env.scb [SCB_PASS] MATCH! en=1 sel=2 | Got: 0100 Expected: 0100
# KERNEL: UVM_INFO /home/runner/monitor.sv(31) @ 562: uvm_test_top.env.agent.mon [MON] Sampled: en=1, sel=01, y=0010
# KERNEL: UVM_INFO /home/runner/scoreboard.sv(27) @ 562: uvm_test_top.env.scb [dec_scoreboard] Scoreboard received item
# KERNEL: UVM_INFO /home/runner/scoreboard.sv(40) @ 562: uvm_test_top.env.scb [SCB_PASS] MATCH! en=1 sel=1 | Got: 0010 Expected: 0010
# KERNEL: UVM_INFO /home/runner/monitor.sv(31) @ 572: uvm_test_top.env.agent.mon [MON] Sampled: en=1, sel=10, y=0100
# KERNEL: UVM_INFO /home/runner/scoreboard.sv(27) @ 572: uvm_test_top.env.scb [dec_scoreboard] Scoreboard received item
# KERNEL: UVM_INFO /home/runner/scoreboard.sv(40) @ 572: uvm_test_top.env.scb [SCB_PASS] MATCH! en=1 sel=2 | Got: 0100 Expected: 0100
# KERNEL: UVM_INFO /home/runner/monitor.sv(31) @ 582: uvm_test_top.env.agent.mon [MON] Sampled: en=1, sel=01, y=0010
# KERNEL: UVM_INFO /home/runner/scoreboard.sv(27) @ 582: uvm_test_top.env.scb [dec_scoreboard] Scoreboard received item
# KERNEL: UVM_INFO /home/runner/scoreboard.sv(40) @ 582: uvm_test_top.env.scb [SCB_PASS] MATCH! en=1 sel=1 | Got: 0010 Expected: 0010
# KERNEL: UVM_INFO /home/runner/monitor.sv(31) @ 592: uvm_test_top.env.agent.mon [MON] Sampled: en=1, sel=11, y=1000
# KERNEL: UVM_INFO /home/runner/scoreboard.sv(27) @ 592: uvm_test_top.env.scb [dec_scoreboard] Scoreboard received item
# KERNEL: UVM_INFO /home/runner/scoreboard.sv(40) @ 592: uvm_test_top.env.scb [SCB_PASS] MATCH! en=1 sel=3 | Got: 1000 Expected: 1000
# KERNEL: UVM_INFO /home/runner/monitor.sv(31) @ 602: uvm_test_top.env.agent.mon [MON] Sampled: en=1, sel=00, y=0001
# KERNEL: UVM_INFO /home/runner/scoreboard.sv(27) @ 602: uvm_test_top.env.scb [dec_scoreboard] Scoreboard received item
# KERNEL: UVM_INFO /home/runner/scoreboard.sv(40) @ 602: uvm_test_top.env.scb [SCB_PASS] MATCH! en=1 sel=0 | Got: 0001 Expected: 0001
# KERNEL: UVM_INFO /home/runner/monitor.sv(31) @ 612: uvm_test_top.env.agent.mon [MON] Sampled: en=1, sel=11, y=1000
# KERNEL: UVM_INFO /home/runner/scoreboard.sv(27) @ 612: uvm_test_top.env.scb [dec_scoreboard] Scoreboard received item
# KERNEL: UVM_INFO /home/runner/scoreboard.sv(40) @ 612: uvm_test_top.env.scb [SCB_PASS] MATCH! en=1 sel=3 | Got: 1000 Expected: 1000
# KERNEL: UVM_INFO /home/runner/monitor.sv(31) @ 622: uvm_test_top.env.agent.mon [MON] Sampled: en=1, sel=00, y=0001
# KERNEL: UVM_INFO /home/runner/scoreboard.sv(27) @ 622: uvm_test_top.env.scb [dec_scoreboard] Scoreboard received item
# KERNEL: UVM_INFO /home/runner/scoreboard.sv(40) @ 622: uvm_test_top.env.scb [SCB_PASS] MATCH! en=1 sel=0 | Got: 0001 Expected: 0001
# KERNEL: UVM_INFO /home/runner/monitor.sv(31) @ 642: uvm_test_top.env.agent.mon [MON] Sampled: en=1, sel=11, y=1000
# KERNEL: UVM_INFO /home/runner/scoreboard.sv(27) @ 642: uvm_test_top.env.scb [dec_scoreboard] Scoreboard received item
# KERNEL: UVM_INFO /home/runner/scoreboard.sv(40) @ 642: uvm_test_top.env.scb [SCB_PASS] MATCH! en=1 sel=3 | Got: 1000 Expected: 1000
# KERNEL: UVM_INFO /home/runner/monitor.sv(31) @ 652: uvm_test_top.env.agent.mon [MON] Sampled: en=1, sel=00, y=0001
# KERNEL: UVM_INFO /home/runner/scoreboard.sv(27) @ 652: uvm_test_top.env.scb [dec_scoreboard] Scoreboard received item
# KERNEL: UVM_INFO /home/runner/scoreboard.sv(40) @ 652: uvm_test_top.env.scb [SCB_PASS] MATCH! en=1 sel=0 | Got: 0001 Expected: 0001
# KERNEL: UVM_INFO /home/runner/monitor.sv(31) @ 662: uvm_test_top.env.agent.mon [MON] Sampled: en=1, sel=11, y=1000
# KERNEL: UVM_INFO /home/runner/scoreboard.sv(27) @ 662: uvm_test_top.env.scb [dec_scoreboard] Scoreboard received item
# KERNEL: UVM_INFO /home/runner/scoreboard.sv(40) @ 662: uvm_test_top.env.scb [SCB_PASS] MATCH! en=1 sel=3 | Got: 1000 Expected: 1000
# KERNEL: UVM_INFO /home/runner/monitor.sv(31) @ 672: uvm_test_top.env.agent.mon [MON] Sampled: en=1, sel=01, y=0010
# KERNEL: UVM_INFO /home/runner/scoreboard.sv(27) @ 672: uvm_test_top.env.scb [dec_scoreboard] Scoreboard received item
# KERNEL: UVM_INFO /home/runner/scoreboard.sv(40) @ 672: uvm_test_top.env.scb [SCB_PASS] MATCH! en=1 sel=1 | Got: 0010 Expected: 0010
# KERNEL: UVM_INFO /home/runner/monitor.sv(31) @ 682: uvm_test_top.env.agent.mon [MON] Sampled: en=1, sel=10, y=0100
# KERNEL: UVM_INFO /home/runner/scoreboard.sv(27) @ 682: uvm_test_top.env.scb [dec_scoreboard] Scoreboard received item
# KERNEL: UVM_INFO /home/runner/scoreboard.sv(40) @ 682: uvm_test_top.env.scb [SCB_PASS] MATCH! en=1 sel=2 | Got: 0100 Expected: 0100
# KERNEL: UVM_INFO /home/runner/monitor.sv(31) @ 692: uvm_test_top.env.agent.mon [MON] Sampled: en=1, sel=01, y=0010
# KERNEL: UVM_INFO /home/runner/scoreboard.sv(27) @ 692: uvm_test_top.env.scb [dec_scoreboard] Scoreboard received item
# KERNEL: UVM_INFO /home/runner/scoreboard.sv(40) @ 692: uvm_test_top.env.scb [SCB_PASS] MATCH! en=1 sel=1 | Got: 0010 Expected: 0010
# KERNEL: UVM_INFO /home/runner/monitor.sv(31) @ 702: uvm_test_top.env.agent.mon [MON] Sampled: en=1, sel=10, y=0100
# KERNEL: UVM_INFO /home/runner/scoreboard.sv(27) @ 702: uvm_test_top.env.scb [dec_scoreboard] Scoreboard received item
# KERNEL: UVM_INFO /home/runner/scoreboard.sv(40) @ 702: uvm_test_top.env.scb [SCB_PASS] MATCH! en=1 sel=2 | Got: 0100 Expected: 0100
# KERNEL: UVM_INFO /home/runner/monitor.sv(31) @ 722: uvm_test_top.env.agent.mon [MON] Sampled: en=1, sel=01, y=0010
# KERNEL: UVM_INFO /home/runner/scoreboard.sv(27) @ 722: uvm_test_top.env.scb [dec_scoreboard] Scoreboard received item
# KERNEL: UVM_INFO /home/runner/scoreboard.sv(40) @ 722: uvm_test_top.env.scb [SCB_PASS] MATCH! en=1 sel=1 | Got: 0010 Expected: 0010
# KERNEL: UVM_INFO /home/runner/monitor.sv(31) @ 732: uvm_test_top.env.agent.mon [MON] Sampled: en=1, sel=10, y=0100
# KERNEL: UVM_INFO /home/runner/scoreboard.sv(27) @ 732: uvm_test_top.env.scb [dec_scoreboard] Scoreboard received item
# KERNEL: UVM_INFO /home/runner/scoreboard.sv(40) @ 732: uvm_test_top.env.scb [SCB_PASS] MATCH! en=1 sel=2 | Got: 0100 Expected: 0100
# KERNEL: UVM_INFO /home/runner/monitor.sv(31) @ 742: uvm_test_top.env.agent.mon [MON] Sampled: en=1, sel=01, y=0010
# KERNEL: UVM_INFO /home/runner/scoreboard.sv(27) @ 742: uvm_test_top.env.scb [dec_scoreboard] Scoreboard received item
# KERNEL: UVM_INFO /home/runner/scoreboard.sv(40) @ 742: uvm_test_top.env.scb [SCB_PASS] MATCH! en=1 sel=1 | Got: 0010 Expected: 0010
# KERNEL: UVM_INFO /home/runner/master_seq.sv(39) @ 750: uvm_test_top.env.agent.sqr@@seq [MASTER_SEQ] Starting Sequence 4...
# KERNEL: UVM_INFO /home/runner/sequence4.sv(11) @ 750: uvm_test_top.env.agent.sqr@@s4 [dec_walking_ones_seq] Starting walking_ones Stimulus for all ports...
# KERNEL: UVM_INFO /home/runner/monitor.sv(31) @ 752: uvm_test_top.env.agent.mon [MON] Sampled: en=1, sel=00, y=0001
# KERNEL: UVM_INFO /home/runner/scoreboard.sv(27) @ 752: uvm_test_top.env.scb [dec_scoreboard] Scoreboard received item
# KERNEL: UVM_INFO /home/runner/scoreboard.sv(40) @ 752: uvm_test_top.env.scb [SCB_PASS] MATCH! en=1 sel=0 | Got: 0001 Expected: 0001
# KERNEL: UVM_INFO /home/runner/monitor.sv(31) @ 762: uvm_test_top.env.agent.mon [MON] Sampled: en=1, sel=01, y=0010
# KERNEL: UVM_INFO /home/runner/scoreboard.sv(27) @ 762: uvm_test_top.env.scb [dec_scoreboard] Scoreboard received item
# KERNEL: UVM_INFO /home/runner/scoreboard.sv(40) @ 762: uvm_test_top.env.scb [SCB_PASS] MATCH! en=1 sel=1 | Got: 0010 Expected: 0010
# KERNEL: UVM_INFO /home/runner/monitor.sv(31) @ 772: uvm_test_top.env.agent.mon [MON] Sampled: en=1, sel=10, y=0100
# KERNEL: UVM_INFO /home/runner/scoreboard.sv(27) @ 772: uvm_test_top.env.scb [dec_scoreboard] Scoreboard received item
# KERNEL: UVM_INFO /home/runner/scoreboard.sv(40) @ 772: uvm_test_top.env.scb [SCB_PASS] MATCH! en=1 sel=2 | Got: 0100 Expected: 0100
# KERNEL: UVM_INFO /home/runner/monitor.sv(31) @ 782: uvm_test_top.env.agent.mon [MON] Sampled: en=1, sel=11, y=1000
# KERNEL: UVM_INFO /home/runner/scoreboard.sv(27) @ 782: uvm_test_top.env.scb [dec_scoreboard] Scoreboard received item
# KERNEL: UVM_INFO /home/runner/scoreboard.sv(40) @ 782: uvm_test_top.env.scb [SCB_PASS] MATCH! en=1 sel=3 | Got: 1000 Expected: 1000
# KERNEL: UVM_INFO /home/runner/master_seq.sv(42) @ 790: uvm_test_top.env.agent.sqr@@seq [MASTER_SEQ] Starting Sequence 5...
# KERNEL: UVM_INFO /home/runner/sequence5.sv(11) @ 790: uvm_test_top.env.agent.sqr@@s5 [dec_en_toggle_seq] Starting en_toggle Stimulus for all ports...
# KERNEL: UVM_INFO /home/runner/monitor.sv(31) @ 792: uvm_test_top.env.agent.mon [MON] Sampled: en=1, sel=00, y=0001
# KERNEL: UVM_INFO /home/runner/scoreboard.sv(27) @ 792: uvm_test_top.env.scb [dec_scoreboard] Scoreboard received item
# KERNEL: UVM_INFO /home/runner/scoreboard.sv(40) @ 792: uvm_test_top.env.scb [SCB_PASS] MATCH! en=1 sel=0 | Got: 0001 Expected: 0001
# KERNEL: UVM_INFO /home/runner/monitor.sv(31) @ 802: uvm_test_top.env.agent.mon [MON] Sampled: en=0, sel=11, y=0000
# KERNEL: UVM_INFO /home/runner/scoreboard.sv(27) @ 802: uvm_test_top.env.scb [dec_scoreboard] Scoreboard received item
# KERNEL: UVM_INFO /home/runner/scoreboard.sv(40) @ 802: uvm_test_top.env.scb [SCB_PASS] MATCH! en=0 sel=3 | Got: 0000 Expected: 0000
# KERNEL: UVM_INFO /home/runner/monitor.sv(31) @ 812: uvm_test_top.env.agent.mon [MON] Sampled: en=0, sel=00, y=0000
# KERNEL: UVM_INFO /home/runner/scoreboard.sv(27) @ 812: uvm_test_top.env.scb [dec_scoreboard] Scoreboard received item
# KERNEL: UVM_INFO /home/runner/scoreboard.sv(40) @ 812: uvm_test_top.env.scb [SCB_PASS] MATCH! en=0 sel=0 | Got: 0000 Expected: 0000
# KERNEL: UVM_INFO /home/runner/monitor.sv(31) @ 822: uvm_test_top.env.agent.mon [MON] Sampled: en=1, sel=11, y=1000
# KERNEL: UVM_INFO /home/runner/scoreboard.sv(27) @ 822: uvm_test_top.env.scb [dec_scoreboard] Scoreboard received item
# KERNEL: UVM_INFO /home/runner/scoreboard.sv(40) @ 822: uvm_test_top.env.scb [SCB_PASS] MATCH! en=1 sel=3 | Got: 1000 Expected: 1000
# KERNEL: UVM_INFO /home/runner/monitor.sv(31) @ 832: uvm_test_top.env.agent.mon [MON] Sampled: en=1, sel=01, y=0010
# KERNEL: UVM_INFO /home/runner/scoreboard.sv(27) @ 832: uvm_test_top.env.scb [dec_scoreboard] Scoreboard received item
# KERNEL: UVM_INFO /home/runner/scoreboard.sv(40) @ 832: uvm_test_top.env.scb [SCB_PASS] MATCH! en=1 sel=1 | Got: 0010 Expected: 0010
# KERNEL: UVM_INFO /home/runner/monitor.sv(31) @ 842: uvm_test_top.env.agent.mon [MON] Sampled: en=0, sel=10, y=0000
# KERNEL: UVM_INFO /home/runner/scoreboard.sv(27) @ 842: uvm_test_top.env.scb [dec_scoreboard] Scoreboard received item
# KERNEL: UVM_INFO /home/runner/scoreboard.sv(40) @ 842: uvm_test_top.env.scb [SCB_PASS] MATCH! en=0 sel=2 | Got: 0000 Expected: 0000
# KERNEL: UVM_INFO /home/runner/monitor.sv(31) @ 852: uvm_test_top.env.agent.mon [MON] Sampled: en=0, sel=01, y=0000
# KERNEL: UVM_INFO /home/runner/scoreboard.sv(27) @ 852: uvm_test_top.env.scb [dec_scoreboard] Scoreboard received item
# KERNEL: UVM_INFO /home/runner/scoreboard.sv(40) @ 852: uvm_test_top.env.scb [SCB_PASS] MATCH! en=0 sel=1 | Got: 0000 Expected: 0000
# KERNEL: UVM_INFO /home/runner/monitor.sv(31) @ 862: uvm_test_top.env.agent.mon [MON] Sampled: en=1, sel=10, y=0100
# KERNEL: UVM_INFO /home/runner/scoreboard.sv(27) @ 862: uvm_test_top.env.scb [dec_scoreboard] Scoreboard received item
# KERNEL: UVM_INFO /home/runner/scoreboard.sv(40) @ 862: uvm_test_top.env.scb [SCB_PASS] MATCH! en=1 sel=2 | Got: 0100 Expected: 0100
# KERNEL: UVM_INFO /home/runner/monitor.sv(31) @ 882: uvm_test_top.env.agent.mon [MON] Sampled: en=0, sel=01, y=0000
# KERNEL: UVM_INFO /home/runner/scoreboard.sv(27) @ 882: uvm_test_top.env.scb [dec_scoreboard] Scoreboard received item
# KERNEL: UVM_INFO /home/runner/scoreboard.sv(40) @ 882: uvm_test_top.env.scb [SCB_PASS] MATCH! en=0 sel=1 | Got: 0000 Expected: 0000
# KERNEL: UVM_INFO /home/runner/master_seq.sv(46) @ 890: uvm_test_top.env.agent.sqr@@seq [MASTER_SEQ] Starting Sequence 6...
# KERNEL: UVM_INFO /home/runner/sequence6.sv(12) @ 890: uvm_test_top.env.agent.sqr@@s6 [dec_x_propogation_seq] Starting x_propogation Stimulus for all ports...
# KERNEL: UVM_INFO /home/runner/monitor.sv(31) @ 892: uvm_test_top.env.agent.mon [MON] Sampled: en=1, sel=xx, y=xxxx
# KERNEL: UVM_INFO /home/runner/scoreboard.sv(27) @ 892: uvm_test_top.env.scb [dec_scoreboard] Scoreboard received item
# KERNEL: UVM_INFO /home/runner/scoreboard.sv(40) @ 892: uvm_test_top.env.scb [SCB_PASS] MATCH! en=1 sel=x | Got: xxxx Expected: xxxx
# KERNEL: UVM_INFO /home/runner/master_seq.sv(49) @ 900: uvm_test_top.env.agent.sqr@@seq [MASTER_SEQ] Starting Sequence 7...
# KERNEL: UVM_INFO /home/runner/sequence7.sv(13) @ 900: uvm_test_top.env.agent.sqr@@s7 [dec_sel_toggle_seq] Starting sel_toggle Stimulus for all ports...
# KERNEL: Error: assertion.sv (12): Violation: More than one output bit is high!
# KERNEL: Error: assertion.sv (36): Violation: Output y does not match selection input!
# KERNEL: UVM_INFO /home/runner/monitor.sv(31) @ 902: uvm_test_top.env.agent.mon [MON] Sampled: en=1, sel=00, y=0001
# KERNEL: UVM_INFO /home/runner/scoreboard.sv(27) @ 902: uvm_test_top.env.scb [dec_scoreboard] Scoreboard received item
# KERNEL: UVM_INFO /home/runner/scoreboard.sv(40) @ 902: uvm_test_top.env.scb [SCB_PASS] MATCH! en=1 sel=0 | Got: 0001 Expected: 0001
# KERNEL: UVM_INFO /home/runner/monitor.sv(31) @ 932: uvm_test_top.env.agent.mon [MON] Sampled: en=1, sel=01, y=0010
# KERNEL: UVM_INFO /home/runner/scoreboard.sv(27) @ 932: uvm_test_top.env.scb [dec_scoreboard] Scoreboard received item
# KERNEL: UVM_INFO /home/runner/scoreboard.sv(40) @ 932: uvm_test_top.env.scb [SCB_PASS] MATCH! en=1 sel=1 | Got: 0010 Expected: 0010
# KERNEL: UVM_INFO /home/runner/monitor.sv(31) @ 952: uvm_test_top.env.agent.mon [MON] Sampled: en=1, sel=10, y=0100
# KERNEL: UVM_INFO /home/runner/scoreboard.sv(27) @ 952: uvm_test_top.env.scb [dec_scoreboard] Scoreboard received item
# KERNEL: UVM_INFO /home/runner/scoreboard.sv(40) @ 952: uvm_test_top.env.scb [SCB_PASS] MATCH! en=1 sel=2 | Got: 0100 Expected: 0100
# KERNEL: UVM_INFO /home/runner/monitor.sv(31) @ 982: uvm_test_top.env.agent.mon [MON] Sampled: en=1, sel=11, y=1000
# KERNEL: UVM_INFO /home/runner/scoreboard.sv(27) @ 982: uvm_test_top.env.scb [dec_scoreboard] Scoreboard received item
# KERNEL: UVM_INFO /home/runner/scoreboard.sv(40) @ 982: uvm_test_top.env.scb [SCB_PASS] MATCH! en=1 sel=3 | Got: 1000 Expected: 1000
# KERNEL: UVM_INFO /home/runner/monitor.sv(31) @ 992: uvm_test_top.env.agent.mon [MON] Sampled: en=1, sel=10, y=0100
# KERNEL: UVM_INFO /home/runner/scoreboard.sv(27) @ 992: uvm_test_top.env.scb [dec_scoreboard] Scoreboard received item
# KERNEL: UVM_INFO /home/runner/scoreboard.sv(40) @ 992: uvm_test_top.env.scb [SCB_PASS] MATCH! en=1 sel=2 | Got: 0100 Expected: 0100
# KERNEL: UVM_INFO /home/runner/monitor.sv(31) @ 1002: uvm_test_top.env.agent.mon [MON] Sampled: en=1, sel=11, y=1000
# KERNEL: UVM_INFO /home/runner/scoreboard.sv(27) @ 1002: uvm_test_top.env.scb [dec_scoreboard] Scoreboard received item
# KERNEL: UVM_INFO /home/runner/scoreboard.sv(40) @ 1002: uvm_test_top.env.scb [SCB_PASS] MATCH! en=1 sel=3 | Got: 1000 Expected: 1000
# KERNEL: UVM_INFO /home/runner/test.sv(26) @ 1070: uvm_test_top [dec_test] Test finished!
# KERNEL: UVM_INFO ./uvm-1.2/src/base/uvm_objection.svh(1271) @ 1070: reporter [TEST_DONE] 'run' phase is ready to proceed to the 'extract' phase
# KERNEL: UVM_INFO /home/runner/scoreboard.sv(53) @ 1070: uvm_test_top.env.scb [dec_scoreboard] Tests Passed: 86, Failed: 0
# KERNEL: UVM_INFO ./uvm-1.2/src/base/uvm_report_server.svh(869) @ 1070: reporter [UVM/REPORT/SERVER] 
# KERNEL: --- UVM Report Summary ---
# KERNEL: 
# KERNEL: ** Report counts by severity
# KERNEL: UVM_INFO :  279
# KERNEL: UVM_WARNING :    0
# KERNEL: UVM_ERROR :    0
# KERNEL: UVM_FATAL :    0
# KERNEL: ** Report counts by id
# KERNEL: [MASTER_SEQ]     7
# KERNEL: [MON]    86
# KERNEL: [RNTST]     1
# KERNEL: [SCB_PASS]    86
# KERNEL: [TEST_DONE]     1
# KERNEL: [UVM/RELNOTES]     1
# KERNEL: [dec_base_sequence]     2
# KERNEL: [dec_en_one_seq]     1
# KERNEL: [dec_en_toggle_seq]     1
# KERNEL: [dec_en_zero_seq]     1
# KERNEL: [dec_scoreboard]    87
# KERNEL: [dec_sel_toggle_seq]     1
# KERNEL: [dec_test]     2
# KERNEL: [dec_walking_ones_seq]     1
# KERNEL: [dec_x_propogation_seq]     1
# KERNEL: 
# RUNTIME: Info: RUNTIME_0068 uvm_root.svh (521): $finish called.
# KERNEL: Time: 1070 ns,  Iteration: 56,  Instance: /tb_top,  Process: @INITIAL#19_0@.
# KERNEL: stopped at time: 1070 ns
# VSIM: Simulation has finished. There are no more test vectors to simulate.
acdb save;
acdb report -db fcover.acdb -txt -o cov.txt -verbose;
# ACDB: Coverage report "cov.txt" was generated successfully.
exec cat cov.txt;
# +++++++++++++++++++++++++++++++++++++++++++++
# ++++++++++       REPORT INFO       ++++++++++
# +++++++++++++++++++++++++++++++++++++++++++++
# 
# 
# SUMMARY
# ===============================================
# |     Property     |          Value           |
# ===============================================
# | User             | runner                   |
# | Host             | 6372e4808e51             |
# | Tool             | Riviera-PRO 2025.04      |
# | Report file      | /home/runner/cov.txt     |
# | Report date      | 2026-04-03 07:25         |
# | Report arguments | -verbose                 |
# | Input file       | /home/runner/fcover.acdb |
# | Input file date  | 2026-04-03 07:25         |
# | Number of tests  | 1                        |
# ===============================================
# 
# 
# TEST DETAILS
# ==============================================
# | Property |              Value              |
# ==============================================
# | Test     | fcover.acdb:fcover              |
# | Status   | Error                           |
# | Args     | asim +access+r                  |
# | Simtime  | 1070 ns                         |
# | Cputime  | 1.414 s                         |
# | Seed     | 1                               |
# | Date     | 2026-04-03 07:25                |
# | User     | runner                          |
# | Host     | 6372e4808e51                    |
# | Host os  | Linux64                         |
# | Tool     | Riviera-PRO 2025.04 (simulator) |
# ==============================================
# 
# 
# +++++++++++++++++++++++++++++++++++++++++++++
# ++++++++++     DESIGN HIERARCHY    ++++++++++
# +++++++++++++++++++++++++++++++++++++++++++++
# 
# 
# CUMULATIVE SUMMARY
# =============================================
# |    Coverage Type    | Weight | Hits/Total |
# =============================================
# | Covergroup Coverage |      1 |    97.500% |
# |---------------------|--------|------------|
# | Types               |        |      0 / 1 |
# =============================================
# CUMULATIVE INSTANCE-BASED COVERAGE: 97.500%
# COVERED INSTANCES: 0 / 1
# FILES: 1
# 
# 
# CLASS - /\package dec_pkg\/dec_coverage : work.dec_pkg/\dec_pkg dec_coverage \
# 
# 
#     SUMMARY
#     =============================================
#     |    Coverage Type    | Weight | Hits/Total |
#     =============================================
#     | Covergroup Coverage |      1 |    97.500% |
#     |---------------------|--------|------------|
#     | Types               |        |      0 / 1 |
#     =============================================
#     WEIGHTED AVERAGE LOCAL: 97.500%
# 
# 
#     COVERGROUP COVERAGE
#     =================================================================================
#     |                 Covergroup                  |   Hits   |  Goal /  |  Status   |
#     |                                             |          | At Least |           |
#     =================================================================================
#     | TYPE /\package dec_pkg\/dec_coverage/dec_cg |  97.500% | 100.000% | Uncovered |
#     =================================================================================
#     | INSTANCE <UNNAMED1>                         |  97.500% | 100.000% | Uncovered |
#     |---------------------------------------------|----------|----------|-----------|
#     | COVERPOINT <UNNAMED1>::cp_sel               | 100.000% | 100.000% | Covered   |
#     |---------------------------------------------|----------|----------|-----------|
#     | bin input_value[0]                          |       17 |        1 | Covered   |
#     | bin input_value[1]                          |       25 |        1 | Covered   |
#     | bin input_value[2]                          |       21 |        1 | Covered   |
#     | bin input_value[3]                          |       22 |        1 | Covered   |
#     |---------------------------------------------|----------|----------|-----------|
#     | COVERPOINT <UNNAMED1>::cp_sel_toggle        |  87.500% | 100.000% | Uncovered |
#     |---------------------------------------------|----------|----------|-----------|
#     | bin transition_0[0]                         |        0 |        1 | Zero      |
#     | bin transition_0[1]                         |        2 |        1 | Covered   |
#     | bin transition_0[2]                         |        3 |        1 | Covered   |
#     | bin transition_0[3]                         |        7 |        1 | Covered   |
#     | bin transition_1[0]                         |        1 |        1 | Covered   |
#     | bin transition_1[1]                         |        3 |        1 | Covered   |
#     | bin transition_1[2]                         |       11 |        1 | Covered   |
#     | bin transition_1[3]                         |        1 |        1 | Covered   |
#     | bin transition_2[0]                         |        3 |        1 | Covered   |
#     | bin transition_2[1]                         |        8 |        1 | Covered   |
#     | bin transition_2[2]                         |        0 |        1 | Zero      |
#     | bin transition_2[3]                         |        3 |        1 | Covered   |
#     | bin transition_3[0]                         |        7 |        1 | Covered   |
#     | bin transition_3[1]                         |        2 |        1 | Covered   |
#     | bin transition_3[2]                         |        1 |        1 | Covered   |
#     | bin transition_3[3]                         |        3 |        1 | Covered   |
#     |---------------------------------------------|----------|----------|-----------|
#     | COVERPOINT <UNNAMED1>::cp_en                | 100.000% | 100.000% | Covered   |
#     |---------------------------------------------|----------|----------|-----------|
#     | bin en_off                                  |       28 |        1 | Covered   |
#     | bin en_on                                   |       58 |        1 | Covered   |
#     |---------------------------------------------|----------|----------|-----------|
#     | COVERPOINT <UNNAMED1>::cp_y                 | 100.000% | 100.000% | Covered   |
#     |---------------------------------------------|----------|----------|-----------|
#     | bin idle                                    |       28 |        1 | Covered   |
#     | bin output_y[1]                             |       12 |        1 | Covered   |
#     | bin output_y[2]                             |       16 |        1 | Covered   |
#     | bin output_y[4]                             |       15 |        1 | Covered   |
#     | bin output_y[8]                             |       14 |        1 | Covered   |
#     | illegal default bin multi_bit               |        0 |    -     | Zero      |
#     |---------------------------------------------|----------|----------|-----------|
#     | CROSS <UNNAMED1>::cross_sel_en              | 100.000% | 100.000% | Covered   |
#     |---------------------------------------------|----------|----------|-----------|
#     | bin <input_value[0],en_off>                 |        5 |        1 | Covered   |
#     | bin <input_value[0],en_on>                  |       12 |        1 | Covered   |
#     | bin <input_value[1],en_off>                 |        9 |        1 | Covered   |
#     | bin <input_value[1],en_on>                  |       16 |        1 | Covered   |
#     | bin <input_value[2],en_off>                 |        6 |        1 | Covered   |
#     | bin <input_value[2],en_on>                  |       15 |        1 | Covered   |
#     | bin <input_value[3],en_off>                 |        8 |        1 | Covered   |
#     | bin <input_value[3],en_on>                  |       14 |        1 | Covered   |
#     =================================================================================
# 
# 
# +++++++++++++++++++++++++++++++++++++++++++++
# ++++++++++       DESIGN UNITS      ++++++++++
# +++++++++++++++++++++++++++++++++++++++++++++
# 
# 
# CUMULATIVE SUMMARY
# =============================================
# |    Coverage Type    | Weight | Hits/Total |
# =============================================
# | Covergroup Coverage |      1 |    97.500% |
# |---------------------|--------|------------|
# | Types               |        |      0 / 1 |
# =============================================
# CUMULATIVE DESIGN-BASED COVERAGE: 97.500%
# COVERED DESIGN UNITS: 0 / 1
# FILES: 1
# 
# 
# CLASS - work.dec_pkg/\dec_pkg dec_coverage \
# 
# 
#     SUMMARY
#     =============================================
#     |    Coverage Type    | Weight | Hits/Total |
#     =============================================
#     | Covergroup Coverage |      1 |    97.500% |
#     |---------------------|--------|------------|
#     | Types               |        |      0 / 1 |
#     =============================================
#     WEIGHTED AVERAGE: 97.500%
# 
# 
#     COVERGROUP COVERAGE
#     =================================================================================
#     |                 Covergroup                  |   Hits   |  Goal /  |  Status   |
#     |                                             |          | At Least |           |
#     =================================================================================
#     | TYPE /\package dec_pkg\/dec_coverage/dec_cg |  97.500% | 100.000% | Uncovered |
#     =================================================================================
#     | INSTANCE <UNNAMED1>                         |  97.500% | 100.000% | Uncovered |
#     |---------------------------------------------|----------|----------|-----------|
#     | COVERPOINT <UNNAMED1>::cp_sel               | 100.000% | 100.000% | Covered   |
#     |---------------------------------------------|----------|----------|-----------|
#     | bin input_value[0]                          |       17 |        1 | Covered   |
#     | bin input_value[1]                          |       25 |        1 | Covered   |
#     | bin input_value[2]                          |       21 |        1 | Covered   |
#     | bin input_value[3]                          |       22 |        1 | Covered   |
#     |---------------------------------------------|----------|----------|-----------|
#     | COVERPOINT <UNNAMED1>::cp_sel_toggle        |  87.500% | 100.000% | Uncovered |
#     |---------------------------------------------|----------|----------|-----------|
#     | bin transition_0[0]                         |        0 |        1 | Zero      |
#     | bin transition_0[1]                         |        2 |        1 | Covered   |
#     | bin transition_0[2]                         |        3 |        1 | Covered   |
#     | bin transition_0[3]                         |        7 |        1 | Covered   |
#     | bin transition_1[0]                         |        1 |        1 | Covered   |
#     | bin transition_1[1]                         |        3 |        1 | Covered   |
#     | bin transition_1[2]                         |       11 |        1 | Covered   |
#     | bin transition_1[3]                         |        1 |        1 | Covered   |
#     | bin transition_2[0]                         |        3 |        1 | Covered   |
#     | bin transition_2[1]                         |        8 |        1 | Covered   |
#     | bin transition_2[2]                         |        0 |        1 | Zero      |
#     | bin transition_2[3]                         |        3 |        1 | Covered   |
#     | bin transition_3[0]                         |        7 |        1 | Covered   |
#     | bin transition_3[1]                         |        2 |        1 | Covered   |
#     | bin transition_3[2]                         |        1 |        1 | Covered   |
#     | bin transition_3[3]                         |        3 |        1 | Covered   |
#     |---------------------------------------------|----------|----------|-----------|
#     | COVERPOINT <UNNAMED1>::cp_en                | 100.000% | 100.000% | Covered   |
#     |---------------------------------------------|----------|----------|-----------|
#     | bin en_off                                  |       28 |        1 | Covered   |
#     | bin en_on                                   |       58 |        1 | Covered   |
#     |---------------------------------------------|----------|----------|-----------|
#     | COVERPOINT <UNNAMED1>::cp_y                 | 100.000% | 100.000% | Covered   |
#     |---------------------------------------------|----------|----------|-----------|
#     | bin idle                                    |       28 |        1 | Covered   |
#     | bin output_y[1]                             |       12 |        1 | Covered   |
#     | bin output_y[2]                             |       16 |        1 | Covered   |
#     | bin output_y[4]                             |       15 |        1 | Covered   |
#     | bin output_y[8]                             |       14 |        1 | Covered   |
#     | illegal default bin multi_bit               |        0 |    -     | Zero      |
#     |---------------------------------------------|----------|----------|-----------|
#     | CROSS <UNNAMED1>::cross_sel_en              | 100.000% | 100.000% | Covered   |
#     |---------------------------------------------|----------|----------|-----------|
#     | bin <input_value[0],en_off>                 |        5 |        1 | Covered   |
#     | bin <input_value[0],en_on>                  |       12 |        1 | Covered   |
#     | bin <input_value[1],en_off>                 |        9 |        1 | Covered   |
#     | bin <input_value[1],en_on>                  |       16 |        1 | Covered   |
#     | bin <input_value[2],en_off>                 |        6 |        1 | Covered   |
#     | bin <input_value[2],en_on>                  |       15 |        1 | Covered   |
#     | bin <input_value[3],en_off>                 |        8 |        1 | Covered   |
#     | bin <input_value[3],en_on>                  |       14 |        1 | Covered   |
#     =================================================================================
# 
exec cat simulation.log;
# vsim +access+r;
# # ELBREAD: Elaboration process.
# # ELBREAD: Warning: ELBREAD_0049 The "uvm_pkg" design unit does not have a time unit/precision defined but other design units do.
# # ELBREAD: Elaboration time 0.8 [s].
# # KERNEL: Main thread initiated.
# # KERNEL: Kernel process initialization phase.
# # ELAB2: Elaboration final pass...
# # KERNEL: PLI/VHPI kernel's engine initialization done.
# # PLI: Loading library '/usr/share/Riviera-PRO/bin/libsystf.so'
# # ELAB2: Create instances ...
# # KERNEL: Info: Loading library:  /usr/share/Riviera-PRO/bin/uvm_1_2_dpi
# # KERNEL: Time resolution set to 1ns.
# # ELAB2: Create instances complete.
# # SLP: Started
# # SLP: Elaboration phase ...
# # SLP: Elaboration phase ... done : 0.0 [s]
# # SLP: Generation phase ...
# # SLP: Generation phase ... done : 0.1 [s]
# # SLP: Finished : 0.1 [s]
# # SLP: 0 primitives and 2 (16.67%) other processes in SLP
# # SLP: 18 (0.06%) signals in SLP and 9 (0.03%) interface signals
# # ELAB2: Elaboration final pass complete - time: 2.5 [s].
# # KERNEL: SLP loading done - time: 0.0 [s].
# # KERNEL: Warning: You are using the Riviera-PRO EDU Edition. The performance of simulation is reduced.
# # KERNEL: Warning: Contact Aldec for available upgrade options - sales@aldec.com.
# # KERNEL: SLP simulation initialization done - time: 0.0 [s].
# # KERNEL: Kernel process initialization done.
# # Allocation: Simulator allocated 30984 kB (elbread=2154 elab2=23863 kernel=4965 sdf=0)
# # KERNEL: UVM_INFO ./uvm-1.2/src/base/uvm_root.svh(392) @ 0: reporter [UVM/RELNOTES] 
# # KERNEL: ----------------------------------------------------------------
# # KERNEL: UVM-1.2
# # KERNEL: (C) 2007-2014 Mentor Graphics Corporation
# # KERNEL: (C) 2007-2014 Cadence Design Systems, Inc.
# # KERNEL: (C) 2006-2014 Synopsys, Inc.
# # KERNEL: (C) 2011-2013 Cypress Semiconductor Corp.
# # KERNEL: (C) 2013-2014 NVIDIA Corporation
# # KERNEL: ----------------------------------------------------------------
# # KERNEL: 
# # KERNEL:   ***********       IMPORTANT RELEASE NOTES         ************
# # KERNEL: 
# # KERNEL:   You are using a version of the UVM library that has been compiled
# # KERNEL:   with `UVM_NO_DEPRECATED undefined.
# # KERNEL:   See http://www.eda.org/svdb/view.php?id=3313 for more details.
# # KERNEL: 
# # KERNEL:   You are using a version of the UVM library that has been compiled
# # KERNEL:   with `UVM_OBJECT_DO_NOT_NEED_CONSTRUCTOR undefined.
# # KERNEL:   See http://www.eda.org/svdb/view.php?id=3770 for more details.
# # KERNEL: 
# # KERNEL:       (Specify +UVM_NO_RELNOTES to turn off this notice)
# # KERNEL: 
# # KERNEL: ASDB file was created in location /home/runner/dataset.asdb
# run -all;
# # KERNEL: UVM_INFO @ 0: reporter [RNTST] Running test dec_test...
# # KERNEL: UVM_INFO /home/runner/test.sv(21) @ 0: uvm_test_top [dec_test] Starting test...
# # KERNEL: UVM_INFO /home/runner/master_seq.sv(29) @ 0: uvm_test_top.env.agent.sqr@@seq [MASTER_SEQ] Starting Sequence 1...
# # KERNEL: UVM_INFO /home/runner/sequence1.sv(13) @ 0: uvm_test_top.env.agent.sqr@@s1 [dec_base_sequence] Starting sequence body
# # KERNEL: UVM_INFO /home/runner/monitor.sv(31) @ 2: uvm_test_top.env.agent.mon [MON] Sampled: en=0, sel=10, y=0000
# # KERNEL: UVM_INFO /home/runner/scoreboard.sv(27) @ 2: uvm_test_top.env.scb [dec_scoreboard] Scoreboard received item
# # KERNEL: UVM_INFO /home/runner/scoreboard.sv(40) @ 2: uvm_test_top.env.scb [SCB_PASS] MATCH! en=0 sel=2 | Got: 0000 Expected: 0000
# # KERNEL: UVM_INFO /home/runner/monitor.sv(31) @ 12: uvm_test_top.env.agent.mon [MON] Sampled: en=1, sel=01, y=0010
# # KERNEL: UVM_INFO /home/runner/scoreboard.sv(27) @ 12: uvm_test_top.env.scb [dec_scoreboard] Scoreboard received item
# # KERNEL: UVM_INFO /home/runner/scoreboard.sv(40) @ 12: uvm_test_top.env.scb [SCB_PASS] MATCH! en=1 sel=1 | Got: 0010 Expected: 0010
# # KERNEL: UVM_INFO /home/runner/monitor.sv(31) @ 22: uvm_test_top.env.agent.mon [MON] Sampled: en=1, sel=10, y=0100
# # KERNEL: UVM_INFO /home/runner/scoreboard.sv(27) @ 22: uvm_test_top.env.scb [dec_scoreboard] Scoreboard received item
# # KERNEL: UVM_INFO /home/runner/scoreboard.sv(40) @ 22: uvm_test_top.env.scb [SCB_PASS] MATCH! en=1 sel=2 | Got: 0100 Expected: 0100
# # KERNEL: UVM_INFO /home/runner/monitor.sv(31) @ 32: uvm_test_top.env.agent.mon [MON] Sampled: en=0, sel=01, y=0000
# # KERNEL: UVM_INFO /home/runner/scoreboard.sv(27) @ 32: uvm_test_top.env.scb [dec_scoreboard] Scoreboard received item
# # KERNEL: UVM_INFO /home/runner/scoreboard.sv(40) @ 32: uvm_test_top.env.scb [SCB_PASS] MATCH! en=0 sel=1 | Got: 0000 Expected: 0000
# # KERNEL: UVM_INFO /home/runner/monitor.sv(31) @ 42: uvm_test_top.env.agent.mon [MON] Sampled: en=0, sel=11, y=0000
# # KERNEL: UVM_INFO /home/runner/scoreboard.sv(27) @ 42: uvm_test_top.env.scb [dec_scoreboard] Scoreboard received item
# # KERNEL: UVM_INFO /home/runner/scoreboard.sv(40) @ 42: uvm_test_top.env.scb [SCB_PASS] MATCH! en=0 sel=3 | Got: 0000 Expected: 0000
# # KERNEL: UVM_INFO /home/runner/monitor.sv(31) @ 52: uvm_test_top.env.agent.mon [MON] Sampled: en=1, sel=00, y=0001
# # KERNEL: UVM_INFO /home/runner/scoreboard.sv(27) @ 52: uvm_test_top.env.scb [dec_scoreboard] Scoreboard received item
# # KERNEL: UVM_INFO /home/runner/scoreboard.sv(40) @ 52: uvm_test_top.env.scb [SCB_PASS] MATCH! en=1 sel=0 | Got: 0001 Expected: 0001
# # KERNEL: UVM_INFO /home/runner/monitor.sv(31) @ 62: uvm_test_top.env.agent.mon [MON] Sampled: en=1, sel=11, y=1000
# # KERNEL: UVM_INFO /home/runner/scoreboard.sv(27) @ 62: uvm_test_top.env.scb [dec_scoreboard] Scoreboard received item
# # KERNEL: UVM_INFO /home/runner/scoreboard.sv(40) @ 62: uvm_test_top.env.scb [SCB_PASS] MATCH! en=1 sel=3 | Got: 1000 Expected: 1000
# # KERNEL: UVM_INFO /home/runner/monitor.sv(31) @ 72: uvm_test_top.env.agent.mon [MON] Sampled: en=0, sel=00, y=0000
# # KERNEL: UVM_INFO /home/runner/scoreboard.sv(27) @ 72: uvm_test_top.env.scb [dec_scoreboard] Scoreboard received item
# # KERNEL: UVM_INFO /home/runner/scoreboard.sv(40) @ 72: uvm_test_top.env.scb [SCB_PASS] MATCH! en=0 sel=0 | Got: 0000 Expected: 0000
# # KERNEL: UVM_INFO /home/runner/monitor.sv(31) @ 92: uvm_test_top.env.agent.mon [MON] Sampled: en=1, sel=11, y=1000
# # KERNEL: UVM_INFO /home/runner/scoreboard.sv(27) @ 92: uvm_test_top.env.scb [dec_scoreboard] Scoreboard received item
# # KERNEL: UVM_INFO /home/runner/scoreboard.sv(40) @ 92: uvm_test_top.env.scb [SCB_PASS] MATCH! en=1 sel=3 | Got: 1000 Expected: 1000
# # KERNEL: UVM_INFO /home/runner/monitor.sv(31) @ 102: uvm_test_top.env.agent.mon [MON] Sampled: en=1, sel=00, y=0001
# # KERNEL: UVM_INFO /home/runner/scoreboard.sv(27) @ 102: uvm_test_top.env.scb [dec_scoreboard] Scoreboard received item
# # KERNEL: UVM_INFO /home/runner/scoreboard.sv(40) @ 102: uvm_test_top.env.scb [SCB_PASS] MATCH! en=1 sel=0 | Got: 0001 Expected: 0001
# # KERNEL: UVM_INFO /home/runner/monitor.sv(31) @ 112: uvm_test_top.env.agent.mon [MON] Sampled: en=0, sel=11, y=0000
# # KERNEL: UVM_INFO /home/runner/scoreboard.sv(27) @ 112: uvm_test_top.env.scb [dec_scoreboard] Scoreboard received item
# # KERNEL: UVM_INFO /home/runner/scoreboard.sv(40) @ 112: uvm_test_top.env.scb [SCB_PASS] MATCH! en=0 sel=3 | Got: 0000 Expected: 0000
# # KERNEL: UVM_INFO /home/runner/monitor.sv(31) @ 122: uvm_test_top.env.agent.mon [MON] Sampled: en=0, sel=01, y=0000
# # KERNEL: UVM_INFO /home/runner/scoreboard.sv(27) @ 122: uvm_test_top.env.scb [dec_scoreboard] Scoreboard received item
# # KERNEL: UVM_INFO /home/runner/scoreboard.sv(40) @ 122: uvm_test_top.env.scb [SCB_PASS] MATCH! en=0 sel=1 | Got: 0000 Expected: 0000
# # KERNEL: UVM_INFO /home/runner/monitor.sv(31) @ 132: uvm_test_top.env.agent.mon [MON] Sampled: en=1, sel=10, y=0100
# # KERNEL: UVM_INFO /home/runner/scoreboard.sv(27) @ 132: uvm_test_top.env.scb [dec_scoreboard] Scoreboard received item
# # KERNEL: UVM_INFO /home/runner/scoreboard.sv(40) @ 132: uvm_test_top.env.scb [SCB_PASS] MATCH! en=1 sel=2 | Got: 0100 Expected: 0100
# # KERNEL: UVM_INFO /home/runner/monitor.sv(31) @ 142: uvm_test_top.env.agent.mon [MON] Sampled: en=1, sel=01, y=0010
# # KERNEL: UVM_INFO /home/runner/scoreboard.sv(27) @ 142: uvm_test_top.env.scb [dec_scoreboard] Scoreboard received item
# # KERNEL: UVM_INFO /home/runner/scoreboard.sv(40) @ 142: uvm_test_top.env.scb [SCB_PASS] MATCH! en=1 sel=1 | Got: 0010 Expected: 0010
# # KERNEL: UVM_INFO /home/runner/monitor.sv(31) @ 152: uvm_test_top.env.agent.mon [MON] Sampled: en=0, sel=10, y=0000
# # KERNEL: UVM_INFO /home/runner/scoreboard.sv(27) @ 152: uvm_test_top.env.scb [dec_scoreboard] Scoreboard received item
# # KERNEL: UVM_INFO /home/runner/scoreboard.sv(40) @ 152: uvm_test_top.env.scb [SCB_PASS] MATCH! en=0 sel=2 | Got: 0000 Expected: 0000
# # KERNEL: UVM_INFO /home/runner/monitor.sv(31) @ 172: uvm_test_top.env.agent.mon [MON] Sampled: en=1, sel=01, y=0010
# # KERNEL: UVM_INFO /home/runner/scoreboard.sv(27) @ 172: uvm_test_top.env.scb [dec_scoreboard] Scoreboard received item
# # KERNEL: UVM_INFO /home/runner/scoreboard.sv(40) @ 172: uvm_test_top.env.scb [SCB_PASS] MATCH! en=1 sel=1 | Got: 0010 Expected: 0010
# # KERNEL: UVM_INFO /home/runner/monitor.sv(31) @ 182: uvm_test_top.env.agent.mon [MON] Sampled: en=1, sel=10, y=0100
# # KERNEL: UVM_INFO /home/runner/scoreboard.sv(27) @ 182: uvm_test_top.env.scb [dec_scoreboard] Scoreboard received item
# # KERNEL: UVM_INFO /home/runner/scoreboard.sv(40) @ 182: uvm_test_top.env.scb [SCB_PASS] MATCH! en=1 sel=2 | Got: 0100 Expected: 0100
# # KERNEL: UVM_INFO /home/runner/monitor.sv(31) @ 192: uvm_test_top.env.agent.mon [MON] Sampled: en=0, sel=01, y=0000
# # KERNEL: UVM_INFO /home/runner/scoreboard.sv(27) @ 192: uvm_test_top.env.scb [dec_scoreboard] Scoreboard received item
# # KERNEL: UVM_INFO /home/runner/scoreboard.sv(40) @ 192: uvm_test_top.env.scb [SCB_PASS] MATCH! en=0 sel=1 | Got: 0000 Expected: 0000
# # KERNEL: UVM_INFO /home/runner/monitor.sv(31) @ 202: uvm_test_top.env.agent.mon [MON] Sampled: en=0, sel=11, y=0000
# # KERNEL: UVM_INFO /home/runner/scoreboard.sv(27) @ 202: uvm_test_top.env.scb [dec_scoreboard] Scoreboard received item
# # KERNEL: UVM_INFO /home/runner/scoreboard.sv(40) @ 202: uvm_test_top.env.scb [SCB_PASS] MATCH! en=0 sel=3 | Got: 0000 Expected: 0000
# # KERNEL: UVM_INFO /home/runner/monitor.sv(31) @ 212: uvm_test_top.env.agent.mon [MON] Sampled: en=1, sel=00, y=0001
# # KERNEL: UVM_INFO /home/runner/scoreboard.sv(27) @ 212: uvm_test_top.env.scb [dec_scoreboard] Scoreboard received item
# # KERNEL: UVM_INFO /home/runner/scoreboard.sv(40) @ 212: uvm_test_top.env.scb [SCB_PASS] MATCH! en=1 sel=0 | Got: 0001 Expected: 0001
# # KERNEL: UVM_INFO /home/runner/monitor.sv(31) @ 222: uvm_test_top.env.agent.mon [MON] Sampled: en=1, sel=11, y=1000
# # KERNEL: UVM_INFO /home/runner/scoreboard.sv(27) @ 222: uvm_test_top.env.scb [dec_scoreboard] Scoreboard received item
# # KERNEL: UVM_INFO /home/runner/scoreboard.sv(40) @ 222: uvm_test_top.env.scb [SCB_PASS] MATCH! en=1 sel=3 | Got: 1000 Expected: 1000
# # KERNEL: UVM_INFO /home/runner/monitor.sv(31) @ 232: uvm_test_top.env.agent.mon [MON] Sampled: en=0, sel=00, y=0000
# # KERNEL: UVM_INFO /home/runner/scoreboard.sv(27) @ 232: uvm_test_top.env.scb [dec_scoreboard] Scoreboard received item
# # KERNEL: UVM_INFO /home/runner/scoreboard.sv(40) @ 232: uvm_test_top.env.scb [SCB_PASS] MATCH! en=0 sel=0 | Got: 0000 Expected: 0000
# # KERNEL: UVM_INFO /home/runner/monitor.sv(31) @ 252: uvm_test_top.env.agent.mon [MON] Sampled: en=1, sel=11, y=1000
# # KERNEL: UVM_INFO /home/runner/scoreboard.sv(27) @ 252: uvm_test_top.env.scb [dec_scoreboard] Scoreboard received item
# # KERNEL: UVM_INFO /home/runner/scoreboard.sv(40) @ 252: uvm_test_top.env.scb [SCB_PASS] MATCH! en=1 sel=3 | Got: 1000 Expected: 1000
# # KERNEL: UVM_INFO /home/runner/monitor.sv(31) @ 262: uvm_test_top.env.agent.mon [MON] Sampled: en=1, sel=00, y=0001
# # KERNEL: UVM_INFO /home/runner/scoreboard.sv(27) @ 262: uvm_test_top.env.scb [dec_scoreboard] Scoreboard received item
# # KERNEL: UVM_INFO /home/runner/scoreboard.sv(40) @ 262: uvm_test_top.env.scb [SCB_PASS] MATCH! en=1 sel=0 | Got: 0001 Expected: 0001
# # KERNEL: UVM_INFO /home/runner/monitor.sv(31) @ 272: uvm_test_top.env.agent.mon [MON] Sampled: en=0, sel=11, y=0000
# # KERNEL: UVM_INFO /home/runner/scoreboard.sv(27) @ 272: uvm_test_top.env.scb [dec_scoreboard] Scoreboard received item
# # KERNEL: UVM_INFO /home/runner/scoreboard.sv(40) @ 272: uvm_test_top.env.scb [SCB_PASS] MATCH! en=0 sel=3 | Got: 0000 Expected: 0000
# # KERNEL: UVM_INFO /home/runner/monitor.sv(31) @ 282: uvm_test_top.env.agent.mon [MON] Sampled: en=0, sel=01, y=0000
# # KERNEL: UVM_INFO /home/runner/scoreboard.sv(27) @ 282: uvm_test_top.env.scb [dec_scoreboard] Scoreboard received item
# # KERNEL: UVM_INFO /home/runner/scoreboard.sv(40) @ 282: uvm_test_top.env.scb [SCB_PASS] MATCH! en=0 sel=1 | Got: 0000 Expected: 0000
# # KERNEL: UVM_INFO /home/runner/monitor.sv(31) @ 292: uvm_test_top.env.agent.mon [MON] Sampled: en=1, sel=10, y=0100
# # KERNEL: UVM_INFO /home/runner/scoreboard.sv(27) @ 292: uvm_test_top.env.scb [dec_scoreboard] Scoreboard received item
# # KERNEL: UVM_INFO /home/runner/scoreboard.sv(40) @ 292: uvm_test_top.env.scb [SCB_PASS] MATCH! en=1 sel=2 | Got: 0100 Expected: 0100
# # KERNEL: UVM_INFO /home/runner/monitor.sv(31) @ 302: uvm_test_top.env.agent.mon [MON] Sampled: en=1, sel=01, y=0010
# # KERNEL: UVM_INFO /home/runner/scoreboard.sv(27) @ 302: uvm_test_top.env.scb [dec_scoreboard] Scoreboard received item
# # KERNEL: UVM_INFO /home/runner/scoreboard.sv(40) @ 302: uvm_test_top.env.scb [SCB_PASS] MATCH! en=1 sel=1 | Got: 0010 Expected: 0010
# # KERNEL: UVM_INFO /home/runner/monitor.sv(31) @ 312: uvm_test_top.env.agent.mon [MON] Sampled: en=0, sel=10, y=0000
# # KERNEL: UVM_INFO /home/runner/scoreboard.sv(27) @ 312: uvm_test_top.env.scb [dec_scoreboard] Scoreboard received item
# # KERNEL: UVM_INFO /home/runner/scoreboard.sv(40) @ 312: uvm_test_top.env.scb [SCB_PASS] MATCH! en=0 sel=2 | Got: 0000 Expected: 0000
# # KERNEL: UVM_INFO /home/runner/monitor.sv(31) @ 332: uvm_test_top.env.agent.mon [MON] Sampled: en=1, sel=01, y=0010
# # KERNEL: UVM_INFO /home/runner/scoreboard.sv(27) @ 332: uvm_test_top.env.scb [dec_scoreboard] Scoreboard received item
# # KERNEL: UVM_INFO /home/runner/scoreboard.sv(40) @ 332: uvm_test_top.env.scb [SCB_PASS] MATCH! en=1 sel=1 | Got: 0010 Expected: 0010
# # KERNEL: UVM_INFO /home/runner/monitor.sv(31) @ 342: uvm_test_top.env.agent.mon [MON] Sampled: en=1, sel=10, y=0100
# # KERNEL: UVM_INFO /home/runner/scoreboard.sv(27) @ 342: uvm_test_top.env.scb [dec_scoreboard] Scoreboard received item
# # KERNEL: UVM_INFO /home/runner/scoreboard.sv(40) @ 342: uvm_test_top.env.scb [SCB_PASS] MATCH! en=1 sel=2 | Got: 0100 Expected: 0100
# # KERNEL: UVM_INFO /home/runner/monitor.sv(31) @ 352: uvm_test_top.env.agent.mon [MON] Sampled: en=0, sel=01, y=0000
# # KERNEL: UVM_INFO /home/runner/scoreboard.sv(27) @ 352: uvm_test_top.env.scb [dec_scoreboard] Scoreboard received item
# # KERNEL: UVM_INFO /home/runner/scoreboard.sv(40) @ 352: uvm_test_top.env.scb [SCB_PASS] MATCH! en=0 sel=1 | Got: 0000 Expected: 0000
# # KERNEL: UVM_INFO /home/runner/monitor.sv(31) @ 362: uvm_test_top.env.agent.mon [MON] Sampled: en=0, sel=11, y=0000
# # KERNEL: UVM_INFO /home/runner/scoreboard.sv(27) @ 362: uvm_test_top.env.scb [dec_scoreboard] Scoreboard received item
# # KERNEL: UVM_INFO /home/runner/scoreboard.sv(40) @ 362: uvm_test_top.env.scb [SCB_PASS] MATCH! en=0 sel=3 | Got: 0000 Expected: 0000
# # KERNEL: UVM_INFO /home/runner/monitor.sv(31) @ 372: uvm_test_top.env.agent.mon [MON] Sampled: en=1, sel=00, y=0001
# # KERNEL: UVM_INFO /home/runner/scoreboard.sv(27) @ 372: uvm_test_top.env.scb [dec_scoreboard] Scoreboard received item
# # KERNEL: UVM_INFO /home/runner/scoreboard.sv(40) @ 372: uvm_test_top.env.scb [SCB_PASS] MATCH! en=1 sel=0 | Got: 0001 Expected: 0001
# # KERNEL: UVM_INFO /home/runner/monitor.sv(31) @ 382: uvm_test_top.env.agent.mon [MON] Sampled: en=1, sel=11, y=1000
# # KERNEL: UVM_INFO /home/runner/scoreboard.sv(27) @ 382: uvm_test_top.env.scb [dec_scoreboard] Scoreboard received item
# # KERNEL: UVM_INFO /home/runner/scoreboard.sv(40) @ 382: uvm_test_top.env.scb [SCB_PASS] MATCH! en=1 sel=3 | Got: 1000 Expected: 1000
# # KERNEL: UVM_INFO /home/runner/monitor.sv(31) @ 392: uvm_test_top.env.agent.mon [MON] Sampled: en=0, sel=00, y=0000
# # KERNEL: UVM_INFO /home/runner/scoreboard.sv(27) @ 392: uvm_test_top.env.scb [dec_scoreboard] Scoreboard received item
# # KERNEL: UVM_INFO /home/runner/scoreboard.sv(40) @ 392: uvm_test_top.env.scb [SCB_PASS] MATCH! en=0 sel=0 | Got: 0000 Expected: 0000
# # KERNEL: UVM_INFO /home/runner/monitor.sv(31) @ 412: uvm_test_top.env.agent.mon [MON] Sampled: en=1, sel=11, y=1000
# # KERNEL: UVM_INFO /home/runner/scoreboard.sv(27) @ 412: uvm_test_top.env.scb [dec_scoreboard] Scoreboard received item
# # KERNEL: UVM_INFO /home/runner/scoreboard.sv(40) @ 412: uvm_test_top.env.scb [SCB_PASS] MATCH! en=1 sel=3 | Got: 1000 Expected: 1000
# # KERNEL: UVM_INFO /home/runner/monitor.sv(31) @ 422: uvm_test_top.env.agent.mon [MON] Sampled: en=1, sel=00, y=0001
# # KERNEL: UVM_INFO /home/runner/scoreboard.sv(27) @ 422: uvm_test_top.env.scb [dec_scoreboard] Scoreboard received item
# # KERNEL: UVM_INFO /home/runner/scoreboard.sv(40) @ 422: uvm_test_top.env.scb [SCB_PASS] MATCH! en=1 sel=0 | Got: 0001 Expected: 0001
# # KERNEL: UVM_INFO /home/runner/monitor.sv(31) @ 432: uvm_test_top.env.agent.mon [MON] Sampled: en=0, sel=11, y=0000
# # KERNEL: UVM_INFO /home/runner/scoreboard.sv(27) @ 432: uvm_test_top.env.scb [dec_scoreboard] Scoreboard received item
# # KERNEL: UVM_INFO /home/runner/scoreboard.sv(40) @ 432: uvm_test_top.env.scb [SCB_PASS] MATCH! en=0 sel=3 | Got: 0000 Expected: 0000
# # KERNEL: UVM_INFO /home/runner/monitor.sv(31) @ 442: uvm_test_top.env.agent.mon [MON] Sampled: en=0, sel=01, y=0000
# # KERNEL: UVM_INFO /home/runner/scoreboard.sv(27) @ 442: uvm_test_top.env.scb [dec_scoreboard] Scoreboard received item
# # KERNEL: UVM_INFO /home/runner/scoreboard.sv(40) @ 442: uvm_test_top.env.scb [SCB_PASS] MATCH! en=0 sel=1 | Got: 0000 Expected: 0000
# # KERNEL: UVM_INFO /home/runner/monitor.sv(31) @ 452: uvm_test_top.env.agent.mon [MON] Sampled: en=1, sel=10, y=0100
# # KERNEL: UVM_INFO /home/runner/scoreboard.sv(27) @ 452: uvm_test_top.env.scb [dec_scoreboard] Scoreboard received item
# # KERNEL: UVM_INFO /home/runner/scoreboard.sv(40) @ 452: uvm_test_top.env.scb [SCB_PASS] MATCH! en=1 sel=2 | Got: 0100 Expected: 0100
# # KERNEL: UVM_INFO /home/runner/monitor.sv(31) @ 462: uvm_test_top.env.agent.mon [MON] Sampled: en=1, sel=01, y=0010
# # KERNEL: UVM_INFO /home/runner/scoreboard.sv(27) @ 462: uvm_test_top.env.scb [dec_scoreboard] Scoreboard received item
# # KERNEL: UVM_INFO /home/runner/scoreboard.sv(40) @ 462: uvm_test_top.env.scb [SCB_PASS] MATCH! en=1 sel=1 | Got: 0010 Expected: 0010
# # KERNEL: UVM_INFO /home/runner/monitor.sv(31) @ 472: uvm_test_top.env.agent.mon [MON] Sampled: en=0, sel=10, y=0000
# # KERNEL: UVM_INFO /home/runner/scoreboard.sv(27) @ 472: uvm_test_top.env.scb [dec_scoreboard] Scoreboard received item
# # KERNEL: UVM_INFO /home/runner/scoreboard.sv(40) @ 472: uvm_test_top.env.scb [SCB_PASS] MATCH! en=0 sel=2 | Got: 0000 Expected: 0000
# # KERNEL: UVM_INFO /home/runner/monitor.sv(31) @ 492: uvm_test_top.env.agent.mon [MON] Sampled: en=1, sel=01, y=0010
# # KERNEL: UVM_INFO /home/runner/scoreboard.sv(27) @ 492: uvm_test_top.env.scb [dec_scoreboard] Scoreboard received item
# # KERNEL: UVM_INFO /home/runner/scoreboard.sv(40) @ 492: uvm_test_top.env.scb [SCB_PASS] MATCH! en=1 sel=1 | Got: 0010 Expected: 0010
# # KERNEL: UVM_INFO /home/runner/sequence1.sv(43) @ 500: uvm_test_top.env.agent.sqr@@s1 [dec_base_sequence] Sequence body finished
# # KERNEL: UVM_INFO /home/runner/master_seq.sv(32) @ 500: uvm_test_top.env.agent.sqr@@seq [MASTER_SEQ] Starting Sequence 2...
# # KERNEL: UVM_INFO /home/runner/sequence2.sv(11) @ 500: uvm_test_top.env.agent.sqr@@s2 [dec_en_zero_seq] Starting en_zero Stimulus for all ports...
# # KERNEL: UVM_INFO /home/runner/monitor.sv(31) @ 502: uvm_test_top.env.agent.mon [MON] Sampled: en=0, sel=11, y=0000
# # KERNEL: UVM_INFO /home/runner/scoreboard.sv(27) @ 502: uvm_test_top.env.scb [dec_scoreboard] Scoreboard received item
# # KERNEL: UVM_INFO /home/runner/scoreboard.sv(40) @ 502: uvm_test_top.env.scb [SCB_PASS] MATCH! en=0 sel=3 | Got: 0000 Expected: 0000
# # KERNEL: UVM_INFO /home/runner/monitor.sv(31) @ 512: uvm_test_top.env.agent.mon [MON] Sampled: en=0, sel=01, y=0000
# # KERNEL: UVM_INFO /home/runner/scoreboard.sv(27) @ 512: uvm_test_top.env.scb [dec_scoreboard] Scoreboard received item
# # KERNEL: UVM_INFO /home/runner/scoreboard.sv(40) @ 512: uvm_test_top.env.scb [SCB_PASS] MATCH! en=0 sel=1 | Got: 0000 Expected: 0000
# # KERNEL: UVM_INFO /home/runner/monitor.sv(31) @ 522: uvm_test_top.env.agent.mon [MON] Sampled: en=0, sel=10, y=0000
# # KERNEL: UVM_INFO /home/runner/scoreboard.sv(27) @ 522: uvm_test_top.env.scb [dec_scoreboard] Scoreboard received item
# # KERNEL: UVM_INFO /home/runner/scoreboard.sv(40) @ 522: uvm_test_top.env.scb [SCB_PASS] MATCH! en=0 sel=2 | Got: 0000 Expected: 0000
# # KERNEL: UVM_INFO /home/runner/monitor.sv(31) @ 542: uvm_test_top.env.agent.mon [MON] Sampled: en=0, sel=00, y=0000
# # KERNEL: UVM_INFO /home/runner/scoreboard.sv(27) @ 542: uvm_test_top.env.scb [dec_scoreboard] Scoreboard received item
# # KERNEL: UVM_INFO /home/runner/scoreboard.sv(40) @ 542: uvm_test_top.env.scb [SCB_PASS] MATCH! en=0 sel=0 | Got: 0000 Expected: 0000
# # KERNEL: UVM_INFO /home/runner/master_seq.sv(36) @ 550: uvm_test_top.env.agent.sqr@@seq [MASTER_SEQ] Starting Sequence 3...
# # KERNEL: UVM_INFO /home/runner/sequence3.sv(11) @ 550: uvm_test_top.env.agent.sqr@@s3 [dec_en_one_seq] Starting en_one Stimulus for all ports...
# # KERNEL: UVM_INFO /home/runner/monitor.sv(31) @ 552: uvm_test_top.env.agent.mon [MON] Sampled: en=1, sel=10, y=0100
# # KERNEL: UVM_INFO /home/runner/scoreboard.sv(27) @ 552: uvm_test_top.env.scb [dec_scoreboard] Scoreboard received item
# # KERNEL: UVM_INFO /home/runner/scoreboard.sv(40) @ 552: uvm_test_top.env.scb [SCB_PASS] MATCH! en=1 sel=2 | Got: 0100 Expected: 0100
# # KERNEL: UVM_INFO /home/runner/monitor.sv(31) @ 562: uvm_test_top.env.agent.mon [MON] Sampled: en=1, sel=01, y=0010
# # KERNEL: UVM_INFO /home/runner/scoreboard.sv(27) @ 562: uvm_test_top.env.scb [dec_scoreboard] Scoreboard received item
# # KERNEL: UVM_INFO /home/runner/scoreboard.sv(40) @ 562: uvm_test_top.env.scb [SCB_PASS] MATCH! en=1 sel=1 | Got: 0010 Expected: 0010
# # KERNEL: UVM_INFO /home/runner/monitor.sv(31) @ 572: uvm_test_top.env.agent.mon [MON] Sampled: en=1, sel=10, y=0100
# # KERNEL: UVM_INFO /home/runner/scoreboard.sv(27) @ 572: uvm_test_top.env.scb [dec_scoreboard] Scoreboard received item
# # KERNEL: UVM_INFO /home/runner/scoreboard.sv(40) @ 572: uvm_test_top.env.scb [SCB_PASS] MATCH! en=1 sel=2 | Got: 0100 Expected: 0100
# # KERNEL: UVM_INFO /home/runner/monitor.sv(31) @ 582: uvm_test_top.env.agent.mon [MON] Sampled: en=1, sel=01, y=0010
# # KERNEL: UVM_INFO /home/runner/scoreboard.sv(27) @ 582: uvm_test_top.env.scb [dec_scoreboard] Scoreboard received item
# # KERNEL: UVM_INFO /home/runner/scoreboard.sv(40) @ 582: uvm_test_top.env.scb [SCB_PASS] MATCH! en=1 sel=1 | Got: 0010 Expected: 0010
# # KERNEL: UVM_INFO /home/runner/monitor.sv(31) @ 592: uvm_test_top.env.agent.mon [MON] Sampled: en=1, sel=11, y=1000
# # KERNEL: UVM_INFO /home/runner/scoreboard.sv(27) @ 592: uvm_test_top.env.scb [dec_scoreboard] Scoreboard received item
# # KERNEL: UVM_INFO /home/runner/scoreboard.sv(40) @ 592: uvm_test_top.env.scb [SCB_PASS] MATCH! en=1 sel=3 | Got: 1000 Expected: 1000
# # KERNEL: UVM_INFO /home/runner/monitor.sv(31) @ 602: uvm_test_top.env.agent.mon [MON] Sampled: en=1, sel=00, y=0001
# # KERNEL: UVM_INFO /home/runner/scoreboard.sv(27) @ 602: uvm_test_top.env.scb [dec_scoreboard] Scoreboard received item
# # KERNEL: UVM_INFO /home/runner/scoreboard.sv(40) @ 602: uvm_test_top.env.scb [SCB_PASS] MATCH! en=1 sel=0 | Got: 0001 Expected: 0001
# # KERNEL: UVM_INFO /home/runner/monitor.sv(31) @ 612: uvm_test_top.env.agent.mon [MON] Sampled: en=1, sel=11, y=1000
# # KERNEL: UVM_INFO /home/runner/scoreboard.sv(27) @ 612: uvm_test_top.env.scb [dec_scoreboard] Scoreboard received item
# # KERNEL: UVM_INFO /home/runner/scoreboard.sv(40) @ 612: uvm_test_top.env.scb [SCB_PASS] MATCH! en=1 sel=3 | Got: 1000 Expected: 1000
# # KERNEL: UVM_INFO /home/runner/monitor.sv(31) @ 622: uvm_test_top.env.agent.mon [MON] Sampled: en=1, sel=00, y=0001
# # KERNEL: UVM_INFO /home/runner/scoreboard.sv(27) @ 622: uvm_test_top.env.scb [dec_scoreboard] Scoreboard received item
# # KERNEL: UVM_INFO /home/runner/scoreboard.sv(40) @ 622: uvm_test_top.env.scb [SCB_PASS] MATCH! en=1 sel=0 | Got: 0001 Expected: 0001
# # KERNEL: UVM_INFO /home/runner/monitor.sv(31) @ 642: uvm_test_top.env.agent.mon [MON] Sampled: en=1, sel=11, y=1000
# # KERNEL: UVM_INFO /home/runner/scoreboard.sv(27) @ 642: uvm_test_top.env.scb [dec_scoreboard] Scoreboard received item
# # KERNEL: UVM_INFO /home/runner/scoreboard.sv(40) @ 642: uvm_test_top.env.scb [SCB_PASS] MATCH! en=1 sel=3 | Got: 1000 Expected: 1000
# # KERNEL: UVM_INFO /home/runner/monitor.sv(31) @ 652: uvm_test_top.env.agent.mon [MON] Sampled: en=1, sel=00, y=0001
# # KERNEL: UVM_INFO /home/runner/scoreboard.sv(27) @ 652: uvm_test_top.env.scb [dec_scoreboard] Scoreboard received item
# # KERNEL: UVM_INFO /home/runner/scoreboard.sv(40) @ 652: uvm_test_top.env.scb [SCB_PASS] MATCH! en=1 sel=0 | Got: 0001 Expected: 0001
# # KERNEL: UVM_INFO /home/runner/monitor.sv(31) @ 662: uvm_test_top.env.agent.mon [MON] Sampled: en=1, sel=11, y=1000
# # KERNEL: UVM_INFO /home/runner/scoreboard.sv(27) @ 662: uvm_test_top.env.scb [dec_scoreboard] Scoreboard received item
# # KERNEL: UVM_INFO /home/runner/scoreboard.sv(40) @ 662: uvm_test_top.env.scb [SCB_PASS] MATCH! en=1 sel=3 | Got: 1000 Expected: 1000
# # KERNEL: UVM_INFO /home/runner/monitor.sv(31) @ 672: uvm_test_top.env.agent.mon [MON] Sampled: en=1, sel=01, y=0010
# # KERNEL: UVM_INFO /home/runner/scoreboard.sv(27) @ 672: uvm_test_top.env.scb [dec_scoreboard] Scoreboard received item
# # KERNEL: UVM_INFO /home/runner/scoreboard.sv(40) @ 672: uvm_test_top.env.scb [SCB_PASS] MATCH! en=1 sel=1 | Got: 0010 Expected: 0010
# # KERNEL: UVM_INFO /home/runner/monitor.sv(31) @ 682: uvm_test_top.env.agent.mon [MON] Sampled: en=1, sel=10, y=0100
# # KERNEL: UVM_INFO /home/runner/scoreboard.sv(27) @ 682: uvm_test_top.env.scb [dec_scoreboard] Scoreboard received item
# # KERNEL: UVM_INFO /home/runner/scoreboard.sv(40) @ 682: uvm_test_top.env.scb [SCB_PASS] MATCH! en=1 sel=2 | Got: 0100 Expected: 0100
# # KERNEL: UVM_INFO /home/runner/monitor.sv(31) @ 692: uvm_test_top.env.agent.mon [MON] Sampled: en=1, sel=01, y=0010
# # KERNEL: UVM_INFO /home/runner/scoreboard.sv(27) @ 692: uvm_test_top.env.scb [dec_scoreboard] Scoreboard received item
# # KERNEL: UVM_INFO /home/runner/scoreboard.sv(40) @ 692: uvm_test_top.env.scb [SCB_PASS] MATCH! en=1 sel=1 | Got: 0010 Expected: 0010
# # KERNEL: UVM_INFO /home/runner/monitor.sv(31) @ 702: uvm_test_top.env.agent.mon [MON] Sampled: en=1, sel=10, y=0100
# # KERNEL: UVM_INFO /home/runner/scoreboard.sv(27) @ 702: uvm_test_top.env.scb [dec_scoreboard] Scoreboard received item
# # KERNEL: UVM_INFO /home/runner/scoreboard.sv(40) @ 702: uvm_test_top.env.scb [SCB_PASS] MATCH! en=1 sel=2 | Got: 0100 Expected: 0100
# # KERNEL: UVM_INFO /home/runner/monitor.sv(31) @ 722: uvm_test_top.env.agent.mon [MON] Sampled: en=1, sel=01, y=0010
# # KERNEL: UVM_INFO /home/runner/scoreboard.sv(27) @ 722: uvm_test_top.env.scb [dec_scoreboard] Scoreboard received item
# # KERNEL: UVM_INFO /home/runner/scoreboard.sv(40) @ 722: uvm_test_top.env.scb [SCB_PASS] MATCH! en=1 sel=1 | Got: 0010 Expected: 0010
# # KERNEL: UVM_INFO /home/runner/monitor.sv(31) @ 732: uvm_test_top.env.agent.mon [MON] Sampled: en=1, sel=10, y=0100
# # KERNEL: UVM_INFO /home/runner/scoreboard.sv(27) @ 732: uvm_test_top.env.scb [dec_scoreboard] Scoreboard received item
# # KERNEL: UVM_INFO /home/runner/scoreboard.sv(40) @ 732: uvm_test_top.env.scb [SCB_PASS] MATCH! en=1 sel=2 | Got: 0100 Expected: 0100
# # KERNEL: UVM_INFO /home/runner/monitor.sv(31) @ 742: uvm_test_top.env.agent.mon [MON] Sampled: en=1, sel=01, y=0010
# # KERNEL: UVM_INFO /home/runner/scoreboard.sv(27) @ 742: uvm_test_top.env.scb [dec_scoreboard] Scoreboard received item
# # KERNEL: UVM_INFO /home/runner/scoreboard.sv(40) @ 742: uvm_test_top.env.scb [SCB_PASS] MATCH! en=1 sel=1 | Got: 0010 Expected: 0010
# # KERNEL: UVM_INFO /home/runner/master_seq.sv(39) @ 750: uvm_test_top.env.agent.sqr@@seq [MASTER_SEQ] Starting Sequence 4...
# # KERNEL: UVM_INFO /home/runner/sequence4.sv(11) @ 750: uvm_test_top.env.agent.sqr@@s4 [dec_walking_ones_seq] Starting walking_ones Stimulus for all ports...
# # KERNEL: UVM_INFO /home/runner/monitor.sv(31) @ 752: uvm_test_top.env.agent.mon [MON] Sampled: en=1, sel=00, y=0001
# # KERNEL: UVM_INFO /home/runner/scoreboard.sv(27) @ 752: uvm_test_top.env.scb [dec_scoreboard] Scoreboard received item
# # KERNEL: UVM_INFO /home/runner/scoreboard.sv(40) @ 752: uvm_test_top.env.scb [SCB_PASS] MATCH! en=1 sel=0 | Got: 0001 Expected: 0001
# # KERNEL: UVM_INFO /home/runner/monitor.sv(31) @ 762: uvm_test_top.env.agent.mon [MON] Sampled: en=1, sel=01, y=0010
# # KERNEL: UVM_INFO /home/runner/scoreboard.sv(27) @ 762: uvm_test_top.env.scb [dec_scoreboard] Scoreboard received item
# # KERNEL: UVM_INFO /home/runner/scoreboard.sv(40) @ 762: uvm_test_top.env.scb [SCB_PASS] MATCH! en=1 sel=1 | Got: 0010 Expected: 0010
# # KERNEL: UVM_INFO /home/runner/monitor.sv(31) @ 772: uvm_test_top.env.agent.mon [MON] Sampled: en=1, sel=10, y=0100
# # KERNEL: UVM_INFO /home/runner/scoreboard.sv(27) @ 772: uvm_test_top.env.scb [dec_scoreboard] Scoreboard received item
# # KERNEL: UVM_INFO /home/runner/scoreboard.sv(40) @ 772: uvm_test_top.env.scb [SCB_PASS] MATCH! en=1 sel=2 | Got: 0100 Expected: 0100
# # KERNEL: UVM_INFO /home/runner/monitor.sv(31) @ 782: uvm_test_top.env.agent.mon [MON] Sampled: en=1, sel=11, y=1000
# # KERNEL: UVM_INFO /home/runner/scoreboard.sv(27) @ 782: uvm_test_top.env.scb [dec_scoreboard] Scoreboard received item
# # KERNEL: UVM_INFO /home/runner/scoreboard.sv(40) @ 782: uvm_test_top.env.scb [SCB_PASS] MATCH! en=1 sel=3 | Got: 1000 Expected: 1000
# # KERNEL: UVM_INFO /home/runner/master_seq.sv(42) @ 790: uvm_test_top.env.agent.sqr@@seq [MASTER_SEQ] Starting Sequence 5...
# # KERNEL: UVM_INFO /home/runner/sequence5.sv(11) @ 790: uvm_test_top.env.agent.sqr@@s5 [dec_en_toggle_seq] Starting en_toggle Stimulus for all ports...
# # KERNEL: UVM_INFO /home/runner/monitor.sv(31) @ 792: uvm_test_top.env.agent.mon [MON] Sampled: en=1, sel=00, y=0001
# # KERNEL: UVM_INFO /home/runner/scoreboard.sv(27) @ 792: uvm_test_top.env.scb [dec_scoreboard] Scoreboard received item
# # KERNEL: UVM_INFO /home/runner/scoreboard.sv(40) @ 792: uvm_test_top.env.scb [SCB_PASS] MATCH! en=1 sel=0 | Got: 0001 Expected: 0001
# # KERNEL: UVM_INFO /home/runner/monitor.sv(31) @ 802: uvm_test_top.env.agent.mon [MON] Sampled: en=0, sel=11, y=0000
# # KERNEL: UVM_INFO /home/runner/scoreboard.sv(27) @ 802: uvm_test_top.env.scb [dec_scoreboard] Scoreboard received item
# # KERNEL: UVM_INFO /home/runner/scoreboard.sv(40) @ 802: uvm_test_top.env.scb [SCB_PASS] MATCH! en=0 sel=3 | Got: 0000 Expected: 0000
# # KERNEL: UVM_INFO /home/runner/monitor.sv(31) @ 812: uvm_test_top.env.agent.mon [MON] Sampled: en=0, sel=00, y=0000
# # KERNEL: UVM_INFO /home/runner/scoreboard.sv(27) @ 812: uvm_test_top.env.scb [dec_scoreboard] Scoreboard received item
# # KERNEL: UVM_INFO /home/runner/scoreboard.sv(40) @ 812: uvm_test_top.env.scb [SCB_PASS] MATCH! en=0 sel=0 | Got: 0000 Expected: 0000
# # KERNEL: UVM_INFO /home/runner/monitor.sv(31) @ 822: uvm_test_top.env.agent.mon [MON] Sampled: en=1, sel=11, y=1000
# # KERNEL: UVM_INFO /home/runner/scoreboard.sv(27) @ 822: uvm_test_top.env.scb [dec_scoreboard] Scoreboard received item
# # KERNEL: UVM_INFO /home/runner/scoreboard.sv(40) @ 822: uvm_test_top.env.scb [SCB_PASS] MATCH! en=1 sel=3 | Got: 1000 Expected: 1000
# # KERNEL: UVM_INFO /home/runner/monitor.sv(31) @ 832: uvm_test_top.env.agent.mon [MON] Sampled: en=1, sel=01, y=0010
# # KERNEL: UVM_INFO /home/runner/scoreboard.sv(27) @ 832: uvm_test_top.env.scb [dec_scoreboard] Scoreboard received item
# # KERNEL: UVM_INFO /home/runner/scoreboard.sv(40) @ 832: uvm_test_top.env.scb [SCB_PASS] MATCH! en=1 sel=1 | Got: 0010 Expected: 0010
# # KERNEL: UVM_INFO /home/runner/monitor.sv(31) @ 842: uvm_test_top.env.agent.mon [MON] Sampled: en=0, sel=10, y=0000
# # KERNEL: UVM_INFO /home/runner/scoreboard.sv(27) @ 842: uvm_test_top.env.scb [dec_scoreboard] Scoreboard received item
# # KERNEL: UVM_INFO /home/runner/scoreboard.sv(40) @ 842: uvm_test_top.env.scb [SCB_PASS] MATCH! en=0 sel=2 | Got: 0000 Expected: 0000
# # KERNEL: UVM_INFO /home/runner/monitor.sv(31) @ 852: uvm_test_top.env.agent.mon [MON] Sampled: en=0, sel=01, y=0000
# # KERNEL: UVM_INFO /home/runner/scoreboard.sv(27) @ 852: uvm_test_top.env.scb [dec_scoreboard] Scoreboard received item
# # KERNEL: UVM_INFO /home/runner/scoreboard.sv(40) @ 852: uvm_test_top.env.scb [SCB_PASS] MATCH! en=0 sel=1 | Got: 0000 Expected: 0000
# # KERNEL: UVM_INFO /home/runner/monitor.sv(31) @ 862: uvm_test_top.env.agent.mon [MON] Sampled: en=1, sel=10, y=0100
# # KERNEL: UVM_INFO /home/runner/scoreboard.sv(27) @ 862: uvm_test_top.env.scb [dec_scoreboard] Scoreboard received item
# # KERNEL: UVM_INFO /home/runner/scoreboard.sv(40) @ 862: uvm_test_top.env.scb [SCB_PASS] MATCH! en=1 sel=2 | Got: 0100 Expected: 0100
# # KERNEL: UVM_INFO /home/runner/monitor.sv(31) @ 882: uvm_test_top.env.agent.mon [MON] Sampled: en=0, sel=01, y=0000
# # KERNEL: UVM_INFO /home/runner/scoreboard.sv(27) @ 882: uvm_test_top.env.scb [dec_scoreboard] Scoreboard received item
# # KERNEL: UVM_INFO /home/runner/scoreboard.sv(40) @ 882: uvm_test_top.env.scb [SCB_PASS] MATCH! en=0 sel=1 | Got: 0000 Expected: 0000
# # KERNEL: UVM_INFO /home/runner/master_seq.sv(46) @ 890: uvm_test_top.env.agent.sqr@@seq [MASTER_SEQ] Starting Sequence 6...
# # KERNEL: UVM_INFO /home/runner/sequence6.sv(12) @ 890: uvm_test_top.env.agent.sqr@@s6 [dec_x_propogation_seq] Starting x_propogation Stimulus for all ports...
# # KERNEL: UVM_INFO /home/runner/monitor.sv(31) @ 892: uvm_test_top.env.agent.mon [MON] Sampled: en=1, sel=xx, y=xxxx
# # KERNEL: UVM_INFO /home/runner/scoreboard.sv(27) @ 892: uvm_test_top.env.scb [dec_scoreboard] Scoreboard received item
# # KERNEL: UVM_INFO /home/runner/scoreboard.sv(40) @ 892: uvm_test_top.env.scb [SCB_PASS] MATCH! en=1 sel=x | Got: xxxx Expected: xxxx
# # KERNEL: UVM_INFO /home/runner/master_seq.sv(49) @ 900: uvm_test_top.env.agent.sqr@@seq [MASTER_SEQ] Starting Sequence 7...
# # KERNEL: UVM_INFO /home/runner/sequence7.sv(13) @ 900: uvm_test_top.env.agent.sqr@@s7 [dec_sel_toggle_seq] Starting sel_toggle Stimulus for all ports...
# # KERNEL: Error: assertion.sv (12): Violation: More than one output bit is high!
# # KERNEL: Error: assertion.sv (36): Violation: Output y does not match selection input!
# # KERNEL: UVM_INFO /home/runner/monitor.sv(31) @ 902: uvm_test_top.env.agent.mon [MON] Sampled: en=1, sel=00, y=0001
# # KERNEL: UVM_INFO /home/runner/scoreboard.sv(27) @ 902: uvm_test_top.env.scb [dec_scoreboard] Scoreboard received item
# # KERNEL: UVM_INFO /home/runner/scoreboard.sv(40) @ 902: uvm_test_top.env.scb [SCB_PASS] MATCH! en=1 sel=0 | Got: 0001 Expected: 0001
# # KERNEL: UVM_INFO /home/runner/monitor.sv(31) @ 932: uvm_test_top.env.agent.mon [MON] Sampled: en=1, sel=01, y=0010
# # KERNEL: UVM_INFO /home/runner/scoreboard.sv(27) @ 932: uvm_test_top.env.scb [dec_scoreboard] Scoreboard received item
# # KERNEL: UVM_INFO /home/runner/scoreboard.sv(40) @ 932: uvm_test_top.env.scb [SCB_PASS] MATCH! en=1 sel=1 | Got: 0010 Expected: 0010
# # KERNEL: UVM_INFO /home/runner/monitor.sv(31) @ 952: uvm_test_top.env.agent.mon [MON] Sampled: en=1, sel=10, y=0100
# # KERNEL: UVM_INFO /home/runner/scoreboard.sv(27) @ 952: uvm_test_top.env.scb [dec_scoreboard] Scoreboard received item
# # KERNEL: UVM_INFO /home/runner/scoreboard.sv(40) @ 952: uvm_test_top.env.scb [SCB_PASS] MATCH! en=1 sel=2 | Got: 0100 Expected: 0100
# # KERNEL: UVM_INFO /home/runner/monitor.sv(31) @ 982: uvm_test_top.env.agent.mon [MON] Sampled: en=1, sel=11, y=1000
# # KERNEL: UVM_INFO /home/runner/scoreboard.sv(27) @ 982: uvm_test_top.env.scb [dec_scoreboard] Scoreboard received item
# # KERNEL: UVM_INFO /home/runner/scoreboard.sv(40) @ 982: uvm_test_top.env.scb [SCB_PASS] MATCH! en=1 sel=3 | Got: 1000 Expected: 1000
# # KERNEL: UVM_INFO /home/runner/monitor.sv(31) @ 992: uvm_test_top.env.agent.mon [MON] Sampled: en=1, sel=10, y=0100
# # KERNEL: UVM_INFO /home/runner/scoreboard.sv(27) @ 992: uvm_test_top.env.scb [dec_scoreboard] Scoreboard received item
# # KERNEL: UVM_INFO /home/runner/scoreboard.sv(40) @ 992: uvm_test_top.env.scb [SCB_PASS] MATCH! en=1 sel=2 | Got: 0100 Expected: 0100
# # KERNEL: UVM_INFO /home/runner/monitor.sv(31) @ 1002: uvm_test_top.env.agent.mon [MON] Sampled: en=1, sel=11, y=1000
# # KERNEL: UVM_INFO /home/runner/scoreboard.sv(27) @ 1002: uvm_test_top.env.scb [dec_scoreboard] Scoreboard received item
# # KERNEL: UVM_INFO /home/runner/scoreboard.sv(40) @ 1002: uvm_test_top.env.scb [SCB_PASS] MATCH! en=1 sel=3 | Got: 1000 Expected: 1000
# # KERNEL: UVM_INFO /home/runner/test.sv(26) @ 1070: uvm_test_top [dec_test] Test finished!
# # KERNEL: UVM_INFO ./uvm-1.2/src/base/uvm_objection.svh(1271) @ 1070: reporter [TEST_DONE] 'run' phase is ready to proceed to the 'extract' phase
# # KERNEL: UVM_INFO /home/runner/scoreboard.sv(53) @ 1070: uvm_test_top.env.scb [dec_scoreboard] Tests Passed: 86, Failed: 0
# # KERNEL: UVM_INFO ./uvm-1.2/src/base/uvm_report_server.svh(869) @ 1070: reporter [UVM/REPORT/SERVER] 
# # KERNEL: --- UVM Report Summary ---
# # KERNEL: 
# # KERNEL: ** Report counts by severity
# # KERNEL: UVM_INFO :  279
# # KERNEL: UVM_WARNING :    0
# # KERNEL: UVM_ERROR :    0
# # KERNEL: UVM_FATAL :    0
# # KERNEL: ** Report counts by id
# # KERNEL: [MASTER_SEQ]     7
# # KERNEL: [MON]    86
# # KERNEL: [RNTST]     1
# # KERNEL: [SCB_PASS]    86
# # KERNEL: [TEST_DONE]     1
# # KERNEL: [UVM/RELNOTES]     1
# # KERNEL: [dec_base_sequence]     2
# # KERNEL: [dec_en_one_seq]     1
# # KERNEL: [dec_en_toggle_seq]     1
# # KERNEL: [dec_en_zero_seq]     1
# # KERNEL: [dec_scoreboard]    87
# # KERNEL: [dec_sel_toggle_seq]     1
# # KERNEL: [dec_test]     2
# # KERNEL: [dec_walking_ones_seq]     1
# # KERNEL: [dec_x_propogation_seq]     1
# # KERNEL: 
# # RUNTIME: Info: RUNTIME_0068 uvm_root.svh (521): $finish called.
# # KERNEL: Time: 1070 ns,  Iteration: 56,  Instance: /tb_top,  Process: @INITIAL#19_0@.
# # KERNEL: stopped at time: 1070 ns
# # VSIM: Simulation has finished. There are no more test vectors to simulate.