vsim +access+r;
# ELBREAD: Elaboration process.
# ELBREAD: Warning: ELBREAD_0049 The "uvm_pkg" design unit does not have a time unit/precision defined but other design units do.
# ELBREAD: Elaboration time 0.8 [s].
# KERNEL: Main thread initiated.
# KERNEL: Kernel process initialization phase.
# ELAB2: Elaboration final pass...
# KERNEL: PLI/VHPI kernel's engine initialization done.
# PLI: Loading library '/usr/share/Riviera-PRO/bin/libsystf.so'
# ELAB2: Create instances ...
# KERNEL: Info: Loading library:  /usr/share/Riviera-PRO/bin/uvm_1_2_dpi
# KERNEL: Time resolution set to 1ns.
# ELAB2: Create instances complete.
# SLP: Started
# SLP: Elaboration phase ...
# SLP: Elaboration phase ... done : 0.1 [s]
# SLP: Generation phase ...
# SLP: Generation phase ... done : 0.1 [s]
# SLP: Finished : 0.1 [s]
# SLP: 0 primitives and 5 (26.32%) other processes in SLP
# SLP: 21 (0.07%) signals in SLP and 54 (0.18%) interface signals
# ELAB2: Elaboration final pass complete - time: 2.7 [s].
# KERNEL: SLP loading done - time: 0.0 [s].
# KERNEL: Warning: You are using the Riviera-PRO EDU Edition. The performance of simulation is reduced.
# KERNEL: Warning: Contact Aldec for available upgrade options - sales@aldec.com.
# KERNEL: SLP simulation initialization done - time: 0.0 [s].
# KERNEL: Kernel process initialization done.
# Allocation: Simulator allocated 30753 kB (elbread=2122 elab2=23772 kernel=4858 sdf=0)
# KERNEL: UVM_INFO ./uvm-1.2/src/base/uvm_root.svh(392) @ 0: reporter [UVM/RELNOTES] 
# KERNEL: ----------------------------------------------------------------
# KERNEL: UVM-1.2
# KERNEL: (C) 2007-2014 Mentor Graphics Corporation
# KERNEL: (C) 2007-2014 Cadence Design Systems, Inc.
# KERNEL: (C) 2006-2014 Synopsys, Inc.
# KERNEL: (C) 2011-2013 Cypress Semiconductor Corp.
# KERNEL: (C) 2013-2014 NVIDIA Corporation
# KERNEL: ----------------------------------------------------------------
# KERNEL: 
# KERNEL:   ***********       IMPORTANT RELEASE NOTES         ************
# KERNEL: 
# KERNEL:   You are using a version of the UVM library that has been compiled
# KERNEL:   with `UVM_NO_DEPRECATED undefined.
# KERNEL:   See http://www.eda.org/svdb/view.php?id=3313 for more details.
# KERNEL: 
# KERNEL:   You are using a version of the UVM library that has been compiled
# KERNEL:   with `UVM_OBJECT_DO_NOT_NEED_CONSTRUCTOR undefined.
# KERNEL:   See http://www.eda.org/svdb/view.php?id=3770 for more details.
# KERNEL: 
# KERNEL:       (Specify +UVM_NO_RELNOTES to turn off this notice)
# KERNEL: 
# KERNEL: ASDB file was created in location /home/runner/dataset.asdb
run -all;
# KERNEL: UVM_INFO @ 0: reporter [RNTST] Running test fsm_test...
# ACDB: Warning: ACDB_0023 fsm_coverage.sv (34): Value 'xxx' is used within bins of coverpoint 'cp_state'. It is out of allowed range and will be ignored. HDL instance: "/\package fsm_pkg\/fsm_coverage". Covergroup type: "fsm_cg", covergroup instance: "<UNNAMED1>", coverpoint: "cp_state".
# ACDB: Warning: ACDB_0023 fsm_coverage.sv (34): Value 'zzz' is used within bins of coverpoint 'cp_state'. It is out of allowed range and will be ignored. HDL instance: "/\package fsm_pkg\/fsm_coverage". Covergroup type: "fsm_cg", covergroup instance: "<UNNAMED1>", coverpoint: "cp_state".
# ACDB: Warning: ACDB_0030 fsm_coverage.sv (34): Bin(s) 'x_bit' are empty and will be excluded from the coverage report. HDL instance: "/\package fsm_pkg\/fsm_coverage". Covergroup type: "fsm_cg", covergroup instance: "<UNNAMED1>", coverpoint: "cp_state".
# KERNEL: UVM_INFO /home/runner/test.sv(21) @ 0: uvm_test_top [fsm_test] Starting test...
# KERNEL: UVM_INFO /home/runner/master_seq.sv(15) @ 0: uvm_test_top.env.agent.sqr@@seq [MASTER_SEQ] Starting Sequence 1...
# KERNEL: UVM_INFO /home/runner/sequence1.sv(12) @ 0: uvm_test_top.env.agent.sqr@@s1 [fsm_random_sequence] Starting sequence 1 body
# KERNEL: UVM_INFO /home/runner/monitor.sv(40) @ 5: uvm_test_top.env.agent.mon [MON] negedge Reset ACTIVE
# KERNEL: UVM_INFO /home/runner/monitor.sv(47) @ 5: uvm_test_top.env.agent.mon [MON] rst_n=x | Sampled Bit: x, State: , Found: 0
# ACDB: Error: ACDB_0013 fsm_coverage.sv (28): Illegal enum bin was hit with value 'xxx' at iteration #0 of covergroup sampling. It will have no impact on the coverage statistics. HDL instance: "/\package fsm_pkg\/fsm_coverage". Covergroup type: "fsm_cg", covergroup instance: "<UNNAMED1>", coverpoint: "cp_state".
# KERNEL: UVM_INFO /home/runner/scoreboard.sv(59) @ 5: uvm_test_top.env.scb [SCB] Bit: x | State Match:  | Out Match: 0
# KERNEL: UVM_INFO /home/runner/monitor.sv(40) @ 15: uvm_test_top.env.agent.mon [MON] negedge Reset ACTIVE
# KERNEL: UVM_INFO /home/runner/monitor.sv(47) @ 15: uvm_test_top.env.agent.mon [MON] rst_n=0 | Sampled Bit: 0, State: IDLE, Found: 0
# KERNEL: UVM_INFO /home/runner/monitor.sv(34) @ 25: uvm_test_top.env.agent.mon [MON] rst_n=1 | Sampled Bit: 0, State: IDLE, Found: 0
# KERNEL: UVM_INFO /home/runner/scoreboard.sv(24) @ 25: uvm_test_top.env.scb [fsm_scoreboard] Scoreboard received item
# KERNEL: UVM_INFO /home/runner/scoreboard.sv(29) @ 25: uvm_test_top.env.scb [SCB_PASS] RTL state =IDLE Exp state =IDLE
# KERNEL: UVM_INFO /home/runner/scoreboard.sv(59) @ 25: uvm_test_top.env.scb [SCB] Bit: 0 | State Match: IDLE | Out Match: 0
# KERNEL: UVM_INFO /home/runner/driver.sv(47) @ 25: uvm_test_top.env.agent.drv [DRV] Driving rst_n = 1 | bit_in = 0
# KERNEL: UVM_INFO /home/runner/monitor.sv(34) @ 35: uvm_test_top.env.agent.mon [MON] rst_n=1 | Sampled Bit: 0, State: IDLE, Found: 0
# KERNEL: UVM_INFO /home/runner/scoreboard.sv(24) @ 35: uvm_test_top.env.scb [fsm_scoreboard] Scoreboard received item
# KERNEL: UVM_INFO /home/runner/scoreboard.sv(29) @ 35: uvm_test_top.env.scb [SCB_PASS] RTL state =IDLE Exp state =IDLE
# KERNEL: UVM_INFO /home/runner/scoreboard.sv(59) @ 35: uvm_test_top.env.scb [SCB] Bit: 0 | State Match: IDLE | Out Match: 0
# KERNEL: UVM_INFO /home/runner/driver.sv(47) @ 35: uvm_test_top.env.agent.drv [DRV] Driving rst_n = 1 | bit_in = 1
# KERNEL: UVM_INFO /home/runner/monitor.sv(34) @ 45: uvm_test_top.env.agent.mon [MON] rst_n=1 | Sampled Bit: 1, State: IDLE, Found: 0
# KERNEL: UVM_INFO /home/runner/scoreboard.sv(24) @ 45: uvm_test_top.env.scb [fsm_scoreboard] Scoreboard received item
# KERNEL: UVM_INFO /home/runner/scoreboard.sv(29) @ 45: uvm_test_top.env.scb [SCB_PASS] RTL state =IDLE Exp state =IDLE
# KERNEL: UVM_INFO /home/runner/scoreboard.sv(59) @ 45: uvm_test_top.env.scb [SCB] Bit: 1 | State Match: IDLE | Out Match: 0
# KERNEL: UVM_INFO /home/runner/driver.sv(47) @ 45: uvm_test_top.env.agent.drv [DRV] Driving rst_n = 1 | bit_in = 1
# KERNEL: UVM_INFO /home/runner/monitor.sv(34) @ 55: uvm_test_top.env.agent.mon [MON] rst_n=1 | Sampled Bit: 1, State: S1, Found: 0
# KERNEL: UVM_INFO /home/runner/scoreboard.sv(24) @ 55: uvm_test_top.env.scb [fsm_scoreboard] Scoreboard received item
# KERNEL: UVM_INFO /home/runner/scoreboard.sv(29) @ 55: uvm_test_top.env.scb [SCB_PASS] RTL state =S1 Exp state =S1
# KERNEL: UVM_INFO /home/runner/scoreboard.sv(59) @ 55: uvm_test_top.env.scb [SCB] Bit: 1 | State Match: S1 | Out Match: 0
# KERNEL: UVM_INFO /home/runner/driver.sv(47) @ 55: uvm_test_top.env.agent.drv [DRV] Driving rst_n = 1 | bit_in = 1
# KERNEL: UVM_INFO /home/runner/monitor.sv(34) @ 65: uvm_test_top.env.agent.mon [MON] rst_n=1 | Sampled Bit: 1, State: S1, Found: 0
# KERNEL: UVM_INFO /home/runner/scoreboard.sv(24) @ 65: uvm_test_top.env.scb [fsm_scoreboard] Scoreboard received item
# KERNEL: UVM_INFO /home/runner/scoreboard.sv(29) @ 65: uvm_test_top.env.scb [SCB_PASS] RTL state =S1 Exp state =S1
# KERNEL: UVM_INFO /home/runner/scoreboard.sv(59) @ 65: uvm_test_top.env.scb [SCB] Bit: 1 | State Match: S1 | Out Match: 0
# KERNEL: UVM_INFO /home/runner/driver.sv(47) @ 65: uvm_test_top.env.agent.drv [DRV] Driving rst_n = 1 | bit_in = 0
# KERNEL: UVM_INFO /home/runner/monitor.sv(34) @ 75: uvm_test_top.env.agent.mon [MON] rst_n=1 | Sampled Bit: 0, State: S1, Found: 0
# KERNEL: UVM_INFO /home/runner/scoreboard.sv(24) @ 75: uvm_test_top.env.scb [fsm_scoreboard] Scoreboard received item
# KERNEL: UVM_INFO /home/runner/scoreboard.sv(29) @ 75: uvm_test_top.env.scb [SCB_PASS] RTL state =S1 Exp state =S1
# KERNEL: UVM_INFO /home/runner/scoreboard.sv(59) @ 75: uvm_test_top.env.scb [SCB] Bit: 0 | State Match: S1 | Out Match: 0
# KERNEL: UVM_INFO /home/runner/driver.sv(47) @ 75: uvm_test_top.env.agent.drv [DRV] Driving rst_n = 1 | bit_in = 1
# KERNEL: UVM_INFO /home/runner/monitor.sv(34) @ 85: uvm_test_top.env.agent.mon [MON] rst_n=1 | Sampled Bit: 1, State: S10, Found: 0
# KERNEL: UVM_INFO /home/runner/scoreboard.sv(24) @ 85: uvm_test_top.env.scb [fsm_scoreboard] Scoreboard received item
# KERNEL: UVM_INFO /home/runner/scoreboard.sv(29) @ 85: uvm_test_top.env.scb [SCB_PASS] RTL state =S10 Exp state =S10
# KERNEL: UVM_INFO /home/runner/scoreboard.sv(59) @ 85: uvm_test_top.env.scb [SCB] Bit: 1 | State Match: S10 | Out Match: 0
# KERNEL: UVM_INFO /home/runner/driver.sv(47) @ 85: uvm_test_top.env.agent.drv [DRV] Driving rst_n = 1 | bit_in = 1
# KERNEL: UVM_INFO /home/runner/monitor.sv(34) @ 95: uvm_test_top.env.agent.mon [MON] rst_n=1 | Sampled Bit: 1, State: S101, Found: 0
# KERNEL: UVM_INFO /home/runner/scoreboard.sv(24) @ 95: uvm_test_top.env.scb [fsm_scoreboard] Scoreboard received item
# KERNEL: UVM_INFO /home/runner/scoreboard.sv(29) @ 95: uvm_test_top.env.scb [SCB_PASS] RTL state =S101 Exp state =S101
# KERNEL: UVM_INFO /home/runner/scoreboard.sv(59) @ 95: uvm_test_top.env.scb [SCB] Bit: 1 | State Match: S101 | Out Match: 0
# KERNEL: UVM_INFO /home/runner/driver.sv(47) @ 95: uvm_test_top.env.agent.drv [DRV] Driving rst_n = 1 | bit_in = 0
# KERNEL: UVM_INFO /home/runner/monitor.sv(34) @ 105: uvm_test_top.env.agent.mon [MON] rst_n=1 | Sampled Bit: 0, State: S1011, Found: 1
# KERNEL: UVM_INFO /home/runner/scoreboard.sv(24) @ 105: uvm_test_top.env.scb [fsm_scoreboard] Scoreboard received item
# KERNEL: UVM_INFO /home/runner/scoreboard.sv(29) @ 105: uvm_test_top.env.scb [SCB_PASS] RTL state =S1011 Exp state =S1011
# KERNEL: UVM_INFO /home/runner/scoreboard.sv(59) @ 105: uvm_test_top.env.scb [SCB] Bit: 0 | State Match: S1011 | Out Match: 1
# KERNEL: UVM_INFO /home/runner/driver.sv(47) @ 105: uvm_test_top.env.agent.drv [DRV] Driving rst_n = 1 | bit_in = 1
# KERNEL: UVM_INFO /home/runner/monitor.sv(34) @ 115: uvm_test_top.env.agent.mon [MON] rst_n=1 | Sampled Bit: 1, State: IDLE, Found: 0
# KERNEL: UVM_INFO /home/runner/scoreboard.sv(24) @ 115: uvm_test_top.env.scb [fsm_scoreboard] Scoreboard received item
# KERNEL: UVM_INFO /home/runner/scoreboard.sv(29) @ 115: uvm_test_top.env.scb [SCB_PASS] RTL state =IDLE Exp state =IDLE
# KERNEL: UVM_INFO /home/runner/scoreboard.sv(59) @ 115: uvm_test_top.env.scb [SCB] Bit: 1 | State Match: IDLE | Out Match: 0
# KERNEL: UVM_INFO /home/runner/driver.sv(47) @ 115: uvm_test_top.env.agent.drv [DRV] Driving rst_n = 1 | bit_in = 1
# KERNEL: UVM_INFO /home/runner/monitor.sv(34) @ 125: uvm_test_top.env.agent.mon [MON] rst_n=1 | Sampled Bit: 1, State: S1, Found: 0
# KERNEL: UVM_INFO /home/runner/scoreboard.sv(24) @ 125: uvm_test_top.env.scb [fsm_scoreboard] Scoreboard received item
# KERNEL: UVM_INFO /home/runner/scoreboard.sv(29) @ 125: uvm_test_top.env.scb [SCB_PASS] RTL state =S1 Exp state =S1
# KERNEL: UVM_INFO /home/runner/scoreboard.sv(59) @ 125: uvm_test_top.env.scb [SCB] Bit: 1 | State Match: S1 | Out Match: 0
# KERNEL: UVM_INFO /home/runner/driver.sv(47) @ 125: uvm_test_top.env.agent.drv [DRV] Driving rst_n = 1 | bit_in = 1
# KERNEL: UVM_INFO /home/runner/monitor.sv(34) @ 135: uvm_test_top.env.agent.mon [MON] rst_n=1 | Sampled Bit: 1, State: S1, Found: 0
# KERNEL: UVM_INFO /home/runner/scoreboard.sv(24) @ 135: uvm_test_top.env.scb [fsm_scoreboard] Scoreboard received item
# KERNEL: UVM_INFO /home/runner/scoreboard.sv(29) @ 135: uvm_test_top.env.scb [SCB_PASS] RTL state =S1 Exp state =S1
# KERNEL: UVM_INFO /home/runner/scoreboard.sv(59) @ 135: uvm_test_top.env.scb [SCB] Bit: 1 | State Match: S1 | Out Match: 0
# KERNEL: UVM_INFO /home/runner/driver.sv(47) @ 135: uvm_test_top.env.agent.drv [DRV] Driving rst_n = 1 | bit_in = 1
# KERNEL: UVM_INFO /home/runner/monitor.sv(34) @ 145: uvm_test_top.env.agent.mon [MON] rst_n=1 | Sampled Bit: 1, State: S1, Found: 0
# KERNEL: UVM_INFO /home/runner/scoreboard.sv(24) @ 145: uvm_test_top.env.scb [fsm_scoreboard] Scoreboard received item
# KERNEL: UVM_INFO /home/runner/scoreboard.sv(29) @ 145: uvm_test_top.env.scb [SCB_PASS] RTL state =S1 Exp state =S1
# KERNEL: UVM_INFO /home/runner/scoreboard.sv(59) @ 145: uvm_test_top.env.scb [SCB] Bit: 1 | State Match: S1 | Out Match: 0
# KERNEL: UVM_INFO /home/runner/driver.sv(47) @ 145: uvm_test_top.env.agent.drv [DRV] Driving rst_n = 1 | bit_in = 0
# KERNEL: UVM_INFO /home/runner/monitor.sv(34) @ 155: uvm_test_top.env.agent.mon [MON] rst_n=1 | Sampled Bit: 0, State: S1, Found: 0
# KERNEL: UVM_INFO /home/runner/scoreboard.sv(24) @ 155: uvm_test_top.env.scb [fsm_scoreboard] Scoreboard received item
# KERNEL: UVM_INFO /home/runner/scoreboard.sv(29) @ 155: uvm_test_top.env.scb [SCB_PASS] RTL state =S1 Exp state =S1
# KERNEL: UVM_INFO /home/runner/scoreboard.sv(59) @ 155: uvm_test_top.env.scb [SCB] Bit: 0 | State Match: S1 | Out Match: 0
# KERNEL: UVM_INFO /home/runner/driver.sv(47) @ 155: uvm_test_top.env.agent.drv [DRV] Driving rst_n = 1 | bit_in = 1
# KERNEL: UVM_INFO /home/runner/monitor.sv(34) @ 165: uvm_test_top.env.agent.mon [MON] rst_n=1 | Sampled Bit: 1, State: S10, Found: 0
# KERNEL: UVM_INFO /home/runner/scoreboard.sv(24) @ 165: uvm_test_top.env.scb [fsm_scoreboard] Scoreboard received item
# KERNEL: UVM_INFO /home/runner/scoreboard.sv(29) @ 165: uvm_test_top.env.scb [SCB_PASS] RTL state =S10 Exp state =S10
# KERNEL: UVM_INFO /home/runner/scoreboard.sv(59) @ 165: uvm_test_top.env.scb [SCB] Bit: 1 | State Match: S10 | Out Match: 0
# KERNEL: UVM_INFO /home/runner/driver.sv(47) @ 165: uvm_test_top.env.agent.drv [DRV] Driving rst_n = 1 | bit_in = 1
# KERNEL: UVM_INFO /home/runner/monitor.sv(34) @ 175: uvm_test_top.env.agent.mon [MON] rst_n=1 | Sampled Bit: 1, State: S101, Found: 0
# KERNEL: UVM_INFO /home/runner/scoreboard.sv(24) @ 175: uvm_test_top.env.scb [fsm_scoreboard] Scoreboard received item
# KERNEL: UVM_INFO /home/runner/scoreboard.sv(29) @ 175: uvm_test_top.env.scb [SCB_PASS] RTL state =S101 Exp state =S101
# KERNEL: UVM_INFO /home/runner/scoreboard.sv(59) @ 175: uvm_test_top.env.scb [SCB] Bit: 1 | State Match: S101 | Out Match: 0
# KERNEL: UVM_INFO /home/runner/driver.sv(47) @ 175: uvm_test_top.env.agent.drv [DRV] Driving rst_n = 1 | bit_in = 0
# KERNEL: UVM_INFO /home/runner/monitor.sv(34) @ 185: uvm_test_top.env.agent.mon [MON] rst_n=1 | Sampled Bit: 0, State: S1011, Found: 1
# KERNEL: UVM_INFO /home/runner/scoreboard.sv(24) @ 185: uvm_test_top.env.scb [fsm_scoreboard] Scoreboard received item
# KERNEL: UVM_INFO /home/runner/scoreboard.sv(29) @ 185: uvm_test_top.env.scb [SCB_PASS] RTL state =S1011 Exp state =S1011
# KERNEL: UVM_INFO /home/runner/scoreboard.sv(59) @ 185: uvm_test_top.env.scb [SCB] Bit: 0 | State Match: S1011 | Out Match: 1
# KERNEL: UVM_INFO /home/runner/driver.sv(47) @ 185: uvm_test_top.env.agent.drv [DRV] Driving rst_n = 1 | bit_in = 1
# KERNEL: UVM_INFO /home/runner/monitor.sv(34) @ 195: uvm_test_top.env.agent.mon [MON] rst_n=1 | Sampled Bit: 1, State: IDLE, Found: 0
# KERNEL: UVM_INFO /home/runner/scoreboard.sv(24) @ 195: uvm_test_top.env.scb [fsm_scoreboard] Scoreboard received item
# KERNEL: UVM_INFO /home/runner/scoreboard.sv(29) @ 195: uvm_test_top.env.scb [SCB_PASS] RTL state =IDLE Exp state =IDLE
# KERNEL: UVM_INFO /home/runner/scoreboard.sv(59) @ 195: uvm_test_top.env.scb [SCB] Bit: 1 | State Match: IDLE | Out Match: 0
# KERNEL: UVM_INFO /home/runner/driver.sv(47) @ 195: uvm_test_top.env.agent.drv [DRV] Driving rst_n = 1 | bit_in = 1
# KERNEL: UVM_INFO /home/runner/monitor.sv(34) @ 205: uvm_test_top.env.agent.mon [MON] rst_n=1 | Sampled Bit: 1, State: S1, Found: 0
# KERNEL: UVM_INFO /home/runner/scoreboard.sv(24) @ 205: uvm_test_top.env.scb [fsm_scoreboard] Scoreboard received item
# KERNEL: UVM_INFO /home/runner/scoreboard.sv(29) @ 205: uvm_test_top.env.scb [SCB_PASS] RTL state =S1 Exp state =S1
# KERNEL: UVM_INFO /home/runner/scoreboard.sv(59) @ 205: uvm_test_top.env.scb [SCB] Bit: 1 | State Match: S1 | Out Match: 0
# KERNEL: UVM_INFO /home/runner/driver.sv(47) @ 205: uvm_test_top.env.agent.drv [DRV] Driving rst_n = 1 | bit_in = 1
# KERNEL: UVM_INFO /home/runner/monitor.sv(34) @ 215: uvm_test_top.env.agent.mon [MON] rst_n=1 | Sampled Bit: 1, State: S1, Found: 0
# KERNEL: UVM_INFO /home/runner/scoreboard.sv(24) @ 215: uvm_test_top.env.scb [fsm_scoreboard] Scoreboard received item
# KERNEL: UVM_INFO /home/runner/scoreboard.sv(29) @ 215: uvm_test_top.env.scb [SCB_PASS] RTL state =S1 Exp state =S1
# KERNEL: UVM_INFO /home/runner/scoreboard.sv(59) @ 215: uvm_test_top.env.scb [SCB] Bit: 1 | State Match: S1 | Out Match: 0
# KERNEL: UVM_INFO /home/runner/driver.sv(47) @ 215: uvm_test_top.env.agent.drv [DRV] Driving rst_n = 1 | bit_in = 0
# KERNEL: UVM_INFO /home/runner/monitor.sv(34) @ 225: uvm_test_top.env.agent.mon [MON] rst_n=1 | Sampled Bit: 0, State: S1, Found: 0
# KERNEL: UVM_INFO /home/runner/scoreboard.sv(24) @ 225: uvm_test_top.env.scb [fsm_scoreboard] Scoreboard received item
# KERNEL: UVM_INFO /home/runner/scoreboard.sv(29) @ 225: uvm_test_top.env.scb [SCB_PASS] RTL state =S1 Exp state =S1
# KERNEL: UVM_INFO /home/runner/scoreboard.sv(59) @ 225: uvm_test_top.env.scb [SCB] Bit: 0 | State Match: S1 | Out Match: 0
# KERNEL: UVM_INFO /home/runner/driver.sv(47) @ 225: uvm_test_top.env.agent.drv [DRV] Driving rst_n = 1 | bit_in = 0
# KERNEL: UVM_INFO /home/runner/monitor.sv(34) @ 235: uvm_test_top.env.agent.mon [MON] rst_n=1 | Sampled Bit: 0, State: S10, Found: 0
# KERNEL: UVM_INFO /home/runner/scoreboard.sv(24) @ 235: uvm_test_top.env.scb [fsm_scoreboard] Scoreboard received item
# KERNEL: UVM_INFO /home/runner/scoreboard.sv(29) @ 235: uvm_test_top.env.scb [SCB_PASS] RTL state =S10 Exp state =S10
# KERNEL: UVM_INFO /home/runner/scoreboard.sv(59) @ 235: uvm_test_top.env.scb [SCB] Bit: 0 | State Match: S10 | Out Match: 0
# KERNEL: UVM_INFO /home/runner/driver.sv(47) @ 235: uvm_test_top.env.agent.drv [DRV] Driving rst_n = 0 | bit_in = 1
# KERNEL: UVM_INFO /home/runner/monitor.sv(40) @ 245: uvm_test_top.env.agent.mon [MON] negedge Reset ACTIVE
# KERNEL: UVM_INFO /home/runner/monitor.sv(47) @ 245: uvm_test_top.env.agent.mon [MON] rst_n=0 | Sampled Bit: 1, State: IDLE, Found: 0
# KERNEL: UVM_INFO /home/runner/driver.sv(47) @ 245: uvm_test_top.env.agent.drv [DRV] Driving rst_n = 1 | bit_in = 1
# KERNEL: UVM_INFO /home/runner/monitor.sv(34) @ 255: uvm_test_top.env.agent.mon [MON] rst_n=1 | Sampled Bit: 1, State: IDLE, Found: 0
# KERNEL: UVM_INFO /home/runner/scoreboard.sv(24) @ 255: uvm_test_top.env.scb [fsm_scoreboard] Scoreboard received item
# KERNEL: UVM_INFO /home/runner/scoreboard.sv(29) @ 255: uvm_test_top.env.scb [SCB_PASS] RTL state =IDLE Exp state =IDLE
# KERNEL: UVM_INFO /home/runner/scoreboard.sv(59) @ 255: uvm_test_top.env.scb [SCB] Bit: 1 | State Match: IDLE | Out Match: 0
# KERNEL: UVM_INFO /home/runner/driver.sv(47) @ 255: uvm_test_top.env.agent.drv [DRV] Driving rst_n = 1 | bit_in = 1
# KERNEL: UVM_INFO /home/runner/monitor.sv(34) @ 265: uvm_test_top.env.agent.mon [MON] rst_n=1 | Sampled Bit: 1, State: S1, Found: 0
# KERNEL: UVM_INFO /home/runner/scoreboard.sv(24) @ 265: uvm_test_top.env.scb [fsm_scoreboard] Scoreboard received item
# KERNEL: UVM_INFO /home/runner/scoreboard.sv(29) @ 265: uvm_test_top.env.scb [SCB_PASS] RTL state =S1 Exp state =S1
# KERNEL: UVM_INFO /home/runner/scoreboard.sv(59) @ 265: uvm_test_top.env.scb [SCB] Bit: 1 | State Match: S1 | Out Match: 0
# KERNEL: UVM_INFO /home/runner/driver.sv(47) @ 265: uvm_test_top.env.agent.drv [DRV] Driving rst_n = 1 | bit_in = 0
# KERNEL: UVM_INFO /home/runner/monitor.sv(34) @ 275: uvm_test_top.env.agent.mon [MON] rst_n=1 | Sampled Bit: 0, State: S1, Found: 0
# KERNEL: UVM_INFO /home/runner/scoreboard.sv(24) @ 275: uvm_test_top.env.scb [fsm_scoreboard] Scoreboard received item
# KERNEL: UVM_INFO /home/runner/scoreboard.sv(29) @ 275: uvm_test_top.env.scb [SCB_PASS] RTL state =S1 Exp state =S1
# KERNEL: UVM_INFO /home/runner/scoreboard.sv(59) @ 275: uvm_test_top.env.scb [SCB] Bit: 0 | State Match: S1 | Out Match: 0
# KERNEL: UVM_INFO /home/runner/driver.sv(47) @ 275: uvm_test_top.env.agent.drv [DRV] Driving rst_n = 1 | bit_in = 1
# KERNEL: UVM_INFO /home/runner/monitor.sv(34) @ 285: uvm_test_top.env.agent.mon [MON] rst_n=1 | Sampled Bit: 1, State: S10, Found: 0
# KERNEL: UVM_INFO /home/runner/scoreboard.sv(24) @ 285: uvm_test_top.env.scb [fsm_scoreboard] Scoreboard received item
# KERNEL: UVM_INFO /home/runner/scoreboard.sv(29) @ 285: uvm_test_top.env.scb [SCB_PASS] RTL state =S10 Exp state =S10
# KERNEL: UVM_INFO /home/runner/scoreboard.sv(59) @ 285: uvm_test_top.env.scb [SCB] Bit: 1 | State Match: S10 | Out Match: 0
# KERNEL: UVM_INFO /home/runner/driver.sv(47) @ 285: uvm_test_top.env.agent.drv [DRV] Driving rst_n = 1 | bit_in = 1
# KERNEL: UVM_INFO /home/runner/monitor.sv(34) @ 295: uvm_test_top.env.agent.mon [MON] rst_n=1 | Sampled Bit: 1, State: S101, Found: 0
# KERNEL: UVM_INFO /home/runner/scoreboard.sv(24) @ 295: uvm_test_top.env.scb [fsm_scoreboard] Scoreboard received item
# KERNEL: UVM_INFO /home/runner/scoreboard.sv(29) @ 295: uvm_test_top.env.scb [SCB_PASS] RTL state =S101 Exp state =S101
# KERNEL: UVM_INFO /home/runner/scoreboard.sv(59) @ 295: uvm_test_top.env.scb [SCB] Bit: 1 | State Match: S101 | Out Match: 0
# KERNEL: UVM_INFO /home/runner/driver.sv(47) @ 295: uvm_test_top.env.agent.drv [DRV] Driving rst_n = 0 | bit_in = 0
# KERNEL: UVM_INFO /home/runner/monitor.sv(40) @ 305: uvm_test_top.env.agent.mon [MON] negedge Reset ACTIVE
# KERNEL: UVM_INFO /home/runner/monitor.sv(47) @ 305: uvm_test_top.env.agent.mon [MON] rst_n=0 | Sampled Bit: 0, State: IDLE, Found: 0
# ACDB: Error: ACDB_0012 fsm_coverage.sv (52): Illegal bin 'S101_to_any_[0]' was hit with transition '(S101=>IDLE)' at iteration #30 of covergroup sampling. It will have no impact on the coverage statistics. HDL instance: "/\package fsm_pkg\/fsm_coverage". Covergroup type: "fsm_cg", covergroup instance: "<UNNAMED1>", coverpoint: "cp_state_transition".
# KERNEL: UVM_INFO /home/runner/driver.sv(47) @ 305: uvm_test_top.env.agent.drv [DRV] Driving rst_n = 1 | bit_in = 1
# KERNEL: UVM_INFO /home/runner/monitor.sv(34) @ 315: uvm_test_top.env.agent.mon [MON] rst_n=1 | Sampled Bit: 1, State: IDLE, Found: 0
# KERNEL: UVM_INFO /home/runner/scoreboard.sv(24) @ 315: uvm_test_top.env.scb [fsm_scoreboard] Scoreboard received item
# KERNEL: UVM_INFO /home/runner/scoreboard.sv(29) @ 315: uvm_test_top.env.scb [SCB_PASS] RTL state =IDLE Exp state =IDLE
# KERNEL: UVM_INFO /home/runner/scoreboard.sv(59) @ 315: uvm_test_top.env.scb [SCB] Bit: 1 | State Match: IDLE | Out Match: 0
# KERNEL: UVM_INFO /home/runner/driver.sv(47) @ 315: uvm_test_top.env.agent.drv [DRV] Driving rst_n = 1 | bit_in = 1
# KERNEL: UVM_INFO /home/runner/monitor.sv(34) @ 325: uvm_test_top.env.agent.mon [MON] rst_n=1 | Sampled Bit: 1, State: S1, Found: 0
# KERNEL: UVM_INFO /home/runner/scoreboard.sv(24) @ 325: uvm_test_top.env.scb [fsm_scoreboard] Scoreboard received item
# KERNEL: UVM_INFO /home/runner/scoreboard.sv(29) @ 325: uvm_test_top.env.scb [SCB_PASS] RTL state =S1 Exp state =S1
# KERNEL: UVM_INFO /home/runner/scoreboard.sv(59) @ 325: uvm_test_top.env.scb [SCB] Bit: 1 | State Match: S1 | Out Match: 0
# KERNEL: UVM_INFO /home/runner/driver.sv(47) @ 325: uvm_test_top.env.agent.drv [DRV] Driving rst_n = 1 | bit_in = 1
# KERNEL: UVM_INFO /home/runner/monitor.sv(34) @ 335: uvm_test_top.env.agent.mon [MON] rst_n=1 | Sampled Bit: 1, State: S1, Found: 0
# KERNEL: UVM_INFO /home/runner/scoreboard.sv(24) @ 335: uvm_test_top.env.scb [fsm_scoreboard] Scoreboard received item
# KERNEL: UVM_INFO /home/runner/scoreboard.sv(29) @ 335: uvm_test_top.env.scb [SCB_PASS] RTL state =S1 Exp state =S1
# KERNEL: UVM_INFO /home/runner/scoreboard.sv(59) @ 335: uvm_test_top.env.scb [SCB] Bit: 1 | State Match: S1 | Out Match: 0
# KERNEL: UVM_INFO /home/runner/driver.sv(47) @ 335: uvm_test_top.env.agent.drv [DRV] Driving rst_n = 1 | bit_in = 1
# KERNEL: UVM_INFO /home/runner/monitor.sv(34) @ 345: uvm_test_top.env.agent.mon [MON] rst_n=1 | Sampled Bit: 1, State: S1, Found: 0
# KERNEL: UVM_INFO /home/runner/scoreboard.sv(24) @ 345: uvm_test_top.env.scb [fsm_scoreboard] Scoreboard received item
# KERNEL: UVM_INFO /home/runner/scoreboard.sv(29) @ 345: uvm_test_top.env.scb [SCB_PASS] RTL state =S1 Exp state =S1
# KERNEL: UVM_INFO /home/runner/scoreboard.sv(59) @ 345: uvm_test_top.env.scb [SCB] Bit: 1 | State Match: S1 | Out Match: 0
# KERNEL: UVM_INFO /home/runner/driver.sv(47) @ 345: uvm_test_top.env.agent.drv [DRV] Driving rst_n = 1 | bit_in = 0
# KERNEL: UVM_INFO /home/runner/monitor.sv(34) @ 355: uvm_test_top.env.agent.mon [MON] rst_n=1 | Sampled Bit: 0, State: S1, Found: 0
# KERNEL: UVM_INFO /home/runner/scoreboard.sv(24) @ 355: uvm_test_top.env.scb [fsm_scoreboard] Scoreboard received item
# KERNEL: UVM_INFO /home/runner/scoreboard.sv(29) @ 355: uvm_test_top.env.scb [SCB_PASS] RTL state =S1 Exp state =S1
# KERNEL: UVM_INFO /home/runner/scoreboard.sv(59) @ 355: uvm_test_top.env.scb [SCB] Bit: 0 | State Match: S1 | Out Match: 0
# KERNEL: UVM_INFO /home/runner/driver.sv(47) @ 355: uvm_test_top.env.agent.drv [DRV] Driving rst_n = 1 | bit_in = 1
# KERNEL: UVM_INFO /home/runner/monitor.sv(34) @ 365: uvm_test_top.env.agent.mon [MON] rst_n=1 | Sampled Bit: 1, State: S10, Found: 0
# KERNEL: UVM_INFO /home/runner/scoreboard.sv(24) @ 365: uvm_test_top.env.scb [fsm_scoreboard] Scoreboard received item
# KERNEL: UVM_INFO /home/runner/scoreboard.sv(29) @ 365: uvm_test_top.env.scb [SCB_PASS] RTL state =S10 Exp state =S10
# KERNEL: UVM_INFO /home/runner/scoreboard.sv(59) @ 365: uvm_test_top.env.scb [SCB] Bit: 1 | State Match: S10 | Out Match: 0
# KERNEL: UVM_INFO /home/runner/driver.sv(47) @ 365: uvm_test_top.env.agent.drv [DRV] Driving rst_n = 0 | bit_in = 1
# KERNEL: UVM_INFO /home/runner/monitor.sv(40) @ 375: uvm_test_top.env.agent.mon [MON] negedge Reset ACTIVE
# KERNEL: UVM_INFO /home/runner/monitor.sv(47) @ 375: uvm_test_top.env.agent.mon [MON] rst_n=0 | Sampled Bit: 1, State: IDLE, Found: 0
# KERNEL: UVM_INFO /home/runner/driver.sv(47) @ 375: uvm_test_top.env.agent.drv [DRV] Driving rst_n = 1 | bit_in = 0
# KERNEL: UVM_INFO /home/runner/monitor.sv(34) @ 385: uvm_test_top.env.agent.mon [MON] rst_n=1 | Sampled Bit: 0, State: IDLE, Found: 0
# KERNEL: UVM_INFO /home/runner/scoreboard.sv(24) @ 385: uvm_test_top.env.scb [fsm_scoreboard] Scoreboard received item
# KERNEL: UVM_INFO /home/runner/scoreboard.sv(29) @ 385: uvm_test_top.env.scb [SCB_PASS] RTL state =IDLE Exp state =IDLE
# KERNEL: UVM_INFO /home/runner/scoreboard.sv(59) @ 385: uvm_test_top.env.scb [SCB] Bit: 0 | State Match: IDLE | Out Match: 0
# KERNEL: UVM_INFO /home/runner/driver.sv(47) @ 385: uvm_test_top.env.agent.drv [DRV] Driving rst_n = 1 | bit_in = 1
# KERNEL: UVM_INFO /home/runner/monitor.sv(34) @ 395: uvm_test_top.env.agent.mon [MON] rst_n=1 | Sampled Bit: 1, State: IDLE, Found: 0
# KERNEL: UVM_INFO /home/runner/scoreboard.sv(24) @ 395: uvm_test_top.env.scb [fsm_scoreboard] Scoreboard received item
# KERNEL: UVM_INFO /home/runner/scoreboard.sv(29) @ 395: uvm_test_top.env.scb [SCB_PASS] RTL state =IDLE Exp state =IDLE
# KERNEL: UVM_INFO /home/runner/scoreboard.sv(59) @ 395: uvm_test_top.env.scb [SCB] Bit: 1 | State Match: IDLE | Out Match: 0
# KERNEL: UVM_INFO /home/runner/driver.sv(47) @ 395: uvm_test_top.env.agent.drv [DRV] Driving rst_n = 0 | bit_in = 1
# KERNEL: UVM_INFO /home/runner/monitor.sv(40) @ 405: uvm_test_top.env.agent.mon [MON] negedge Reset ACTIVE
# KERNEL: UVM_INFO /home/runner/monitor.sv(47) @ 405: uvm_test_top.env.agent.mon [MON] rst_n=0 | Sampled Bit: 1, State: IDLE, Found: 0
# KERNEL: UVM_INFO /home/runner/driver.sv(47) @ 405: uvm_test_top.env.agent.drv [DRV] Driving rst_n = 1 | bit_in = 1
# KERNEL: UVM_INFO /home/runner/monitor.sv(34) @ 415: uvm_test_top.env.agent.mon [MON] rst_n=1 | Sampled Bit: 1, State: IDLE, Found: 0
# KERNEL: UVM_INFO /home/runner/scoreboard.sv(24) @ 415: uvm_test_top.env.scb [fsm_scoreboard] Scoreboard received item
# KERNEL: UVM_INFO /home/runner/scoreboard.sv(29) @ 415: uvm_test_top.env.scb [SCB_PASS] RTL state =IDLE Exp state =IDLE
# KERNEL: UVM_INFO /home/runner/scoreboard.sv(59) @ 415: uvm_test_top.env.scb [SCB] Bit: 1 | State Match: IDLE | Out Match: 0
# KERNEL: UVM_INFO /home/runner/driver.sv(47) @ 415: uvm_test_top.env.agent.drv [DRV] Driving rst_n = 1 | bit_in = 0
# KERNEL: UVM_INFO /home/runner/monitor.sv(34) @ 425: uvm_test_top.env.agent.mon [MON] rst_n=1 | Sampled Bit: 0, State: S1, Found: 0
# KERNEL: UVM_INFO /home/runner/scoreboard.sv(24) @ 425: uvm_test_top.env.scb [fsm_scoreboard] Scoreboard received item
# KERNEL: UVM_INFO /home/runner/scoreboard.sv(29) @ 425: uvm_test_top.env.scb [SCB_PASS] RTL state =S1 Exp state =S1
# KERNEL: UVM_INFO /home/runner/scoreboard.sv(59) @ 425: uvm_test_top.env.scb [SCB] Bit: 0 | State Match: S1 | Out Match: 0
# KERNEL: UVM_INFO /home/runner/driver.sv(47) @ 425: uvm_test_top.env.agent.drv [DRV] Driving rst_n = 1 | bit_in = 0
# KERNEL: UVM_INFO /home/runner/monitor.sv(34) @ 435: uvm_test_top.env.agent.mon [MON] rst_n=1 | Sampled Bit: 0, State: S10, Found: 0
# KERNEL: UVM_INFO /home/runner/scoreboard.sv(24) @ 435: uvm_test_top.env.scb [fsm_scoreboard] Scoreboard received item
# KERNEL: UVM_INFO /home/runner/scoreboard.sv(29) @ 435: uvm_test_top.env.scb [SCB_PASS] RTL state =S10 Exp state =S10
# KERNEL: UVM_INFO /home/runner/scoreboard.sv(59) @ 435: uvm_test_top.env.scb [SCB] Bit: 0 | State Match: S10 | Out Match: 0
# KERNEL: UVM_INFO /home/runner/driver.sv(47) @ 435: uvm_test_top.env.agent.drv [DRV] Driving rst_n = 1 | bit_in = 1
# KERNEL: UVM_INFO /home/runner/monitor.sv(34) @ 445: uvm_test_top.env.agent.mon [MON] rst_n=1 | Sampled Bit: 1, State: IDLE, Found: 0
# KERNEL: UVM_INFO /home/runner/scoreboard.sv(24) @ 445: uvm_test_top.env.scb [fsm_scoreboard] Scoreboard received item
# KERNEL: UVM_INFO /home/runner/scoreboard.sv(29) @ 445: uvm_test_top.env.scb [SCB_PASS] RTL state =IDLE Exp state =IDLE
# KERNEL: UVM_INFO /home/runner/scoreboard.sv(59) @ 445: uvm_test_top.env.scb [SCB] Bit: 1 | State Match: IDLE | Out Match: 0
# KERNEL: UVM_INFO /home/runner/driver.sv(47) @ 445: uvm_test_top.env.agent.drv [DRV] Driving rst_n = 1 | bit_in = 1
# KERNEL: UVM_INFO /home/runner/monitor.sv(34) @ 455: uvm_test_top.env.agent.mon [MON] rst_n=1 | Sampled Bit: 1, State: S1, Found: 0
# KERNEL: UVM_INFO /home/runner/scoreboard.sv(24) @ 455: uvm_test_top.env.scb [fsm_scoreboard] Scoreboard received item
# KERNEL: UVM_INFO /home/runner/scoreboard.sv(29) @ 455: uvm_test_top.env.scb [SCB_PASS] RTL state =S1 Exp state =S1
# KERNEL: UVM_INFO /home/runner/scoreboard.sv(59) @ 455: uvm_test_top.env.scb [SCB] Bit: 1 | State Match: S1 | Out Match: 0
# KERNEL: UVM_INFO /home/runner/driver.sv(47) @ 455: uvm_test_top.env.agent.drv [DRV] Driving rst_n = 1 | bit_in = 1
# KERNEL: UVM_INFO /home/runner/monitor.sv(34) @ 465: uvm_test_top.env.agent.mon [MON] rst_n=1 | Sampled Bit: 1, State: S1, Found: 0
# KERNEL: UVM_INFO /home/runner/scoreboard.sv(24) @ 465: uvm_test_top.env.scb [fsm_scoreboard] Scoreboard received item
# KERNEL: UVM_INFO /home/runner/scoreboard.sv(29) @ 465: uvm_test_top.env.scb [SCB_PASS] RTL state =S1 Exp state =S1
# KERNEL: UVM_INFO /home/runner/scoreboard.sv(59) @ 465: uvm_test_top.env.scb [SCB] Bit: 1 | State Match: S1 | Out Match: 0
# KERNEL: UVM_INFO /home/runner/driver.sv(47) @ 465: uvm_test_top.env.agent.drv [DRV] Driving rst_n = 0 | bit_in = 0
# KERNEL: UVM_INFO /home/runner/monitor.sv(40) @ 475: uvm_test_top.env.agent.mon [MON] negedge Reset ACTIVE
# KERNEL: UVM_INFO /home/runner/monitor.sv(47) @ 475: uvm_test_top.env.agent.mon [MON] rst_n=0 | Sampled Bit: 0, State: IDLE, Found: 0
# KERNEL: UVM_INFO /home/runner/driver.sv(47) @ 475: uvm_test_top.env.agent.drv [DRV] Driving rst_n = 1 | bit_in = 1
# KERNEL: UVM_INFO /home/runner/monitor.sv(34) @ 485: uvm_test_top.env.agent.mon [MON] rst_n=1 | Sampled Bit: 1, State: IDLE, Found: 0
# KERNEL: UVM_INFO /home/runner/scoreboard.sv(24) @ 485: uvm_test_top.env.scb [fsm_scoreboard] Scoreboard received item
# KERNEL: UVM_INFO /home/runner/scoreboard.sv(29) @ 485: uvm_test_top.env.scb [SCB_PASS] RTL state =IDLE Exp state =IDLE
# KERNEL: UVM_INFO /home/runner/scoreboard.sv(59) @ 485: uvm_test_top.env.scb [SCB] Bit: 1 | State Match: IDLE | Out Match: 0
# KERNEL: UVM_INFO /home/runner/driver.sv(47) @ 485: uvm_test_top.env.agent.drv [DRV] Driving rst_n = 1 | bit_in = 0
# KERNEL: UVM_INFO /home/runner/monitor.sv(34) @ 495: uvm_test_top.env.agent.mon [MON] rst_n=1 | Sampled Bit: 0, State: S1, Found: 0
# KERNEL: UVM_INFO /home/runner/scoreboard.sv(24) @ 495: uvm_test_top.env.scb [fsm_scoreboard] Scoreboard received item
# KERNEL: UVM_INFO /home/runner/scoreboard.sv(29) @ 495: uvm_test_top.env.scb [SCB_PASS] RTL state =S1 Exp state =S1
# KERNEL: UVM_INFO /home/runner/scoreboard.sv(59) @ 495: uvm_test_top.env.scb [SCB] Bit: 0 | State Match: S1 | Out Match: 0
# KERNEL: UVM_INFO /home/runner/driver.sv(47) @ 495: uvm_test_top.env.agent.drv [DRV] Driving rst_n = 1 | bit_in = 0
# KERNEL: UVM_INFO /home/runner/monitor.sv(34) @ 505: uvm_test_top.env.agent.mon [MON] rst_n=1 | Sampled Bit: 0, State: S10, Found: 0
# KERNEL: UVM_INFO /home/runner/scoreboard.sv(24) @ 505: uvm_test_top.env.scb [fsm_scoreboard] Scoreboard received item
# KERNEL: UVM_INFO /home/runner/scoreboard.sv(29) @ 505: uvm_test_top.env.scb [SCB_PASS] RTL state =S10 Exp state =S10
# KERNEL: UVM_INFO /home/runner/scoreboard.sv(59) @ 505: uvm_test_top.env.scb [SCB] Bit: 0 | State Match: S10 | Out Match: 0
# KERNEL: UVM_INFO /home/runner/driver.sv(47) @ 505: uvm_test_top.env.agent.drv [DRV] Driving rst_n = 1 | bit_in = 1
# KERNEL: UVM_INFO /home/runner/monitor.sv(34) @ 515: uvm_test_top.env.agent.mon [MON] rst_n=1 | Sampled Bit: 1, State: IDLE, Found: 0
# KERNEL: UVM_INFO /home/runner/scoreboard.sv(24) @ 515: uvm_test_top.env.scb [fsm_scoreboard] Scoreboard received item
# KERNEL: UVM_INFO /home/runner/scoreboard.sv(29) @ 515: uvm_test_top.env.scb [SCB_PASS] RTL state =IDLE Exp state =IDLE
# KERNEL: UVM_INFO /home/runner/scoreboard.sv(59) @ 515: uvm_test_top.env.scb [SCB] Bit: 1 | State Match: IDLE | Out Match: 0
# KERNEL: UVM_INFO /home/runner/driver.sv(47) @ 515: uvm_test_top.env.agent.drv [DRV] Driving rst_n = 1 | bit_in = 1
# KERNEL: UVM_INFO /home/runner/sequence1.sv(26) @ 515: uvm_test_top.env.agent.sqr@@s1 [fsm_random_sequence] Sequence 1 body finished
# KERNEL: UVM_INFO /home/runner/master_seq.sv(20) @ 525: uvm_test_top.env.agent.sqr@@seq [MASTER_SEQ] Starting Sequence 2...
# KERNEL: UVM_INFO /home/runner/sequence2.sv(11) @ 525: uvm_test_top.env.agent.sqr@@s2 [fsm_directed_seq] Starting directed Stimulus for all ports...
# KERNEL: UVM_INFO /home/runner/monitor.sv(34) @ 525: uvm_test_top.env.agent.mon [MON] rst_n=1 | Sampled Bit: 1, State: S1, Found: 0
# KERNEL: UVM_INFO /home/runner/scoreboard.sv(24) @ 525: uvm_test_top.env.scb [fsm_scoreboard] Scoreboard received item
# KERNEL: UVM_INFO /home/runner/scoreboard.sv(29) @ 525: uvm_test_top.env.scb [SCB_PASS] RTL state =S1 Exp state =S1
# KERNEL: UVM_INFO /home/runner/scoreboard.sv(59) @ 525: uvm_test_top.env.scb [SCB] Bit: 1 | State Match: S1 | Out Match: 0
# KERNEL: UVM_INFO /home/runner/driver.sv(47) @ 525: uvm_test_top.env.agent.drv [DRV] Driving rst_n = 1 | bit_in = 1
# KERNEL: UVM_INFO /home/runner/monitor.sv(34) @ 535: uvm_test_top.env.agent.mon [MON] rst_n=1 | Sampled Bit: 1, State: S1, Found: 0
# KERNEL: UVM_INFO /home/runner/scoreboard.sv(24) @ 535: uvm_test_top.env.scb [fsm_scoreboard] Scoreboard received item
# KERNEL: UVM_INFO /home/runner/scoreboard.sv(29) @ 535: uvm_test_top.env.scb [SCB_PASS] RTL state =S1 Exp state =S1
# KERNEL: UVM_INFO /home/runner/scoreboard.sv(59) @ 535: uvm_test_top.env.scb [SCB] Bit: 1 | State Match: S1 | Out Match: 0
# KERNEL: UVM_INFO /home/runner/driver.sv(47) @ 535: uvm_test_top.env.agent.drv [DRV] Driving rst_n = 1 | bit_in = 0
# KERNEL: UVM_INFO /home/runner/monitor.sv(34) @ 545: uvm_test_top.env.agent.mon [MON] rst_n=1 | Sampled Bit: 0, State: S1, Found: 0
# KERNEL: UVM_INFO /home/runner/scoreboard.sv(24) @ 545: uvm_test_top.env.scb [fsm_scoreboard] Scoreboard received item
# KERNEL: UVM_INFO /home/runner/scoreboard.sv(29) @ 545: uvm_test_top.env.scb [SCB_PASS] RTL state =S1 Exp state =S1
# KERNEL: UVM_INFO /home/runner/scoreboard.sv(59) @ 545: uvm_test_top.env.scb [SCB] Bit: 0 | State Match: S1 | Out Match: 0
# KERNEL: UVM_INFO /home/runner/driver.sv(47) @ 545: uvm_test_top.env.agent.drv [DRV] Driving rst_n = 1 | bit_in = 1
# KERNEL: UVM_INFO /home/runner/monitor.sv(34) @ 555: uvm_test_top.env.agent.mon [MON] rst_n=1 | Sampled Bit: 1, State: S10, Found: 0
# KERNEL: UVM_INFO /home/runner/scoreboard.sv(24) @ 555: uvm_test_top.env.scb [fsm_scoreboard] Scoreboard received item
# KERNEL: UVM_INFO /home/runner/scoreboard.sv(29) @ 555: uvm_test_top.env.scb [SCB_PASS] RTL state =S10 Exp state =S10
# KERNEL: UVM_INFO /home/runner/scoreboard.sv(59) @ 555: uvm_test_top.env.scb [SCB] Bit: 1 | State Match: S10 | Out Match: 0
# KERNEL: UVM_INFO /home/runner/driver.sv(47) @ 555: uvm_test_top.env.agent.drv [DRV] Driving rst_n = 1 | bit_in = 0
# KERNEL: UVM_INFO /home/runner/monitor.sv(34) @ 565: uvm_test_top.env.agent.mon [MON] rst_n=1 | Sampled Bit: 0, State: S101, Found: 0
# KERNEL: UVM_INFO /home/runner/scoreboard.sv(24) @ 565: uvm_test_top.env.scb [fsm_scoreboard] Scoreboard received item
# KERNEL: UVM_INFO /home/runner/scoreboard.sv(29) @ 565: uvm_test_top.env.scb [SCB_PASS] RTL state =S101 Exp state =S101
# KERNEL: UVM_INFO /home/runner/scoreboard.sv(59) @ 565: uvm_test_top.env.scb [SCB] Bit: 0 | State Match: S101 | Out Match: 0
# KERNEL: UVM_INFO /home/runner/driver.sv(47) @ 565: uvm_test_top.env.agent.drv [DRV] Driving rst_n = 1 | bit_in = 1
# KERNEL: UVM_INFO /home/runner/monitor.sv(34) @ 575: uvm_test_top.env.agent.mon [MON] rst_n=1 | Sampled Bit: 1, State: S10, Found: 0
# KERNEL: UVM_INFO /home/runner/scoreboard.sv(24) @ 575: uvm_test_top.env.scb [fsm_scoreboard] Scoreboard received item
# KERNEL: UVM_INFO /home/runner/scoreboard.sv(29) @ 575: uvm_test_top.env.scb [SCB_PASS] RTL state =S10 Exp state =S10
# KERNEL: UVM_INFO /home/runner/scoreboard.sv(59) @ 575: uvm_test_top.env.scb [SCB] Bit: 1 | State Match: S10 | Out Match: 0
# KERNEL: UVM_INFO /home/runner/driver.sv(47) @ 575: uvm_test_top.env.agent.drv [DRV] Driving rst_n = 1 | bit_in = 1
# KERNEL: UVM_INFO /home/runner/monitor.sv(34) @ 585: uvm_test_top.env.agent.mon [MON] rst_n=1 | Sampled Bit: 1, State: S101, Found: 0
# KERNEL: UVM_INFO /home/runner/scoreboard.sv(24) @ 585: uvm_test_top.env.scb [fsm_scoreboard] Scoreboard received item
# KERNEL: UVM_INFO /home/runner/scoreboard.sv(29) @ 585: uvm_test_top.env.scb [SCB_PASS] RTL state =S101 Exp state =S101
# KERNEL: UVM_INFO /home/runner/scoreboard.sv(59) @ 585: uvm_test_top.env.scb [SCB] Bit: 1 | State Match: S101 | Out Match: 0
# KERNEL: UVM_INFO /home/runner/driver.sv(47) @ 585: uvm_test_top.env.agent.drv [DRV] Driving rst_n = 1 | bit_in = 1
# KERNEL: UVM_INFO /home/runner/monitor.sv(34) @ 595: uvm_test_top.env.agent.mon [MON] rst_n=1 | Sampled Bit: 1, State: S1011, Found: 1
# KERNEL: UVM_INFO /home/runner/scoreboard.sv(24) @ 595: uvm_test_top.env.scb [fsm_scoreboard] Scoreboard received item
# KERNEL: UVM_INFO /home/runner/scoreboard.sv(29) @ 595: uvm_test_top.env.scb [SCB_PASS] RTL state =S1011 Exp state =S1011
# KERNEL: UVM_INFO /home/runner/scoreboard.sv(59) @ 595: uvm_test_top.env.scb [SCB] Bit: 1 | State Match: S1011 | Out Match: 1
# KERNEL: UVM_INFO /home/runner/driver.sv(47) @ 595: uvm_test_top.env.agent.drv [DRV] Driving rst_n = 1 | bit_in = 0
# KERNEL: UVM_INFO /home/runner/monitor.sv(34) @ 605: uvm_test_top.env.agent.mon [MON] rst_n=1 | Sampled Bit: 0, State: S1, Found: 0
# KERNEL: UVM_INFO /home/runner/scoreboard.sv(24) @ 605: uvm_test_top.env.scb [fsm_scoreboard] Scoreboard received item
# KERNEL: UVM_INFO /home/runner/scoreboard.sv(29) @ 605: uvm_test_top.env.scb [SCB_PASS] RTL state =S1 Exp state =S1
# KERNEL: UVM_INFO /home/runner/scoreboard.sv(59) @ 605: uvm_test_top.env.scb [SCB] Bit: 0 | State Match: S1 | Out Match: 0
# KERNEL: UVM_INFO /home/runner/driver.sv(47) @ 605: uvm_test_top.env.agent.drv [DRV] Driving rst_n = 0 | bit_in = 1
# KERNEL: UVM_INFO /home/runner/monitor.sv(40) @ 615: uvm_test_top.env.agent.mon [MON] negedge Reset ACTIVE
# KERNEL: UVM_INFO /home/runner/monitor.sv(47) @ 615: uvm_test_top.env.agent.mon [MON] rst_n=0 | Sampled Bit: 1, State: IDLE, Found: 0
# KERNEL: UVM_INFO /home/runner/driver.sv(47) @ 615: uvm_test_top.env.agent.drv [DRV] Driving rst_n = 1 | bit_in = 1
# KERNEL: UVM_INFO /home/runner/sequence2.sv(26) @ 615: uvm_test_top.env.agent.sqr@@s2 [fsm_directed_seq] Sequence 2 body finished
# KERNEL: UVM_INFO /home/runner/monitor.sv(34) @ 625: uvm_test_top.env.agent.mon [MON] rst_n=1 | Sampled Bit: 1, State: IDLE, Found: 0
# KERNEL: UVM_INFO /home/runner/scoreboard.sv(24) @ 625: uvm_test_top.env.scb [fsm_scoreboard] Scoreboard received item
# KERNEL: UVM_INFO /home/runner/scoreboard.sv(29) @ 625: uvm_test_top.env.scb [SCB_PASS] RTL state =IDLE Exp state =IDLE
# KERNEL: UVM_INFO /home/runner/scoreboard.sv(59) @ 625: uvm_test_top.env.scb [SCB] Bit: 1 | State Match: IDLE | Out Match: 0
# KERNEL: UVM_INFO /home/runner/monitor.sv(34) @ 635: uvm_test_top.env.agent.mon [MON] rst_n=1 | Sampled Bit: 1, State: S1, Found: 0
# KERNEL: UVM_INFO /home/runner/scoreboard.sv(24) @ 635: uvm_test_top.env.scb [fsm_scoreboard] Scoreboard received item
# KERNEL: UVM_INFO /home/runner/scoreboard.sv(29) @ 635: uvm_test_top.env.scb [SCB_PASS] RTL state =S1 Exp state =S1
# KERNEL: UVM_INFO /home/runner/scoreboard.sv(59) @ 635: uvm_test_top.env.scb [SCB] Bit: 1 | State Match: S1 | Out Match: 0
# KERNEL: UVM_INFO /home/runner/monitor.sv(34) @ 645: uvm_test_top.env.agent.mon [MON] rst_n=1 | Sampled Bit: 1, State: S1, Found: 0
# KERNEL: UVM_INFO /home/runner/scoreboard.sv(24) @ 645: uvm_test_top.env.scb [fsm_scoreboard] Scoreboard received item
# KERNEL: UVM_INFO /home/runner/scoreboard.sv(29) @ 645: uvm_test_top.env.scb [SCB_PASS] RTL state =S1 Exp state =S1
# KERNEL: UVM_INFO /home/runner/scoreboard.sv(59) @ 645: uvm_test_top.env.scb [SCB] Bit: 1 | State Match: S1 | Out Match: 0
# KERNEL: UVM_INFO /home/runner/monitor.sv(34) @ 655: uvm_test_top.env.agent.mon [MON] rst_n=1 | Sampled Bit: 1, State: S1, Found: 0
# KERNEL: UVM_INFO /home/runner/scoreboard.sv(24) @ 655: uvm_test_top.env.scb [fsm_scoreboard] Scoreboard received item
# KERNEL: UVM_INFO /home/runner/scoreboard.sv(29) @ 655: uvm_test_top.env.scb [SCB_PASS] RTL state =S1 Exp state =S1
# KERNEL: UVM_INFO /home/runner/scoreboard.sv(59) @ 655: uvm_test_top.env.scb [SCB] Bit: 1 | State Match: S1 | Out Match: 0
# KERNEL: UVM_INFO /home/runner/test.sv(26) @ 665: uvm_test_top [fsm_test] Test finished!
# KERNEL: UVM_INFO ./uvm-1.2/src/base/uvm_objection.svh(1271) @ 665: reporter [TEST_DONE] 'run' phase is ready to proceed to the 'extract' phase
# KERNEL: UVM_INFO /home/runner/test.sv(36) @ 665: uvm_test_top [TEST_RESULT] --- PASSED ---
# KERNEL: UVM_INFO ./uvm-1.2/src/base/uvm_report_server.svh(869) @ 665: reporter [UVM/REPORT/SERVER] 
# KERNEL: --- UVM Report Summary ---
# KERNEL: 
# KERNEL: ** Report counts by severity
# KERNEL: UVM_INFO :  321
# KERNEL: UVM_WARNING :    0
# KERNEL: UVM_ERROR :    0
# KERNEL: UVM_FATAL :    0
# KERNEL: ** Report counts by id
# KERNEL: [DRV]    60
# KERNEL: [MASTER_SEQ]     2
# KERNEL: [MON]    74
# KERNEL: [RNTST]     1
# KERNEL: [SCB]    59
# KERNEL: [SCB_PASS]    58
# KERNEL: [TEST_DONE]     1
# KERNEL: [TEST_RESULT]     1
# KERNEL: [UVM/RELNOTES]     1
# KERNEL: [fsm_directed_seq]     2
# KERNEL: [fsm_random_sequence]     2
# KERNEL: [fsm_scoreboard]    58
# KERNEL: [fsm_test]     2
# KERNEL: 
# RUNTIME: Info: RUNTIME_0068 uvm_root.svh (521): $finish called.
# KERNEL: Time: 665 ns,  Iteration: 57,  Instance: /tb_top,  Process: @INITIAL#31_2@.
# KERNEL: stopped at time: 665 ns
# VSIM: Simulation has finished. There are no more test vectors to simulate.
