vsim +access+r;
# ELBREAD: Elaboration process.
# ELBREAD: Warning: ELBREAD_0049 The "uvm_pkg" design unit does not have a time unit/precision defined but other design units do.
# ELBREAD: Elaboration time 0.5 [s].
# KERNEL: Main thread initiated.
# KERNEL: Kernel process initialization phase.
# ELAB2: Elaboration final pass...
# KERNEL: PLI/VHPI kernel's engine initialization done.
# PLI: Loading library '/usr/share/Riviera-PRO/bin/libsystf.so'
# ELAB2: Create instances ...
# KERNEL: Info: Loading library:  /usr/share/Riviera-PRO/bin/uvm_1_2_dpi
# KERNEL: Time resolution set to 1ns.
# ELAB2: Create instances complete.
# SLP: Started
# SLP: Elaboration phase ...
# SLP: Elaboration phase ... done : 0.0 [s]
# SLP: Generation phase ...
# SLP: Generation phase ... done : 0.1 [s]
# SLP: Finished : 0.1 [s]
# SLP: 0 primitives and 3 (17.65%) other processes in SLP
# SLP: 20 (0.07%) signals in SLP and 46 (0.15%) interface signals
# ELAB2: Elaboration final pass complete - time: 1.7 [s].
# KERNEL: SLP loading done - time: 0.0 [s].
# KERNEL: Warning: You are using the Riviera-PRO EDU Edition. The performance of simulation is reduced.
# KERNEL: Warning: Contact Aldec for available upgrade options - sales@aldec.com.
# KERNEL: SLP simulation initialization done - time: 0.0 [s].
# KERNEL: Kernel process initialization done.
# Allocation: Simulator allocated 30845 kB (elbread=2130 elab2=23813 kernel=4901 sdf=0)
# KERNEL: UVM_INFO ./uvm-1.2/src/base/uvm_root.svh(392) @ 0: reporter [UVM/RELNOTES] 
# KERNEL: ----------------------------------------------------------------
# KERNEL: UVM-1.2
# KERNEL: (C) 2007-2014 Mentor Graphics Corporation
# KERNEL: (C) 2007-2014 Cadence Design Systems, Inc.
# KERNEL: (C) 2006-2014 Synopsys, Inc.
# KERNEL: (C) 2011-2013 Cypress Semiconductor Corp.
# KERNEL: (C) 2013-2014 NVIDIA Corporation
# KERNEL: ----------------------------------------------------------------
# KERNEL: 
# KERNEL:   ***********       IMPORTANT RELEASE NOTES         ************
# KERNEL: 
# KERNEL:   You are using a version of the UVM library that has been compiled
# KERNEL:   with `UVM_NO_DEPRECATED undefined.
# KERNEL:   See http://www.eda.org/svdb/view.php?id=3313 for more details.
# KERNEL: 
# KERNEL:   You are using a version of the UVM library that has been compiled
# KERNEL:   with `UVM_OBJECT_DO_NOT_NEED_CONSTRUCTOR undefined.
# KERNEL:   See http://www.eda.org/svdb/view.php?id=3770 for more details.
# KERNEL: 
# KERNEL:       (Specify +UVM_NO_RELNOTES to turn off this notice)
# KERNEL: 
# KERNEL: ASDB file was created in location /home/runner/dataset.asdb
run -all;
# KERNEL: UVM_INFO @ 0: reporter [RNTST] Running test arbiter_test...
# KERNEL: UVM_INFO /home/runner/test.sv(21) @ 0: uvm_test_top [arbiter_test] Starting test...
# KERNEL: UVM_INFO /home/runner/master_seq.sv(23) @ 0: uvm_test_top.env.agent.sqr@@seq [MASTER_SEQ] Starting Sequence 1...
# KERNEL: UVM_INFO /home/runner/sequence1.sv(13) @ 0: uvm_test_top.env.agent.sqr@@s1 [arbiter_directed_sequence] Starting sequence body
# KERNEL: UVM_INFO /home/runner/monitor.sv(32) @ 15: uvm_test_top.env.agent.mon [MON] rst_n=x | req: xxxx, gnt: 0000
# KERNEL: UVM_INFO /home/runner/scoreboard.sv(22) @ 15: uvm_test_top.env.scb [arbiter_scoreboard] Scoreboard received item
# KERNEL: UVM_INFO /home/runner/scoreboard.sv(54) @ 15: uvm_test_top.env.scb [SCB] RESET ACTIVE
# KERNEL: UVM_INFO /home/runner/driver.sv(43) @ 25: uvm_test_top.env.agent.drv [DRV] Driving rst_n = 1 | req = 0000
# KERNEL: UVM_INFO /home/runner/monitor.sv(32) @ 35: uvm_test_top.env.agent.mon [MON] rst_n=1 | req: 0000, gnt: 0000
# KERNEL: UVM_INFO /home/runner/scoreboard.sv(22) @ 35: uvm_test_top.env.scb [arbiter_scoreboard] Scoreboard received item
# KERNEL: UVM_INFO /home/runner/scoreboard.sv(45) @ 35: uvm_test_top.env.scb [arbiter_scoreboard] Scoreboard received item
# KERNEL: UVM_INFO /home/runner/scoreboard.sv(50) @ 35: uvm_test_top.env.scb [SCB_PASS] REQ =0000 | Exp GNT =0000 | Got =0000 
# KERNEL: UVM_INFO /home/runner/driver.sv(43) @ 45: uvm_test_top.env.agent.drv [DRV] Driving rst_n = 1 | req = 0001
# KERNEL: UVM_INFO /home/runner/monitor.sv(32) @ 55: uvm_test_top.env.agent.mon [MON] rst_n=1 | req: 0000, gnt: 0000
# KERNEL: UVM_INFO /home/runner/scoreboard.sv(22) @ 55: uvm_test_top.env.scb [arbiter_scoreboard] Scoreboard received item
# KERNEL: UVM_INFO /home/runner/scoreboard.sv(45) @ 55: uvm_test_top.env.scb [arbiter_scoreboard] Scoreboard received item
# KERNEL: UVM_INFO /home/runner/scoreboard.sv(50) @ 55: uvm_test_top.env.scb [SCB_PASS] REQ =0000 | Exp GNT =0000 | Got =0000 
# KERNEL: UVM_INFO /home/runner/driver.sv(43) @ 65: uvm_test_top.env.agent.drv [DRV] Driving rst_n = 1 | req = 0010
# KERNEL: UVM_INFO /home/runner/monitor.sv(32) @ 75: uvm_test_top.env.agent.mon [MON] rst_n=1 | req: 0001, gnt: 0001
# KERNEL: UVM_INFO /home/runner/scoreboard.sv(22) @ 75: uvm_test_top.env.scb [arbiter_scoreboard] Scoreboard received item
# KERNEL: UVM_INFO /home/runner/scoreboard.sv(45) @ 75: uvm_test_top.env.scb [arbiter_scoreboard] Scoreboard received item
# KERNEL: UVM_INFO /home/runner/scoreboard.sv(50) @ 75: uvm_test_top.env.scb [SCB_PASS] REQ =0001 | Exp GNT =0001 | Got =0001 
# KERNEL: UVM_INFO /home/runner/driver.sv(43) @ 85: uvm_test_top.env.agent.drv [DRV] Driving rst_n = 1 | req = 0100
# KERNEL: UVM_INFO /home/runner/monitor.sv(32) @ 95: uvm_test_top.env.agent.mon [MON] rst_n=1 | req: 0010, gnt: 0010
# KERNEL: UVM_INFO /home/runner/scoreboard.sv(22) @ 95: uvm_test_top.env.scb [arbiter_scoreboard] Scoreboard received item
# KERNEL: UVM_INFO /home/runner/scoreboard.sv(45) @ 95: uvm_test_top.env.scb [arbiter_scoreboard] Scoreboard received item
# KERNEL: UVM_INFO /home/runner/scoreboard.sv(50) @ 95: uvm_test_top.env.scb [SCB_PASS] REQ =0010 | Exp GNT =0010 | Got =0010 
# KERNEL: UVM_INFO /home/runner/driver.sv(43) @ 105: uvm_test_top.env.agent.drv [DRV] Driving rst_n = 1 | req = 1000
# KERNEL: UVM_INFO /home/runner/monitor.sv(32) @ 115: uvm_test_top.env.agent.mon [MON] rst_n=1 | req: 0100, gnt: 0100
# KERNEL: UVM_INFO /home/runner/scoreboard.sv(22) @ 115: uvm_test_top.env.scb [arbiter_scoreboard] Scoreboard received item
# KERNEL: UVM_INFO /home/runner/scoreboard.sv(45) @ 115: uvm_test_top.env.scb [arbiter_scoreboard] Scoreboard received item
# KERNEL: UVM_INFO /home/runner/scoreboard.sv(50) @ 115: uvm_test_top.env.scb [SCB_PASS] REQ =0100 | Exp GNT =0100 | Got =0100 
# KERNEL: UVM_INFO /home/runner/sequence1.sv(22) @ 115: uvm_test_top.env.agent.sqr@@s1 [arbiter_directed_sequence] Sequence body finished
# KERNEL: UVM_INFO /home/runner/master_seq.sv(28) @ 135: uvm_test_top.env.agent.sqr@@seq [MASTER_SEQ] Starting Sequence 2...
# KERNEL: UVM_INFO /home/runner/sequence2.sv(13) @ 135: uvm_test_top.env.agent.sqr@@s2 [arbiter_stress_sequence] Starting sequence 2 body
# KERNEL: UVM_INFO /home/runner/monitor.sv(32) @ 135: uvm_test_top.env.agent.mon [MON] rst_n=1 | req: 1000, gnt: 1000
# KERNEL: UVM_INFO /home/runner/scoreboard.sv(22) @ 135: uvm_test_top.env.scb [arbiter_scoreboard] Scoreboard received item
# KERNEL: UVM_INFO /home/runner/scoreboard.sv(45) @ 135: uvm_test_top.env.scb [arbiter_scoreboard] Scoreboard received item
# KERNEL: UVM_INFO /home/runner/scoreboard.sv(50) @ 135: uvm_test_top.env.scb [SCB_PASS] REQ =1000 | Exp GNT =1000 | Got =1000 
# KERNEL: UVM_INFO /home/runner/driver.sv(43) @ 135: uvm_test_top.env.agent.drv [DRV] Driving rst_n = 1 | req = 0110
# KERNEL: UVM_INFO /home/runner/monitor.sv(32) @ 155: uvm_test_top.env.agent.mon [MON] rst_n=1 | req: 0110, gnt: 0010
# KERNEL: UVM_INFO /home/runner/scoreboard.sv(22) @ 155: uvm_test_top.env.scb [arbiter_scoreboard] Scoreboard received item
# KERNEL: UVM_INFO /home/runner/scoreboard.sv(45) @ 155: uvm_test_top.env.scb [arbiter_scoreboard] Scoreboard received item
# KERNEL: UVM_INFO /home/runner/scoreboard.sv(50) @ 155: uvm_test_top.env.scb [SCB_PASS] REQ =0110 | Exp GNT =0010 | Got =0010 
# KERNEL: UVM_INFO /home/runner/driver.sv(43) @ 155: uvm_test_top.env.agent.drv [DRV] Driving rst_n = 1 | req = 1001
# KERNEL: UVM_INFO /home/runner/monitor.sv(32) @ 175: uvm_test_top.env.agent.mon [MON] rst_n=1 | req: 1001, gnt: 0001
# KERNEL: UVM_INFO /home/runner/scoreboard.sv(22) @ 175: uvm_test_top.env.scb [arbiter_scoreboard] Scoreboard received item
# KERNEL: UVM_INFO /home/runner/scoreboard.sv(45) @ 175: uvm_test_top.env.scb [arbiter_scoreboard] Scoreboard received item
# KERNEL: UVM_INFO /home/runner/scoreboard.sv(50) @ 175: uvm_test_top.env.scb [SCB_PASS] REQ =1001 | Exp GNT =0001 | Got =0001 
# KERNEL: UVM_INFO /home/runner/driver.sv(43) @ 175: uvm_test_top.env.agent.drv [DRV] Driving rst_n = 1 | req = 1001
# KERNEL: UVM_INFO /home/runner/monitor.sv(32) @ 195: uvm_test_top.env.agent.mon [MON] rst_n=1 | req: 1001, gnt: 0001
# KERNEL: UVM_INFO /home/runner/scoreboard.sv(22) @ 195: uvm_test_top.env.scb [arbiter_scoreboard] Scoreboard received item
# KERNEL: UVM_INFO /home/runner/scoreboard.sv(45) @ 195: uvm_test_top.env.scb [arbiter_scoreboard] Scoreboard received item
# KERNEL: UVM_INFO /home/runner/scoreboard.sv(50) @ 195: uvm_test_top.env.scb [SCB_PASS] REQ =1001 | Exp GNT =0001 | Got =0001 
# KERNEL: UVM_INFO /home/runner/driver.sv(43) @ 195: uvm_test_top.env.agent.drv [DRV] Driving rst_n = 1 | req = 1111
# KERNEL: UVM_INFO /home/runner/monitor.sv(32) @ 215: uvm_test_top.env.agent.mon [MON] rst_n=1 | req: 1111, gnt: 0001
# KERNEL: UVM_INFO /home/runner/scoreboard.sv(22) @ 215: uvm_test_top.env.scb [arbiter_scoreboard] Scoreboard received item
# KERNEL: UVM_INFO /home/runner/scoreboard.sv(45) @ 215: uvm_test_top.env.scb [arbiter_scoreboard] Scoreboard received item
# KERNEL: UVM_INFO /home/runner/scoreboard.sv(50) @ 215: uvm_test_top.env.scb [SCB_PASS] REQ =1111 | Exp GNT =0001 | Got =0001 
# KERNEL: UVM_INFO /home/runner/driver.sv(43) @ 215: uvm_test_top.env.agent.drv [DRV] Driving rst_n = 1 | req = 0111
# KERNEL: UVM_INFO /home/runner/monitor.sv(32) @ 235: uvm_test_top.env.agent.mon [MON] rst_n=1 | req: 0111, gnt: 0001
# KERNEL: UVM_INFO /home/runner/scoreboard.sv(22) @ 235: uvm_test_top.env.scb [arbiter_scoreboard] Scoreboard received item
# KERNEL: UVM_INFO /home/runner/scoreboard.sv(45) @ 235: uvm_test_top.env.scb [arbiter_scoreboard] Scoreboard received item
# KERNEL: UVM_INFO /home/runner/scoreboard.sv(50) @ 235: uvm_test_top.env.scb [SCB_PASS] REQ =0111 | Exp GNT =0001 | Got =0001 
# KERNEL: UVM_INFO /home/runner/driver.sv(43) @ 235: uvm_test_top.env.agent.drv [DRV] Driving rst_n = 1 | req = 0101
# KERNEL: UVM_INFO /home/runner/monitor.sv(32) @ 255: uvm_test_top.env.agent.mon [MON] rst_n=1 | req: 0101, gnt: 0001
# KERNEL: UVM_INFO /home/runner/scoreboard.sv(22) @ 255: uvm_test_top.env.scb [arbiter_scoreboard] Scoreboard received item
# KERNEL: UVM_INFO /home/runner/scoreboard.sv(45) @ 255: uvm_test_top.env.scb [arbiter_scoreboard] Scoreboard received item
# KERNEL: UVM_INFO /home/runner/scoreboard.sv(50) @ 255: uvm_test_top.env.scb [SCB_PASS] REQ =0101 | Exp GNT =0001 | Got =0001 
# KERNEL: UVM_INFO /home/runner/driver.sv(43) @ 255: uvm_test_top.env.agent.drv [DRV] Driving rst_n = 1 | req = 1100
# KERNEL: UVM_INFO /home/runner/monitor.sv(32) @ 275: uvm_test_top.env.agent.mon [MON] rst_n=1 | req: 1100, gnt: 0100
# KERNEL: UVM_INFO /home/runner/scoreboard.sv(22) @ 275: uvm_test_top.env.scb [arbiter_scoreboard] Scoreboard received item
# KERNEL: UVM_INFO /home/runner/scoreboard.sv(45) @ 275: uvm_test_top.env.scb [arbiter_scoreboard] Scoreboard received item
# KERNEL: UVM_INFO /home/runner/scoreboard.sv(50) @ 275: uvm_test_top.env.scb [SCB_PASS] REQ =1100 | Exp GNT =0100 | Got =0100 
# KERNEL: UVM_INFO /home/runner/driver.sv(43) @ 275: uvm_test_top.env.agent.drv [DRV] Driving rst_n = 1 | req = 0110
# KERNEL: UVM_INFO /home/runner/monitor.sv(32) @ 295: uvm_test_top.env.agent.mon [MON] rst_n=1 | req: 0110, gnt: 0010
# KERNEL: UVM_INFO /home/runner/scoreboard.sv(22) @ 295: uvm_test_top.env.scb [arbiter_scoreboard] Scoreboard received item
# KERNEL: UVM_INFO /home/runner/scoreboard.sv(45) @ 295: uvm_test_top.env.scb [arbiter_scoreboard] Scoreboard received item
# KERNEL: UVM_INFO /home/runner/scoreboard.sv(50) @ 295: uvm_test_top.env.scb [SCB_PASS] REQ =0110 | Exp GNT =0010 | Got =0010 
# KERNEL: UVM_INFO /home/runner/driver.sv(43) @ 295: uvm_test_top.env.agent.drv [DRV] Driving rst_n = 1 | req = 0100
# KERNEL: UVM_INFO /home/runner/monitor.sv(32) @ 315: uvm_test_top.env.agent.mon [MON] rst_n=1 | req: 0100, gnt: 0100
# KERNEL: UVM_INFO /home/runner/scoreboard.sv(22) @ 315: uvm_test_top.env.scb [arbiter_scoreboard] Scoreboard received item
# KERNEL: UVM_INFO /home/runner/scoreboard.sv(45) @ 315: uvm_test_top.env.scb [arbiter_scoreboard] Scoreboard received item
# KERNEL: UVM_INFO /home/runner/scoreboard.sv(50) @ 315: uvm_test_top.env.scb [SCB_PASS] REQ =0100 | Exp GNT =0100 | Got =0100 
# KERNEL: UVM_INFO /home/runner/driver.sv(43) @ 315: uvm_test_top.env.agent.drv [DRV] Driving rst_n = 1 | req = 0010
# KERNEL: UVM_INFO /home/runner/monitor.sv(32) @ 335: uvm_test_top.env.agent.mon [MON] rst_n=1 | req: 0010, gnt: 0010
# KERNEL: UVM_INFO /home/runner/scoreboard.sv(22) @ 335: uvm_test_top.env.scb [arbiter_scoreboard] Scoreboard received item
# KERNEL: UVM_INFO /home/runner/scoreboard.sv(45) @ 335: uvm_test_top.env.scb [arbiter_scoreboard] Scoreboard received item
# KERNEL: UVM_INFO /home/runner/scoreboard.sv(50) @ 335: uvm_test_top.env.scb [SCB_PASS] REQ =0010 | Exp GNT =0010 | Got =0010 
# KERNEL: UVM_INFO /home/runner/driver.sv(43) @ 335: uvm_test_top.env.agent.drv [DRV] Driving rst_n = 1 | req = 1100
# KERNEL: UVM_INFO /home/runner/monitor.sv(32) @ 355: uvm_test_top.env.agent.mon [MON] rst_n=1 | req: 1100, gnt: 0100
# KERNEL: UVM_INFO /home/runner/scoreboard.sv(22) @ 355: uvm_test_top.env.scb [arbiter_scoreboard] Scoreboard received item
# KERNEL: UVM_INFO /home/runner/scoreboard.sv(45) @ 355: uvm_test_top.env.scb [arbiter_scoreboard] Scoreboard received item
# KERNEL: UVM_INFO /home/runner/scoreboard.sv(50) @ 355: uvm_test_top.env.scb [SCB_PASS] REQ =1100 | Exp GNT =0100 | Got =0100 
# KERNEL: UVM_INFO /home/runner/driver.sv(43) @ 355: uvm_test_top.env.agent.drv [DRV] Driving rst_n = 1 | req = 0111
# KERNEL: UVM_INFO /home/runner/monitor.sv(32) @ 375: uvm_test_top.env.agent.mon [MON] rst_n=1 | req: 0111, gnt: 0001
# KERNEL: UVM_INFO /home/runner/scoreboard.sv(22) @ 375: uvm_test_top.env.scb [arbiter_scoreboard] Scoreboard received item
# KERNEL: UVM_INFO /home/runner/scoreboard.sv(45) @ 375: uvm_test_top.env.scb [arbiter_scoreboard] Scoreboard received item
# KERNEL: UVM_INFO /home/runner/scoreboard.sv(50) @ 375: uvm_test_top.env.scb [SCB_PASS] REQ =0111 | Exp GNT =0001 | Got =0001 
# KERNEL: UVM_INFO /home/runner/driver.sv(43) @ 375: uvm_test_top.env.agent.drv [DRV] Driving rst_n = 1 | req = 1111
# KERNEL: UVM_INFO /home/runner/monitor.sv(32) @ 395: uvm_test_top.env.agent.mon [MON] rst_n=1 | req: 1111, gnt: 0001
# KERNEL: UVM_INFO /home/runner/scoreboard.sv(22) @ 395: uvm_test_top.env.scb [arbiter_scoreboard] Scoreboard received item
# KERNEL: UVM_INFO /home/runner/scoreboard.sv(45) @ 395: uvm_test_top.env.scb [arbiter_scoreboard] Scoreboard received item
# KERNEL: UVM_INFO /home/runner/scoreboard.sv(50) @ 395: uvm_test_top.env.scb [SCB_PASS] REQ =1111 | Exp GNT =0001 | Got =0001 
# KERNEL: UVM_INFO /home/runner/driver.sv(43) @ 395: uvm_test_top.env.agent.drv [DRV] Driving rst_n = 1 | req = 1101
# KERNEL: UVM_INFO /home/runner/monitor.sv(32) @ 415: uvm_test_top.env.agent.mon [MON] rst_n=1 | req: 1101, gnt: 0001
# KERNEL: UVM_INFO /home/runner/scoreboard.sv(22) @ 415: uvm_test_top.env.scb [arbiter_scoreboard] Scoreboard received item
# KERNEL: UVM_INFO /home/runner/scoreboard.sv(45) @ 415: uvm_test_top.env.scb [arbiter_scoreboard] Scoreboard received item
# KERNEL: UVM_INFO /home/runner/scoreboard.sv(50) @ 415: uvm_test_top.env.scb [SCB_PASS] REQ =1101 | Exp GNT =0001 | Got =0001 
# KERNEL: UVM_INFO /home/runner/driver.sv(43) @ 415: uvm_test_top.env.agent.drv [DRV] Driving rst_n = 1 | req = 1101
# KERNEL: UVM_INFO /home/runner/monitor.sv(32) @ 435: uvm_test_top.env.agent.mon [MON] rst_n=1 | req: 1101, gnt: 0001
# KERNEL: UVM_INFO /home/runner/scoreboard.sv(22) @ 435: uvm_test_top.env.scb [arbiter_scoreboard] Scoreboard received item
# KERNEL: UVM_INFO /home/runner/scoreboard.sv(45) @ 435: uvm_test_top.env.scb [arbiter_scoreboard] Scoreboard received item
# KERNEL: UVM_INFO /home/runner/scoreboard.sv(50) @ 435: uvm_test_top.env.scb [SCB_PASS] REQ =1101 | Exp GNT =0001 | Got =0001 
# KERNEL: UVM_INFO /home/runner/driver.sv(43) @ 435: uvm_test_top.env.agent.drv [DRV] Driving rst_n = 1 | req = 0011
# KERNEL: UVM_INFO /home/runner/monitor.sv(32) @ 455: uvm_test_top.env.agent.mon [MON] rst_n=1 | req: 0011, gnt: 0001
# KERNEL: UVM_INFO /home/runner/scoreboard.sv(22) @ 455: uvm_test_top.env.scb [arbiter_scoreboard] Scoreboard received item
# KERNEL: UVM_INFO /home/runner/scoreboard.sv(45) @ 455: uvm_test_top.env.scb [arbiter_scoreboard] Scoreboard received item
# KERNEL: UVM_INFO /home/runner/scoreboard.sv(50) @ 455: uvm_test_top.env.scb [SCB_PASS] REQ =0011 | Exp GNT =0001 | Got =0001 
# KERNEL: UVM_INFO /home/runner/driver.sv(43) @ 455: uvm_test_top.env.agent.drv [DRV] Driving rst_n = 1 | req = 0110
# KERNEL: UVM_INFO /home/runner/monitor.sv(32) @ 475: uvm_test_top.env.agent.mon [MON] rst_n=1 | req: 0110, gnt: 0010
# KERNEL: UVM_INFO /home/runner/scoreboard.sv(22) @ 475: uvm_test_top.env.scb [arbiter_scoreboard] Scoreboard received item
# KERNEL: UVM_INFO /home/runner/scoreboard.sv(45) @ 475: uvm_test_top.env.scb [arbiter_scoreboard] Scoreboard received item
# KERNEL: UVM_INFO /home/runner/scoreboard.sv(50) @ 475: uvm_test_top.env.scb [SCB_PASS] REQ =0110 | Exp GNT =0010 | Got =0010 
# KERNEL: UVM_INFO /home/runner/driver.sv(43) @ 475: uvm_test_top.env.agent.drv [DRV] Driving rst_n = 1 | req = 0010
# KERNEL: UVM_INFO /home/runner/monitor.sv(32) @ 495: uvm_test_top.env.agent.mon [MON] rst_n=1 | req: 0010, gnt: 0010
# KERNEL: UVM_INFO /home/runner/scoreboard.sv(22) @ 495: uvm_test_top.env.scb [arbiter_scoreboard] Scoreboard received item
# KERNEL: UVM_INFO /home/runner/scoreboard.sv(45) @ 495: uvm_test_top.env.scb [arbiter_scoreboard] Scoreboard received item
# KERNEL: UVM_INFO /home/runner/scoreboard.sv(50) @ 495: uvm_test_top.env.scb [SCB_PASS] REQ =0010 | Exp GNT =0010 | Got =0010 
# KERNEL: UVM_INFO /home/runner/driver.sv(43) @ 495: uvm_test_top.env.agent.drv [DRV] Driving rst_n = 1 | req = 1100
# KERNEL: UVM_INFO /home/runner/monitor.sv(32) @ 515: uvm_test_top.env.agent.mon [MON] rst_n=1 | req: 1100, gnt: 0100
# KERNEL: UVM_INFO /home/runner/scoreboard.sv(22) @ 515: uvm_test_top.env.scb [arbiter_scoreboard] Scoreboard received item
# KERNEL: UVM_INFO /home/runner/scoreboard.sv(45) @ 515: uvm_test_top.env.scb [arbiter_scoreboard] Scoreboard received item
# KERNEL: UVM_INFO /home/runner/scoreboard.sv(50) @ 515: uvm_test_top.env.scb [SCB_PASS] REQ =1100 | Exp GNT =0100 | Got =0100 
# KERNEL: UVM_INFO /home/runner/driver.sv(43) @ 515: uvm_test_top.env.agent.drv [DRV] Driving rst_n = 1 | req = 1100
# KERNEL: UVM_INFO /home/runner/monitor.sv(32) @ 535: uvm_test_top.env.agent.mon [MON] rst_n=1 | req: 1100, gnt: 0100
# KERNEL: UVM_INFO /home/runner/scoreboard.sv(22) @ 535: uvm_test_top.env.scb [arbiter_scoreboard] Scoreboard received item
# KERNEL: UVM_INFO /home/runner/scoreboard.sv(45) @ 535: uvm_test_top.env.scb [arbiter_scoreboard] Scoreboard received item
# KERNEL: UVM_INFO /home/runner/scoreboard.sv(50) @ 535: uvm_test_top.env.scb [SCB_PASS] REQ =1100 | Exp GNT =0100 | Got =0100 
# KERNEL: UVM_INFO /home/runner/driver.sv(43) @ 535: uvm_test_top.env.agent.drv [DRV] Driving rst_n = 1 | req = 1110
# KERNEL: UVM_INFO /home/runner/monitor.sv(32) @ 555: uvm_test_top.env.agent.mon [MON] rst_n=1 | req: 1110, gnt: 0010
# KERNEL: UVM_INFO /home/runner/scoreboard.sv(22) @ 555: uvm_test_top.env.scb [arbiter_scoreboard] Scoreboard received item
# KERNEL: UVM_INFO /home/runner/scoreboard.sv(45) @ 555: uvm_test_top.env.scb [arbiter_scoreboard] Scoreboard received item
# KERNEL: UVM_INFO /home/runner/scoreboard.sv(50) @ 555: uvm_test_top.env.scb [SCB_PASS] REQ =1110 | Exp GNT =0010 | Got =0010 
# KERNEL: UVM_INFO /home/runner/driver.sv(43) @ 555: uvm_test_top.env.agent.drv [DRV] Driving rst_n = 1 | req = 0101
# KERNEL: UVM_INFO /home/runner/monitor.sv(32) @ 575: uvm_test_top.env.agent.mon [MON] rst_n=1 | req: 0101, gnt: 0001
# KERNEL: UVM_INFO /home/runner/scoreboard.sv(22) @ 575: uvm_test_top.env.scb [arbiter_scoreboard] Scoreboard received item
# KERNEL: UVM_INFO /home/runner/scoreboard.sv(45) @ 575: uvm_test_top.env.scb [arbiter_scoreboard] Scoreboard received item
# KERNEL: UVM_INFO /home/runner/scoreboard.sv(50) @ 575: uvm_test_top.env.scb [SCB_PASS] REQ =0101 | Exp GNT =0001 | Got =0001 
# KERNEL: UVM_INFO /home/runner/driver.sv(43) @ 575: uvm_test_top.env.agent.drv [DRV] Driving rst_n = 1 | req = 0101
# KERNEL: UVM_INFO /home/runner/monitor.sv(32) @ 595: uvm_test_top.env.agent.mon [MON] rst_n=1 | req: 0101, gnt: 0001
# KERNEL: UVM_INFO /home/runner/scoreboard.sv(22) @ 595: uvm_test_top.env.scb [arbiter_scoreboard] Scoreboard received item
# KERNEL: UVM_INFO /home/runner/scoreboard.sv(45) @ 595: uvm_test_top.env.scb [arbiter_scoreboard] Scoreboard received item
# KERNEL: UVM_INFO /home/runner/scoreboard.sv(50) @ 595: uvm_test_top.env.scb [SCB_PASS] REQ =0101 | Exp GNT =0001 | Got =0001 
# KERNEL: UVM_INFO /home/runner/driver.sv(43) @ 595: uvm_test_top.env.agent.drv [DRV] Driving rst_n = 1 | req = 1011
# KERNEL: UVM_INFO /home/runner/monitor.sv(32) @ 615: uvm_test_top.env.agent.mon [MON] rst_n=1 | req: 1011, gnt: 0001
# KERNEL: UVM_INFO /home/runner/scoreboard.sv(22) @ 615: uvm_test_top.env.scb [arbiter_scoreboard] Scoreboard received item
# KERNEL: UVM_INFO /home/runner/scoreboard.sv(45) @ 615: uvm_test_top.env.scb [arbiter_scoreboard] Scoreboard received item
# KERNEL: UVM_INFO /home/runner/scoreboard.sv(50) @ 615: uvm_test_top.env.scb [SCB_PASS] REQ =1011 | Exp GNT =0001 | Got =0001 
# KERNEL: UVM_INFO /home/runner/driver.sv(43) @ 615: uvm_test_top.env.agent.drv [DRV] Driving rst_n = 1 | req = 0011
# KERNEL: UVM_INFO /home/runner/monitor.sv(32) @ 635: uvm_test_top.env.agent.mon [MON] rst_n=1 | req: 0011, gnt: 0001
# KERNEL: UVM_INFO /home/runner/scoreboard.sv(22) @ 635: uvm_test_top.env.scb [arbiter_scoreboard] Scoreboard received item
# KERNEL: UVM_INFO /home/runner/scoreboard.sv(45) @ 635: uvm_test_top.env.scb [arbiter_scoreboard] Scoreboard received item
# KERNEL: UVM_INFO /home/runner/scoreboard.sv(50) @ 635: uvm_test_top.env.scb [SCB_PASS] REQ =0011 | Exp GNT =0001 | Got =0001 
# KERNEL: UVM_INFO /home/runner/driver.sv(43) @ 635: uvm_test_top.env.agent.drv [DRV] Driving rst_n = 1 | req = 0001
# KERNEL: UVM_INFO /home/runner/monitor.sv(32) @ 655: uvm_test_top.env.agent.mon [MON] rst_n=1 | req: 0001, gnt: 0001
# KERNEL: UVM_INFO /home/runner/scoreboard.sv(22) @ 655: uvm_test_top.env.scb [arbiter_scoreboard] Scoreboard received item
# KERNEL: UVM_INFO /home/runner/scoreboard.sv(45) @ 655: uvm_test_top.env.scb [arbiter_scoreboard] Scoreboard received item
# KERNEL: UVM_INFO /home/runner/scoreboard.sv(50) @ 655: uvm_test_top.env.scb [SCB_PASS] REQ =0001 | Exp GNT =0001 | Got =0001 
# KERNEL: UVM_INFO /home/runner/driver.sv(43) @ 655: uvm_test_top.env.agent.drv [DRV] Driving rst_n = 1 | req = 1100
# KERNEL: UVM_INFO /home/runner/monitor.sv(32) @ 675: uvm_test_top.env.agent.mon [MON] rst_n=1 | req: 1100, gnt: 0100
# KERNEL: UVM_INFO /home/runner/scoreboard.sv(22) @ 675: uvm_test_top.env.scb [arbiter_scoreboard] Scoreboard received item
# KERNEL: UVM_INFO /home/runner/scoreboard.sv(45) @ 675: uvm_test_top.env.scb [arbiter_scoreboard] Scoreboard received item
# KERNEL: UVM_INFO /home/runner/scoreboard.sv(50) @ 675: uvm_test_top.env.scb [SCB_PASS] REQ =1100 | Exp GNT =0100 | Got =0100 
# KERNEL: UVM_INFO /home/runner/driver.sv(43) @ 675: uvm_test_top.env.agent.drv [DRV] Driving rst_n = 1 | req = 0111
# KERNEL: UVM_INFO /home/runner/monitor.sv(32) @ 695: uvm_test_top.env.agent.mon [MON] rst_n=1 | req: 0111, gnt: 0001
# KERNEL: UVM_INFO /home/runner/scoreboard.sv(22) @ 695: uvm_test_top.env.scb [arbiter_scoreboard] Scoreboard received item
# KERNEL: UVM_INFO /home/runner/scoreboard.sv(45) @ 695: uvm_test_top.env.scb [arbiter_scoreboard] Scoreboard received item
# KERNEL: UVM_INFO /home/runner/scoreboard.sv(50) @ 695: uvm_test_top.env.scb [SCB_PASS] REQ =0111 | Exp GNT =0001 | Got =0001 
# KERNEL: UVM_INFO /home/runner/driver.sv(43) @ 695: uvm_test_top.env.agent.drv [DRV] Driving rst_n = 1 | req = 1110
# KERNEL: UVM_INFO /home/runner/monitor.sv(32) @ 715: uvm_test_top.env.agent.mon [MON] rst_n=1 | req: 1110, gnt: 0010
# KERNEL: UVM_INFO /home/runner/scoreboard.sv(22) @ 715: uvm_test_top.env.scb [arbiter_scoreboard] Scoreboard received item
# KERNEL: UVM_INFO /home/runner/scoreboard.sv(45) @ 715: uvm_test_top.env.scb [arbiter_scoreboard] Scoreboard received item
# KERNEL: UVM_INFO /home/runner/scoreboard.sv(50) @ 715: uvm_test_top.env.scb [SCB_PASS] REQ =1110 | Exp GNT =0010 | Got =0010 
# KERNEL: UVM_INFO /home/runner/driver.sv(43) @ 715: uvm_test_top.env.agent.drv [DRV] Driving rst_n = 1 | req = 1101
# KERNEL: UVM_INFO /home/runner/monitor.sv(32) @ 735: uvm_test_top.env.agent.mon [MON] rst_n=1 | req: 1101, gnt: 0001
# KERNEL: UVM_INFO /home/runner/scoreboard.sv(22) @ 735: uvm_test_top.env.scb [arbiter_scoreboard] Scoreboard received item
# KERNEL: UVM_INFO /home/runner/scoreboard.sv(45) @ 735: uvm_test_top.env.scb [arbiter_scoreboard] Scoreboard received item
# KERNEL: UVM_INFO /home/runner/scoreboard.sv(50) @ 735: uvm_test_top.env.scb [SCB_PASS] REQ =1101 | Exp GNT =0001 | Got =0001 
# KERNEL: UVM_INFO /home/runner/driver.sv(43) @ 735: uvm_test_top.env.agent.drv [DRV] Driving rst_n = 1 | req = 1010
# KERNEL: UVM_INFO /home/runner/monitor.sv(32) @ 755: uvm_test_top.env.agent.mon [MON] rst_n=1 | req: 1010, gnt: 0010
# KERNEL: UVM_INFO /home/runner/scoreboard.sv(22) @ 755: uvm_test_top.env.scb [arbiter_scoreboard] Scoreboard received item
# KERNEL: UVM_INFO /home/runner/scoreboard.sv(45) @ 755: uvm_test_top.env.scb [arbiter_scoreboard] Scoreboard received item
# KERNEL: UVM_INFO /home/runner/scoreboard.sv(50) @ 755: uvm_test_top.env.scb [SCB_PASS] REQ =1010 | Exp GNT =0010 | Got =0010 
# KERNEL: UVM_INFO /home/runner/driver.sv(43) @ 755: uvm_test_top.env.agent.drv [DRV] Driving rst_n = 1 | req = 0011
# KERNEL: UVM_INFO /home/runner/monitor.sv(32) @ 775: uvm_test_top.env.agent.mon [MON] rst_n=1 | req: 0011, gnt: 0001
# KERNEL: UVM_INFO /home/runner/scoreboard.sv(22) @ 775: uvm_test_top.env.scb [arbiter_scoreboard] Scoreboard received item
# KERNEL: UVM_INFO /home/runner/scoreboard.sv(45) @ 775: uvm_test_top.env.scb [arbiter_scoreboard] Scoreboard received item
# KERNEL: UVM_INFO /home/runner/scoreboard.sv(50) @ 775: uvm_test_top.env.scb [SCB_PASS] REQ =0011 | Exp GNT =0001 | Got =0001 
# KERNEL: UVM_INFO /home/runner/driver.sv(43) @ 775: uvm_test_top.env.agent.drv [DRV] Driving rst_n = 1 | req = 0110
# KERNEL: UVM_INFO /home/runner/monitor.sv(32) @ 795: uvm_test_top.env.agent.mon [MON] rst_n=1 | req: 0110, gnt: 0010
# KERNEL: UVM_INFO /home/runner/scoreboard.sv(22) @ 795: uvm_test_top.env.scb [arbiter_scoreboard] Scoreboard received item
# KERNEL: UVM_INFO /home/runner/scoreboard.sv(45) @ 795: uvm_test_top.env.scb [arbiter_scoreboard] Scoreboard received item
# KERNEL: UVM_INFO /home/runner/scoreboard.sv(50) @ 795: uvm_test_top.env.scb [SCB_PASS] REQ =0110 | Exp GNT =0010 | Got =0010 
# KERNEL: UVM_INFO /home/runner/driver.sv(43) @ 795: uvm_test_top.env.agent.drv [DRV] Driving rst_n = 1 | req = 1001
# KERNEL: UVM_INFO /home/runner/monitor.sv(32) @ 815: uvm_test_top.env.agent.mon [MON] rst_n=1 | req: 1001, gnt: 0001
# KERNEL: UVM_INFO /home/runner/scoreboard.sv(22) @ 815: uvm_test_top.env.scb [arbiter_scoreboard] Scoreboard received item
# KERNEL: UVM_INFO /home/runner/scoreboard.sv(45) @ 815: uvm_test_top.env.scb [arbiter_scoreboard] Scoreboard received item
# KERNEL: UVM_INFO /home/runner/scoreboard.sv(50) @ 815: uvm_test_top.env.scb [SCB_PASS] REQ =1001 | Exp GNT =0001 | Got =0001 
# KERNEL: UVM_INFO /home/runner/driver.sv(43) @ 815: uvm_test_top.env.agent.drv [DRV] Driving rst_n = 1 | req = 1100
# KERNEL: UVM_INFO /home/runner/monitor.sv(32) @ 835: uvm_test_top.env.agent.mon [MON] rst_n=1 | req: 1100, gnt: 0100
# KERNEL: UVM_INFO /home/runner/scoreboard.sv(22) @ 835: uvm_test_top.env.scb [arbiter_scoreboard] Scoreboard received item
# KERNEL: UVM_INFO /home/runner/scoreboard.sv(45) @ 835: uvm_test_top.env.scb [arbiter_scoreboard] Scoreboard received item
# KERNEL: UVM_INFO /home/runner/scoreboard.sv(50) @ 835: uvm_test_top.env.scb [SCB_PASS] REQ =1100 | Exp GNT =0100 | Got =0100 
# KERNEL: UVM_INFO /home/runner/driver.sv(43) @ 835: uvm_test_top.env.agent.drv [DRV] Driving rst_n = 1 | req = 1110
# KERNEL: UVM_INFO /home/runner/monitor.sv(32) @ 855: uvm_test_top.env.agent.mon [MON] rst_n=1 | req: 1110, gnt: 0010
# KERNEL: UVM_INFO /home/runner/scoreboard.sv(22) @ 855: uvm_test_top.env.scb [arbiter_scoreboard] Scoreboard received item
# KERNEL: UVM_INFO /home/runner/scoreboard.sv(45) @ 855: uvm_test_top.env.scb [arbiter_scoreboard] Scoreboard received item
# KERNEL: UVM_INFO /home/runner/scoreboard.sv(50) @ 855: uvm_test_top.env.scb [SCB_PASS] REQ =1110 | Exp GNT =0010 | Got =0010 
# KERNEL: UVM_INFO /home/runner/driver.sv(43) @ 855: uvm_test_top.env.agent.drv [DRV] Driving rst_n = 1 | req = 0111
# KERNEL: UVM_INFO /home/runner/monitor.sv(32) @ 875: uvm_test_top.env.agent.mon [MON] rst_n=1 | req: 0111, gnt: 0001
# KERNEL: UVM_INFO /home/runner/scoreboard.sv(22) @ 875: uvm_test_top.env.scb [arbiter_scoreboard] Scoreboard received item
# KERNEL: UVM_INFO /home/runner/scoreboard.sv(45) @ 875: uvm_test_top.env.scb [arbiter_scoreboard] Scoreboard received item
# KERNEL: UVM_INFO /home/runner/scoreboard.sv(50) @ 875: uvm_test_top.env.scb [SCB_PASS] REQ =0111 | Exp GNT =0001 | Got =0001 
# KERNEL: UVM_INFO /home/runner/driver.sv(43) @ 875: uvm_test_top.env.agent.drv [DRV] Driving rst_n = 1 | req = 0101
# KERNEL: UVM_INFO /home/runner/monitor.sv(32) @ 895: uvm_test_top.env.agent.mon [MON] rst_n=1 | req: 0101, gnt: 0001
# KERNEL: UVM_INFO /home/runner/scoreboard.sv(22) @ 895: uvm_test_top.env.scb [arbiter_scoreboard] Scoreboard received item
# KERNEL: UVM_INFO /home/runner/scoreboard.sv(45) @ 895: uvm_test_top.env.scb [arbiter_scoreboard] Scoreboard received item
# KERNEL: UVM_INFO /home/runner/scoreboard.sv(50) @ 895: uvm_test_top.env.scb [SCB_PASS] REQ =0101 | Exp GNT =0001 | Got =0001 
# KERNEL: UVM_INFO /home/runner/driver.sv(43) @ 895: uvm_test_top.env.agent.drv [DRV] Driving rst_n = 1 | req = 1000
# KERNEL: UVM_INFO /home/runner/monitor.sv(32) @ 915: uvm_test_top.env.agent.mon [MON] rst_n=1 | req: 1000, gnt: 1000
# KERNEL: UVM_INFO /home/runner/scoreboard.sv(22) @ 915: uvm_test_top.env.scb [arbiter_scoreboard] Scoreboard received item
# KERNEL: UVM_INFO /home/runner/scoreboard.sv(45) @ 915: uvm_test_top.env.scb [arbiter_scoreboard] Scoreboard received item
# KERNEL: UVM_INFO /home/runner/scoreboard.sv(50) @ 915: uvm_test_top.env.scb [SCB_PASS] REQ =1000 | Exp GNT =1000 | Got =1000 
# KERNEL: UVM_INFO /home/runner/driver.sv(43) @ 915: uvm_test_top.env.agent.drv [DRV] Driving rst_n = 1 | req = 1011
# KERNEL: UVM_INFO /home/runner/monitor.sv(32) @ 935: uvm_test_top.env.agent.mon [MON] rst_n=1 | req: 1011, gnt: 0001
# KERNEL: UVM_INFO /home/runner/scoreboard.sv(22) @ 935: uvm_test_top.env.scb [arbiter_scoreboard] Scoreboard received item
# KERNEL: UVM_INFO /home/runner/scoreboard.sv(45) @ 935: uvm_test_top.env.scb [arbiter_scoreboard] Scoreboard received item
# KERNEL: UVM_INFO /home/runner/scoreboard.sv(50) @ 935: uvm_test_top.env.scb [SCB_PASS] REQ =1011 | Exp GNT =0001 | Got =0001 
# KERNEL: UVM_INFO /home/runner/driver.sv(43) @ 935: uvm_test_top.env.agent.drv [DRV] Driving rst_n = 1 | req = 0011
# KERNEL: UVM_INFO /home/runner/monitor.sv(32) @ 955: uvm_test_top.env.agent.mon [MON] rst_n=1 | req: 0011, gnt: 0001
# KERNEL: UVM_INFO /home/runner/scoreboard.sv(22) @ 955: uvm_test_top.env.scb [arbiter_scoreboard] Scoreboard received item
# KERNEL: UVM_INFO /home/runner/scoreboard.sv(45) @ 955: uvm_test_top.env.scb [arbiter_scoreboard] Scoreboard received item
# KERNEL: UVM_INFO /home/runner/scoreboard.sv(50) @ 955: uvm_test_top.env.scb [SCB_PASS] REQ =0011 | Exp GNT =0001 | Got =0001 
# KERNEL: UVM_INFO /home/runner/driver.sv(43) @ 955: uvm_test_top.env.agent.drv [DRV] Driving rst_n = 1 | req = 0010
# KERNEL: UVM_INFO /home/runner/monitor.sv(32) @ 975: uvm_test_top.env.agent.mon [MON] rst_n=1 | req: 0010, gnt: 0010
# KERNEL: UVM_INFO /home/runner/scoreboard.sv(22) @ 975: uvm_test_top.env.scb [arbiter_scoreboard] Scoreboard received item
# KERNEL: UVM_INFO /home/runner/scoreboard.sv(45) @ 975: uvm_test_top.env.scb [arbiter_scoreboard] Scoreboard received item
# KERNEL: UVM_INFO /home/runner/scoreboard.sv(50) @ 975: uvm_test_top.env.scb [SCB_PASS] REQ =0010 | Exp GNT =0010 | Got =0010 
# KERNEL: UVM_INFO /home/runner/driver.sv(43) @ 975: uvm_test_top.env.agent.drv [DRV] Driving rst_n = 1 | req = 0010
# KERNEL: UVM_INFO /home/runner/monitor.sv(32) @ 995: uvm_test_top.env.agent.mon [MON] rst_n=1 | req: 0010, gnt: 0010
# KERNEL: UVM_INFO /home/runner/scoreboard.sv(22) @ 995: uvm_test_top.env.scb [arbiter_scoreboard] Scoreboard received item
# KERNEL: UVM_INFO /home/runner/scoreboard.sv(45) @ 995: uvm_test_top.env.scb [arbiter_scoreboard] Scoreboard received item
# KERNEL: UVM_INFO /home/runner/scoreboard.sv(50) @ 995: uvm_test_top.env.scb [SCB_PASS] REQ =0010 | Exp GNT =0010 | Got =0010 
# KERNEL: UVM_INFO /home/runner/driver.sv(43) @ 995: uvm_test_top.env.agent.drv [DRV] Driving rst_n = 1 | req = 0111
# KERNEL: UVM_INFO /home/runner/monitor.sv(32) @ 1015: uvm_test_top.env.agent.mon [MON] rst_n=1 | req: 0111, gnt: 0001
# KERNEL: UVM_INFO /home/runner/scoreboard.sv(22) @ 1015: uvm_test_top.env.scb [arbiter_scoreboard] Scoreboard received item
# KERNEL: UVM_INFO /home/runner/scoreboard.sv(45) @ 1015: uvm_test_top.env.scb [arbiter_scoreboard] Scoreboard received item
# KERNEL: UVM_INFO /home/runner/scoreboard.sv(50) @ 1015: uvm_test_top.env.scb [SCB_PASS] REQ =0111 | Exp GNT =0001 | Got =0001 
# KERNEL: UVM_INFO /home/runner/driver.sv(43) @ 1015: uvm_test_top.env.agent.drv [DRV] Driving rst_n = 1 | req = 1110
# KERNEL: UVM_INFO /home/runner/monitor.sv(32) @ 1035: uvm_test_top.env.agent.mon [MON] rst_n=1 | req: 1110, gnt: 0010
# KERNEL: UVM_INFO /home/runner/scoreboard.sv(22) @ 1035: uvm_test_top.env.scb [arbiter_scoreboard] Scoreboard received item
# KERNEL: UVM_INFO /home/runner/scoreboard.sv(45) @ 1035: uvm_test_top.env.scb [arbiter_scoreboard] Scoreboard received item
# KERNEL: UVM_INFO /home/runner/scoreboard.sv(50) @ 1035: uvm_test_top.env.scb [SCB_PASS] REQ =1110 | Exp GNT =0010 | Got =0010 
# KERNEL: UVM_INFO /home/runner/driver.sv(43) @ 1035: uvm_test_top.env.agent.drv [DRV] Driving rst_n = 1 | req = 0100
# KERNEL: UVM_INFO /home/runner/monitor.sv(32) @ 1055: uvm_test_top.env.agent.mon [MON] rst_n=1 | req: 0100, gnt: 0100
# KERNEL: UVM_INFO /home/runner/scoreboard.sv(22) @ 1055: uvm_test_top.env.scb [arbiter_scoreboard] Scoreboard received item
# KERNEL: UVM_INFO /home/runner/scoreboard.sv(45) @ 1055: uvm_test_top.env.scb [arbiter_scoreboard] Scoreboard received item
# KERNEL: UVM_INFO /home/runner/scoreboard.sv(50) @ 1055: uvm_test_top.env.scb [SCB_PASS] REQ =0100 | Exp GNT =0100 | Got =0100 
# KERNEL: UVM_INFO /home/runner/driver.sv(43) @ 1055: uvm_test_top.env.agent.drv [DRV] Driving rst_n = 1 | req = 1101
# KERNEL: UVM_INFO /home/runner/monitor.sv(32) @ 1075: uvm_test_top.env.agent.mon [MON] rst_n=1 | req: 1101, gnt: 0001
# KERNEL: UVM_INFO /home/runner/scoreboard.sv(22) @ 1075: uvm_test_top.env.scb [arbiter_scoreboard] Scoreboard received item
# KERNEL: UVM_INFO /home/runner/scoreboard.sv(45) @ 1075: uvm_test_top.env.scb [arbiter_scoreboard] Scoreboard received item
# KERNEL: UVM_INFO /home/runner/scoreboard.sv(50) @ 1075: uvm_test_top.env.scb [SCB_PASS] REQ =1101 | Exp GNT =0001 | Got =0001 
# KERNEL: UVM_INFO /home/runner/driver.sv(43) @ 1075: uvm_test_top.env.agent.drv [DRV] Driving rst_n = 1 | req = 0011
# KERNEL: UVM_INFO /home/runner/monitor.sv(32) @ 1095: uvm_test_top.env.agent.mon [MON] rst_n=1 | req: 0011, gnt: 0001
# KERNEL: UVM_INFO /home/runner/scoreboard.sv(22) @ 1095: uvm_test_top.env.scb [arbiter_scoreboard] Scoreboard received item
# KERNEL: UVM_INFO /home/runner/scoreboard.sv(45) @ 1095: uvm_test_top.env.scb [arbiter_scoreboard] Scoreboard received item
# KERNEL: UVM_INFO /home/runner/scoreboard.sv(50) @ 1095: uvm_test_top.env.scb [SCB_PASS] REQ =0011 | Exp GNT =0001 | Got =0001 
# KERNEL: UVM_INFO /home/runner/driver.sv(43) @ 1095: uvm_test_top.env.agent.drv [DRV] Driving rst_n = 1 | req = 1011
# KERNEL: UVM_INFO /home/runner/monitor.sv(32) @ 1115: uvm_test_top.env.agent.mon [MON] rst_n=1 | req: 1011, gnt: 0001
# KERNEL: UVM_INFO /home/runner/scoreboard.sv(22) @ 1115: uvm_test_top.env.scb [arbiter_scoreboard] Scoreboard received item
# KERNEL: UVM_INFO /home/runner/scoreboard.sv(45) @ 1115: uvm_test_top.env.scb [arbiter_scoreboard] Scoreboard received item
# KERNEL: UVM_INFO /home/runner/scoreboard.sv(50) @ 1115: uvm_test_top.env.scb [SCB_PASS] REQ =1011 | Exp GNT =0001 | Got =0001 
# KERNEL: UVM_INFO /home/runner/driver.sv(43) @ 1115: uvm_test_top.env.agent.drv [DRV] Driving rst_n = 1 | req = 1001
# KERNEL: UVM_INFO /home/runner/sequence2.sv(20) @ 1125: uvm_test_top.env.agent.sqr@@s2 [arbiter_stress_sequence] Sequence 2 body finished
# KERNEL: UVM_INFO /home/runner/monitor.sv(32) @ 1135: uvm_test_top.env.agent.mon [MON] rst_n=1 | req: 1001, gnt: 0001
# KERNEL: UVM_INFO /home/runner/scoreboard.sv(22) @ 1135: uvm_test_top.env.scb [arbiter_scoreboard] Scoreboard received item
# KERNEL: UVM_INFO /home/runner/scoreboard.sv(45) @ 1135: uvm_test_top.env.scb [arbiter_scoreboard] Scoreboard received item
# KERNEL: UVM_INFO /home/runner/scoreboard.sv(50) @ 1135: uvm_test_top.env.scb [SCB_PASS] REQ =1001 | Exp GNT =0001 | Got =0001 
# KERNEL: UVM_INFO /home/runner/master_seq.sv(33) @ 1155: uvm_test_top.env.agent.sqr@@seq [MASTER_SEQ] Starting Sequence 3...
# KERNEL: UVM_INFO /home/runner/sequence3.sv(13) @ 1155: uvm_test_top.env.agent.sqr@@s3 [arbiter_reset_sequence] Starting sequence 3 body
# KERNEL: UVM_INFO /home/runner/monitor.sv(32) @ 1155: uvm_test_top.env.agent.mon [MON] rst_n=1 | req: 1001, gnt: 0001
# KERNEL: UVM_INFO /home/runner/scoreboard.sv(22) @ 1155: uvm_test_top.env.scb [arbiter_scoreboard] Scoreboard received item
# KERNEL: UVM_INFO /home/runner/scoreboard.sv(45) @ 1155: uvm_test_top.env.scb [arbiter_scoreboard] Scoreboard received item
# KERNEL: UVM_INFO /home/runner/scoreboard.sv(50) @ 1155: uvm_test_top.env.scb [SCB_PASS] REQ =1001 | Exp GNT =0001 | Got =0001 
# KERNEL: UVM_INFO /home/runner/driver.sv(43) @ 1155: uvm_test_top.env.agent.drv [DRV] Driving rst_n = 1 | req = 1100
# KERNEL: UVM_INFO /home/runner/monitor.sv(32) @ 1175: uvm_test_top.env.agent.mon [MON] rst_n=1 | req: 1100, gnt: 0100
# KERNEL: UVM_INFO /home/runner/scoreboard.sv(22) @ 1175: uvm_test_top.env.scb [arbiter_scoreboard] Scoreboard received item
# KERNEL: UVM_INFO /home/runner/scoreboard.sv(45) @ 1175: uvm_test_top.env.scb [arbiter_scoreboard] Scoreboard received item
# KERNEL: UVM_INFO /home/runner/scoreboard.sv(50) @ 1175: uvm_test_top.env.scb [SCB_PASS] REQ =1100 | Exp GNT =0100 | Got =0100 
# KERNEL: UVM_INFO /home/runner/driver.sv(43) @ 1175: uvm_test_top.env.agent.drv [DRV] Driving rst_n = 1 | req = 0001
# KERNEL: UVM_INFO /home/runner/monitor.sv(32) @ 1195: uvm_test_top.env.agent.mon [MON] rst_n=1 | req: 0001, gnt: 0001
# KERNEL: UVM_INFO /home/runner/scoreboard.sv(22) @ 1195: uvm_test_top.env.scb [arbiter_scoreboard] Scoreboard received item
# KERNEL: UVM_INFO /home/runner/scoreboard.sv(45) @ 1195: uvm_test_top.env.scb [arbiter_scoreboard] Scoreboard received item
# KERNEL: UVM_INFO /home/runner/scoreboard.sv(50) @ 1195: uvm_test_top.env.scb [SCB_PASS] REQ =0001 | Exp GNT =0001 | Got =0001 
# KERNEL: UVM_INFO /home/runner/driver.sv(43) @ 1195: uvm_test_top.env.agent.drv [DRV] Driving rst_n = 1 | req = 0001
# KERNEL: UVM_INFO /home/runner/monitor.sv(32) @ 1215: uvm_test_top.env.agent.mon [MON] rst_n=1 | req: 0001, gnt: 0001
# KERNEL: UVM_INFO /home/runner/scoreboard.sv(22) @ 1215: uvm_test_top.env.scb [arbiter_scoreboard] Scoreboard received item
# KERNEL: UVM_INFO /home/runner/scoreboard.sv(45) @ 1215: uvm_test_top.env.scb [arbiter_scoreboard] Scoreboard received item
# KERNEL: UVM_INFO /home/runner/scoreboard.sv(50) @ 1215: uvm_test_top.env.scb [SCB_PASS] REQ =0001 | Exp GNT =0001 | Got =0001 
# KERNEL: UVM_INFO /home/runner/driver.sv(43) @ 1215: uvm_test_top.env.agent.drv [DRV] Driving rst_n = 1 | req = 1110
# KERNEL: UVM_INFO /home/runner/monitor.sv(32) @ 1235: uvm_test_top.env.agent.mon [MON] rst_n=1 | req: 1110, gnt: 0010
# KERNEL: UVM_INFO /home/runner/scoreboard.sv(22) @ 1235: uvm_test_top.env.scb [arbiter_scoreboard] Scoreboard received item
# KERNEL: UVM_INFO /home/runner/scoreboard.sv(45) @ 1235: uvm_test_top.env.scb [arbiter_scoreboard] Scoreboard received item
# KERNEL: UVM_INFO /home/runner/scoreboard.sv(50) @ 1235: uvm_test_top.env.scb [SCB_PASS] REQ =1110 | Exp GNT =0010 | Got =0010 
# KERNEL: UVM_INFO /home/runner/driver.sv(43) @ 1235: uvm_test_top.env.agent.drv [DRV] Driving rst_n = 1 | req = 1111
# KERNEL: UVM_INFO /home/runner/monitor.sv(32) @ 1255: uvm_test_top.env.agent.mon [MON] rst_n=1 | req: 1111, gnt: 0001
# KERNEL: UVM_INFO /home/runner/scoreboard.sv(22) @ 1255: uvm_test_top.env.scb [arbiter_scoreboard] Scoreboard received item
# KERNEL: UVM_INFO /home/runner/scoreboard.sv(45) @ 1255: uvm_test_top.env.scb [arbiter_scoreboard] Scoreboard received item
# KERNEL: UVM_INFO /home/runner/scoreboard.sv(50) @ 1255: uvm_test_top.env.scb [SCB_PASS] REQ =1111 | Exp GNT =0001 | Got =0001 
# KERNEL: UVM_INFO /home/runner/driver.sv(43) @ 1255: uvm_test_top.env.agent.drv [DRV] Driving rst_n = 0 | req = 0100
# KERNEL: UVM_INFO /home/runner/monitor.sv(32) @ 1275: uvm_test_top.env.agent.mon [MON] rst_n=0 | req: 0100, gnt: 0000
# KERNEL: UVM_INFO /home/runner/scoreboard.sv(22) @ 1275: uvm_test_top.env.scb [arbiter_scoreboard] Scoreboard received item
# KERNEL: UVM_INFO /home/runner/scoreboard.sv(54) @ 1275: uvm_test_top.env.scb [SCB] RESET ACTIVE
# KERNEL: UVM_INFO /home/runner/driver.sv(43) @ 1275: uvm_test_top.env.agent.drv [DRV] Driving rst_n = 0 | req = 0110
# KERNEL: UVM_INFO /home/runner/monitor.sv(32) @ 1295: uvm_test_top.env.agent.mon [MON] rst_n=0 | req: 0110, gnt: 0000
# KERNEL: UVM_INFO /home/runner/scoreboard.sv(22) @ 1295: uvm_test_top.env.scb [arbiter_scoreboard] Scoreboard received item
# KERNEL: UVM_INFO /home/runner/scoreboard.sv(54) @ 1295: uvm_test_top.env.scb [SCB] RESET ACTIVE
# KERNEL: UVM_INFO /home/runner/driver.sv(43) @ 1295: uvm_test_top.env.agent.drv [DRV] Driving rst_n = 1 | req = 0110
# KERNEL: UVM_INFO /home/runner/monitor.sv(32) @ 1315: uvm_test_top.env.agent.mon [MON] rst_n=1 | req: 0110, gnt: 0010
# KERNEL: UVM_INFO /home/runner/scoreboard.sv(22) @ 1315: uvm_test_top.env.scb [arbiter_scoreboard] Scoreboard received item
# KERNEL: UVM_INFO /home/runner/scoreboard.sv(45) @ 1315: uvm_test_top.env.scb [arbiter_scoreboard] Scoreboard received item
# KERNEL: UVM_INFO /home/runner/scoreboard.sv(50) @ 1315: uvm_test_top.env.scb [SCB_PASS] REQ =0110 | Exp GNT =0010 | Got =0010 
# KERNEL: UVM_INFO /home/runner/driver.sv(43) @ 1315: uvm_test_top.env.agent.drv [DRV] Driving rst_n = 1 | req = 1011
# KERNEL: UVM_INFO /home/runner/monitor.sv(32) @ 1335: uvm_test_top.env.agent.mon [MON] rst_n=1 | req: 1011, gnt: 0001
# KERNEL: UVM_INFO /home/runner/scoreboard.sv(22) @ 1335: uvm_test_top.env.scb [arbiter_scoreboard] Scoreboard received item
# KERNEL: UVM_INFO /home/runner/scoreboard.sv(45) @ 1335: uvm_test_top.env.scb [arbiter_scoreboard] Scoreboard received item
# KERNEL: UVM_INFO /home/runner/scoreboard.sv(50) @ 1335: uvm_test_top.env.scb [SCB_PASS] REQ =1011 | Exp GNT =0001 | Got =0001 
# KERNEL: UVM_INFO /home/runner/driver.sv(43) @ 1335: uvm_test_top.env.agent.drv [DRV] Driving rst_n = 1 | req = 0010
# KERNEL: UVM_INFO /home/runner/monitor.sv(32) @ 1355: uvm_test_top.env.agent.mon [MON] rst_n=1 | req: 0010, gnt: 0010
# KERNEL: UVM_INFO /home/runner/scoreboard.sv(22) @ 1355: uvm_test_top.env.scb [arbiter_scoreboard] Scoreboard received item
# KERNEL: UVM_INFO /home/runner/scoreboard.sv(45) @ 1355: uvm_test_top.env.scb [arbiter_scoreboard] Scoreboard received item
# KERNEL: UVM_INFO /home/runner/scoreboard.sv(50) @ 1355: uvm_test_top.env.scb [SCB_PASS] REQ =0010 | Exp GNT =0010 | Got =0010 
# KERNEL: UVM_INFO /home/runner/driver.sv(43) @ 1355: uvm_test_top.env.agent.drv [DRV] Driving rst_n = 1 | req = 0010
# KERNEL: UVM_INFO /home/runner/monitor.sv(32) @ 1375: uvm_test_top.env.agent.mon [MON] rst_n=1 | req: 0010, gnt: 0010
# KERNEL: UVM_INFO /home/runner/scoreboard.sv(22) @ 1375: uvm_test_top.env.scb [arbiter_scoreboard] Scoreboard received item
# KERNEL: UVM_INFO /home/runner/scoreboard.sv(45) @ 1375: uvm_test_top.env.scb [arbiter_scoreboard] Scoreboard received item
# KERNEL: UVM_INFO /home/runner/scoreboard.sv(50) @ 1375: uvm_test_top.env.scb [SCB_PASS] REQ =0010 | Exp GNT =0010 | Got =0010 
# KERNEL: UVM_INFO /home/runner/driver.sv(43) @ 1375: uvm_test_top.env.agent.drv [DRV] Driving rst_n = 1 | req = 1111
# KERNEL: UVM_INFO /home/runner/sequence3.sv(29) @ 1385: uvm_test_top.env.agent.sqr@@s3 [arbiter_reset_sequence] Sequence 3 body finished
# KERNEL: UVM_INFO /home/runner/monitor.sv(32) @ 1395: uvm_test_top.env.agent.mon [MON] rst_n=1 | req: 1111, gnt: 0001
# KERNEL: UVM_INFO /home/runner/scoreboard.sv(22) @ 1395: uvm_test_top.env.scb [arbiter_scoreboard] Scoreboard received item
# KERNEL: UVM_INFO /home/runner/scoreboard.sv(45) @ 1395: uvm_test_top.env.scb [arbiter_scoreboard] Scoreboard received item
# KERNEL: UVM_INFO /home/runner/scoreboard.sv(50) @ 1395: uvm_test_top.env.scb [SCB_PASS] REQ =1111 | Exp GNT =0001 | Got =0001 
# KERNEL: UVM_INFO /home/runner/master_seq.sv(37) @ 1405: uvm_test_top.env.agent.sqr@@seq [MASTER_SEQ] Starting Sequence 4...
# KERNEL: UVM_INFO /home/runner/sequence4.sv(13) @ 1405: uvm_test_top.env.agent.sqr@@s4 [arbiter_starvation_sequence] Starting sequence 4 body
# KERNEL: UVM_INFO /home/runner/driver.sv(43) @ 1405: uvm_test_top.env.agent.drv [DRV] Driving rst_n = 1 | req = 0001
# KERNEL: UVM_INFO /home/runner/monitor.sv(32) @ 1415: uvm_test_top.env.agent.mon [MON] rst_n=1 | req: 1111, gnt: 0001
# KERNEL: UVM_INFO /home/runner/scoreboard.sv(22) @ 1415: uvm_test_top.env.scb [arbiter_scoreboard] Scoreboard received item
# KERNEL: UVM_INFO /home/runner/scoreboard.sv(45) @ 1415: uvm_test_top.env.scb [arbiter_scoreboard] Scoreboard received item
# KERNEL: UVM_INFO /home/runner/scoreboard.sv(50) @ 1415: uvm_test_top.env.scb [SCB_PASS] REQ =1111 | Exp GNT =0001 | Got =0001 
# KERNEL: UVM_INFO /home/runner/driver.sv(43) @ 1425: uvm_test_top.env.agent.drv [DRV] Driving rst_n = 1 | req = 0001
# KERNEL: UVM_INFO /home/runner/monitor.sv(32) @ 1435: uvm_test_top.env.agent.mon [MON] rst_n=1 | req: 0001, gnt: 0001
# KERNEL: UVM_INFO /home/runner/scoreboard.sv(22) @ 1435: uvm_test_top.env.scb [arbiter_scoreboard] Scoreboard received item
# KERNEL: UVM_INFO /home/runner/scoreboard.sv(45) @ 1435: uvm_test_top.env.scb [arbiter_scoreboard] Scoreboard received item
# KERNEL: UVM_INFO /home/runner/scoreboard.sv(50) @ 1435: uvm_test_top.env.scb [SCB_PASS] REQ =0001 | Exp GNT =0001 | Got =0001 
# KERNEL: UVM_INFO /home/runner/driver.sv(43) @ 1445: uvm_test_top.env.agent.drv [DRV] Driving rst_n = 1 | req = 0001
# KERNEL: UVM_INFO /home/runner/monitor.sv(32) @ 1455: uvm_test_top.env.agent.mon [MON] rst_n=1 | req: 0001, gnt: 0001
# KERNEL: UVM_INFO /home/runner/scoreboard.sv(22) @ 1455: uvm_test_top.env.scb [arbiter_scoreboard] Scoreboard received item
# KERNEL: UVM_INFO /home/runner/scoreboard.sv(45) @ 1455: uvm_test_top.env.scb [arbiter_scoreboard] Scoreboard received item
# KERNEL: UVM_INFO /home/runner/scoreboard.sv(50) @ 1455: uvm_test_top.env.scb [SCB_PASS] REQ =0001 | Exp GNT =0001 | Got =0001 
# KERNEL: UVM_INFO /home/runner/driver.sv(43) @ 1465: uvm_test_top.env.agent.drv [DRV] Driving rst_n = 1 | req = 0001
# KERNEL: UVM_INFO /home/runner/monitor.sv(32) @ 1475: uvm_test_top.env.agent.mon [MON] rst_n=1 | req: 0001, gnt: 0001
# KERNEL: UVM_INFO /home/runner/scoreboard.sv(22) @ 1475: uvm_test_top.env.scb [arbiter_scoreboard] Scoreboard received item
# KERNEL: UVM_INFO /home/runner/scoreboard.sv(45) @ 1475: uvm_test_top.env.scb [arbiter_scoreboard] Scoreboard received item
# KERNEL: UVM_INFO /home/runner/scoreboard.sv(50) @ 1475: uvm_test_top.env.scb [SCB_PASS] REQ =0001 | Exp GNT =0001 | Got =0001 
# KERNEL: UVM_INFO /home/runner/driver.sv(43) @ 1485: uvm_test_top.env.agent.drv [DRV] Driving rst_n = 1 | req = 0001
# KERNEL: UVM_INFO /home/runner/monitor.sv(32) @ 1495: uvm_test_top.env.agent.mon [MON] rst_n=1 | req: 0001, gnt: 0001
# KERNEL: UVM_INFO /home/runner/scoreboard.sv(22) @ 1495: uvm_test_top.env.scb [arbiter_scoreboard] Scoreboard received item
# KERNEL: UVM_INFO /home/runner/scoreboard.sv(45) @ 1495: uvm_test_top.env.scb [arbiter_scoreboard] Scoreboard received item
# KERNEL: UVM_INFO /home/runner/scoreboard.sv(50) @ 1495: uvm_test_top.env.scb [SCB_PASS] REQ =0001 | Exp GNT =0001 | Got =0001 
# KERNEL: UVM_INFO /home/runner/driver.sv(43) @ 1505: uvm_test_top.env.agent.drv [DRV] Driving rst_n = 1 | req = 0001
# KERNEL: UVM_INFO /home/runner/monitor.sv(32) @ 1515: uvm_test_top.env.agent.mon [MON] rst_n=1 | req: 0001, gnt: 0001
# KERNEL: UVM_INFO /home/runner/scoreboard.sv(22) @ 1515: uvm_test_top.env.scb [arbiter_scoreboard] Scoreboard received item
# KERNEL: UVM_INFO /home/runner/scoreboard.sv(45) @ 1515: uvm_test_top.env.scb [arbiter_scoreboard] Scoreboard received item
# KERNEL: UVM_INFO /home/runner/scoreboard.sv(50) @ 1515: uvm_test_top.env.scb [SCB_PASS] REQ =0001 | Exp GNT =0001 | Got =0001 
# KERNEL: UVM_INFO /home/runner/driver.sv(43) @ 1525: uvm_test_top.env.agent.drv [DRV] Driving rst_n = 1 | req = 0001
# KERNEL: UVM_INFO /home/runner/monitor.sv(32) @ 1535: uvm_test_top.env.agent.mon [MON] rst_n=1 | req: 0001, gnt: 0001
# KERNEL: UVM_INFO /home/runner/scoreboard.sv(22) @ 1535: uvm_test_top.env.scb [arbiter_scoreboard] Scoreboard received item
# KERNEL: UVM_INFO /home/runner/scoreboard.sv(45) @ 1535: uvm_test_top.env.scb [arbiter_scoreboard] Scoreboard received item
# KERNEL: UVM_INFO /home/runner/scoreboard.sv(50) @ 1535: uvm_test_top.env.scb [SCB_PASS] REQ =0001 | Exp GNT =0001 | Got =0001 
# KERNEL: UVM_INFO /home/runner/driver.sv(43) @ 1545: uvm_test_top.env.agent.drv [DRV] Driving rst_n = 1 | req = 0001
# KERNEL: UVM_INFO /home/runner/monitor.sv(32) @ 1555: uvm_test_top.env.agent.mon [MON] rst_n=1 | req: 0001, gnt: 0001
# KERNEL: UVM_INFO /home/runner/scoreboard.sv(22) @ 1555: uvm_test_top.env.scb [arbiter_scoreboard] Scoreboard received item
# KERNEL: UVM_INFO /home/runner/scoreboard.sv(45) @ 1555: uvm_test_top.env.scb [arbiter_scoreboard] Scoreboard received item
# KERNEL: UVM_INFO /home/runner/scoreboard.sv(50) @ 1555: uvm_test_top.env.scb [SCB_PASS] REQ =0001 | Exp GNT =0001 | Got =0001 
# KERNEL: UVM_INFO /home/runner/driver.sv(43) @ 1565: uvm_test_top.env.agent.drv [DRV] Driving rst_n = 1 | req = 0001
# KERNEL: UVM_INFO /home/runner/monitor.sv(32) @ 1575: uvm_test_top.env.agent.mon [MON] rst_n=1 | req: 0001, gnt: 0001
# KERNEL: UVM_INFO /home/runner/scoreboard.sv(22) @ 1575: uvm_test_top.env.scb [arbiter_scoreboard] Scoreboard received item
# KERNEL: UVM_INFO /home/runner/scoreboard.sv(45) @ 1575: uvm_test_top.env.scb [arbiter_scoreboard] Scoreboard received item
# KERNEL: UVM_INFO /home/runner/scoreboard.sv(50) @ 1575: uvm_test_top.env.scb [SCB_PASS] REQ =0001 | Exp GNT =0001 | Got =0001 
# KERNEL: UVM_INFO /home/runner/driver.sv(43) @ 1585: uvm_test_top.env.agent.drv [DRV] Driving rst_n = 1 | req = 0001
# KERNEL: UVM_INFO /home/runner/monitor.sv(32) @ 1595: uvm_test_top.env.agent.mon [MON] rst_n=1 | req: 0001, gnt: 0001
# KERNEL: UVM_INFO /home/runner/scoreboard.sv(22) @ 1595: uvm_test_top.env.scb [arbiter_scoreboard] Scoreboard received item
# KERNEL: UVM_INFO /home/runner/scoreboard.sv(45) @ 1595: uvm_test_top.env.scb [arbiter_scoreboard] Scoreboard received item
# KERNEL: UVM_INFO /home/runner/scoreboard.sv(50) @ 1595: uvm_test_top.env.scb [SCB_PASS] REQ =0001 | Exp GNT =0001 | Got =0001 
# KERNEL: UVM_INFO /home/runner/driver.sv(43) @ 1605: uvm_test_top.env.agent.drv [DRV] Driving rst_n = 1 | req = 0001
# KERNEL: UVM_INFO /home/runner/monitor.sv(32) @ 1615: uvm_test_top.env.agent.mon [MON] rst_n=1 | req: 0001, gnt: 0001
# KERNEL: UVM_INFO /home/runner/scoreboard.sv(22) @ 1615: uvm_test_top.env.scb [arbiter_scoreboard] Scoreboard received item
# KERNEL: UVM_INFO /home/runner/scoreboard.sv(45) @ 1615: uvm_test_top.env.scb [arbiter_scoreboard] Scoreboard received item
# KERNEL: UVM_INFO /home/runner/scoreboard.sv(50) @ 1615: uvm_test_top.env.scb [SCB_PASS] REQ =0001 | Exp GNT =0001 | Got =0001 
# KERNEL: UVM_INFO /home/runner/driver.sv(43) @ 1625: uvm_test_top.env.agent.drv [DRV] Driving rst_n = 1 | req = 0001
# KERNEL: UVM_INFO /home/runner/monitor.sv(32) @ 1635: uvm_test_top.env.agent.mon [MON] rst_n=1 | req: 0001, gnt: 0001
# KERNEL: UVM_INFO /home/runner/scoreboard.sv(22) @ 1635: uvm_test_top.env.scb [arbiter_scoreboard] Scoreboard received item
# KERNEL: UVM_INFO /home/runner/scoreboard.sv(45) @ 1635: uvm_test_top.env.scb [arbiter_scoreboard] Scoreboard received item
# KERNEL: UVM_INFO /home/runner/scoreboard.sv(50) @ 1635: uvm_test_top.env.scb [SCB_PASS] REQ =0001 | Exp GNT =0001 | Got =0001 
# KERNEL: UVM_INFO /home/runner/driver.sv(43) @ 1645: uvm_test_top.env.agent.drv [DRV] Driving rst_n = 1 | req = 0001
# KERNEL: UVM_INFO /home/runner/monitor.sv(32) @ 1655: uvm_test_top.env.agent.mon [MON] rst_n=1 | req: 0001, gnt: 0001
# KERNEL: UVM_INFO /home/runner/scoreboard.sv(22) @ 1655: uvm_test_top.env.scb [arbiter_scoreboard] Scoreboard received item
# KERNEL: UVM_INFO /home/runner/scoreboard.sv(45) @ 1655: uvm_test_top.env.scb [arbiter_scoreboard] Scoreboard received item
# KERNEL: UVM_INFO /home/runner/scoreboard.sv(50) @ 1655: uvm_test_top.env.scb [SCB_PASS] REQ =0001 | Exp GNT =0001 | Got =0001 
# KERNEL: UVM_INFO /home/runner/driver.sv(43) @ 1665: uvm_test_top.env.agent.drv [DRV] Driving rst_n = 1 | req = 0001
# KERNEL: UVM_INFO /home/runner/monitor.sv(32) @ 1675: uvm_test_top.env.agent.mon [MON] rst_n=1 | req: 0001, gnt: 0001
# KERNEL: UVM_INFO /home/runner/scoreboard.sv(22) @ 1675: uvm_test_top.env.scb [arbiter_scoreboard] Scoreboard received item
# KERNEL: UVM_INFO /home/runner/scoreboard.sv(45) @ 1675: uvm_test_top.env.scb [arbiter_scoreboard] Scoreboard received item
# KERNEL: UVM_INFO /home/runner/scoreboard.sv(50) @ 1675: uvm_test_top.env.scb [SCB_PASS] REQ =0001 | Exp GNT =0001 | Got =0001 
# KERNEL: UVM_INFO /home/runner/driver.sv(43) @ 1685: uvm_test_top.env.agent.drv [DRV] Driving rst_n = 1 | req = 0001
# KERNEL: UVM_INFO /home/runner/monitor.sv(32) @ 1695: uvm_test_top.env.agent.mon [MON] rst_n=1 | req: 0001, gnt: 0001
# KERNEL: UVM_INFO /home/runner/scoreboard.sv(22) @ 1695: uvm_test_top.env.scb [arbiter_scoreboard] Scoreboard received item
# KERNEL: UVM_INFO /home/runner/scoreboard.sv(45) @ 1695: uvm_test_top.env.scb [arbiter_scoreboard] Scoreboard received item
# KERNEL: UVM_INFO /home/runner/scoreboard.sv(50) @ 1695: uvm_test_top.env.scb [SCB_PASS] REQ =0001 | Exp GNT =0001 | Got =0001 
# KERNEL: UVM_INFO /home/runner/driver.sv(43) @ 1705: uvm_test_top.env.agent.drv [DRV] Driving rst_n = 1 | req = 0001
# KERNEL: UVM_INFO /home/runner/monitor.sv(32) @ 1715: uvm_test_top.env.agent.mon [MON] rst_n=1 | req: 0001, gnt: 0001
# KERNEL: UVM_INFO /home/runner/scoreboard.sv(22) @ 1715: uvm_test_top.env.scb [arbiter_scoreboard] Scoreboard received item
# KERNEL: UVM_INFO /home/runner/scoreboard.sv(45) @ 1715: uvm_test_top.env.scb [arbiter_scoreboard] Scoreboard received item
# KERNEL: UVM_INFO /home/runner/scoreboard.sv(50) @ 1715: uvm_test_top.env.scb [SCB_PASS] REQ =0001 | Exp GNT =0001 | Got =0001 
# KERNEL: UVM_INFO /home/runner/driver.sv(43) @ 1725: uvm_test_top.env.agent.drv [DRV] Driving rst_n = 1 | req = 0001
# KERNEL: UVM_INFO /home/runner/monitor.sv(32) @ 1735: uvm_test_top.env.agent.mon [MON] rst_n=1 | req: 0001, gnt: 0001
# KERNEL: UVM_INFO /home/runner/scoreboard.sv(22) @ 1735: uvm_test_top.env.scb [arbiter_scoreboard] Scoreboard received item
# KERNEL: UVM_INFO /home/runner/scoreboard.sv(45) @ 1735: uvm_test_top.env.scb [arbiter_scoreboard] Scoreboard received item
# KERNEL: UVM_INFO /home/runner/scoreboard.sv(50) @ 1735: uvm_test_top.env.scb [SCB_PASS] REQ =0001 | Exp GNT =0001 | Got =0001 
# KERNEL: UVM_INFO /home/runner/driver.sv(43) @ 1745: uvm_test_top.env.agent.drv [DRV] Driving rst_n = 1 | req = 0001
# KERNEL: UVM_INFO /home/runner/monitor.sv(32) @ 1755: uvm_test_top.env.agent.mon [MON] rst_n=1 | req: 0001, gnt: 0001
# KERNEL: UVM_INFO /home/runner/scoreboard.sv(22) @ 1755: uvm_test_top.env.scb [arbiter_scoreboard] Scoreboard received item
# KERNEL: UVM_INFO /home/runner/scoreboard.sv(45) @ 1755: uvm_test_top.env.scb [arbiter_scoreboard] Scoreboard received item
# KERNEL: UVM_INFO /home/runner/scoreboard.sv(50) @ 1755: uvm_test_top.env.scb [SCB_PASS] REQ =0001 | Exp GNT =0001 | Got =0001 
# KERNEL: UVM_INFO /home/runner/driver.sv(43) @ 1765: uvm_test_top.env.agent.drv [DRV] Driving rst_n = 1 | req = 0001
# KERNEL: UVM_INFO /home/runner/monitor.sv(32) @ 1775: uvm_test_top.env.agent.mon [MON] rst_n=1 | req: 0001, gnt: 0001
# KERNEL: UVM_INFO /home/runner/scoreboard.sv(22) @ 1775: uvm_test_top.env.scb [arbiter_scoreboard] Scoreboard received item
# KERNEL: UVM_INFO /home/runner/scoreboard.sv(45) @ 1775: uvm_test_top.env.scb [arbiter_scoreboard] Scoreboard received item
# KERNEL: UVM_INFO /home/runner/scoreboard.sv(50) @ 1775: uvm_test_top.env.scb [SCB_PASS] REQ =0001 | Exp GNT =0001 | Got =0001 
# KERNEL: UVM_INFO /home/runner/driver.sv(43) @ 1785: uvm_test_top.env.agent.drv [DRV] Driving rst_n = 1 | req = 0001
# KERNEL: UVM_INFO /home/runner/monitor.sv(32) @ 1795: uvm_test_top.env.agent.mon [MON] rst_n=1 | req: 0001, gnt: 0001
# KERNEL: UVM_INFO /home/runner/scoreboard.sv(22) @ 1795: uvm_test_top.env.scb [arbiter_scoreboard] Scoreboard received item
# KERNEL: UVM_INFO /home/runner/scoreboard.sv(45) @ 1795: uvm_test_top.env.scb [arbiter_scoreboard] Scoreboard received item
# KERNEL: UVM_INFO /home/runner/scoreboard.sv(50) @ 1795: uvm_test_top.env.scb [SCB_PASS] REQ =0001 | Exp GNT =0001 | Got =0001 
# KERNEL: UVM_INFO /home/runner/driver.sv(43) @ 1805: uvm_test_top.env.agent.drv [DRV] Driving rst_n = 1 | req = 0001
# KERNEL: UVM_INFO /home/runner/monitor.sv(32) @ 1815: uvm_test_top.env.agent.mon [MON] rst_n=1 | req: 0001, gnt: 0001
# KERNEL: UVM_INFO /home/runner/scoreboard.sv(22) @ 1815: uvm_test_top.env.scb [arbiter_scoreboard] Scoreboard received item
# KERNEL: UVM_INFO /home/runner/scoreboard.sv(45) @ 1815: uvm_test_top.env.scb [arbiter_scoreboard] Scoreboard received item
# KERNEL: UVM_INFO /home/runner/scoreboard.sv(50) @ 1815: uvm_test_top.env.scb [SCB_PASS] REQ =0001 | Exp GNT =0001 | Got =0001 
# KERNEL: UVM_INFO /home/runner/driver.sv(43) @ 1825: uvm_test_top.env.agent.drv [DRV] Driving rst_n = 1 | req = 0001
# KERNEL: UVM_INFO /home/runner/monitor.sv(32) @ 1835: uvm_test_top.env.agent.mon [MON] rst_n=1 | req: 0001, gnt: 0001
# KERNEL: UVM_INFO /home/runner/scoreboard.sv(22) @ 1835: uvm_test_top.env.scb [arbiter_scoreboard] Scoreboard received item
# KERNEL: UVM_INFO /home/runner/scoreboard.sv(45) @ 1835: uvm_test_top.env.scb [arbiter_scoreboard] Scoreboard received item
# KERNEL: UVM_INFO /home/runner/scoreboard.sv(50) @ 1835: uvm_test_top.env.scb [SCB_PASS] REQ =0001 | Exp GNT =0001 | Got =0001 
# KERNEL: UVM_INFO /home/runner/driver.sv(43) @ 1845: uvm_test_top.env.agent.drv [DRV] Driving rst_n = 1 | req = 0001
# KERNEL: UVM_INFO /home/runner/monitor.sv(32) @ 1855: uvm_test_top.env.agent.mon [MON] rst_n=1 | req: 0001, gnt: 0001
# KERNEL: UVM_INFO /home/runner/scoreboard.sv(22) @ 1855: uvm_test_top.env.scb [arbiter_scoreboard] Scoreboard received item
# KERNEL: UVM_INFO /home/runner/scoreboard.sv(45) @ 1855: uvm_test_top.env.scb [arbiter_scoreboard] Scoreboard received item
# KERNEL: UVM_INFO /home/runner/scoreboard.sv(50) @ 1855: uvm_test_top.env.scb [SCB_PASS] REQ =0001 | Exp GNT =0001 | Got =0001 
# KERNEL: UVM_INFO /home/runner/driver.sv(43) @ 1865: uvm_test_top.env.agent.drv [DRV] Driving rst_n = 1 | req = 0001
# KERNEL: UVM_INFO /home/runner/monitor.sv(32) @ 1875: uvm_test_top.env.agent.mon [MON] rst_n=1 | req: 0001, gnt: 0001
# KERNEL: UVM_INFO /home/runner/scoreboard.sv(22) @ 1875: uvm_test_top.env.scb [arbiter_scoreboard] Scoreboard received item
# KERNEL: UVM_INFO /home/runner/scoreboard.sv(45) @ 1875: uvm_test_top.env.scb [arbiter_scoreboard] Scoreboard received item
# KERNEL: UVM_INFO /home/runner/scoreboard.sv(50) @ 1875: uvm_test_top.env.scb [SCB_PASS] REQ =0001 | Exp GNT =0001 | Got =0001 
# KERNEL: UVM_INFO /home/runner/driver.sv(43) @ 1885: uvm_test_top.env.agent.drv [DRV] Driving rst_n = 1 | req = 0001
# KERNEL: UVM_INFO /home/runner/monitor.sv(32) @ 1895: uvm_test_top.env.agent.mon [MON] rst_n=1 | req: 0001, gnt: 0001
# KERNEL: UVM_INFO /home/runner/scoreboard.sv(22) @ 1895: uvm_test_top.env.scb [arbiter_scoreboard] Scoreboard received item
# KERNEL: UVM_INFO /home/runner/scoreboard.sv(45) @ 1895: uvm_test_top.env.scb [arbiter_scoreboard] Scoreboard received item
# KERNEL: UVM_INFO /home/runner/scoreboard.sv(50) @ 1895: uvm_test_top.env.scb [SCB_PASS] REQ =0001 | Exp GNT =0001 | Got =0001 
# KERNEL: UVM_INFO /home/runner/driver.sv(43) @ 1905: uvm_test_top.env.agent.drv [DRV] Driving rst_n = 1 | req = 0001
# KERNEL: UVM_INFO /home/runner/monitor.sv(32) @ 1915: uvm_test_top.env.agent.mon [MON] rst_n=1 | req: 0001, gnt: 0001
# KERNEL: UVM_INFO /home/runner/scoreboard.sv(22) @ 1915: uvm_test_top.env.scb [arbiter_scoreboard] Scoreboard received item
# KERNEL: UVM_INFO /home/runner/scoreboard.sv(45) @ 1915: uvm_test_top.env.scb [arbiter_scoreboard] Scoreboard received item
# KERNEL: UVM_INFO /home/runner/scoreboard.sv(50) @ 1915: uvm_test_top.env.scb [SCB_PASS] REQ =0001 | Exp GNT =0001 | Got =0001 
# KERNEL: UVM_INFO /home/runner/driver.sv(43) @ 1925: uvm_test_top.env.agent.drv [DRV] Driving rst_n = 1 | req = 0001
# KERNEL: UVM_INFO /home/runner/monitor.sv(32) @ 1935: uvm_test_top.env.agent.mon [MON] rst_n=1 | req: 0001, gnt: 0001
# KERNEL: UVM_INFO /home/runner/scoreboard.sv(22) @ 1935: uvm_test_top.env.scb [arbiter_scoreboard] Scoreboard received item
# KERNEL: UVM_INFO /home/runner/scoreboard.sv(45) @ 1935: uvm_test_top.env.scb [arbiter_scoreboard] Scoreboard received item
# KERNEL: UVM_INFO /home/runner/scoreboard.sv(50) @ 1935: uvm_test_top.env.scb [SCB_PASS] REQ =0001 | Exp GNT =0001 | Got =0001 
# KERNEL: UVM_INFO /home/runner/driver.sv(43) @ 1945: uvm_test_top.env.agent.drv [DRV] Driving rst_n = 1 | req = 0001
# KERNEL: UVM_INFO /home/runner/monitor.sv(32) @ 1955: uvm_test_top.env.agent.mon [MON] rst_n=1 | req: 0001, gnt: 0001
# KERNEL: UVM_INFO /home/runner/scoreboard.sv(22) @ 1955: uvm_test_top.env.scb [arbiter_scoreboard] Scoreboard received item
# KERNEL: UVM_INFO /home/runner/scoreboard.sv(45) @ 1955: uvm_test_top.env.scb [arbiter_scoreboard] Scoreboard received item
# KERNEL: UVM_INFO /home/runner/scoreboard.sv(50) @ 1955: uvm_test_top.env.scb [SCB_PASS] REQ =0001 | Exp GNT =0001 | Got =0001 
# KERNEL: UVM_INFO /home/runner/driver.sv(43) @ 1965: uvm_test_top.env.agent.drv [DRV] Driving rst_n = 1 | req = 0001
# KERNEL: UVM_INFO /home/runner/monitor.sv(32) @ 1975: uvm_test_top.env.agent.mon [MON] rst_n=1 | req: 0001, gnt: 0001
# KERNEL: UVM_INFO /home/runner/scoreboard.sv(22) @ 1975: uvm_test_top.env.scb [arbiter_scoreboard] Scoreboard received item
# KERNEL: UVM_INFO /home/runner/scoreboard.sv(45) @ 1975: uvm_test_top.env.scb [arbiter_scoreboard] Scoreboard received item
# KERNEL: UVM_INFO /home/runner/scoreboard.sv(50) @ 1975: uvm_test_top.env.scb [SCB_PASS] REQ =0001 | Exp GNT =0001 | Got =0001 
# KERNEL: UVM_INFO /home/runner/driver.sv(43) @ 1985: uvm_test_top.env.agent.drv [DRV] Driving rst_n = 1 | req = 0001
# KERNEL: UVM_INFO /home/runner/monitor.sv(32) @ 1995: uvm_test_top.env.agent.mon [MON] rst_n=1 | req: 0001, gnt: 0001
# KERNEL: UVM_INFO /home/runner/scoreboard.sv(22) @ 1995: uvm_test_top.env.scb [arbiter_scoreboard] Scoreboard received item
# KERNEL: UVM_INFO /home/runner/scoreboard.sv(45) @ 1995: uvm_test_top.env.scb [arbiter_scoreboard] Scoreboard received item
# KERNEL: UVM_INFO /home/runner/scoreboard.sv(50) @ 1995: uvm_test_top.env.scb [SCB_PASS] REQ =0001 | Exp GNT =0001 | Got =0001 
# KERNEL: UVM_INFO /home/runner/driver.sv(43) @ 2005: uvm_test_top.env.agent.drv [DRV] Driving rst_n = 1 | req = 0001
# KERNEL: UVM_INFO /home/runner/monitor.sv(32) @ 2015: uvm_test_top.env.agent.mon [MON] rst_n=1 | req: 0001, gnt: 0001
# KERNEL: UVM_INFO /home/runner/scoreboard.sv(22) @ 2015: uvm_test_top.env.scb [arbiter_scoreboard] Scoreboard received item
# KERNEL: UVM_INFO /home/runner/scoreboard.sv(45) @ 2015: uvm_test_top.env.scb [arbiter_scoreboard] Scoreboard received item
# KERNEL: UVM_INFO /home/runner/scoreboard.sv(50) @ 2015: uvm_test_top.env.scb [SCB_PASS] REQ =0001 | Exp GNT =0001 | Got =0001 
# KERNEL: UVM_INFO /home/runner/driver.sv(43) @ 2025: uvm_test_top.env.agent.drv [DRV] Driving rst_n = 1 | req = 0001
# KERNEL: UVM_INFO /home/runner/monitor.sv(32) @ 2035: uvm_test_top.env.agent.mon [MON] rst_n=1 | req: 0001, gnt: 0001
# KERNEL: UVM_INFO /home/runner/scoreboard.sv(22) @ 2035: uvm_test_top.env.scb [arbiter_scoreboard] Scoreboard received item
# KERNEL: UVM_INFO /home/runner/scoreboard.sv(45) @ 2035: uvm_test_top.env.scb [arbiter_scoreboard] Scoreboard received item
# KERNEL: UVM_INFO /home/runner/scoreboard.sv(50) @ 2035: uvm_test_top.env.scb [SCB_PASS] REQ =0001 | Exp GNT =0001 | Got =0001 
# KERNEL: UVM_INFO /home/runner/driver.sv(43) @ 2045: uvm_test_top.env.agent.drv [DRV] Driving rst_n = 1 | req = 0001
# KERNEL: UVM_INFO /home/runner/monitor.sv(32) @ 2055: uvm_test_top.env.agent.mon [MON] rst_n=1 | req: 0001, gnt: 0001
# KERNEL: UVM_INFO /home/runner/scoreboard.sv(22) @ 2055: uvm_test_top.env.scb [arbiter_scoreboard] Scoreboard received item
# KERNEL: UVM_INFO /home/runner/scoreboard.sv(45) @ 2055: uvm_test_top.env.scb [arbiter_scoreboard] Scoreboard received item
# KERNEL: UVM_INFO /home/runner/scoreboard.sv(50) @ 2055: uvm_test_top.env.scb [SCB_PASS] REQ =0001 | Exp GNT =0001 | Got =0001 
# KERNEL: UVM_INFO /home/runner/driver.sv(43) @ 2065: uvm_test_top.env.agent.drv [DRV] Driving rst_n = 1 | req = 0001
# KERNEL: UVM_INFO /home/runner/monitor.sv(32) @ 2075: uvm_test_top.env.agent.mon [MON] rst_n=1 | req: 0001, gnt: 0001
# KERNEL: UVM_INFO /home/runner/scoreboard.sv(22) @ 2075: uvm_test_top.env.scb [arbiter_scoreboard] Scoreboard received item
# KERNEL: UVM_INFO /home/runner/scoreboard.sv(45) @ 2075: uvm_test_top.env.scb [arbiter_scoreboard] Scoreboard received item
# KERNEL: UVM_INFO /home/runner/scoreboard.sv(50) @ 2075: uvm_test_top.env.scb [SCB_PASS] REQ =0001 | Exp GNT =0001 | Got =0001 
# KERNEL: UVM_INFO /home/runner/driver.sv(43) @ 2085: uvm_test_top.env.agent.drv [DRV] Driving rst_n = 1 | req = 0001
# KERNEL: UVM_INFO /home/runner/monitor.sv(32) @ 2095: uvm_test_top.env.agent.mon [MON] rst_n=1 | req: 0001, gnt: 0001
# KERNEL: UVM_INFO /home/runner/scoreboard.sv(22) @ 2095: uvm_test_top.env.scb [arbiter_scoreboard] Scoreboard received item
# KERNEL: UVM_INFO /home/runner/scoreboard.sv(45) @ 2095: uvm_test_top.env.scb [arbiter_scoreboard] Scoreboard received item
# KERNEL: UVM_INFO /home/runner/scoreboard.sv(50) @ 2095: uvm_test_top.env.scb [SCB_PASS] REQ =0001 | Exp GNT =0001 | Got =0001 
# KERNEL: UVM_INFO /home/runner/driver.sv(43) @ 2105: uvm_test_top.env.agent.drv [DRV] Driving rst_n = 1 | req = 0001
# KERNEL: UVM_INFO /home/runner/monitor.sv(32) @ 2115: uvm_test_top.env.agent.mon [MON] rst_n=1 | req: 0001, gnt: 0001
# KERNEL: UVM_INFO /home/runner/scoreboard.sv(22) @ 2115: uvm_test_top.env.scb [arbiter_scoreboard] Scoreboard received item
# KERNEL: UVM_INFO /home/runner/scoreboard.sv(45) @ 2115: uvm_test_top.env.scb [arbiter_scoreboard] Scoreboard received item
# KERNEL: UVM_INFO /home/runner/scoreboard.sv(50) @ 2115: uvm_test_top.env.scb [SCB_PASS] REQ =0001 | Exp GNT =0001 | Got =0001 
# KERNEL: UVM_INFO /home/runner/driver.sv(43) @ 2125: uvm_test_top.env.agent.drv [DRV] Driving rst_n = 1 | req = 0001
# KERNEL: UVM_INFO /home/runner/monitor.sv(32) @ 2135: uvm_test_top.env.agent.mon [MON] rst_n=1 | req: 0001, gnt: 0001
# KERNEL: UVM_INFO /home/runner/scoreboard.sv(22) @ 2135: uvm_test_top.env.scb [arbiter_scoreboard] Scoreboard received item
# KERNEL: UVM_INFO /home/runner/scoreboard.sv(45) @ 2135: uvm_test_top.env.scb [arbiter_scoreboard] Scoreboard received item
# KERNEL: UVM_INFO /home/runner/scoreboard.sv(50) @ 2135: uvm_test_top.env.scb [SCB_PASS] REQ =0001 | Exp GNT =0001 | Got =0001 
# KERNEL: UVM_INFO /home/runner/driver.sv(43) @ 2145: uvm_test_top.env.agent.drv [DRV] Driving rst_n = 1 | req = 0001
# KERNEL: UVM_INFO /home/runner/monitor.sv(32) @ 2155: uvm_test_top.env.agent.mon [MON] rst_n=1 | req: 0001, gnt: 0001
# KERNEL: UVM_INFO /home/runner/scoreboard.sv(22) @ 2155: uvm_test_top.env.scb [arbiter_scoreboard] Scoreboard received item
# KERNEL: UVM_INFO /home/runner/scoreboard.sv(45) @ 2155: uvm_test_top.env.scb [arbiter_scoreboard] Scoreboard received item
# KERNEL: UVM_INFO /home/runner/scoreboard.sv(50) @ 2155: uvm_test_top.env.scb [SCB_PASS] REQ =0001 | Exp GNT =0001 | Got =0001 
# KERNEL: UVM_INFO /home/runner/driver.sv(43) @ 2165: uvm_test_top.env.agent.drv [DRV] Driving rst_n = 1 | req = 0001
# KERNEL: UVM_INFO /home/runner/monitor.sv(32) @ 2175: uvm_test_top.env.agent.mon [MON] rst_n=1 | req: 0001, gnt: 0001
# KERNEL: UVM_INFO /home/runner/scoreboard.sv(22) @ 2175: uvm_test_top.env.scb [arbiter_scoreboard] Scoreboard received item
# KERNEL: UVM_INFO /home/runner/scoreboard.sv(45) @ 2175: uvm_test_top.env.scb [arbiter_scoreboard] Scoreboard received item
# KERNEL: UVM_INFO /home/runner/scoreboard.sv(50) @ 2175: uvm_test_top.env.scb [SCB_PASS] REQ =0001 | Exp GNT =0001 | Got =0001 
# KERNEL: UVM_INFO /home/runner/driver.sv(43) @ 2185: uvm_test_top.env.agent.drv [DRV] Driving rst_n = 1 | req = 0001
# KERNEL: UVM_INFO /home/runner/monitor.sv(32) @ 2195: uvm_test_top.env.agent.mon [MON] rst_n=1 | req: 0001, gnt: 0001
# KERNEL: UVM_INFO /home/runner/scoreboard.sv(22) @ 2195: uvm_test_top.env.scb [arbiter_scoreboard] Scoreboard received item
# KERNEL: UVM_INFO /home/runner/scoreboard.sv(45) @ 2195: uvm_test_top.env.scb [arbiter_scoreboard] Scoreboard received item
# KERNEL: UVM_INFO /home/runner/scoreboard.sv(50) @ 2195: uvm_test_top.env.scb [SCB_PASS] REQ =0001 | Exp GNT =0001 | Got =0001 
# KERNEL: UVM_INFO /home/runner/driver.sv(43) @ 2205: uvm_test_top.env.agent.drv [DRV] Driving rst_n = 1 | req = 0001
# KERNEL: UVM_INFO /home/runner/monitor.sv(32) @ 2215: uvm_test_top.env.agent.mon [MON] rst_n=1 | req: 0001, gnt: 0001
# KERNEL: UVM_INFO /home/runner/scoreboard.sv(22) @ 2215: uvm_test_top.env.scb [arbiter_scoreboard] Scoreboard received item
# KERNEL: UVM_INFO /home/runner/scoreboard.sv(45) @ 2215: uvm_test_top.env.scb [arbiter_scoreboard] Scoreboard received item
# KERNEL: UVM_INFO /home/runner/scoreboard.sv(50) @ 2215: uvm_test_top.env.scb [SCB_PASS] REQ =0001 | Exp GNT =0001 | Got =0001 
# KERNEL: UVM_INFO /home/runner/driver.sv(43) @ 2225: uvm_test_top.env.agent.drv [DRV] Driving rst_n = 1 | req = 0001
# KERNEL: UVM_INFO /home/runner/monitor.sv(32) @ 2235: uvm_test_top.env.agent.mon [MON] rst_n=1 | req: 0001, gnt: 0001
# KERNEL: UVM_INFO /home/runner/scoreboard.sv(22) @ 2235: uvm_test_top.env.scb [arbiter_scoreboard] Scoreboard received item
# KERNEL: UVM_INFO /home/runner/scoreboard.sv(45) @ 2235: uvm_test_top.env.scb [arbiter_scoreboard] Scoreboard received item
# KERNEL: UVM_INFO /home/runner/scoreboard.sv(50) @ 2235: uvm_test_top.env.scb [SCB_PASS] REQ =0001 | Exp GNT =0001 | Got =0001 
# KERNEL: UVM_INFO /home/runner/driver.sv(43) @ 2245: uvm_test_top.env.agent.drv [DRV] Driving rst_n = 1 | req = 0001
# KERNEL: UVM_INFO /home/runner/monitor.sv(32) @ 2255: uvm_test_top.env.agent.mon [MON] rst_n=1 | req: 0001, gnt: 0001
# KERNEL: UVM_INFO /home/runner/scoreboard.sv(22) @ 2255: uvm_test_top.env.scb [arbiter_scoreboard] Scoreboard received item
# KERNEL: UVM_INFO /home/runner/scoreboard.sv(45) @ 2255: uvm_test_top.env.scb [arbiter_scoreboard] Scoreboard received item
# KERNEL: UVM_INFO /home/runner/scoreboard.sv(50) @ 2255: uvm_test_top.env.scb [SCB_PASS] REQ =0001 | Exp GNT =0001 | Got =0001 
# KERNEL: UVM_INFO /home/runner/driver.sv(43) @ 2265: uvm_test_top.env.agent.drv [DRV] Driving rst_n = 1 | req = 0001
# KERNEL: UVM_INFO /home/runner/monitor.sv(32) @ 2275: uvm_test_top.env.agent.mon [MON] rst_n=1 | req: 0001, gnt: 0001
# KERNEL: UVM_INFO /home/runner/scoreboard.sv(22) @ 2275: uvm_test_top.env.scb [arbiter_scoreboard] Scoreboard received item
# KERNEL: UVM_INFO /home/runner/scoreboard.sv(45) @ 2275: uvm_test_top.env.scb [arbiter_scoreboard] Scoreboard received item
# KERNEL: UVM_INFO /home/runner/scoreboard.sv(50) @ 2275: uvm_test_top.env.scb [SCB_PASS] REQ =0001 | Exp GNT =0001 | Got =0001 
# KERNEL: UVM_INFO /home/runner/driver.sv(43) @ 2285: uvm_test_top.env.agent.drv [DRV] Driving rst_n = 1 | req = 0001
# KERNEL: UVM_INFO /home/runner/monitor.sv(32) @ 2295: uvm_test_top.env.agent.mon [MON] rst_n=1 | req: 0001, gnt: 0001
# KERNEL: UVM_INFO /home/runner/scoreboard.sv(22) @ 2295: uvm_test_top.env.scb [arbiter_scoreboard] Scoreboard received item
# KERNEL: UVM_INFO /home/runner/scoreboard.sv(45) @ 2295: uvm_test_top.env.scb [arbiter_scoreboard] Scoreboard received item
# KERNEL: UVM_INFO /home/runner/scoreboard.sv(50) @ 2295: uvm_test_top.env.scb [SCB_PASS] REQ =0001 | Exp GNT =0001 | Got =0001 
# KERNEL: UVM_INFO /home/runner/driver.sv(43) @ 2305: uvm_test_top.env.agent.drv [DRV] Driving rst_n = 1 | req = 0001
# KERNEL: UVM_INFO /home/runner/monitor.sv(32) @ 2315: uvm_test_top.env.agent.mon [MON] rst_n=1 | req: 0001, gnt: 0001
# KERNEL: UVM_INFO /home/runner/scoreboard.sv(22) @ 2315: uvm_test_top.env.scb [arbiter_scoreboard] Scoreboard received item
# KERNEL: UVM_INFO /home/runner/scoreboard.sv(45) @ 2315: uvm_test_top.env.scb [arbiter_scoreboard] Scoreboard received item
# KERNEL: UVM_INFO /home/runner/scoreboard.sv(50) @ 2315: uvm_test_top.env.scb [SCB_PASS] REQ =0001 | Exp GNT =0001 | Got =0001 
# KERNEL: UVM_INFO /home/runner/driver.sv(43) @ 2325: uvm_test_top.env.agent.drv [DRV] Driving rst_n = 1 | req = 0001
# KERNEL: UVM_INFO /home/runner/monitor.sv(32) @ 2335: uvm_test_top.env.agent.mon [MON] rst_n=1 | req: 0001, gnt: 0001
# KERNEL: UVM_INFO /home/runner/scoreboard.sv(22) @ 2335: uvm_test_top.env.scb [arbiter_scoreboard] Scoreboard received item
# KERNEL: UVM_INFO /home/runner/scoreboard.sv(45) @ 2335: uvm_test_top.env.scb [arbiter_scoreboard] Scoreboard received item
# KERNEL: UVM_INFO /home/runner/scoreboard.sv(50) @ 2335: uvm_test_top.env.scb [SCB_PASS] REQ =0001 | Exp GNT =0001 | Got =0001 
# KERNEL: UVM_INFO /home/runner/driver.sv(43) @ 2345: uvm_test_top.env.agent.drv [DRV] Driving rst_n = 1 | req = 0001
# KERNEL: UVM_INFO /home/runner/monitor.sv(32) @ 2355: uvm_test_top.env.agent.mon [MON] rst_n=1 | req: 0001, gnt: 0001
# KERNEL: UVM_INFO /home/runner/scoreboard.sv(22) @ 2355: uvm_test_top.env.scb [arbiter_scoreboard] Scoreboard received item
# KERNEL: UVM_INFO /home/runner/scoreboard.sv(45) @ 2355: uvm_test_top.env.scb [arbiter_scoreboard] Scoreboard received item
# KERNEL: UVM_INFO /home/runner/scoreboard.sv(50) @ 2355: uvm_test_top.env.scb [SCB_PASS] REQ =0001 | Exp GNT =0001 | Got =0001 
# KERNEL: UVM_INFO /home/runner/driver.sv(43) @ 2365: uvm_test_top.env.agent.drv [DRV] Driving rst_n = 1 | req = 0001
# KERNEL: UVM_INFO /home/runner/monitor.sv(32) @ 2375: uvm_test_top.env.agent.mon [MON] rst_n=1 | req: 0001, gnt: 0001
# KERNEL: UVM_INFO /home/runner/scoreboard.sv(22) @ 2375: uvm_test_top.env.scb [arbiter_scoreboard] Scoreboard received item
# KERNEL: UVM_INFO /home/runner/scoreboard.sv(45) @ 2375: uvm_test_top.env.scb [arbiter_scoreboard] Scoreboard received item
# KERNEL: UVM_INFO /home/runner/scoreboard.sv(50) @ 2375: uvm_test_top.env.scb [SCB_PASS] REQ =0001 | Exp GNT =0001 | Got =0001 
# KERNEL: UVM_INFO /home/runner/driver.sv(43) @ 2385: uvm_test_top.env.agent.drv [DRV] Driving rst_n = 1 | req = 0001
# KERNEL: UVM_INFO /home/runner/monitor.sv(32) @ 2395: uvm_test_top.env.agent.mon [MON] rst_n=1 | req: 0001, gnt: 0001
# KERNEL: UVM_INFO /home/runner/scoreboard.sv(22) @ 2395: uvm_test_top.env.scb [arbiter_scoreboard] Scoreboard received item
# KERNEL: UVM_INFO /home/runner/scoreboard.sv(45) @ 2395: uvm_test_top.env.scb [arbiter_scoreboard] Scoreboard received item
# KERNEL: UVM_INFO /home/runner/scoreboard.sv(50) @ 2395: uvm_test_top.env.scb [SCB_PASS] REQ =0001 | Exp GNT =0001 | Got =0001 
# KERNEL: UVM_INFO /home/runner/driver.sv(43) @ 2405: uvm_test_top.env.agent.drv [DRV] Driving rst_n = 1 | req = 1001
# KERNEL: UVM_INFO /home/runner/monitor.sv(32) @ 2415: uvm_test_top.env.agent.mon [MON] rst_n=1 | req: 0001, gnt: 0001
# KERNEL: UVM_INFO /home/runner/scoreboard.sv(22) @ 2415: uvm_test_top.env.scb [arbiter_scoreboard] Scoreboard received item
# KERNEL: UVM_INFO /home/runner/scoreboard.sv(45) @ 2415: uvm_test_top.env.scb [arbiter_scoreboard] Scoreboard received item
# KERNEL: UVM_INFO /home/runner/scoreboard.sv(50) @ 2415: uvm_test_top.env.scb [SCB_PASS] REQ =0001 | Exp GNT =0001 | Got =0001 
# KERNEL: UVM_INFO /home/runner/sequence4.sv(23) @ 2415: uvm_test_top.env.agent.sqr@@s4 [arbiter_starvation_sequence] Sequence 4 body finished
# KERNEL: UVM_INFO /home/runner/monitor.sv(32) @ 2435: uvm_test_top.env.agent.mon [MON] rst_n=1 | req: 1001, gnt: 0001
# KERNEL: UVM_INFO /home/runner/scoreboard.sv(22) @ 2435: uvm_test_top.env.scb [arbiter_scoreboard] Scoreboard received item
# KERNEL: UVM_INFO /home/runner/scoreboard.sv(45) @ 2435: uvm_test_top.env.scb [arbiter_scoreboard] Scoreboard received item
# KERNEL: UVM_INFO /home/runner/scoreboard.sv(50) @ 2435: uvm_test_top.env.scb [SCB_PASS] REQ =1001 | Exp GNT =0001 | Got =0001 
# KERNEL: UVM_INFO /home/runner/monitor.sv(32) @ 2455: uvm_test_top.env.agent.mon [MON] rst_n=1 | req: 1001, gnt: 0001
# KERNEL: UVM_INFO /home/runner/scoreboard.sv(22) @ 2455: uvm_test_top.env.scb [arbiter_scoreboard] Scoreboard received item
# KERNEL: UVM_INFO /home/runner/scoreboard.sv(45) @ 2455: uvm_test_top.env.scb [arbiter_scoreboard] Scoreboard received item
# KERNEL: UVM_INFO /home/runner/scoreboard.sv(50) @ 2455: uvm_test_top.env.scb [SCB_PASS] REQ =1001 | Exp GNT =0001 | Got =0001 
# KERNEL: UVM_INFO /home/runner/test.sv(26) @ 2465: uvm_test_top [arbiter_test] Test finished!
# KERNEL: UVM_INFO ./uvm-1.2/src/base/uvm_objection.svh(1271) @ 2465: reporter [TEST_DONE] 'run' phase is ready to proceed to the 'extract' phase
# KERNEL: UVM_INFO ./uvm-1.2/src/base/uvm_report_server.svh(869) @ 2465: reporter [UVM/REPORT/SERVER] 
# KERNEL: --- UVM Report Summary ---
# KERNEL: 
# KERNEL: ** Report counts by severity
# KERNEL: UVM_INFO :  624
# KERNEL: UVM_WARNING :    0
# KERNEL: UVM_ERROR :    0
# KERNEL: UVM_FATAL :    0
# KERNEL: ** Report counts by id
# KERNEL: [DRV]   118
# KERNEL: [MASTER_SEQ]     4
# KERNEL: [MON]   123
# KERNEL: [RNTST]     1
# KERNEL: [SCB]     3
# KERNEL: [SCB_PASS]   120
# KERNEL: [TEST_DONE]     1
# KERNEL: [UVM/RELNOTES]     1
# KERNEL: [arbiter_directed_sequence]     2
# KERNEL: [arbiter_reset_sequence]     2
# KERNEL: [arbiter_scoreboard]   243
# KERNEL: [arbiter_starvation_sequence]     2
# KERNEL: [arbiter_stress_sequence]     2
# KERNEL: [arbiter_test]     2
# KERNEL: 
# RUNTIME: Info: RUNTIME_0068 uvm_root.svh (521): $finish called.
# KERNEL: Time: 2465 ns,  Iteration: 57,  Instance: /tb_top,  Process: @INITIAL#29_1@.
# KERNEL: stopped at time: 2465 ns
# VSIM: Simulation has finished. There are no more test vectors to simulate.
